BL51 BANKED LINKER/LOCATER V6.22                                                        11/20/2017  10:34:10  PAGE 1


BL51 BANKED LINKER/LOCATER V6.22, INVOKED BY:
D:\KEIL\C51\BIN\BL51.EXE .\obj\STARTUP.obj, .\obj\AdcDrv.obj, .\obj\AngApp.obj, .\obj\Calibration.obj, .\obj\CmdSub.obj,
>>  .\obj\Comm.obj, .\obj\Delay.obj, .\obj\Filter.obj, .\obj\Flash.obj, .\obj\Init.obj, .\obj\Key.obj, .\obj\Main.obj, .
>> \obj\ModBusCrc.obj, .\obj\ModBusRtu.obj, .\obj\Send.obj, .\obj\Sensor.obj, .\obj\Sub.obj, .\obj\Timer.obj, .\obj\CalM
>> cuT.obj TO .\obj\097-0198-20171120 PRINT (.\lst\097-0198-20171120.m51) RAMSIZE (256)


MEMORY MODEL: SMALL WITH FLOATING POINT ARITHMETIC


INPUT MODULES INCLUDED:
  .\obj\STARTUP.obj (?C_STARTUP)
  .\obj\AdcDrv.obj (ADCDRV)
  .\obj\AngApp.obj (ANGAPP)
  .\obj\Calibration.obj (CALIBRATION)
  .\obj\CmdSub.obj (CMDSUB)
  .\obj\Comm.obj (COMM)
  .\obj\Delay.obj (DELAY)
  .\obj\Filter.obj (FILTER)
  .\obj\Flash.obj (FLASH)
  .\obj\Init.obj (INIT)
  .\obj\Key.obj (KEY)
  .\obj\Main.obj (MAIN)
  .\obj\ModBusCrc.obj (MODBUSCRC)
  .\obj\ModBusRtu.obj (MODBUSRTU)
  .\obj\Send.obj (SEND)
  .\obj\Sensor.obj (SENSOR)
  .\obj\Sub.obj (SUB)
  .\obj\Timer.obj (TIMER)
  .\obj\CalMcuT.obj (CALMCUT)
  D:\KEIL\C51\LIB\C51FPS.LIB (?C?FPADD)
  D:\KEIL\C51\LIB\C51FPS.LIB (?C?FPMUL)
  D:\KEIL\C51\LIB\C51FPS.LIB (?C?FPDIV)
  D:\KEIL\C51\LIB\C51FPS.LIB (?C?FPCMP)
  D:\KEIL\C51\LIB\C51FPS.LIB (?C?FCAST)
  D:\KEIL\C51\LIB\C51FPS.LIB (?C?CASTF)
  D:\KEIL\C51\LIB\C51FPS.LIB (SQRT)
  D:\KEIL\C51\LIB\C51FPS.LIB (SIN)
  D:\KEIL\C51\LIB\C51FPS.LIB (ASIN)
  D:\KEIL\C51\LIB\C51FPS.LIB (?C?FPGETOPN)
  D:\KEIL\C51\LIB\C51FPS.LIB (?C?FPSERIES)
  D:\KEIL\C51\LIB\C51FPS.LIB (ATAN)
  D:\KEIL\C51\LIB\C51S.LIB (?C_INIT)
  D:\KEIL\C51\LIB\C51S.LIB (?C?CLDPTR)
  D:\KEIL\C51\LIB\C51S.LIB (?C?CLDOPTR)
  D:\KEIL\C51\LIB\C51S.LIB (?C?CILDPTR)
  D:\KEIL\C51\LIB\C51S.LIB (?C?CILDOPTR)
  D:\KEIL\C51\LIB\C51S.LIB (?C?CSTPTR)
  D:\KEIL\C51\LIB\C51S.LIB (?C?CSTOPTR)
  D:\KEIL\C51\LIB\C51S.LIB (?C?IMUL)
  D:\KEIL\C51\LIB\C51S.LIB (?C?UIDIV)
  D:\KEIL\C51\LIB\C51S.LIB (?C?SIDIV)
  D:\KEIL\C51\LIB\C51S.LIB (?C?IILDX)
  D:\KEIL\C51\LIB\C51S.LIB (?C?ILDPTR)
  D:\KEIL\C51\LIB\C51S.LIB (?C?ILDOPTR)
  D:\KEIL\C51\LIB\C51S.LIB (?C?IILDPTR)
  D:\KEIL\C51\LIB\C51S.LIB (?C?IILDOPTR)
  D:\KEIL\C51\LIB\C51S.LIB (?C?ISTPTR)
BL51 BANKED LINKER/LOCATER V6.22                                                      11/20/2017  10:34:10  PAGE 2


  D:\KEIL\C51\LIB\C51S.LIB (?C?ISTOPTR)
  D:\KEIL\C51\LIB\C51S.LIB (?C?LADD)
  D:\KEIL\C51\LIB\C51S.LIB (?C?LMUL)
  D:\KEIL\C51\LIB\C51S.LIB (?C?ULDIV)
  D:\KEIL\C51\LIB\C51S.LIB (?C?SLDIV)
  D:\KEIL\C51\LIB\C51S.LIB (?C?LNEG)
  D:\KEIL\C51\LIB\C51S.LIB (?C?SLCMP)
  D:\KEIL\C51\LIB\C51S.LIB (?C?ULCMP)
  D:\KEIL\C51\LIB\C51S.LIB (?C?ULSHR)
  D:\KEIL\C51\LIB\C51S.LIB (?C?LSHL)
  D:\KEIL\C51\LIB\C51S.LIB (?C?LLDPTR)
  D:\KEIL\C51\LIB\C51S.LIB (?C?LLDOPTR)
  D:\KEIL\C51\LIB\C51S.LIB (?C?LSTPTR)
  D:\KEIL\C51\LIB\C51S.LIB (?C?LSTOPTR)
  D:\KEIL\C51\LIB\C51S.LIB (?C?LLDXDATA)
  D:\KEIL\C51\LIB\C51S.LIB (?C?LLDCODE)
  D:\KEIL\C51\LIB\C51S.LIB (?C?LLDXDATA0)
  D:\KEIL\C51\LIB\C51S.LIB (?C?LLDCODE0)
  D:\KEIL\C51\LIB\C51S.LIB (?C?LLDOPTR0)
  D:\KEIL\C51\LIB\C51S.LIB (?C?LSTXDATA)
  D:\KEIL\C51\LIB\C51S.LIB (?C?LSTKXDATA)
  D:\KEIL\C51\LIB\C51S.LIB (?C?LSTKOPTR)
  D:\KEIL\C51\LIB\C51S.LIB (?C?OFFXADD)
  D:\KEIL\C51\LIB\C51S.LIB (?C?PLDIIDATA)
  D:\KEIL\C51\LIB\C51S.LIB (?C?PLDXDATA)
  D:\KEIL\C51\LIB\C51S.LIB (?C?PSTXDATA)
  D:\KEIL\C51\LIB\C51S.LIB (?C?PLDOPTR)
  D:\KEIL\C51\LIB\C51S.LIB (?C?PLDIOPTR)
  D:\KEIL\C51\LIB\C51S.LIB (?C?PSTOPTR)
  D:\KEIL\C51\LIB\C51S.LIB (?C?CCASE)
  D:\KEIL\C51\LIB\C51S.LIB (?C?ICASE)
  D:\KEIL\C51\LIB\C51S.LIB (?C?ICALL)
  D:\KEIL\C51\LIB\C51S.LIB (STRNCMP)
  D:\KEIL\C51\LIB\C51S.LIB (STRNCPY)
  D:\KEIL\C51\LIB\C51S.LIB (?C?LLDIDATA)
  D:\KEIL\C51\LIB\C51S.LIB (?C?LLDPDATA)
  D:\KEIL\C51\LIB\C51S.LIB (?C?LLDIDATA0)
  D:\KEIL\C51\LIB\C51S.LIB (?C?LLDPDATA0)
  D:\KEIL\C51\LIB\C51S.LIB (?C?LSTIDATA)
  D:\KEIL\C51\LIB\C51S.LIB (?C?LSTPDATA)
  D:\KEIL\C51\LIB\C51S.LIB (?C?LSTKIDATA)
  D:\KEIL\C51\LIB\C51S.LIB (?C?LSTKPDATA)
  D:\KEIL\C51\LIB\C51S.LIB (?C?PLDIDATA)
  D:\KEIL\C51\LIB\C51S.LIB (?C?PSTIDATA)
  D:\KEIL\C51\LIB\C51S.LIB (?C?PLDIXDATA)
  D:\KEIL\C51\LIB\C51S.LIB (?C?PLDPDATA)
  D:\KEIL\C51\LIB\C51S.LIB (?C?PLDIPDATA)
  D:\KEIL\C51\LIB\C51S.LIB (?C?PSTPDATA)
  D:\KEIL\C51\LIB\C51S.LIB (?C?PLDCODE)


LINK MAP OF MODULE:  .\obj\097-0198-20171120 (?C_STARTUP)


            TYPE    BASE      LENGTH    RELOCATION   SEGMENT NAME
            -----------------------------------------------------

BL51 BANKED LINKER/LOCATER V6.22                                                      11/20/2017  10:34:10  PAGE 3


            * * * * * * *   D A T A   M E M O R Y   * * * * * * *
            REG     0000H     0008H     ABSOLUTE     "REG BANK 0"
            DATA    0008H     000AH     UNIT         ?DT?SEND
            DATA    0012H     0004H     UNIT         ?DT?CMDSUB
            DATA    0016H     0003H     UNIT         ?DT?_GETMT?CALMCUT
            DATA    0019H     0002H     UNIT         ?DT?CALMCUT
            DATA    001BH     0001H     UNIT         ?DT?TIMER
            IDATA   001CH     0003H     UNIT         ?ID?ADCDRV
                    001FH     0001H                  *** GAP ***
            BIT     0020H.0   0000H.2   UNIT         ?BI?COMM
            BIT     0020H.2   0000H.2   UNIT         _BIT_GROUP_
                    0020H.4   0000H.4                *** GAP ***
            DATA    0021H     0055H     UNIT         _DATA_GROUP_
            IDATA   0076H     0001H     UNIT         ?STACK

            * * * * * * *  X D A T A   M E M O R Y  * * * * * * *
            XDATA   0000H     04B3H     UNIT         ?XD?CALIBRATION
            XDATA   04B3H     0200H     UNIT         ?XD?FLASH
            XDATA   06B3H     01A3H     UNIT         ?XD?COMM
            XDATA   0856H     019EH     UNIT         ?XD?ADCDRV
            XDATA   09F4H     00F1H     UNIT         ?XD?CALMCUT
            XDATA   0AE5H     00C9H     UNIT         ?XD?SEND
            XDATA   0BAEH     0041H     UNIT         ?XD?SENSOR
            XDATA   0BEFH     0038H     UNIT         ?XD?ANGAPP
            XDATA   0C27H     0018H     UNIT         ?XD?CMDSUB
            XDATA   0C3FH     0010H     UNIT         ?XD?MODBUSRTU
            XDATA   0C4FH     000BH     UNIT         _XDATA_GROUP_
            XDATA   0C5AH     000AH     UNIT         ?XD?INIT
            XDATA   0C64H     0005H     UNIT         ?XD?MAIN
            XDATA   0C69H     0002H     UNIT         ?XD?TIMER
            XDATA   0C6BH     0001H     UNIT         ?XD?KEY

            * * * * * * *   C O D E   M E M O R Y   * * * * * * *
            CODE    0000H     0003H     ABSOLUTE     
            CODE    0003H     0020H     UNIT         ?PR?_SEND_TDEAL?SEND
            CODE    0023H     0003H     ABSOLUTE     
            CODE    0026H     0004H     UNIT         ?PR?ADC_ENABLE?ADCDRV
                    002AH     0001H                  *** GAP ***
            CODE    002BH     0003H     ABSOLUTE     
            CODE    002EH     001DH     UNIT         ?PR?COMM_TIMERPROC?COMM
            CODE    004BH     0003H     ABSOLUTE     
            CODE    004EH     0BBEH     UNIT         ?C?LIB_CODE
            CODE    0C0CH     0B14H     UNIT         ?PR?_MODRTU_RDVAL?MODBUSRTU
            CODE    1720H     067DH     UNIT         ?PR?_MODRTU_WRVAL?MODBUSRTU
            CODE    1D9DH     05E2H     UNIT         ?PR?_SEND_SDEAL?SEND
            CODE    237FH     039CH     UNIT         ?PR?_RAM_CALDATA2BUF?FLASH
            CODE    271BH     02F3H     UNIT         ?PR?_RAM_BUF2CALDATA?FLASH
            CODE    2A0EH     02B7H     UNIT         ?PR?_CUSTOMPRO?MODBUSRTU
            CODE    2CC5H     0200H     UNIT         ?CO?MODBUSCRC
            CODE    2EC5H     01BEH     UNIT         ?CO?SEND
            CODE    3083H     018EH     UNIT         ?PR?_SUB_STR2INT32S?SUB
            CODE    3211H     017CH     UNIT         ?PR?_ANG_CALCPRM?CALIBRATION
            CODE    338DH     016EH     UNIT         ?PR?SIN?SIN
            CODE    34FBH     0165H     UNIT         ?PR?_SEND_CDEAL?SEND
            CODE    3660H     0163H     UNIT         ?PR?_MCUT_CALCPRM?CALMCUT
            CODE    37C3H     0162H     UNIT         ?PR?_SUB_INT32S2STR?SUB
            CODE    3925H     0146H     UNIT         ?PR?_SEND_RDEAL?SEND
BL51 BANKED LINKER/LOCATER V6.22                                                      11/20/2017  10:34:10  PAGE 4


            CODE    3A6BH     0137H     UNIT         ?PR?SEND_TIMEPROC?SEND
            CODE    3BA2H     012CH     UNIT         ?PR?_TEMP_CALCPRM?CALIBRATION
            CODE    3CCEH     0128H     UNIT         ?PR?ATAN?ATAN
            CODE    3DF6H     0118H     UNIT         ?PR?_INT32S2VAL?MODBUSRTU
            CODE    3F0EH     0107H     UNIT         ?PR?ANGCALDATAINIT?CALIBRATION
            CODE    4015H     0105H     UNIT         ?PR?FLASH_CALDATAINIT?FLASH
            CODE    411AH     0103H     UNIT         ?PR?_MODRTU_WRREG?MODBUSRTU
            CODE    421DH     0100H     UNIT         ?PR?_SEND_WDEAL?SEND
            CODE    431DH     00EDH     UNIT         ?PR?_MODRTU_RDREG?MODBUSRTU
            CODE    440AH     00E8H     UNIT         ?PR?_TEMP_CALTREFSET?CMDSUB
            CODE    44F2H     00E4H     UNIT         ?PR?CALIBINIT?CALIBRATION
            CODE    45D6H     00E0H     UNIT         ?PR?MTCALDATAINIT?CALMCUT
            CODE    46B6H     00DBH     UNIT         ?PR?_SLIDEWINFILTER?FILTER
            CODE    4791H     00D8H     UNIT         ?PR?_PANGCALC?ANGAPP
            CODE    4869H     00C4H     UNIT         ?PR?_SUB_SENDTEMPCAL?SUB
            CODE    492DH     00BFH     UNIT         ?PR?_SUB_STR2INT16U?SUB
            CODE    49ECH     00B7H     UNIT         ?PR?_GETOFFSET?SENSOR
            CODE    4AA3H     00B0H     UNIT         ?PR?_SUB_INT16U2STR?SUB
            CODE    4B53H     00AAH     UNIT         ?PR?SQRT?SQRT
            CODE    4BFDH     00A7H     UNIT         ?PR?_ANG_CALC?SENSOR
            CODE    4CA4H     00A5H     UNIT         ?PR?_COMM_GETTXCHAR?COMM
            CODE    4D49H     00A4H     UNIT         ?PR?_COMM_GETCHAR?COMM
            CODE    4DEDH     00A1H     UNIT         ?PR?_GETANGCALCVAL?SENSOR
            CODE    4E8EH     008FH     UNIT         ?PR?COMM_SOFTWAREINIT?COMM
            CODE    4F1DH     008DH     UNIT         ?PR?_FLOATTOINT?MODBUSRTU
            CODE    4FAAH     008CH     UNIT         ?C_C51STARTUP
            CODE    5036H     008CH     UNIT         ?PR?_COMM_PUTCHAR?COMM
            CODE    50C2H     008BH     UNIT         ?PR?ADC_ISR?ADCDRV
            CODE    514DH     008BH     UNIT         ?PR?SNPROC?SENSOR
            CODE    51D8H     0087H     UNIT         ?PR?ADC_XCALSTOP?CMDSUB
            CODE    525FH     0087H     UNIT         ?PR?ADC_YCALSTOP?CMDSUB
            CODE    52E6H     0085H     UNIT         ?PR?_ADCFILTER?ADCDRV
            CODE    536BH     0085H     UNIT         ?PR?_GETMT?CALMCUT
            CODE    53F0H     0084H     UNIT         ?PR?_COMM_PUTRXCHAR?COMM
            CODE    5474H     0080H     UNIT         ?PR?_SNFILTER?SENSOR
            CODE    54F4H     0078H     UNIT         ?PR?ANGINIT?ANGAPP
            CODE    556CH     0076H     UNIT         ?PR?_TEMP_CALVALWR?CMDSUB
            CODE    55E2H     0075H     UNIT         ?PR?_SUB_BUFBUBBLE16U?SUB
            CODE    5657H     0073H     UNIT         ?PR?_SUB_SENDMCUTEMPCAL?SUB
            CODE    56CAH     0072H     UNIT         ?PR?COMM_ISR?COMM
            CODE    573CH     0071H     UNIT         ?PR?GET_MCUTEMPINCELSIUS?SENSOR
            CODE    57ADH     0070H     UNIT         ?PR?TEMPSORTANDCALCPRM?CMDSUB
            CODE    581DH     006FH     UNIT         ?PR?_STRNCMP?STRNCMP
            CODE    588CH     006EH     UNIT         ?PR?SNINIT?SENSOR
            CODE    58FAH     006DH     UNIT         ?PR?SUB_SENDPRMTALL?SUB
            CODE    5967H     006DH     UNIT         ?PR?_SUB_BUFBUBBLE16S?SUB
            CODE    59D4H     006CH     UNIT         ?PR?TEMPCALDATAINIT?CALIBRATION
            CODE    5A40H     0069H     UNIT         ?PR?_SN_DATAINIT?SENSOR
            CODE    5AA9H     0069H     UNIT         ?PR?_SUB_BUFBUBBLE32S?SUB
            CODE    5B12H     0068H     UNIT         ?PR?_ADC_SAVEANDSWITCH?ADCDRV
            CODE    5B7AH     0066H     UNIT         ?PR?_TEMP_CALSAMP?CMDSUB
            CODE    5BE0H     0065H     UNIT         ?PR?_FLASH_BUFWR?FLASH
            CODE    5C45H     0065H     UNIT         ?PR?_SEND_UDEAL?SEND
            CODE    5CAAH     005EH     UNIT         ?CO?SUB
            CODE    5D08H     005DH     UNIT         ?PR?_FILTER_1ST?FILTER
            CODE    5D65H     005AH     UNIT         ?PR?_SUB_STR2INT16S?SUB
            CODE    5DBFH     0058H     UNIT         ?PR?SUB_SENDTCALTEST?SUB
BL51 BANKED LINKER/LOCATER V6.22                                                      11/20/2017  10:34:10  PAGE 5


            CODE    5E17H     0057H     UNIT         ?PR?_FLASH_BUFRD?FLASH
            CODE    5E6EH     0056H     UNIT         ?PR?FLASHAREA_USER?FLASH
            CODE    5EC4H     0056H     UNIT         ?PR?_CHKCODE?MODBUSRTU
            CODE    5F1AH     0056H     UNIT         ?PR?_SUB_SBUFSWITCH?SUB
            CODE    5F70H     0052H     UNIT         ?PR?_STRNCPY?STRNCPY
            CODE    5FC2H     0050H     UNIT         ?PR?INIT_SYSTEMPARA?INIT
            CODE    6012H     004FH     UNIT         ?PR?_FLASH_CALDATAUPDATE_USER?FLASH
            CODE    6061H     004CH     UNIT         ?PR?GETXANGALLSETVAL?ANGAPP
            CODE    60ADH     004CH     UNIT         ?PR?GETYANGALLSETVAL?ANGAPP
            CODE    60F9H     004CH     UNIT         ?PR?_SUB_16SBUFSWITCH?SUB
            CODE    6145H     004CH     UNIT         ?PR?_SUB_UBUFSWITCH?SUB
            CODE    6191H     004AH     UNIT         ?PR?ADCENTITYINIT?ADCDRV
            CODE    61DBH     0049H     UNIT         ?PR?_MCUT_CALVALWR?CALMCUT
            CODE    6224H     0045H     UNIT         ?PR?_MODRTU_RLYERROR?MODBUSRTU
            CODE    6269H     0045H     UNIT         ?PR?_SUB_SENDADCTXY?SUB
            CODE    62AEH     0044H     UNIT         ?C?LDIV
            CODE    62F2H     0043H     UNIT         ?PR?FLASH_CALDATAUPDATE?FLASH
            CODE    6335H     0043H     UNIT         ?PR?_SUMCHK?MODBUSRTU
            CODE    6378H     0040H     UNIT         ?PR?CALIBMTINIT?CALMCUT
            CODE    63B8H     003EH     UNIT         ?PR?MCUTCALCPRM?CALMCUT
            CODE    63F6H     003DH     UNIT         ?PR?TIMER2_ISR?TIMER
            CODE    6433H     003CH     UNIT         ?PR?_MODRTU_RXPROC?MODBUSRTU
            CODE    646FH     003CH     UNIT         ?PR?_SUB_STR2INT8U?SUB
            CODE    64ABH     003BH     UNIT         ?PR?ASIN?ASIN
            CODE    64E6H     0038H     UNIT         ?PR?TIMER2_INIT?TIMER
            CODE    651EH     0037H     UNIT         ?PR?_FLASH_CHECKSUM?FLASH
            CODE    6555H     0036H     UNIT         ?PR?SUB_SENDANGXYP?SUB
            CODE    658BH     0036H     UNIT         ?PR?TIMER2_TASKINISR?TIMER
            CODE    65C1H     0035H     UNIT         ?PR?_MODBUSCRCCNT?MODBUSCRC
            CODE    65F6H     0033H     UNIT         ?C_INITSEG
            CODE    6629H     0033H     UNIT         ?PR?_MODRTU_SETZERO?MODBUSRTU
            CODE    665CH     0032H     UNIT         ?PR?_FLASHUPDATE?FLASH
            CODE    668EH     002FH     UNIT         ?PR?RAM_CALDATAINIT_USER?FLASH
            CODE    66BDH     002FH     UNIT         ?PR?_SUB_SENDMCUT?SUB
            CODE    66ECH     002EH     UNIT         ?PR?ADC_SETINIT?ADCDRV
            CODE    671AH     002EH     UNIT         ?PR?GETANGP?ANGAPP
            CODE    6748H     002AH     UNIT         ?PR?_COMM_PUTINT16S?SUB
            CODE    6772H     0029H     UNIT         ?PR?_FLASH_PAGEERASE?FLASH
            CODE    679BH     0028H     UNIT         ?PR?_MODRTU_WRADDR?MODBUSRTU
            CODE    67C3H     0027H     UNIT         ?PR?MAIN?MAIN
            CODE    67EAH     0025H     UNIT         ?PR?_MODRTU_WRBAUD?MODBUSRTU
            CODE    680FH     0025H     UNIT         ?PR?SUB_SENDANGXY?SUB
            CODE    6834H     0024H     UNIT         ?PR?_SETANGZERO?ANGAPP
            CODE    6858H     0024H     UNIT         ?PR?COMM_HARDWAREINIT?COMM
            CODE    687CH     0024H     UNIT         ?PR?_VALINRANGE?FILTER
            CODE    68A0H     0023H     UNIT         ?PR?SYS_PORTINIT?INIT
            CODE    68C3H     0022H     UNIT         ?PR?_SUB_INT16S2STR?SUB
            CODE    68E5H     0021H     UNIT         ?PR?_COMM_PUTSTR?COMM
            CODE    6906H     0021H     UNIT         ?PR?_MODRTU_WR16U?MODBUSRTU
            CODE    6927H     0021H     UNIT         ?PR?_SUB_STR2INT8S?SUB
            CODE    6948H     0020H     UNIT         ?PR?_SUB_INT8U2STR?SUB
            CODE    6968H     001EH     UNIT         ?PR?_SETANGZEROADD?ANGAPP
            CODE    6986H     001EH     UNIT         ?PR?INIT_ALL?INIT
            CODE    69A4H     001EH     UNIT         ?PR?_MCUT_CALSAMP?CALMCUT
            CODE    69C2H     001BH     UNIT         ?PR?SNXDATAINIT?SENSOR
            CODE    69DDH     001BH     UNIT         ?PR?SNYDATAINIT?SENSOR
            CODE    69F8H     001AH     UNIT         ?CO?ADCDRV
BL51 BANKED LINKER/LOCATER V6.22                                                      11/20/2017  10:34:10  PAGE 6


            CODE    6A12H     0019H     UNIT         ?PR?SYS_CLKINIT?INIT
            CODE    6A2BH     0019H     UNIT         ?PR?SUB_SENDSYSNUM?SUB
            CODE    6A44H     0018H     UNIT         ?PR?FLASH_USERDATAUPDATE?FLASH
            CODE    6A5CH     0018H     UNIT         ?PR?_COMM_PUTINT16U?SUB
            CODE    6A74H     0017H     UNIT         ?PR?_TEMP_RDTEMPVAL?CALIBRATION
            CODE    6A8BH     0017H     UNIT         ?PR?_TEMP_WRTEMPVAL?CALIBRATION
            CODE    6AA2H     0017H     UNIT         ?PR?_DELAY_MS?DELAY
            CODE    6AB9H     0017H     UNIT         ?PR?_MCUT_RDADCVAL?CALMCUT
            CODE    6AD0H     0017H     UNIT         ?PR?_MCUT_WRADCVAL?CALMCUT
            CODE    6AE7H     0016H     UNIT         ?PR?TEMP_CALSTOP?CMDSUB
            CODE    6AFDH     0016H     UNIT         ?PR?_MODRTU_CHKCRC?MODBUSRTU
            CODE    6B13H     0016H     UNIT         ?PR?_COMM_PUTINT8U?SUB
            CODE    6B29H     0015H     UNIT         ?PR?_SETTEMPXCALTEMPVAL?CALIBRATION
            CODE    6B3EH     0015H     UNIT         ?PR?_SETTEMPYCALTEMPVAL?CALIBRATION
            CODE    6B53H     0015H     UNIT         ?PR?_SETTEMPXCALADCVAL?CALIBRATION
            CODE    6B68H     0015H     UNIT         ?PR?_SETANGXCALADCVAL?CALIBRATION
            CODE    6B7DH     0015H     UNIT         ?PR?_SETTEMPYCALADCVAL?CALIBRATION
            CODE    6B92H     0015H     UNIT         ?PR?_SETANGYCALADCVAL?CALIBRATION
            CODE    6BA7H     0015H     UNIT         ?PR?_SETMCUTCALTEMPVAL?CALMCUT
            CODE    6BBCH     0015H     UNIT         ?PR?_SETMCUTCALADCVAL?CALMCUT
            CODE    6BD1H     0014H     UNIT         ?PR?_COMM_PUTINT32S?SUB
            CODE    6BE5H     0012H     UNIT         ?PR?TEMP_CALSTA?CMDSUB
            CODE    6BF7H     0012H     UNIT         ?PR?_SNXFILTER?SENSOR
            CODE    6C09H     0012H     UNIT         ?PR?_SNYFILTER?SENSOR
            CODE    6C1BH     0012H     UNIT         ?PR?TIMER2_TASKINMAIN?TIMER
            CODE    6C2DH     0011H     UNIT         ?PR?_TEMP_RDADCVAL?CALIBRATION
            CODE    6C3EH     0011H     UNIT         ?PR?_TEMP_WRADCVAL?CALIBRATION
            CODE    6C4FH     0011H     UNIT         ?PR?_ANG_RDADCVAL?CALIBRATION
            CODE    6C60H     0011H     UNIT         ?PR?_ANG_WRADCVAL?CALIBRATION
            CODE    6C71H     0011H     UNIT         ?PR?_MCUT_RDTEMPVAL?CALMCUT
            CODE    6C82H     0011H     UNIT         ?PR?_MCUT_WRTEMPVAL?CALMCUT
            CODE    6C93H     0010H     UNIT         ?PR?_MCUT_SET?CMDSUB
            CODE    6CA3H     000FH     UNIT         ?PR?DELAY_100US?DELAY
            CODE    6CB2H     000FH     UNIT         ?PR?GET_MCUTEMP?SENSOR
            CODE    6CC1H     000EH     UNIT         ?PR?_ANG_RDANGVAL?CALIBRATION
            CODE    6CCFH     000EH     UNIT         ?PR?_ANG_WRANGVAL?CALIBRATION
            CODE    6CDDH     000EH     UNIT         ?PR?FLASHCHK?FLASH
            CODE    6CEBH     000EH     UNIT         ?PR?SUB_SENDOK?SUB
            CODE    6CF9H     000EH     UNIT         ?PR?SUB_SENDERR?SUB
            CODE    6D07H     000EH     UNIT         ?PR?SUB_SENDSOFTVER?SUB
            CODE    6D15H     000DH     UNIT         ?PR?_MODRTU_RD16U?MODBUSRTU
            CODE    6D22H     000DH     UNIT         ?PR?COMM_PUTNEWLINESTA?SUB
            CODE    6D2FH     000CH     UNIT         ?PR?ADC_INIT?ADCDRV
            CODE    6D3BH     000CH     UNIT         ?PR?_GETTEMPXCALTEMPVAL?CALIBRATION
            CODE    6D47H     000CH     UNIT         ?PR?_GETANGXCALANGVAL?CALIBRATION
            CODE    6D53H     000CH     UNIT         ?PR?_GETTEMPYCALTEMPVAL?CALIBRATION
            CODE    6D5FH     000CH     UNIT         ?PR?_GETANGYCALANGVAL?CALIBRATION
            CODE    6D6BH     000CH     UNIT         ?PR?_GETTEMPXCALADCVAL?CALIBRATION
            CODE    6D77H     000CH     UNIT         ?PR?_GETANGXCALADCVAL?CALIBRATION
            CODE    6D83H     000CH     UNIT         ?PR?_GETTEMPYCALADCVAL?CALIBRATION
            CODE    6D8FH     000CH     UNIT         ?PR?_GETANGYCALADCVAL?CALIBRATION
            CODE    6D9BH     000CH     UNIT         ?PR?_SETANGXCALANGVAL?CALIBRATION
            CODE    6DA7H     000CH     UNIT         ?PR?_SETANGYCALANGVAL?CALIBRATION
            CODE    6DB3H     000CH     UNIT         ?PR?_MODRTU_8TO16?MODBUSRTU
            CODE    6DBFH     000CH     UNIT         ?PR?_GETMCUTCALTEMPVAL?CALMCUT
            CODE    6DCBH     000CH     UNIT         ?PR?_GETMCUTCALADCVAL?CALMCUT
            CODE    6DD7H     000BH     UNIT         ?PR?_SETTEMPXCALCNT?CALIBRATION
BL51 BANKED LINKER/LOCATER V6.22                                                      11/20/2017  10:34:10  PAGE 7


            CODE    6DE2H     000BH     UNIT         ?PR?_SETANGXCALCNT?CALIBRATION
            CODE    6DEDH     000BH     UNIT         ?PR?_SETTEMPYCALCNT?CALIBRATION
            CODE    6DF8H     000BH     UNIT         ?PR?_SETANGYCALCNT?CALIBRATION
            CODE    6E03H     000BH     UNIT         ?PR?_MODRTU_WRCRC?MODBUSRTU
            CODE    6E0EH     000BH     UNIT         ?PR?SUB_SYSRST?SUB
            CODE    6E19H     000BH     UNIT         ?PR?_SETMCUTCALCNT?CALMCUT
            CODE    6E24H     000AH     UNIT         ?PR?COMM_TIMERINIT?COMM
            CODE    6E2EH     000AH     UNIT         ?PR?DELAY_MS_?DELAY
            CODE    6E38H     0009H     UNIT         ?PR?ADC_GETXVAL?ADCDRV
            CODE    6E41H     0009H     UNIT         ?PR?ADC_GETYVAL?ADCDRV
            CODE    6E4AH     0009H     UNIT         ?PR?ADC_GETTEMP?ADCDRV
            CODE    6E53H     0009H     UNIT         ?PR?TEMPXCALCPRM?CALIBRATION
            CODE    6E5CH     0009H     UNIT         ?PR?TEMPYCALCPRM?CALIBRATION
            CODE    6E65H     0009H     UNIT         ?PR?ANGXCALCPRM?CALIBRATION
            CODE    6E6EH     0009H     UNIT         ?PR?ANGYCALCPRM?CALIBRATION
            CODE    6E77H     0009H     UNIT         ?PR?RAM_CALDATAINIT?FLASH
            CODE    6E80H     0009H     UNIT         ?PR?ANGXCALC?SENSOR
            CODE    6E89H     0009H     UNIT         ?PR?ANGYCALC?SENSOR
            CODE    6E92H     0009H     UNIT         ?PR?GETXFTVAL?SENSOR
            CODE    6E9BH     0009H     UNIT         ?PR?GETYFTVAL?SENSOR
            CODE    6EA4H     0009H     UNIT         ?PR?GETXOFTVAL?SENSOR
            CODE    6EADH     0009H     UNIT         ?PR?GETYOFTVAL?SENSOR
            CODE    6EB6H     0008H     UNIT         ?PR?_SETTEMPCALCNT?CALIBRATION
            CODE    6EBEH     0008H     UNIT         ?PR?_SETANGCALCNT?CALIBRATION
            CODE    6EC6H     0008H     UNIT         ?PR?_GETXOFFSET?SENSOR
            CODE    6ECEH     0008H     UNIT         ?PR?_GETYOFFSET?SENSOR
            CODE    6ED6H     0007H     UNIT         ?PR?GETANGXSYSZERO?ANGAPP
            CODE    6EDDH     0007H     UNIT         ?PR?GETANGYSYSZERO?ANGAPP
            CODE    6EE4H     0007H     UNIT         ?PR?GETANGXUSRZERO?ANGAPP
            CODE    6EEBH     0007H     UNIT         ?PR?GETANGYUSRZERO?ANGAPP
            CODE    6EF2H     0007H     UNIT         ?PR?GETANGXINST?ANGAPP
            CODE    6EF9H     0007H     UNIT         ?PR?GETANGYINST?ANGAPP
            CODE    6F00H     0007H     UNIT         ?PR?GETANGXSET?ANGAPP
            CODE    6F07H     0007H     UNIT         ?PR?GETANGYSET?ANGAPP
            CODE    6F0EH     0007H     UNIT         ?PR?GETANGPSET?ANGAPP
            CODE    6F15H     0007H     UNIT         ?PR?GETANGXZEROUSR?ANGAPP
            CODE    6F1CH     0007H     UNIT         ?PR?GETANGYZEROUSR?ANGAPP
            CODE    6F23H     0007H     UNIT         ?PR?GETANGXRELSYS?ANGAPP
            CODE    6F2AH     0007H     UNIT         ?PR?GETANGYRELSYS?ANGAPP
            CODE    6F31H     0007H     UNIT         ?PR?MAIN_TEMP?MAIN
            CODE    6F38H     0007H     UNIT         ?PR?GETXANG?SENSOR
            CODE    6F3FH     0007H     UNIT         ?PR?GETYANG?SENSOR
            CODE    6F46H     0006H     UNIT         ?PR?_SETANGXSYSZERO?ANGAPP
            CODE    6F4CH     0006H     UNIT         ?PR?_SETANGYSYSZERO?ANGAPP
            CODE    6F52H     0006H     UNIT         ?PR?_SETANGXUSRZERO?ANGAPP
            CODE    6F58H     0006H     UNIT         ?PR?_SETANGYUSRZERO?ANGAPP
            CODE    6F5EH     0006H     UNIT         ?PR?_SETANGXINST?ANGAPP
            CODE    6F64H     0006H     UNIT         ?PR?_SETANGYINST?ANGAPP
            CODE    6F6AH     0006H     UNIT         ?PR?GETTEMPXCALCNT?CALIBRATION
            CODE    6F70H     0006H     UNIT         ?PR?GETANGXCALCNT?CALIBRATION
            CODE    6F76H     0006H     UNIT         ?PR?GETANGYCALCNT?CALIBRATION
            CODE    6F7CH     0006H     UNIT         ?PR?COMM_SENDSTA?COMM
            CODE    6F82H     0006H     UNIT         ?PR?GETFILTERCNT?SENSOR
            CODE    6F88H     0006H     UNIT         ?PR?_SETFILTERCNT?SENSOR
            CODE    6F8EH     0006H     UNIT         ?PR?GETMCUTCALCNT?CALMCUT
            CODE    6F94H     0006H     UNIT         ?PR?MCUT_CALSTOP?CALMCUT
            CODE    6F9AH     0004H     UNIT         ?PR?ADC_VREFINIT?ADCDRV
BL51 BANKED LINKER/LOCATER V6.22                                                      11/20/2017  10:34:10  PAGE 8


            CODE    6F9EH     0004H     UNIT         ?PR?ADC_ISRINIT?ADCDRV
            CODE    6FA2H     0004H     UNIT         ?PR?_TEMP_SETCALCNT?CALIBRATION
            CODE    6FA6H     0004H     UNIT         ?PR?_ANG_SETCALCNT?CALIBRATION
            CODE    6FAAH     0004H     UNIT         ?PR?COMM_SENDSTOP?COMM
            CODE    6FAEH     0004H     UNIT         ?PR?_MCUT_SETCALCNT?CALMCUT
            CODE    6FB2H     0003H     UNIT         ?PR?MCUT_CALSTA?CALMCUT



OVERLAY MAP OF MODULE:   .\obj\097-0198-20171120 (?C_STARTUP)


SEGMENT                                        BIT_GROUP          DATA_GROUP          XDATA_GROUP
  +--> CALLED SEGMENT                       START    LENGTH     START    LENGTH     START    LENGTH
---------------------------------------------------------------------------------------------------
?C_C51STARTUP                               -----    -----      -----    -----      -----    -----
  +--> ?PR?MAIN?MAIN
  +--> ?C_INITSEG

?PR?MAIN?MAIN                               -----    -----      -----    -----      -----    -----
  +--> ?PR?INIT_ALL?INIT
  +--> ?PR?FLASH_CALDATAINIT?FLASH
  +--> ?PR?MAIN_TEMP?MAIN
  +--> ?PR?_DELAY_MS?DELAY
  +--> ?PR?SNPROC?SENSOR
  +--> ?PR?TIMER2_TASKINMAIN?TIMER
  +--> ?PR?SEND_TIMEPROC?SEND

?PR?INIT_ALL?INIT                           -----    -----      -----    -----      -----    -----
  +--> ?PR?SYS_PORTINIT?INIT
  +--> ?PR?SYS_CLKINIT?INIT
  +--> ?PR?COMM_HARDWAREINIT?COMM
  +--> ?PR?COMM_SOFTWAREINIT?COMM
  +--> ?PR?TIMER2_INIT?TIMER
  +--> ?PR?INIT_SYSTEMPARA?INIT
  +--> ?PR?ANGINIT?ANGAPP
  +--> ?PR?ADC_INIT?ADCDRV
  +--> ?PR?ADC_ENABLE?ADCDRV
  +--> ?PR?CALIBMTINIT?CALMCUT

?PR?COMM_SOFTWAREINIT?COMM                  -----    -----      0021H    0003H      -----    -----

?PR?TIMER2_INIT?TIMER                       -----    -----      -----    -----      -----    -----
  +--> ?CO?SEND

?PR?INIT_SYSTEMPARA?INIT                    -----    -----      -----    -----      -----    -----
  +--> ?CO?SEND

?PR?ANGINIT?ANGAPP                          -----    -----      -----    -----      -----    -----
  +--> ?PR?SNINIT?SENSOR
  +--> ?PR?_SETANGXINST?ANGAPP
  +--> ?PR?_SETANGYINST?ANGAPP
  +--> ?PR?_SETANGXSYSZERO?ANGAPP
  +--> ?PR?_SETANGYSYSZERO?ANGAPP
  +--> ?PR?_SETANGXUSRZERO?ANGAPP
  +--> ?PR?_SETANGYUSRZERO?ANGAPP

BL51 BANKED LINKER/LOCATER V6.22                                                      11/20/2017  10:34:10  PAGE 9


?PR?SNINIT?SENSOR                           -----    -----      -----    -----      -----    -----
  +--> ?PR?CALIBINIT?CALIBRATION
  +--> ?PR?_SETFILTERCNT?SENSOR
  +--> ?PR?SNXDATAINIT?SENSOR
  +--> ?PR?_SNXFILTER?SENSOR
  +--> ?PR?_GETXOFFSET?SENSOR
  +--> ?PR?ANGXCALC?SENSOR
  +--> ?PR?SNYDATAINIT?SENSOR
  +--> ?PR?_SNYFILTER?SENSOR
  +--> ?PR?_GETYOFFSET?SENSOR
  +--> ?PR?ANGYCALC?SENSOR

?PR?CALIBINIT?CALIBRATION                   -----    -----      -----    -----      -----    -----
  +--> ?PR?_SETTEMPXCALCNT?CALIBRATION
  +--> ?PR?_GETTEMPXCALTEMPVAL?CALIBRATION
  +--> ?PR?_GETTEMPXCALADCVAL?CALIBRATION
  +--> ?PR?_SETTEMPXCALTEMPVAL?CALIBRATION
  +--> ?PR?_SETTEMPXCALADCVAL?CALIBRATION
  +--> ?PR?_SETTEMPYCALCNT?CALIBRATION
  +--> ?PR?_GETTEMPYCALTEMPVAL?CALIBRATION
  +--> ?PR?_GETTEMPYCALADCVAL?CALIBRATION
  +--> ?PR?_SETTEMPYCALTEMPVAL?CALIBRATION
  +--> ?PR?_SETTEMPYCALADCVAL?CALIBRATION
  +--> ?PR?_SETANGXCALCNT?CALIBRATION
  +--> ?PR?_GETANGXCALANGVAL?CALIBRATION
  +--> ?PR?_GETANGXCALADCVAL?CALIBRATION
  +--> ?PR?_SETANGXCALANGVAL?CALIBRATION
  +--> ?PR?_SETANGXCALADCVAL?CALIBRATION
  +--> ?PR?_SETANGYCALCNT?CALIBRATION
  +--> ?PR?_GETANGYCALANGVAL?CALIBRATION
  +--> ?PR?_GETANGYCALADCVAL?CALIBRATION
  +--> ?PR?_SETANGYCALANGVAL?CALIBRATION
  +--> ?PR?_SETANGYCALADCVAL?CALIBRATION

?PR?_SETTEMPXCALCNT?CALIBRATION             -----    -----      -----    -----      -----    -----
  +--> ?PR?_TEMP_SETCALCNT?CALIBRATION

?PR?_GETTEMPXCALTEMPVAL?CALIBRATION         -----    -----      -----    -----      -----    -----
  +--> ?PR?_TEMP_RDTEMPVAL?CALIBRATION

?PR?_GETTEMPXCALADCVAL?CALIBRATION          -----    -----      -----    -----      -----    -----
  +--> ?PR?_TEMP_RDADCVAL?CALIBRATION

?PR?_SETTEMPXCALTEMPVAL?CALIBRATION         -----    -----      -----    -----      -----    -----
  +--> ?PR?_TEMP_WRTEMPVAL?CALIBRATION

?PR?_TEMP_WRTEMPVAL?CALIBRATION             -----    -----      0026H    0006H      -----    -----

?PR?_SETTEMPXCALADCVAL?CALIBRATION          -----    -----      -----    -----      -----    -----
  +--> ?PR?_TEMP_WRADCVAL?CALIBRATION

?PR?_TEMP_WRADCVAL?CALIBRATION              -----    -----      0026H    0006H      -----    -----

?PR?_SETTEMPYCALCNT?CALIBRATION             -----    -----      -----    -----      -----    -----
  +--> ?PR?_TEMP_SETCALCNT?CALIBRATION

?PR?_GETTEMPYCALTEMPVAL?CALIBRATION         -----    -----      -----    -----      -----    -----
BL51 BANKED LINKER/LOCATER V6.22                                                      11/20/2017  10:34:10  PAGE 10


  +--> ?PR?_TEMP_RDTEMPVAL?CALIBRATION

?PR?_GETTEMPYCALADCVAL?CALIBRATION          -----    -----      -----    -----      -----    -----
  +--> ?PR?_TEMP_RDADCVAL?CALIBRATION

?PR?_SETTEMPYCALTEMPVAL?CALIBRATION         -----    -----      -----    -----      -----    -----
  +--> ?PR?_TEMP_WRTEMPVAL?CALIBRATION

?PR?_SETTEMPYCALADCVAL?CALIBRATION          -----    -----      -----    -----      -----    -----
  +--> ?PR?_TEMP_WRADCVAL?CALIBRATION

?PR?_SETANGXCALCNT?CALIBRATION              -----    -----      -----    -----      -----    -----
  +--> ?PR?_ANG_SETCALCNT?CALIBRATION

?PR?_GETANGXCALANGVAL?CALIBRATION           -----    -----      -----    -----      -----    -----
  +--> ?PR?_ANG_RDANGVAL?CALIBRATION

?PR?_GETANGXCALADCVAL?CALIBRATION           -----    -----      -----    -----      -----    -----
  +--> ?PR?_ANG_RDADCVAL?CALIBRATION

?PR?_SETANGXCALANGVAL?CALIBRATION           -----    -----      0039H    0005H      -----    -----
  +--> ?PR?_ANG_WRANGVAL?CALIBRATION

?PR?_ANG_WRANGVAL?CALIBRATION               -----    -----      003EH    0008H      -----    -----

?PR?_SETANGXCALADCVAL?CALIBRATION           -----    -----      -----    -----      -----    -----
  +--> ?PR?_ANG_WRADCVAL?CALIBRATION

?PR?_ANG_WRADCVAL?CALIBRATION               -----    -----      0039H    0006H      -----    -----

?PR?_SETANGYCALCNT?CALIBRATION              -----    -----      -----    -----      -----    -----
  +--> ?PR?_ANG_SETCALCNT?CALIBRATION

?PR?_GETANGYCALANGVAL?CALIBRATION           -----    -----      -----    -----      -----    -----
  +--> ?PR?_ANG_RDANGVAL?CALIBRATION

?PR?_GETANGYCALADCVAL?CALIBRATION           -----    -----      -----    -----      -----    -----
  +--> ?PR?_ANG_RDADCVAL?CALIBRATION

?PR?_SETANGYCALANGVAL?CALIBRATION           -----    -----      0039H    0005H      -----    -----
  +--> ?PR?_ANG_WRANGVAL?CALIBRATION

?PR?_SETANGYCALADCVAL?CALIBRATION           -----    -----      -----    -----      -----    -----
  +--> ?PR?_ANG_WRADCVAL?CALIBRATION

?PR?SNXDATAINIT?SENSOR                      -----    -----      -----    -----      -----    -----
  +--> ?PR?_SN_DATAINIT?SENSOR

?PR?_SN_DATAINIT?SENSOR                     -----    -----      0021H    0009H      -----    -----

?PR?_SNXFILTER?SENSOR                       -----    -----      -----    -----      -----    -----
  +--> ?PR?_SNFILTER?SENSOR

?PR?_SNFILTER?SENSOR                        -----    -----      0021H    0006H      -----    -----
  +--> ?PR?_VALINRANGE?FILTER
  +--> ?PR?_FILTER_1ST?FILTER

BL51 BANKED LINKER/LOCATER V6.22                                                      11/20/2017  10:34:10  PAGE 11


?PR?_FILTER_1ST?FILTER                      -----    -----      0027H    0007H      -----    -----

?PR?_GETXOFFSET?SENSOR                      -----    -----      -----    -----      -----    -----
  +--> ?PR?_GETOFFSET?SENSOR

?PR?_GETOFFSET?SENSOR                       -----    -----      0021H    0006H      -----    -----

?PR?ANGXCALC?SENSOR                         -----    -----      -----    -----      -----    -----
  +--> ?PR?_ANG_CALC?SENSOR

?PR?_ANG_CALC?SENSOR                        -----    -----      0021H    0007H      -----    -----
  +--> ?PR?_GETANGCALCVAL?SENSOR
  +--> ?PR?ASIN?ASIN

?PR?_GETANGCALCVAL?SENSOR                   -----    -----      0028H    0006H      -----    -----

?PR?ASIN?ASIN                               -----    -----      -----    -----      -----    -----
  +--> ?PR?SQRT?SQRT
  +--> ?PR?ATAN?ATAN

?PR?SQRT?SQRT                               -----    -----      004AH    0004H      -----    -----

?PR?ATAN?ATAN                               0020H.2  0000H.2    004AH    0004H      -----    -----

?PR?SNYDATAINIT?SENSOR                      -----    -----      -----    -----      -----    -----
  +--> ?PR?_SN_DATAINIT?SENSOR

?PR?_SNYFILTER?SENSOR                       -----    -----      -----    -----      -----    -----
  +--> ?PR?_SNFILTER?SENSOR

?PR?_GETYOFFSET?SENSOR                      -----    -----      -----    -----      -----    -----
  +--> ?PR?_GETOFFSET?SENSOR

?PR?ANGYCALC?SENSOR                         -----    -----      -----    -----      -----    -----
  +--> ?PR?_ANG_CALC?SENSOR

?PR?ADC_INIT?ADCDRV                         -----    -----      -----    -----      -----    -----
  +--> ?PR?ADC_SETINIT?ADCDRV
  +--> ?PR?ADC_VREFINIT?ADCDRV
  +--> ?PR?ADC_ISRINIT?ADCDRV
  +--> ?PR?ADCENTITYINIT?ADCDRV

?PR?CALIBMTINIT?CALMCUT                     -----    -----      -----    -----      -----    -----
  +--> ?PR?_SETMCUTCALCNT?CALMCUT
  +--> ?PR?_GETMCUTCALTEMPVAL?CALMCUT
  +--> ?PR?_GETMCUTCALADCVAL?CALMCUT
  +--> ?PR?_SETMCUTCALTEMPVAL?CALMCUT
  +--> ?PR?_SETMCUTCALADCVAL?CALMCUT

?PR?_SETMCUTCALCNT?CALMCUT                  -----    -----      -----    -----      -----    -----
  +--> ?PR?_MCUT_SETCALCNT?CALMCUT

?PR?_GETMCUTCALTEMPVAL?CALMCUT              -----    -----      -----    -----      -----    -----
  +--> ?PR?_MCUT_RDTEMPVAL?CALMCUT

?PR?_GETMCUTCALADCVAL?CALMCUT               -----    -----      -----    -----      -----    -----
  +--> ?PR?_MCUT_RDADCVAL?CALMCUT
BL51 BANKED LINKER/LOCATER V6.22                                                      11/20/2017  10:34:10  PAGE 12



?PR?_SETMCUTCALTEMPVAL?CALMCUT              -----    -----      -----    -----      -----    -----
  +--> ?PR?_MCUT_WRTEMPVAL?CALMCUT

?PR?_MCUT_WRTEMPVAL?CALMCUT                 -----    -----      0026H    0006H      -----    -----

?PR?_SETMCUTCALADCVAL?CALMCUT               -----    -----      -----    -----      -----    -----
  +--> ?PR?_MCUT_WRADCVAL?CALMCUT

?PR?_MCUT_WRADCVAL?CALMCUT                  -----    -----      0026H    0006H      -----    -----

?PR?FLASH_CALDATAINIT?FLASH                 -----    -----      0021H    0001H      -----    -----
  +--> ?PR?_FLASH_BUFRD?FLASH
  +--> ?PR?FLASHCHK?FLASH
  +--> ?PR?RAM_CALDATAINIT?FLASH
  +--> ?PR?FLASH_CALDATAUPDATE?FLASH
  +--> ?PR?_RAM_BUF2CALDATA?FLASH
  +--> ?PR?_FLASH_CHECKSUM?FLASH
  +--> ?PR?FLASHAREA_USER?FLASH
  +--> ?PR?_FLASH_CALDATAUPDATE_USER?FLASH
  +--> ?PR?GETANGXCALCNT?CALIBRATION
  +--> ?PR?GETANGYCALCNT?CALIBRATION
  +--> ?PR?ADC_XCALSTOP?CMDSUB
  +--> ?PR?ADC_YCALSTOP?CMDSUB
  +--> ?PR?TEMP_CALSTOP?CMDSUB
  +--> ?PR?MCUT_CALSTOP?CALMCUT
  +--> ?CO?SEND

?PR?_FLASH_BUFRD?FLASH                      0020H.2  0000H.1    0022H    0009H      -----    -----

?PR?RAM_CALDATAINIT?FLASH                   -----    -----      -----    -----      -----    -----
  +--> ?PR?ANGCALDATAINIT?CALIBRATION
  +--> ?PR?TEMPCALDATAINIT?CALIBRATION
  +--> ?PR?MTCALDATAINIT?CALMCUT

?PR?ANGCALDATAINIT?CALIBRATION              -----    -----      -----    -----      -----    -----
  +--> ?PR?_SETANGCALCNT?CALIBRATION

?PR?_SETANGCALCNT?CALIBRATION               -----    -----      -----    -----      -----    -----
  +--> ?PR?_SETANGXCALCNT?CALIBRATION
  +--> ?PR?_SETANGYCALCNT?CALIBRATION

?PR?TEMPCALDATAINIT?CALIBRATION             -----    -----      0022H    0001H      -----    -----
  +--> ?PR?_SETTEMPCALCNT?CALIBRATION

?PR?_SETTEMPCALCNT?CALIBRATION              -----    -----      -----    -----      -----    -----
  +--> ?PR?_SETTEMPXCALCNT?CALIBRATION
  +--> ?PR?_SETTEMPYCALCNT?CALIBRATION

?PR?MTCALDATAINIT?CALMCUT                   -----    -----      0022H    0001H      -----    -----
  +--> ?PR?_SETMCUTCALCNT?CALMCUT

?PR?FLASH_CALDATAUPDATE?FLASH               -----    -----      -----    -----      -----    -----
  +--> ?PR?_RAM_CALDATA2BUF?FLASH
  +--> ?PR?_FLASHUPDATE?FLASH

?PR?_RAM_CALDATA2BUF?FLASH                  -----    -----      0042H    0006H      -----    -----
BL51 BANKED LINKER/LOCATER V6.22                                                      11/20/2017  10:34:10  PAGE 13


  +--> ?PR?_GETANGXCALANGVAL?CALIBRATION
  +--> ?PR?_GETANGYCALANGVAL?CALIBRATION
  +--> ?PR?_GETANGXCALADCVAL?CALIBRATION
  +--> ?PR?_GETANGYCALADCVAL?CALIBRATION
  +--> ?PR?_GETTEMPXCALTEMPVAL?CALIBRATION
  +--> ?PR?_GETTEMPXCALADCVAL?CALIBRATION
  +--> ?PR?_GETTEMPYCALADCVAL?CALIBRATION
  +--> ?PR?GETANGXCALCNT?CALIBRATION
  +--> ?PR?GETTEMPXCALCNT?CALIBRATION
  +--> ?PR?GETANGXSYSZERO?ANGAPP
  +--> ?PR?GETANGYSYSZERO?ANGAPP
  +--> ?PR?GETMCUTCALCNT?CALMCUT
  +--> ?PR?_GETMCUTCALTEMPVAL?CALMCUT
  +--> ?PR?_GETMCUTCALADCVAL?CALMCUT
  +--> ?PR?GETFILTERCNT?SENSOR
  +--> ?PR?GETANGXUSRZERO?ANGAPP
  +--> ?PR?GETANGYUSRZERO?ANGAPP
  +--> ?PR?GETANGXINST?ANGAPP
  +--> ?PR?GETANGYINST?ANGAPP
  +--> ?PR?GETANGXSET?ANGAPP
  +--> ?PR?GETANGYSET?ANGAPP
  +--> ?PR?GETANGPSET?ANGAPP
  +--> ?PR?_FLASH_CHECKSUM?FLASH

?PR?_FLASH_CHECKSUM?FLASH                   -----    -----      0048H    0005H      -----    -----

?PR?_FLASHUPDATE?FLASH                      0020H.2  0000H.1    0042H    0007H      -----    -----
  +--> ?PR?_FLASH_PAGEERASE?FLASH
  +--> ?PR?_DELAY_MS?DELAY
  +--> ?PR?_FLASH_BUFWR?FLASH

?PR?_FLASH_PAGEERASE?FLASH                  0020H.3  0000H.1    -----    -----      -----    -----

?PR?_DELAY_MS?DELAY                         -----    -----      -----    -----      -----    -----
  +--> ?PR?DELAY_MS_?DELAY

?PR?DELAY_MS_?DELAY                         -----    -----      -----    -----      -----    -----
  +--> ?PR?DELAY_100US?DELAY

?PR?_FLASH_BUFWR?FLASH                      0020H.3  0000H.1    0049H    000BH      -----    -----

?PR?_RAM_BUF2CALDATA?FLASH                  -----    -----      0022H    0004H      -----    -----
  +--> ?PR?_SETANGXCALANGVAL?CALIBRATION
  +--> ?PR?_SETANGYCALANGVAL?CALIBRATION
  +--> ?PR?_SETANGXCALADCVAL?CALIBRATION
  +--> ?PR?_SETANGYCALADCVAL?CALIBRATION
  +--> ?PR?_SETTEMPXCALTEMPVAL?CALIBRATION
  +--> ?PR?_SETTEMPXCALADCVAL?CALIBRATION
  +--> ?PR?_SETTEMPYCALADCVAL?CALIBRATION
  +--> ?PR?_SETANGCALCNT?CALIBRATION
  +--> ?PR?_SETTEMPCALCNT?CALIBRATION
  +--> ?PR?_SETANGXSYSZERO?ANGAPP
  +--> ?PR?_SETANGYSYSZERO?ANGAPP
  +--> ?PR?_SETMCUTCALCNT?CALMCUT
  +--> ?PR?_SETMCUTCALTEMPVAL?CALMCUT
  +--> ?PR?_SETMCUTCALADCVAL?CALMCUT
  +--> ?PR?_SETFILTERCNT?SENSOR
BL51 BANKED LINKER/LOCATER V6.22                                                      11/20/2017  10:34:10  PAGE 14


  +--> ?PR?_SETANGXUSRZERO?ANGAPP
  +--> ?PR?_SETANGYUSRZERO?ANGAPP
  +--> ?PR?_SETANGXINST?ANGAPP
  +--> ?PR?_SETANGYINST?ANGAPP

?PR?FLASHAREA_USER?FLASH                    -----    -----      -----    -----      -----    -----
  +--> ?PR?_FLASH_BUFRD?FLASH
  +--> ?PR?FLASHCHK?FLASH
  +--> ?PR?_FLASH_CHECKSUM?FLASH
  +--> ?PR?RAM_CALDATAINIT_USER?FLASH
  +--> ?PR?_FLASH_CALDATAUPDATE_USER?FLASH
  +--> ?PR?_RAM_BUF2CALDATA?FLASH

?PR?RAM_CALDATAINIT_USER?FLASH              -----    -----      -----    -----      -----    -----
  +--> ?PR?_SETANGXUSRZERO?ANGAPP
  +--> ?PR?_SETANGYUSRZERO?ANGAPP
  +--> ?PR?_SETANGXINST?ANGAPP
  +--> ?PR?_SETANGYINST?ANGAPP
  +--> ?PR?INIT_SYSTEMPARA?INIT

?PR?_FLASH_CALDATAUPDATE_USER?FLASH         -----    -----      0039H    0009H      -----    -----
  +--> ?PR?_RAM_CALDATA2BUF?FLASH
  +--> ?PR?_FLASHUPDATE?FLASH

?PR?ADC_XCALSTOP?CMDSUB                     -----    -----      0022H    0001H      -----    -----
  +--> ?PR?_SUB_BUFBUBBLE32S?SUB
  +--> ?PR?ANGXCALCPRM?CALIBRATION

?PR?_SUB_BUFBUBBLE32S?SUB                   -----    -----      0023H    0009H      -----    -----
  +--> ?PR?_SUB_SBUFSWITCH?SUB
  +--> ?PR?_SUB_UBUFSWITCH?SUB

?PR?_SUB_SBUFSWITCH?SUB                     -----    -----      002CH    0009H      -----    -----

?PR?_SUB_UBUFSWITCH?SUB                     -----    -----      003DH    0007H      -----    -----

?PR?ANGXCALCPRM?CALIBRATION                 -----    -----      -----    -----      -----    -----
  +--> ?PR?_ANG_CALCPRM?CALIBRATION

?PR?_ANG_CALCPRM?CALIBRATION                -----    -----      0023H    000CH      -----    -----
  +--> ?PR?SIN?SIN

?PR?SIN?SIN                                 0020H.2  0000H.1    004AH    0004H      -----    -----

?PR?ADC_YCALSTOP?CMDSUB                     -----    -----      0022H    0001H      -----    -----
  +--> ?PR?_SUB_BUFBUBBLE32S?SUB
  +--> ?PR?ANGYCALCPRM?CALIBRATION

?PR?ANGYCALCPRM?CALIBRATION                 -----    -----      -----    -----      -----    -----
  +--> ?PR?_ANG_CALCPRM?CALIBRATION

?PR?TEMP_CALSTOP?CMDSUB                     -----    -----      -----    -----      -----    -----
  +--> ?PR?TEMPSORTANDCALCPRM?CMDSUB

?PR?TEMPSORTANDCALCPRM?CMDSUB               -----    -----      -----    -----      -----    -----
  +--> ?PR?_SUB_BUFBUBBLE16U?SUB
  +--> ?PR?TEMPXCALCPRM?CALIBRATION
BL51 BANKED LINKER/LOCATER V6.22                                                      11/20/2017  10:34:10  PAGE 15


  +--> ?PR?TEMPYCALCPRM?CALIBRATION

?PR?_SUB_BUFBUBBLE16U?SUB                   -----    -----      0031H    000CH      -----    -----
  +--> ?PR?_SUB_UBUFSWITCH?SUB
  +--> ?PR?_SUB_16SBUFSWITCH?SUB

?PR?_SUB_16SBUFSWITCH?SUB                   -----    -----      003DH    0007H      -----    -----

?PR?TEMPXCALCPRM?CALIBRATION                -----    -----      -----    -----      -----    -----
  +--> ?PR?_TEMP_CALCPRM?CALIBRATION

?PR?_TEMP_CALCPRM?CALIBRATION               -----    -----      0031H    0004H      -----    -----

?PR?TEMPYCALCPRM?CALIBRATION                -----    -----      -----    -----      -----    -----
  +--> ?PR?_TEMP_CALCPRM?CALIBRATION

?PR?MCUT_CALSTOP?CALMCUT                    -----    -----      -----    -----      -----    -----
  +--> ?PR?MCUTCALCPRM?CALMCUT

?PR?MCUTCALCPRM?CALMCUT                     -----    -----      -----    -----      -----    -----
  +--> ?PR?_SUB_BUFBUBBLE16S?SUB
  +--> ?PR?_MCUT_CALCPRM?CALMCUT

?PR?_SUB_BUFBUBBLE16S?SUB                   -----    -----      0025H    0009H      -----    -----
  +--> ?PR?_SUB_16SBUFSWITCH?SUB
  +--> ?PR?_SUB_UBUFSWITCH?SUB

?PR?_MCUT_CALCPRM?CALMCUT                   -----    -----      0025H    0008H      -----    -----

?PR?SNPROC?SENSOR                           -----    -----      -----    -----      -----    -----
  +--> ?PR?ADC_GETXVAL?ADCDRV
  +--> ?PR?GET_MCUTEMP?SENSOR
  +--> ?PR?ADC_GETYVAL?ADCDRV

?PR?GET_MCUTEMP?SENSOR                      -----    -----      -----    -----      -----    -----
  +--> ?PR?ADC_GETTEMP?ADCDRV

?PR?TIMER2_TASKINMAIN?TIMER                 -----    -----      -----    -----      -----    -----
  +--> ?PR?SUB_SENDANGXY?SUB

?PR?SUB_SENDANGXY?SUB                       -----    -----      -----    -----      -----    -----
  +--> ?CO?SUB
  +--> ?PR?_COMM_PUTSTR?COMM
  +--> ?PR?GETXANGALLSETVAL?ANGAPP
  +--> ?PR?_COMM_PUTINT32S?SUB
  +--> ?PR?GETYANGALLSETVAL?ANGAPP
  +--> ?PR?COMM_PUTNEWLINESTA?SUB

?PR?_COMM_PUTSTR?COMM                       -----    -----      0039H    0003H      -----    -----
  +--> ?PR?_COMM_PUTCHAR?COMM

?PR?_COMM_PUTCHAR?COMM                      -----    -----      003CH    0003H      -----    -----

?PR?GETXANGALLSETVAL?ANGAPP                 -----    -----      003AH    0004H      -----    -----
  +--> ?PR?GETXANG?SENSOR
  +--> ?PR?_SETANGZERO?ANGAPP
  +--> ?PR?_SETANGZEROADD?ANGAPP
BL51 BANKED LINKER/LOCATER V6.22                                                      11/20/2017  10:34:10  PAGE 16



?PR?_SETANGZERO?ANGAPP                      -----    -----      003EH    0004H      -----    -----

?PR?_SETANGZEROADD?ANGAPP                   -----    -----      003EH    0004H      -----    -----

?PR?_COMM_PUTINT32S?SUB                     -----    -----      -----    -----      -----    -----
  +--> ?PR?_SUB_INT32S2STR?SUB
  +--> ?PR?_COMM_PUTSTR?COMM

?PR?_SUB_INT32S2STR?SUB                     -----    -----      002CH    0007H      -----    -----

?PR?GETYANGALLSETVAL?ANGAPP                 -----    -----      003AH    0004H      -----    -----
  +--> ?PR?GETYANG?SENSOR
  +--> ?PR?_SETANGZERO?ANGAPP
  +--> ?PR?_SETANGZEROADD?ANGAPP

?PR?COMM_PUTNEWLINESTA?SUB                  -----    -----      -----    -----      -----    -----
  +--> ?PR?_COMM_PUTCHAR?COMM
  +--> ?PR?COMM_SENDSTA?COMM

?PR?SEND_TIMEPROC?SEND                      -----    -----      -----    -----      -----    -----
  +--> ?PR?_COMM_GETCHAR?COMM
  +--> ?PR?_CUSTOMPRO?MODBUSRTU
  +--> ?PR?_MODRTU_RXPROC?MODBUSRTU
  +--> ?PR?_SEND_RDEAL?SEND
  +--> ?PR?_SEND_CDEAL?SEND
  +--> ?PR?_SEND_SDEAL?SEND
  +--> ?PR?_SEND_UDEAL?SEND
  +--> ?PR?_SEND_WDEAL?SEND
  +--> ?PR?_SEND_TDEAL?SEND

?PR?_COMM_GETCHAR?COMM                      -----    -----      0021H    0006H      -----    -----

?PR?_CUSTOMPRO?MODBUSRTU                    -----    -----      0021H    0004H      0C4FH    000AH
  +--> ?PR?_CHKCODE?MODBUSRTU
  +--> ?PR?GETXANGALLSETVAL?ANGAPP
  +--> ?PR?_INT32S2VAL?MODBUSRTU
  +--> ?PR?GETYANGALLSETVAL?ANGAPP
  +--> ?PR?GET_MCUTEMPINCELSIUS?SENSOR
  +--> ?PR?_SUMCHK?MODBUSRTU
  +--> ?PR?_COMM_PUTSTR?COMM
  +--> ?PR?COMM_SENDSTA?COMM
  +--> ?PR?_DELAY_MS?DELAY
  +--> ?CO?SEND
  +--> ?PR?FLASH_USERDATAUPDATE?FLASH

?PR?_CHKCODE?MODBUSRTU                      -----    -----      0025H    0003H      -----    -----

?PR?_INT32S2VAL?MODBUSRTU                   -----    -----      0025H    0007H      -----    -----

?PR?GET_MCUTEMPINCELSIUS?SENSOR             -----    -----      -----    -----      -----    -----
  +--> ?PR?ADC_GETTEMP?ADCDRV

?PR?_SUMCHK?MODBUSRTU                       -----    -----      0025H    0004H      0C59H    0001H

?PR?FLASH_USERDATAUPDATE?FLASH              -----    -----      -----    -----      -----    -----
  +--> ?PR?_FLASH_CALDATAUPDATE_USER?FLASH
BL51 BANKED LINKER/LOCATER V6.22                                                      11/20/2017  10:34:10  PAGE 17



?PR?_MODRTU_RXPROC?MODBUSRTU                -----    -----      0021H    0004H      -----    -----
  +--> ?PR?_MODRTU_CHKCRC?MODBUSRTU
  +--> ?PR?_MODRTU_RDREG?MODBUSRTU
  +--> ?PR?_MODRTU_WRREG?MODBUSRTU
  +--> ?PR?_MODRTU_RLYERROR?MODBUSRTU

?PR?_MODRTU_CHKCRC?MODBUSRTU                -----    -----      -----    -----      -----    -----
  +--> ?PR?_MODBUSCRCCNT?MODBUSCRC

?PR?_MODBUSCRCCNT?MODBUSCRC                 -----    -----      0035H    0003H      -----    -----
  +--> ?CO?MODBUSCRC

?PR?_MODRTU_RDREG?MODBUSRTU                 -----    -----      0025H    000DH      -----    -----
  +--> ?PR?_MODRTU_8TO16?MODBUSRTU
  +--> ?PR?_MODRTU_RDVAL?MODBUSRTU
  +--> ?PR?_MODRTU_RLYERROR?MODBUSRTU
  +--> ?PR?_MODBUSCRCCNT?MODBUSCRC
  +--> ?PR?_MODRTU_WRCRC?MODBUSRTU
  +--> ?PR?_COMM_PUTSTR?COMM
  +--> ?PR?COMM_SENDSTA?COMM

?PR?_MODRTU_RDVAL?MODBUSRTU                 -----    -----      0032H    0008H      0C4FH    0004H
  +--> ?PR?GETXANGALLSETVAL?ANGAPP
  +--> ?PR?GETYANGALLSETVAL?ANGAPP
  +--> ?PR?GETANGP?ANGAPP
  +--> ?PR?GETANGXINST?ANGAPP
  +--> ?PR?GETANGYINST?ANGAPP
  +--> ?PR?GETANGXSET?ANGAPP
  +--> ?PR?GETANGYSET?ANGAPP
  +--> ?PR?GETANGPSET?ANGAPP
  +--> ?PR?GET_MCUTEMP?SENSOR
  +--> ?PR?_GETTEMPXCALTEMPVAL?CALIBRATION
  +--> ?PR?_GETTEMPXCALADCVAL?CALIBRATION
  +--> ?PR?_GETTEMPYCALADCVAL?CALIBRATION
  +--> ?PR?GETXOFTVAL?SENSOR
  +--> ?PR?_FLOATTOINT?MODBUSRTU
  +--> ?PR?_GETANGXCALADCVAL?CALIBRATION
  +--> ?PR?_GETANGXCALANGVAL?CALIBRATION
  +--> ?PR?GETYOFTVAL?SENSOR
  +--> ?PR?_GETANGYCALADCVAL?CALIBRATION
  +--> ?PR?_GETANGYCALANGVAL?CALIBRATION
  +--> ?PR?GETXFTVAL?SENSOR
  +--> ?PR?GETYFTVAL?SENSOR
  +--> ?PR?GETXANG?SENSOR
  +--> ?PR?GETYANG?SENSOR
  +--> ?PR?GETANGXRELSYS?ANGAPP
  +--> ?PR?GETANGYRELSYS?ANGAPP
  +--> ?PR?GETANGXZEROUSR?ANGAPP
  +--> ?PR?GETANGYZEROUSR?ANGAPP
  +--> ?PR?GETANGXSYSZERO?ANGAPP
  +--> ?PR?GETANGYSYSZERO?ANGAPP
  +--> ?PR?GETANGXUSRZERO?ANGAPP
  +--> ?PR?GETANGYUSRZERO?ANGAPP
  +--> ?PR?GETANGXCALCNT?CALIBRATION
  +--> ?PR?GETTEMPXCALCNT?CALIBRATION
  +--> ?PR?GETFILTERCNT?SENSOR
BL51 BANKED LINKER/LOCATER V6.22                                                      11/20/2017  10:34:10  PAGE 18


  +--> ?PR?_MODRTU_RD16U?MODBUSRTU

?PR?GETANGP?ANGAPP                          -----    -----      -----    -----      -----    -----
  +--> ?PR?GETXANGALLSETVAL?ANGAPP
  +--> ?PR?GETYANGALLSETVAL?ANGAPP
  +--> ?PR?_PANGCALC?ANGAPP

?PR?_PANGCALC?ANGAPP                        -----    -----      003AH    0010H      -----    -----
  +--> ?PR?SIN?SIN
  +--> ?PR?SQRT?SQRT
  +--> ?PR?ASIN?ASIN

?PR?_FLOATTOINT?MODBUSRTU                   -----    -----      003AH    000CH      -----    -----

?PR?_MODRTU_RLYERROR?MODBUSRTU              -----    -----      0032H    0003H      -----    -----
  +--> ?PR?_MODBUSCRCCNT?MODBUSCRC
  +--> ?PR?_COMM_PUTSTR?COMM
  +--> ?PR?COMM_SENDSTA?COMM

?PR?_MODRTU_WRREG?MODBUSRTU                 -----    -----      0025H    000CH      -----    -----
  +--> ?PR?_MODRTU_8TO16?MODBUSRTU
  +--> ?PR?_MODRTU_WRVAL?MODBUSRTU
  +--> ?PR?_MODRTU_RLYERROR?MODBUSRTU
  +--> ?PR?_MODBUSCRCCNT?MODBUSCRC
  +--> ?PR?_MODRTU_WRCRC?MODBUSRTU
  +--> ?PR?_COMM_PUTSTR?COMM
  +--> ?PR?COMM_SENDSTA?COMM
  +--> ?PR?FLASH_USERDATAUPDATE?FLASH

?PR?_MODRTU_WRVAL?MODBUSRTU                 -----    -----      0031H    0008H      0C4FH    0008H
  +--> ?PR?_MODRTU_WR16U?MODBUSRTU
  +--> ?PR?_SETANGXINST?ANGAPP
  +--> ?PR?_SETANGYINST?ANGAPP
  +--> ?PR?_MODRTU_SETZERO?MODBUSRTU
  +--> ?PR?_MODRTU_WRADDR?MODBUSRTU
  +--> ?PR?_MODRTU_WRBAUD?MODBUSRTU
  +--> ?PR?GETANGXRELSYS?ANGAPP
  +--> ?PR?_SETANGXUSRZERO?ANGAPP
  +--> ?PR?FLASH_USERDATAUPDATE?FLASH
  +--> ?PR?_SETANGCALCNT?CALIBRATION
  +--> ?PR?GETANGXCALCNT?CALIBRATION
  +--> ?PR?_SETANGXCALANGVAL?CALIBRATION
  +--> ?PR?GETXOFTVAL?SENSOR
  +--> ?PR?_SETANGXCALADCVAL?CALIBRATION
  +--> ?PR?_SETANGYCALANGVAL?CALIBRATION
  +--> ?PR?GETYOFTVAL?SENSOR
  +--> ?PR?_SETANGYCALADCVAL?CALIBRATION
  +--> ?PR?FLASH_CALDATAUPDATE?FLASH
  +--> ?PR?GETXANG?SENSOR
  +--> ?PR?_SETANGXSYSZERO?ANGAPP
  +--> ?PR?GETYANG?SENSOR
  +--> ?PR?_SETANGYSYSZERO?ANGAPP
  +--> ?PR?GETANGYRELSYS?ANGAPP
  +--> ?PR?_SETANGYUSRZERO?ANGAPP
  +--> ?PR?_SETFILTERCNT?SENSOR

?PR?_MODRTU_SETZERO?MODBUSRTU               -----    -----      0039H    0002H      -----    -----
BL51 BANKED LINKER/LOCATER V6.22                                                      11/20/2017  10:34:10  PAGE 19


  +--> ?PR?_MODRTU_8TO16?MODBUSRTU
  +--> ?PR?GETANGXRELSYS?ANGAPP
  +--> ?PR?_SETANGXUSRZERO?ANGAPP
  +--> ?PR?GETANGYRELSYS?ANGAPP
  +--> ?PR?_SETANGYUSRZERO?ANGAPP

?PR?_SEND_RDEAL?SEND                        -----    -----      0021H    0005H      -----    -----
  +--> ?CO?SEND
  +--> ?PR?_STRNCMP?STRNCMP
  +--> ?PR?SUB_SENDPRMTALL?SUB
  +--> ?PR?SUB_SENDANGXYP?SUB
  +--> ?PR?SUB_SENDANGXY?SUB
  +--> ?PR?SUB_SENDSOFTVER?SUB
  +--> ?PR?SUB_SENDSYSNUM?SUB
  +--> ?PR?_SUB_STR2INT8U?SUB
  +--> ?PR?_SUB_SENDTEMPCAL?SUB
  +--> ?PR?_SUB_SENDMCUTEMPCAL?SUB
  +--> ?PR?SUB_SENDERR?SUB

?PR?_STRNCMP?STRNCMP                        -----    -----      002CH    0008H      -----    -----

?PR?SUB_SENDPRMTALL?SUB                     -----    -----      -----    -----      -----    -----
  +--> ?CO?SUB
  +--> ?PR?_COMM_PUTSTR?COMM
  +--> ?PR?GET_MCUTEMP?SENSOR
  +--> ?PR?_COMM_PUTINT16U?SUB
  +--> ?PR?GETXFTVAL?SENSOR
  +--> ?PR?_COMM_PUTCHAR?COMM
  +--> ?PR?GETXOFTVAL?SENSOR
  +--> ?PR?GETXANG?SENSOR
  +--> ?PR?_COMM_PUTINT32S?SUB
  +--> ?PR?GETYFTVAL?SENSOR
  +--> ?PR?GETYOFTVAL?SENSOR
  +--> ?PR?GETYANG?SENSOR
  +--> ?PR?GET_MCUTEMPINCELSIUS?SENSOR
  +--> ?PR?COMM_PUTNEWLINESTA?SUB

?PR?_COMM_PUTINT16U?SUB                     -----    -----      -----    -----      -----    -----
  +--> ?PR?_SUB_INT16U2STR?SUB
  +--> ?PR?_COMM_PUTSTR?COMM

?PR?_SUB_INT16U2STR?SUB                     -----    -----      0039H    0005H      -----    -----

?PR?SUB_SENDANGXYP?SUB                      -----    -----      -----    -----      -----    -----
  +--> ?CO?SUB
  +--> ?PR?_COMM_PUTSTR?COMM
  +--> ?PR?GETXANGALLSETVAL?ANGAPP
  +--> ?PR?_COMM_PUTINT32S?SUB
  +--> ?PR?GETYANGALLSETVAL?ANGAPP
  +--> ?PR?GETANGP?ANGAPP
  +--> ?PR?COMM_PUTNEWLINESTA?SUB

?PR?SUB_SENDSOFTVER?SUB                     -----    -----      -----    -----      -----    -----
  +--> ?CO?SUB
  +--> ?PR?_COMM_PUTSTR?COMM
  +--> ?PR?COMM_PUTNEWLINESTA?SUB

BL51 BANKED LINKER/LOCATER V6.22                                                      11/20/2017  10:34:10  PAGE 20


?PR?SUB_SENDSYSNUM?SUB                      -----    -----      -----    -----      -----    -----
  +--> ?CO?SUB
  +--> ?PR?_COMM_PUTSTR?COMM
  +--> ?PR?COMM_PUTNEWLINESTA?SUB

?PR?_SUB_SENDTEMPCAL?SUB                    -----    -----      0026H    0001H      -----    -----
  +--> ?CO?SUB
  +--> ?PR?_COMM_PUTSTR?COMM
  +--> ?PR?_COMM_PUTINT8U?SUB
  +--> ?PR?_COMM_PUTCHAR?COMM
  +--> ?PR?_GETTEMPXCALTEMPVAL?CALIBRATION
  +--> ?PR?_COMM_PUTINT16U?SUB
  +--> ?PR?_GETTEMPXCALADCVAL?CALIBRATION
  +--> ?PR?_COMM_PUTINT16S?SUB
  +--> ?PR?_GETTEMPYCALADCVAL?CALIBRATION
  +--> ?PR?COMM_PUTNEWLINESTA?SUB

?PR?_COMM_PUTINT8U?SUB                      -----    -----      -----    -----      -----    -----
  +--> ?PR?_SUB_INT8U2STR?SUB
  +--> ?PR?_COMM_PUTSTR?COMM

?PR?_COMM_PUTINT16S?SUB                     -----    -----      -----    -----      -----    -----
  +--> ?PR?_SUB_INT16S2STR?SUB
  +--> ?PR?_COMM_PUTSTR?COMM

?PR?_SUB_INT16S2STR?SUB                     -----    -----      -----    -----      -----    -----
  +--> ?PR?_SUB_INT16U2STR?SUB

?PR?_SUB_SENDMCUTEMPCAL?SUB                 -----    -----      0026H    0001H      -----    -----
  +--> ?CO?SUB
  +--> ?PR?_COMM_PUTSTR?COMM
  +--> ?PR?_COMM_PUTINT8U?SUB
  +--> ?PR?_COMM_PUTCHAR?COMM
  +--> ?PR?_GETMCUTCALTEMPVAL?CALMCUT
  +--> ?PR?_COMM_PUTINT16S?SUB
  +--> ?PR?_GETMCUTCALADCVAL?CALMCUT
  +--> ?PR?_COMM_PUTINT16U?SUB
  +--> ?PR?COMM_PUTNEWLINESTA?SUB

?PR?SUB_SENDERR?SUB                         -----    -----      -----    -----      -----    -----
  +--> ?CO?SUB
  +--> ?PR?_COMM_PUTSTR?COMM
  +--> ?PR?COMM_PUTNEWLINESTA?SUB

?PR?_SEND_CDEAL?SEND                        -----    -----      0021H    0004H      -----    -----
  +--> ?CO?SEND
  +--> ?PR?_STRNCMP?STRNCMP
  +--> ?PR?SUB_SENDERR?SUB
  +--> ?PR?_SETANGXSYSZERO?ANGAPP
  +--> ?PR?_SETANGYSYSZERO?ANGAPP
  +--> ?PR?_COMM_PUTSTR?COMM
  +--> ?PR?SUB_SENDOK?SUB
  +--> ?PR?_SETANGXUSRZERO?ANGAPP
  +--> ?PR?_SETANGYUSRZERO?ANGAPP
  +--> ?PR?TEMP_CALSTA?CMDSUB
  +--> ?PR?TEMP_CALSTOP?CMDSUB
  +--> ?PR?MCUT_CALSTA?CALMCUT
BL51 BANKED LINKER/LOCATER V6.22                                                      11/20/2017  10:34:10  PAGE 21


  +--> ?PR?MCUT_CALSTOP?CALMCUT

?PR?SUB_SENDOK?SUB                          -----    -----      -----    -----      -----    -----
  +--> ?CO?SUB
  +--> ?PR?_COMM_PUTSTR?COMM
  +--> ?PR?COMM_PUTNEWLINESTA?SUB

?PR?_SEND_SDEAL?SEND                        -----    -----      0021H    000BH      -----    -----
  +--> ?CO?SEND
  +--> ?PR?_STRNCMP?STRNCMP
  +--> ?PR?_COMM_PUTSTR?COMM
  +--> ?PR?SUB_SENDOK?SUB
  +--> ?PR?SUB_SENDERR?SUB
  +--> ?PR?SUB_SENDANGXY?SUB
  +--> ?PR?_SUB_STR2INT8U?SUB
  +--> ?PR?_SETFILTERCNT?SENSOR
  +--> ?PR?GETXANG?SENSOR
  +--> ?PR?_SETANGXSYSZERO?ANGAPP
  +--> ?PR?GETYANG?SENSOR
  +--> ?PR?_SETANGYSYSZERO?ANGAPP
  +--> ?PR?GETANGXRELSYS?ANGAPP
  +--> ?PR?_SETANGXUSRZERO?ANGAPP
  +--> ?PR?GETANGYRELSYS?ANGAPP
  +--> ?PR?_SETANGYUSRZERO?ANGAPP
  +--> ?PR?_SUB_STR2INT32S?SUB
  +--> ?PR?_SETANGXINST?ANGAPP
  +--> ?PR?_SETANGYINST?ANGAPP
  +--> ?PR?_SETTEMPCALCNT?CALIBRATION
  +--> ?PR?_SETMCUTCALCNT?CALMCUT
  +--> ?PR?_SUB_STR2INT8S?SUB
  +--> ?PR?GET_MCUTEMP?SENSOR
  +--> ?PR?_MCUT_SET?CMDSUB
  +--> ?PR?_MCUT_CALSAMP?CALMCUT
  +--> ?PR?GETXFTVAL?SENSOR
  +--> ?PR?GETYFTVAL?SENSOR
  +--> ?PR?_TEMP_CALSAMP?CMDSUB
  +--> ?PR?_TEMP_CALTREFSET?CMDSUB
  +--> ?PR?_DELAY_MS?DELAY
  +--> ?PR?SUB_SYSRST?SUB

?PR?_SUB_STR2INT32S?SUB                     -----    -----      002CH    000AH      -----    -----

?PR?_SUB_STR2INT8S?SUB                      -----    -----      002CH    0003H      -----    -----
  +--> ?PR?_SUB_STR2INT8U?SUB

?PR?_MCUT_CALSAMP?CALMCUT                   -----    -----      002CH    0004H      -----    -----
  +--> ?PR?_MCUT_CALVALWR?CALMCUT
  +--> ?PR?_SUB_SENDMCUT?SUB

?PR?_MCUT_CALVALWR?CALMCUT                  -----    -----      0030H    0003H      -----    -----

?PR?_SUB_SENDMCUT?SUB                       -----    -----      0030H    0004H      -----    -----
  +--> ?CO?SUB
  +--> ?PR?_COMM_PUTSTR?COMM
  +--> ?PR?_COMM_PUTINT16S?SUB
  +--> ?PR?_COMM_PUTINT16U?SUB
  +--> ?PR?COMM_PUTNEWLINESTA?SUB
BL51 BANKED LINKER/LOCATER V6.22                                                      11/20/2017  10:34:10  PAGE 22



?PR?_TEMP_CALSAMP?CMDSUB                    -----    -----      002CH    0007H      -----    -----
  +--> ?PR?_TEMP_CALVALWR?CMDSUB
  +--> ?PR?_SUB_SENDADCTXY?SUB

?PR?_TEMP_CALVALWR?CMDSUB                   -----    -----      0033H    0007H      -----    -----

?PR?_SUB_SENDADCTXY?SUB                     -----    -----      0033H    0006H      -----    -----
  +--> ?CO?SUB
  +--> ?PR?_COMM_PUTSTR?COMM
  +--> ?PR?_COMM_PUTINT16U?SUB
  +--> ?PR?COMM_PUTNEWLINESTA?SUB

?PR?_TEMP_CALTREFSET?CMDSUB                 -----    -----      002CH    0005H      -----    -----
  +--> ?PR?TEMP_CALSTOP?CMDSUB

?PR?_SEND_UDEAL?SEND                        -----    -----      0021H    0004H      -----    -----
  +--> ?CO?SEND
  +--> ?PR?_STRNCMP?STRNCMP
  +--> ?PR?FLASH_CALDATAUPDATE?FLASH
  +--> ?PR?FLASH_USERDATAUPDATE?FLASH
  +--> ?PR?_COMM_PUTSTR?COMM
  +--> ?PR?SUB_SENDOK?SUB
  +--> ?PR?SUB_SENDERR?SUB

?PR?_SEND_WDEAL?SEND                        -----    -----      0021H    000AH      -----    -----
  +--> ?CO?SEND
  +--> ?PR?_STRNCMP?STRNCMP
  +--> ?PR?_SUB_STR2INT16S?SUB
  +--> ?PR?_SUB_STR2INT16U?SUB
  +--> ?PR?_SUB_STR2INT8U?SUB
  +--> ?PR?_TEMP_CALVALWR?CMDSUB
  +--> ?PR?SUB_SENDERR?SUB
  +--> ?PR?_STRNCPY?STRNCPY
  +--> ?PR?_COMM_PUTSTR?COMM
  +--> ?PR?SUB_SENDOK?SUB

?PR?_SUB_STR2INT16S?SUB                     -----    -----      002BH    0008H      -----    -----
  +--> ?PR?_SUB_STR2INT16U?SUB

?PR?_SUB_STR2INT16U?SUB                     -----    -----      0033H    0006H      -----    -----

?PR?_STRNCPY?STRNCPY                        -----    -----      002BH    000AH      -----    -----

?PR?_SEND_TDEAL?SEND                        -----    -----      0021H    0001H      -----    -----
  +--> ?CO?SEND
  +--> ?PR?_STRNCMP?STRNCMP
  +--> ?PR?SUB_SENDTCALTEST?SUB

?PR?SUB_SENDTCALTEST?SUB                    -----    -----      0022H    0004H      -----    -----
  +--> ?PR?GET_MCUTEMP?SENSOR
  +--> ?PR?_COMM_PUTINT16U?SUB
  +--> ?PR?_COMM_PUTCHAR?COMM
  +--> ?PR?_COMM_PUTINT16S?SUB
  +--> ?PR?COMM_PUTNEWLINESTA?SUB

*** NEW ROOT ***************************************************
BL51 BANKED LINKER/LOCATER V6.22                                                      11/20/2017  10:34:10  PAGE 23



?PR?ADC_ISR?ADCDRV                          -----    -----      -----    -----      -----    -----
  +--> ?PR?_ADC_SAVEANDSWITCH?ADCDRV

?PR?_ADC_SAVEANDSWITCH?ADCDRV               -----    -----      0054H    0003H      -----    -----
  +--> ?CO?ADCDRV
  +--> ?PR?_ADCFILTER?ADCDRV

?PR?_ADCFILTER?ADCDRV                       -----    -----      0057H    0005H      -----    -----
  +--> ?PR?_VALINRANGE?FILTER
  +--> ?PR?_SLIDEWINFILTER?FILTER

?PR?_SLIDEWINFILTER?FILTER                  -----    -----      005CH    0012H      -----    -----

*** NEW ROOT ***************************************************

?PR?COMM_ISR?COMM                           -----    -----      006EH    0002H      -----    -----
  +--> ?PR?_COMM_GETTXCHAR?COMM
  +--> ?PR?COMM_SENDSTOP?COMM
  +--> ?PR?_COMM_PUTRXCHAR?COMM
  +--> ?PR?COMM_TIMERINIT?COMM

?PR?_COMM_GETTXCHAR?COMM                    -----    -----      0070H    0006H      -----    -----

?PR?_COMM_PUTRXCHAR?COMM                    -----    -----      0070H    0003H      -----    -----

*** NEW ROOT ***************************************************

?PR?TIMER2_ISR?TIMER                        -----    -----      -----    -----      -----    -----
  +--> ?PR?TIMER2_TASKINISR?TIMER

?PR?TIMER2_TASKINISR?TIMER                  -----    -----      -----    -----      -----    -----
  +--> ?PR?COMM_TIMERPROC?COMM
  +--> ?CO?SEND



SYMBOL TABLE OF MODULE:  .\obj\097-0198-20171120 (?C_STARTUP)

  VALUE           TYPE          NAME
  ----------------------------------

  -------         MODULE        ?C_STARTUP
  C:4FAAH         SEGMENT       ?C_C51STARTUP
  I:0076H         SEGMENT       ?STACK
  C:0000H         PUBLIC        ?C_STARTUP
  D:00E0H         SYMBOL        ACC
  D:00F0H         SYMBOL        B
  D:0083H         SYMBOL        DPH
  D:0082H         SYMBOL        DPL
  N:0000H         SYMBOL        IBPSTACK
  N:0100H         SYMBOL        IBPSTACKTOP
  N:0080H         SYMBOL        IDATALEN
  C:4FADH         SYMBOL        IDATALOOP
  N:0000H         SYMBOL        PBPSTACK
  N:0100H         SYMBOL        PBPSTACKTOP
  N:0000H         SYMBOL        PDATALEN
BL51 BANKED LINKER/LOCATER V6.22                                                      11/20/2017  10:34:10  PAGE 24


  N:0000H         SYMBOL        PDATASTART
  N:0000H         SYMBOL        PPAGE
  N:0000H         SYMBOL        PPAGEENABLE
  D:00A0H         SYMBOL        PPAGE_SFR
  D:0081H         SYMBOL        SP
  C:4FAAH         SYMBOL        STARTUP1
  N:0000H         SYMBOL        XBPSTACK
  N:0000H         SYMBOL        XBPSTACKTOP
  N:0000H         SYMBOL        XDATALEN
  N:0000H         SYMBOL        XDATASTART
  C:0000H         LINE#         126
  C:4FAAH         LINE#         133
  C:4FACH         LINE#         134
  C:4FADH         LINE#         135
  C:4FAEH         LINE#         136
  C:4FB0H         LINE#         185
  C:4FB3H         LINE#         196
  -------         ENDMOD        ?C_STARTUP

  -------         MODULE        ADCDRV
  C:0000H         SYMBOL        _ICE_DUMMY_
  C:6D2FH         PUBLIC        Adc_Init
  D:00A0H         PUBLIC        P2
  D:00BCH         PUBLIC        ADC0CF
  D:00E6H         PUBLIC        EIE1
  C:5B12H         SYMBOL        _Adc_SaveAndSwitch
  C:6E38H         PUBLIC        Adc_GetXVal
  C:6E41H         PUBLIC        Adc_GetYVal
  D:00E8H         PUBLIC        ADC0CN
  D:00A7H         PUBLIC        SFRPAGE
  C:6F9AH         SYMBOL        Adc_VrefInit
  C:50C2H         PUBLIC        Adc_Isr
  X:085CH         PUBLIC        x_axis_adc
  X:08E4H         PUBLIC        y_axis_adc
  D:00BBH         PUBLIC        ADC0MX
  D:00D1H         PUBLIC        REF0CN
  C:6191H         SYMBOL        AdcEntityInit
  B:00E8H.5       PUBLIC        AD0INT
  C:6E4AH         PUBLIC        Adc_GetTemp
  C:66ECH         SYMBOL        Adc_SetInit
  I:001CH         PUBLIC        AdcSwitchId
  C:6F9EH         SYMBOL        Adc_IsrInit
  C:0026H         PUBLIC        Adc_Enable
  I:001DH         PUBLIC        AdcEndTag
  D:00BEH         PUBLIC        ADC0H
  X:096CH         PUBLIC        temp_adc
  D:00BDH         PUBLIC        ADC0L
  I:001EH         PUBLIC        AdcEndId
  C:69F8H         SYMBOL        PinIdTab
  C:52E6H         SYMBOL        _AdcFilter
  D:00BDH         PUBLIC        ADC0
  C:6A05H         SYMBOL        PinMuxTab
  -------         PROC          ADC_INIT
  C:6D2FH         LINE#         46
  C:6D2FH         LINE#         47
  C:6D2FH         LINE#         48
  C:6D32H         LINE#         49
BL51 BANKED LINKER/LOCATER V6.22                                                      11/20/2017  10:34:10  PAGE 25


  C:6D35H         LINE#         50
  C:6D38H         LINE#         51
  -------         ENDPROC       ADC_INIT
  -------         PROC          ADC_ENABLE
  C:0026H         LINE#         54
  C:0026H         LINE#         55
  C:0026H         LINE#         56
  C:0029H         LINE#         57
  -------         ENDPROC       ADC_ENABLE
  -------         PROC          ADC_GETXVAL
  C:6E38H         LINE#         65
  C:6E38H         LINE#         66
  C:6E38H         LINE#         67
  C:6E40H         LINE#         68
  -------         ENDPROC       ADC_GETXVAL
  -------         PROC          ADC_GETYVAL
  C:6E41H         LINE#         76
  C:6E41H         LINE#         77
  C:6E41H         LINE#         78
  C:6E49H         LINE#         79
  -------         ENDPROC       ADC_GETYVAL
  -------         PROC          ADC_GETTEMP
  C:6E4AH         LINE#         87
  C:6E4AH         LINE#         88
  C:6E4AH         LINE#         89
  C:6E52H         LINE#         90
  -------         ENDPROC       ADC_GETTEMP
  -------         PROC          ADC_SETINIT
  -------         DO            
  D:0007H         SYMBOL        SfrPage_
  -------         ENDDO         
  C:66ECH         LINE#         111
  C:66ECH         LINE#         112
  C:66EEH         LINE#         115
  C:66F1H         LINE#         116
  C:66F4H         LINE#         117
  C:66F7H         LINE#         118
  C:66FAH         LINE#         119
  C:66FDH         LINE#         120
  C:6700H         LINE#         121
  C:6703H         LINE#         122
  C:6706H         LINE#         123
  C:6709H         LINE#         124
  C:670CH         LINE#         125
  C:670FH         LINE#         126
  C:6711H         LINE#         127
  C:6714H         LINE#         128
  C:6717H         LINE#         129
  C:6719H         LINE#         130
  -------         ENDPROC       ADC_SETINIT
  -------         PROC          ADC_VREFINIT
  C:6F9AH         LINE#         132
  C:6F9AH         LINE#         133
  C:6F9AH         LINE#         134
  C:6F9DH         LINE#         135
  -------         ENDPROC       ADC_VREFINIT
  -------         PROC          ADC_ISRINIT
BL51 BANKED LINKER/LOCATER V6.22                                                      11/20/2017  10:34:10  PAGE 26


  C:6F9EH         LINE#         137
  C:6F9EH         LINE#         138
  C:6F9EH         LINE#         139
  C:6FA1H         LINE#         140
  -------         ENDPROC       ADC_ISRINIT
  -------         PROC          _ADCFILTER
  D:0057H         SYMBOL        p_adc
  D:005AH         SYMBOL        val
  C:52E6H         LINE#         149
  C:52F0H         LINE#         150
  C:52F0H         LINE#         151
  C:5305H         LINE#         152
  C:5305H         LINE#         154
  C:5354H         LINE#         155
  C:5354H         LINE#         157
  C:5354H         LINE#         158
  C:5363H         LINE#         159
  C:536AH         LINE#         160
  C:536AH         LINE#         161
  -------         ENDPROC       _ADCFILTER
  -------         PROC          ADCENTITYINIT
  C:6191H         LINE#         219
  C:6191H         LINE#         220
  C:6191H         LINE#         222
  C:6196H         LINE#         223
  C:6198H         LINE#         224
  C:619AH         LINE#         225
  C:61A0H         LINE#         227
  C:61AAH         LINE#         229
  C:61B0H         LINE#         230
  C:61B3H         LINE#         231
  C:61B5H         LINE#         232
  C:61BBH         LINE#         234
  C:61C3H         LINE#         236
  C:61C9H         LINE#         237
  C:61CCH         LINE#         238
  C:61CEH         LINE#         239
  C:61D4H         LINE#         241
  -------         ENDPROC       ADCENTITYINIT
  -------         PROC          _ADC_SAVEANDSWITCH
  D:0004H         SYMBOL        val
  -------         DO            
  D:0054H         SYMBOL        adc_ent
  -------         ENDDO         
  C:5B12H         LINE#         265
  C:5B16H         LINE#         266
  C:5B16H         LINE#         268
  C:5B1FH         LINE#         272
  C:5B27H         LINE#         273
  C:5B27H         LINE#         274
  C:5B3BH         LINE#         275
  C:5B3BH         LINE#         276
  C:5B47H         LINE#         277
  C:5B49H         LINE#         278
  C:5B51H         LINE#         280
  C:5B5AH         LINE#         282
  C:5B64H         LINE#         283
BL51 BANKED LINKER/LOCATER V6.22                                                      11/20/2017  10:34:10  PAGE 27


  C:5B67H         LINE#         285
  C:5B6DH         LINE#         286
  C:5B76H         LINE#         287
  C:5B79H         LINE#         288
  -------         ENDPROC       _ADC_SAVEANDSWITCH
  -------         PROC          ADC_ISR
  -------         DO            
  X:0856H         SYMBOL        sum
  X:085AH         SYMBOL        cnt
  -------         ENDDO         
  C:50C2H         LINE#         296
  C:50DFH         LINE#         301
  C:50E1H         LINE#         302
  C:50F7H         LINE#         303
  C:510AH         LINE#         304
  C:510AH         LINE#         305
  C:511CH         LINE#         306
  C:5126H         LINE#         307
  C:512DH         LINE#         308
  C:512FH         LINE#         310
  C:5132H         LINE#         311
  -------         ENDPROC       ADC_ISR
  -------         ENDMOD        ADCDRV

  -------         MODULE        ANGAPP
  C:0000H         SYMBOL        _ICE_DUMMY_
  C:6F58H         PUBLIC        _SetAngYUsrZero
  C:6061H         PUBLIC        GetXAngAllSetVal
  C:60ADH         PUBLIC        GetYAngAllSetVal
  D:00A0H         PUBLIC        P2
  C:6F46H         PUBLIC        _SetAngXSysZero
  C:6F4CH         PUBLIC        _SetAngYSysZero
  C:671AH         PUBLIC        GetAngP
  X:0BEFH         SYMBOL        angp
  C:54F4H         PUBLIC        AngInit
  X:0BF3H         SYMBOL        angx_usrzero
  X:0BF7H         SYMBOL        angy_usrzero
  C:6EF2H         PUBLIC        GetAngXInst
  C:6EF9H         PUBLIC        GetAngYInst
  X:0BFBH         SYMBOL        angx_syszero
  X:0BFFH         SYMBOL        angy_syszero
  C:6F0EH         PUBLIC        GetAngPSet
  C:6F5EH         PUBLIC        _SetAngXInst
  C:6F64H         PUBLIC        _SetAngYInst
  C:6F00H         PUBLIC        GetAngXSet
  C:6F07H         PUBLIC        GetAngYSet
  X:0C03H         SYMBOL        angx_inst
  X:0C07H         SYMBOL        angy_inst
  X:0C0BH         SYMBOL        angp_set
  C:4791H         SYMBOL        _PAngCalc
  X:0C0FH         SYMBOL        angx_set
  X:0C13H         SYMBOL        angy_set
  C:6839H         PUBLIC        _SetAngZero
  C:6F15H         PUBLIC        GetAngXZeroUsr
  C:6EE4H         PUBLIC        GetAngXUsrZero
  C:6F1CH         PUBLIC        GetAngYZeroUsr
  C:6EEBH         PUBLIC        GetAngYUsrZero
BL51 BANKED LINKER/LOCATER V6.22                                                      11/20/2017  10:34:10  PAGE 28


  C:6968H         PUBLIC        _SetAngZeroAdd
  X:0C17H         SYMBOL        BufZerox_usr
  C:6ED6H         PUBLIC        GetAngXSysZero
  X:0C1BH         SYMBOL        BufZeroy_usr
  C:6EDDH         PUBLIC        GetAngYSysZero
  C:6F23H         PUBLIC        GetAngXRelSys
  C:6F2AH         PUBLIC        GetAngYRelSys
  X:0C1FH         SYMBOL        BufZerox_sys
  X:0C23H         SYMBOL        BufZeroy_sys
  C:6F52H         PUBLIC        _SetAngXUsrZero
  -------         PROC          ANGINIT
  C:54F4H         LINE#         41
  C:54F4H         LINE#         42
  C:54F4H         LINE#         43
  C:54F7H         LINE#         45
  C:5501H         LINE#         47
  C:550CH         LINE#         48
  C:5517H         LINE#         49
  C:5522H         LINE#         50
  C:552DH         LINE#         51
  C:5538H         LINE#         52
  C:5543H         LINE#         57
  C:554DH         LINE#         58
  C:5557H         LINE#         59
  C:5561H         LINE#         60
  C:556BH         LINE#         62
  -------         ENDPROC       ANGINIT
  -------         PROC          _PANGCALC
  D:0004H         SYMBOL        angx
  D:003EH         SYMBOL        angy
  -------         DO            
  D:0042H         SYMBOL        x
  D:0004H         SYMBOL        y
  D:0046H         SYMBOL        s
  -------         ENDDO         
  C:4791H         LINE#         70
  C:4791H         LINE#         71
  C:4791H         LINE#         74
  C:479DH         LINE#         75
  C:47BBH         LINE#         76
  C:47C6H         LINE#         77
  C:47D9H         LINE#         79
  C:47E5H         LINE#         80
  C:47FBH         LINE#         81
  C:47FEH         LINE#         82
  C:4809H         LINE#         84
  C:481FH         LINE#         85
  C:4833H         LINE#         86
  C:4833H         LINE#         87
  C:483CH         LINE#         88
  C:483CH         LINE#         89
  C:4865H         LINE#         90
  C:4868H         LINE#         91
  -------         ENDPROC       _PANGCALC
  -------         PROC          GETANGP
  C:671AH         LINE#         99
  C:671AH         LINE#         100
BL51 BANKED LINKER/LOCATER V6.22                                                      11/20/2017  10:34:10  PAGE 29


  C:671AH         LINE#         102
  C:6741H         LINE#         103
  C:6747H         LINE#         104
  -------         ENDPROC       GETANGP
  -------         PROC          GETANGXSYSZERO
  C:6ED6H         LINE#         106
  C:6ED6H         LINE#         107
  C:6ED6H         LINE#         108
  C:6EDCH         LINE#         109
  -------         ENDPROC       GETANGXSYSZERO
  -------         PROC          GETANGYSYSZERO
  C:6EDDH         LINE#         110
  C:6EDDH         LINE#         111
  C:6EDDH         LINE#         112
  C:6EE3H         LINE#         113
  -------         ENDPROC       GETANGYSYSZERO
  -------         PROC          GETANGXUSRZERO
  C:6EE4H         LINE#         114
  C:6EE4H         LINE#         115
  C:6EE4H         LINE#         116
  C:6EEAH         LINE#         117
  -------         ENDPROC       GETANGXUSRZERO
  -------         PROC          GETANGYUSRZERO
  C:6EEBH         LINE#         118
  C:6EEBH         LINE#         119
  C:6EEBH         LINE#         120
  C:6EF1H         LINE#         121
  -------         ENDPROC       GETANGYUSRZERO
  -------         PROC          GETANGXINST
  C:6EF2H         LINE#         123
  C:6EF2H         LINE#         124
  C:6EF2H         LINE#         125
  C:6EF8H         LINE#         126
  -------         ENDPROC       GETANGXINST
  -------         PROC          GETANGYINST
  C:6EF9H         LINE#         127
  C:6EF9H         LINE#         128
  C:6EF9H         LINE#         129
  C:6EFFH         LINE#         130
  -------         ENDPROC       GETANGYINST
  -------         PROC          GETANGXSET
  C:6F00H         LINE#         132
  C:6F00H         LINE#         133
  C:6F00H         LINE#         134
  C:6F06H         LINE#         135
  -------         ENDPROC       GETANGXSET
  -------         PROC          GETANGYSET
  C:6F07H         LINE#         136
  C:6F07H         LINE#         137
  C:6F07H         LINE#         138
  C:6F0DH         LINE#         139
  -------         ENDPROC       GETANGYSET
  -------         PROC          GETANGPSET
  C:6F0EH         LINE#         140
  C:6F0EH         LINE#         141
  C:6F0EH         LINE#         142
  C:6F14H         LINE#         143
BL51 BANKED LINKER/LOCATER V6.22                                                      11/20/2017  10:34:10  PAGE 30


  -------         ENDPROC       GETANGPSET
  -------         PROC          GETANGXZEROUSR
  C:6F15H         LINE#         145
  C:6F15H         LINE#         146
  C:6F15H         LINE#         147
  C:6F1BH         LINE#         148
  -------         ENDPROC       GETANGXZEROUSR
  -------         PROC          GETANGYZEROUSR
  C:6F1CH         LINE#         149
  C:6F1CH         LINE#         150
  C:6F1CH         LINE#         151
  C:6F22H         LINE#         152
  -------         ENDPROC       GETANGYZEROUSR
  -------         PROC          GETANGXRELSYS
  C:6F23H         LINE#         154
  C:6F23H         LINE#         155
  C:6F23H         LINE#         156
  C:6F29H         LINE#         157
  -------         ENDPROC       GETANGXRELSYS
  -------         PROC          GETANGYRELSYS
  C:6F2AH         LINE#         158
  C:6F2AH         LINE#         159
  C:6F2AH         LINE#         160
  C:6F30H         LINE#         161
  -------         ENDPROC       GETANGYRELSYS
  -------         PROC          _SETANGXSYSZERO
  D:0004H         SYMBOL        zore
  C:6F46H         LINE#         170
  C:6F46H         LINE#         171
  C:6F46H         LINE#         172
  -------         ENDPROC       _SETANGXSYSZERO
  -------         PROC          _SETANGYSYSZERO
  D:0004H         SYMBOL        zore
  C:6F4CH         LINE#         174
  C:6F4CH         LINE#         175
  C:6F4CH         LINE#         176
  -------         ENDPROC       _SETANGYSYSZERO
[...]
  C:6C1BH         LINE#         88
  C:6C20H         LINE#         89
  C:6C23H         LINE#         90
  C:6C29H         LINE#         91
  C:6C2CH         LINE#         93
  C:6C2CH         LINE#         94
  -------         ENDPROC       TIMER2_TASKINMAIN
  -------         ENDMOD        TIMER

  -------         MODULE        CALMCUT
  C:0000H         SYMBOL        _ICE_DUMMY_
  D:00A0H         PUBLIC        P2
  C:6F94H         PUBLIC        McuT_CalStop
  C:6FB2H         PUBLIC        McuT_CalSta
  C:69A4H         PUBLIC        _Mcut_CalSamp
  C:63B8H         SYMBOL        McuTCalcPrm
  C:3660H         SYMBOL        _Mcut_CalcPrm
  X:09F4H         PUBLIC        McuTcal
  C:6378H         PUBLIC        CalibMtInit
  C:6AB9H         SYMBOL        _McuT_RdAdcVal
  C:6FAEH         SYMBOL        _McuT_SetCalCnt
  X:0AD1H         SYMBOL        mtemp_buf
  C:45D6H         PUBLIC        MTCalDataInit
  C:6C71H         SYMBOL        _McuT_RdTempVal
  C:6AD0H         SYMBOL        _McuT_WrAdcVal
  C:6F8EH         PUBLIC        GetMcuTCalCnt
  C:61DBH         PUBLIC        _McuT_CalValWr
  D:0019H         SYMBOL        PMCUTCAL
  C:6DCBH         PUBLIC        _GetMcuTCalAdcVal
  C:6E19H         PUBLIC        _SetMcuTCalCnt
  C:6C82H         SYMBOL        _McuT_WrTempVal
  C:536BH         PUBLIC        _GetMt
  C:6BBCH         PUBLIC        _SetMcuTCalAdcVal
  C:6DBFH         PUBLIC        _GetMcuTCalTempVal
  C:6BA7H         PUBLIC        _SetMcuTCalTempVal
  -------         PROC          _MCUT_SETCALCNT
  D:0001H         SYMBOL        p_cal
  D:0005H         SYMBOL        num
BL51 BANKED LINKER/LOCATER V6.22                                                      11/20/2017  10:34:10  PAGE 100


  C:6FAEH         LINE#         15
  C:6FAEH         LINE#         16
  C:6FAEH         LINE#         17
  -------         ENDPROC       _MCUT_SETCALCNT
  -------         PROC          _MCUT_RDTEMPVAL
  D:0001H         SYMBOL        p_cal
  D:0005H         SYMBOL        posid
  C:6C71H         LINE#         28
  C:6C71H         LINE#         29
  C:6C71H         LINE#         30
  C:6C81H         LINE#         31
  -------         ENDPROC       _MCUT_RDTEMPVAL
  -------         PROC          _MCUT_RDADCVAL
  D:0001H         SYMBOL        p_cal
  D:0005H         SYMBOL        posid
  C:6AB9H         LINE#         39
  C:6AB9H         LINE#         40
  C:6AB9H         LINE#         41
  C:6ACFH         LINE#         42
  -------         ENDPROC       _MCUT_RDADCVAL
  -------         PROC          _MCUT_WRTEMPVAL
  D:0001H         SYMBOL        p_cal
  D:0004H         SYMBOL        val
  D:002BH         SYMBOL        posid
  C:6C82H         LINE#         51
  C:6C82H         LINE#         52
  C:6C82H         LINE#         53
  -------         ENDPROC       _MCUT_WRTEMPVAL
  -------         PROC          _MCUT_WRADCVAL
  D:0001H         SYMBOL        p_cal
  D:0004H         SYMBOL        val
  D:002BH         SYMBOL        posid
  C:6AD0H         LINE#         63
  C:6AD0H         LINE#         64
  C:6AD0H         LINE#         65
  -------         ENDPROC       _MCUT_WRADCVAL
  -------         PROC          _MCUT_CALCPRM
  D:0025H         SYMBOL        p_cal
  -------         DO            
  D:0028H         SYMBOL        i
  D:0029H         SYMBOL        aa
  -------         ENDDO         
  C:3660H         LINE#         75
  C:3666H         LINE#         76
  C:3666H         LINE#         79
  C:367DH         LINE#         80
  C:367DH         LINE#         81
  C:36AEH         LINE#         82
  C:3743H         LINE#         83
  C:37BDH         LINE#         84
  C:37C2H         LINE#         85
  -------         ENDPROC       _MCUT_CALCPRM
  -------         PROC          _SETMCUTCALCNT
  D:0005H         SYMBOL        cnt
  C:6E19H         LINE#         94
  C:6E1BH         LINE#         95
  C:6E1BH         LINE#         96
BL51 BANKED LINKER/LOCATER V6.22                                                      11/20/2017  10:34:10  PAGE 101


  -------         ENDPROC       _SETMCUTCALCNT
  -------         PROC          GETMCUTCALCNT
  C:6F8EH         LINE#         106
  C:6F8EH         LINE#         107
  C:6F8EH         LINE#         108
  C:6F93H         LINE#         109
  -------         ENDPROC       GETMCUTCALCNT
  -------         PROC          _GETMCUTCALTEMPVAL
  D:0005H         SYMBOL        pos
  C:6DBFH         LINE#         118
  C:6DC1H         LINE#         119
  C:6DC1H         LINE#         120
  C:6DCAH         LINE#         121
  -------         ENDPROC       _GETMCUTCALTEMPVAL
  -------         PROC          _GETMCUTCALADCVAL
  D:0005H         SYMBOL        pos
  C:6DCBH         LINE#         130
  C:6DCDH         LINE#         131
  C:6DCDH         LINE#         132
  C:6DD6H         LINE#         133
  -------         ENDPROC       _GETMCUTCALADCVAL
  -------         PROC          _SETMCUTCALTEMPVAL
  D:0082H         SYMBOL        val
  D:0007H         SYMBOL        pos
  C:6BA7H         LINE#         141
  C:6BADH         LINE#         142
  C:6BADH         LINE#         143
  -------         ENDPROC       _SETMCUTCALTEMPVAL
  -------         PROC          _SETMCUTCALADCVAL
  D:0082H         SYMBOL        val
  D:0007H         SYMBOL        pos
  C:6BBCH         LINE#         152
  C:6BC2H         LINE#         153
  C:6BC2H         LINE#         154
  -------         ENDPROC       _SETMCUTCALADCVAL
  -------         PROC          CALIBMTINIT
  C:6378H         LINE#         159
  C:6378H         LINE#         160
  C:6378H         LINE#         161
  C:6384H         LINE#         162
  C:6390H         LINE#         163
  C:639AH         LINE#         164
  C:63A4H         LINE#         165
  C:63AEH         LINE#         166
  -------         ENDPROC       CALIBMTINIT
  -------         PROC          MTCALDATAINIT
  -------         DO            
  D:0022H         SYMBOL        i
  -------         ENDDO         
  C:45D6H         LINE#         178
  C:45D6H         LINE#         179
  C:45D6H         LINE#         181
  C:45DBH         LINE#         182
  C:45DEH         LINE#         183
  C:45DEH         LINE#         184
  C:4608H         LINE#         185
  C:460CH         LINE#         186
BL51 BANKED LINKER/LOCATER V6.22                                                      11/20/2017  10:34:10  PAGE 102


  C:460CH         LINE#         187
  C:461FH         LINE#         188
  C:461FH         LINE#         189
  C:4648H         LINE#         190
  C:464FH         LINE#         203
  C:465DH         LINE#         204
  C:466EH         LINE#         205
  C:4679H         LINE#         206
  C:4684H         LINE#         207
  C:468EH         LINE#         209
  C:4698H         LINE#         210
  C:46A0H         LINE#         211
  C:46A7H         LINE#         212
  C:46AEH         LINE#         213
  C:46B5H         LINE#         215
  -------         ENDPROC       MTCALDATAINIT
  -------         PROC          _GETMT
  D:0016H         SYMBOL        tadc
  -------         DO            
  D:0018H         SYMBOL        i
  D:0004H         SYMBOL        offset
  -------         ENDDO         
  C:536BH         LINE#         226
  C:536FH         LINE#         227
  C:536FH         LINE#         231
  C:5382H         LINE#         232
  C:5382H         LINE#         233
  C:53A7H         LINE#         234
  C:53A7H         LINE#         235
  C:53ABH         LINE#         236
  C:53EFH         LINE#         238
  C:53EFH         LINE#         239
  -------         ENDPROC       _GETMT
  -------         PROC          MCUTCALCPRM
  C:63B8H         LINE#         250
  C:63B8H         LINE#         251
  C:63B8H         LINE#         253
  C:63EDH         LINE#         255
  -------         ENDPROC       MCUTCALCPRM
  -------         PROC          _MCUT_CALVALWR
  D:0030H         SYMBOL        id
  D:0004H         SYMBOL        temp
  D:0031H         SYMBOL        tadc
  C:61DBH         LINE#         266
  C:61E1H         LINE#         267
  C:61E1H         LINE#         268
  C:61EBH         LINE#         269
  C:6206H         LINE#         270
  C:6221H         LINE#         272
  C:6223H         LINE#         273
  -------         ENDPROC       _MCUT_CALVALWR
  -------         PROC          MCUT_CALSTA
  C:6FB2H         LINE#         281
  C:6FB2H         LINE#         282
  C:6FB2H         LINE#         285
  C:6FB4H         LINE#         286
  -------         ENDPROC       MCUT_CALSTA
BL51 BANKED LINKER/LOCATER V6.22                                                      11/20/2017  10:34:10  PAGE 103


  -------         PROC          MCUT_CALSTOP
  C:6F94H         LINE#         294
  C:6F94H         LINE#         295
  C:6F94H         LINE#         298
  C:6F97H         LINE#         299
  C:6F99H         LINE#         300
  -------         ENDPROC       MCUT_CALSTOP
  -------         PROC          _MCUT_CALSAMP
  D:0007H         SYMBOL        id
  D:002CH         SYMBOL        temp
  D:002EH         SYMBOL        tadc
  C:69A4H         LINE#         302
  C:69ACH         LINE#         303
  C:69ACH         LINE#         306
  C:69B2H         LINE#         307
  C:69B4H         LINE#         308
  C:69BFH         LINE#         309
  C:69C1H         LINE#         310
  -------         ENDPROC       _MCUT_CALSAMP
  -------         ENDMOD        CALMCUT

  -------         MODULE        ?C?FPADD
  C:0055H         PUBLIC        ?C?FPADD
  C:0051H         PUBLIC        ?C?FPSUB
  -------         ENDMOD        ?C?FPADD

  -------         MODULE        ?C?FPMUL
  C:0146H         PUBLIC        ?C?FPMUL
  -------         ENDMOD        ?C?FPMUL

  -------         MODULE        ?C?FPDIV
  C:024FH         PUBLIC        ?C?FPDIV
  -------         ENDMOD        ?C?FPDIV

  -------         MODULE        ?C?FPCMP
  C:02EEH         PUBLIC        ?C?FPCMP
  C:02ECH         PUBLIC        ?C?FPCMP3
  -------         ENDMOD        ?C?FPCMP

  -------         MODULE        ?C?FCAST
  C:0363H         PUBLIC        ?C?FCASTC
  C:035EH         PUBLIC        ?C?FCASTI
  C:0359H         PUBLIC        ?C?FCASTL
  -------         ENDMOD        ?C?FCAST

  -------         MODULE        ?C?CASTF
  C:0397H         PUBLIC        ?C?CASTF
  -------         ENDMOD        ?C?CASTF

  -------         MODULE        SQRT
  C:4B57H         PUBLIC        _SQRT
  -------         ENDMOD        SQRT

  -------         MODULE        SIN
  C:33D5H         PUBLIC        _COS
  C:33EBH         PUBLIC        _SIN
  C:341DH         PUBLIC        _TAN
BL51 BANKED LINKER/LOCATER V6.22                                                      11/20/2017  10:34:10  PAGE 104


  -------         ENDMOD        SIN

  -------         MODULE        ASIN
  C:64ABH         PUBLIC        _ASIN
  -------         ENDMOD        ASIN

  -------         MODULE        ATAN
  C:3CEEH         PUBLIC        _ATAN
  -------         ENDMOD        ATAN

  -------         MODULE        ?C?CLDPTR
  C:0465H         PUBLIC        ?C?CLDPTR
  -------         ENDMOD        ?C?CLDPTR

  -------         MODULE        ?C?CLDOPTR
  C:047EH         PUBLIC        ?C?CLDOPTR
  -------         ENDMOD        ?C?CLDOPTR

  -------         MODULE        ?C?CILDPTR
  C:04ABH         PUBLIC        ?C?CILDPTR
  -------         ENDMOD        ?C?CILDPTR

  -------         MODULE        ?C?CILDOPTR
  C:04CDH         PUBLIC        ?C?CILDOPTR
  -------         ENDMOD        ?C?CILDOPTR

  -------         MODULE        ?C?CSTPTR
  C:0500H         PUBLIC        ?C?CSTPTR
  -------         ENDMOD        ?C?CSTPTR

  -------         MODULE        ?C?CSTOPTR
  C:0512H         PUBLIC        ?C?CSTOPTR
  -------         ENDMOD        ?C?CSTOPTR

  -------         MODULE        ?C?IMUL
  C:0534H         PUBLIC        ?C?IMUL
  -------         ENDMOD        ?C?IMUL

  -------         MODULE        ?C?UIDIV
  C:0546H         PUBLIC        ?C?UIDIV
  -------         ENDMOD        ?C?UIDIV

  -------         MODULE        ?C?SIDIV
  C:059BH         PUBLIC        ?C?SIDIV
  -------         ENDMOD        ?C?SIDIV

  -------         MODULE        ?C?IILDX
  C:05D1H         PUBLIC        ?C?IILDX
  -------         ENDMOD        ?C?IILDX

  -------         MODULE        ?C?ILDPTR
  C:05E7H         PUBLIC        ?C?ILDPTR
  -------         ENDMOD        ?C?ILDPTR

  -------         MODULE        ?C?ILDOPTR
  C:0612H         PUBLIC        ?C?ILDOPTR
  -------         ENDMOD        ?C?ILDOPTR
BL51 BANKED LINKER/LOCATER V6.22                                                      11/20/2017  10:34:10  PAGE 105



  -------         MODULE        ?C?IILDPTR
  C:064AH         PUBLIC        ?C?IILDPTR
  -------         ENDMOD        ?C?IILDPTR

  -------         MODULE        ?C?IILDOPTR
  C:0682H         PUBLIC        ?C?IILDOPTR
  -------         ENDMOD        ?C?IILDOPTR

  -------         MODULE        ?C?ISTPTR
  C:06CFH         PUBLIC        ?C?ISTPTR
  -------         ENDMOD        ?C?ISTPTR

  -------         MODULE        ?C?ISTOPTR
  C:06EEH         PUBLIC        ?C?ISTOPTR
  -------         ENDMOD        ?C?ISTOPTR

  -------         MODULE        ?C?LADD
  C:071BH         PUBLIC        ?C?LADD
  -------         ENDMOD        ?C?LADD

  -------         MODULE        ?C?LMUL
  C:0728H         PUBLIC        ?C?LMUL
  -------         ENDMOD        ?C?LMUL

  -------         MODULE        ?C?ULDIV
  C:07B3H         PUBLIC        ?C?ULDIV
  -------         ENDMOD        ?C?ULDIV

  -------         MODULE        ?C?SLDIV
  C:62AEH         PUBLIC        ?C?SLDIV
  -------         ENDMOD        ?C?SLDIV

  -------         MODULE        ?C?LNEG
  C:0845H         PUBLIC        ?C?LNEG
  -------         ENDMOD        ?C?LNEG

  -------         MODULE        ?C?SLCMP
  C:0853H         PUBLIC        ?C?SLCMP
  -------         ENDMOD        ?C?SLCMP

  -------         MODULE        ?C?ULCMP
  C:0869H         PUBLIC        ?C?ULCMP
  -------         ENDMOD        ?C?ULCMP

  -------         MODULE        ?C?ULSHR
  C:087AH         PUBLIC        ?C?ULSHR
  -------         ENDMOD        ?C?ULSHR

  -------         MODULE        ?C?LSHL
  C:088DH         PUBLIC        ?C?LSHL
  -------         ENDMOD        ?C?LSHL

  -------         MODULE        ?C?LLDPTR
  C:08A0H         PUBLIC        ?C?LLDPTR
  -------         ENDMOD        ?C?LLDPTR

BL51 BANKED LINKER/LOCATER V6.22                                                      11/20/2017  10:34:10  PAGE 106


  -------         MODULE        ?C?LLDOPTR
  C:08C0H         PUBLIC        ?C?LLDOPTR
  -------         ENDMOD        ?C?LLDOPTR

  -------         MODULE        ?C?LSTPTR
  C:08F0H         PUBLIC        ?C?LSTPTR
  -------         ENDMOD        ?C?LSTPTR

  -------         MODULE        ?C?LSTOPTR
  C:090AH         PUBLIC        ?C?LSTOPTR
  -------         ENDMOD        ?C?LSTOPTR

  -------         MODULE        ?C?LLDXDATA
  C:092EH         PUBLIC        ?C?LLDXDATA
  -------         ENDMOD        ?C?LLDXDATA

  -------         MODULE        ?C?LLDCODE
  C:093AH         PUBLIC        ?C?LLDCODE
  -------         ENDMOD        ?C?LLDCODE

  -------         MODULE        ?C?LLDXDATA0
  C:094AH         PUBLIC        ?C?LLDXDATA0
  -------         ENDMOD        ?C?LLDXDATA0

  -------         MODULE        ?C?LLDCODE0
  C:0956H         PUBLIC        ?C?LLDCODE0
  -------         ENDMOD        ?C?LLDCODE0

  -------         MODULE        ?C?LLDOPTR0
  C:0966H         PUBLIC        ?C?LLDOPTR0
  -------         ENDMOD        ?C?LLDOPTR0

  -------         MODULE        ?C?LSTXDATA
  C:0996H         PUBLIC        ?C?LSTXDATA
  -------         ENDMOD        ?C?LSTXDATA

  -------         MODULE        ?C?LSTKXDATA
  C:09A2H         PUBLIC        ?C?LSTKXDATA
  -------         ENDMOD        ?C?LSTKXDATA

  -------         MODULE        ?C?LSTKOPTR
  C:09D3H         PUBLIC        ?C?LSTKOPTR
  -------         ENDMOD        ?C?LSTKOPTR

  -------         MODULE        ?C?OFFXADD
  C:09F7H         PUBLIC        ?C?OFFXADD
  -------         ENDMOD        ?C?OFFXADD

  -------         MODULE        ?C?PLDIIDATA
  C:0A03H         PUBLIC        ?C?PLDIIDATA
  -------         ENDMOD        ?C?PLDIIDATA

  -------         MODULE        ?C?PLDXDATA
  C:0A13H         PUBLIC        ?C?PLDXDATA
  -------         ENDMOD        ?C?PLDXDATA

  -------         MODULE        ?C?PSTXDATA
BL51 BANKED LINKER/LOCATER V6.22                                                      11/20/2017  10:34:10  PAGE 107


  C:0A1CH         PUBLIC        ?C?PSTXDATA
  -------         ENDMOD        ?C?PSTXDATA

  -------         MODULE        ?C?PLDOPTR
  C:0A25H         PUBLIC        ?C?PLDOPTR
  -------         ENDMOD        ?C?PLDOPTR

  -------         MODULE        ?C?PLDIOPTR
  C:0A55H         PUBLIC        ?C?PLDIOPTR
  -------         ENDMOD        ?C?PLDIOPTR

  -------         MODULE        ?C?PSTOPTR
  C:0A87H         PUBLIC        ?C?PSTOPTR
  -------         ENDMOD        ?C?PSTOPTR

  -------         MODULE        ?C?CCASE
  C:0AE0H         PUBLIC        ?C?CCASE
  -------         ENDMOD        ?C?CCASE

  -------         MODULE        ?C?ICASE
  C:0B06H         PUBLIC        ?C?ICASE
  -------         ENDMOD        ?C?ICASE

  -------         MODULE        ?C?ICALL
  C:0B33H         PUBLIC        ?C?ICALL
  C:0B37H         PUBLIC        ?C?ICALL2
  -------         ENDMOD        ?C?ICALL

  -------         MODULE        STRNCMP
  D:002CH         PUBLIC        ?_strncmp?BYTE
  C:581DH         PUBLIC        _strncmp
  -------         ENDMOD        STRNCMP

  -------         MODULE        STRNCPY
  D:002BH         PUBLIC        ?_strncpy?BYTE
  C:5F70H         PUBLIC        _strncpy
  -------         ENDMOD        STRNCPY

  -------         MODULE        ?C?LLDIDATA
  C:0B39H         PUBLIC        ?C?LLDIDATA
  -------         ENDMOD        ?C?LLDIDATA

  -------         MODULE        ?C?LLDPDATA
  C:0B45H         PUBLIC        ?C?LLDPDATA
  -------         ENDMOD        ?C?LLDPDATA

  -------         MODULE        ?C?LLDIDATA0
  C:0B51H         PUBLIC        ?C?LLDIDATA0
  -------         ENDMOD        ?C?LLDIDATA0

  -------         MODULE        ?C?LLDPDATA0
  C:0B5EH         PUBLIC        ?C?LLDPDATA0
  -------         ENDMOD        ?C?LLDPDATA0

  -------         MODULE        ?C?LSTIDATA
  C:0B6BH         PUBLIC        ?C?LSTIDATA
  -------         ENDMOD        ?C?LSTIDATA
BL51 BANKED LINKER/LOCATER V6.22                                                      11/20/2017  10:34:10  PAGE 108



  -------         MODULE        ?C?LSTPDATA
  C:0B77H         PUBLIC        ?C?LSTPDATA
  -------         ENDMOD        ?C?LSTPDATA

  -------         MODULE        ?C?LSTKIDATA
  C:0B83H         PUBLIC        ?C?LSTKIDATA
  -------         ENDMOD        ?C?LSTKIDATA

  -------         MODULE        ?C?LSTKPDATA
  C:0B9CH         PUBLIC        ?C?LSTKPDATA
  -------         ENDMOD        ?C?LSTKPDATA

  -------         MODULE        ?C?PLDIDATA
  C:0BB5H         PUBLIC        ?C?PLDIDATA
  -------         ENDMOD        ?C?PLDIDATA

  -------         MODULE        ?C?PSTIDATA
  C:0BBEH         PUBLIC        ?C?PSTIDATA
  -------         ENDMOD        ?C?PSTIDATA

  -------         MODULE        ?C?PLDIXDATA
  C:0BC7H         PUBLIC        ?C?PLDIXDATA
  -------         ENDMOD        ?C?PLDIXDATA

  -------         MODULE        ?C?PLDPDATA
  C:0BDEH         PUBLIC        ?C?PLDPDATA
  -------         ENDMOD        ?C?PLDPDATA

  -------         MODULE        ?C?PLDIPDATA
  C:0BE7H         PUBLIC        ?C?PLDIPDATA
  -------         ENDMOD        ?C?PLDIPDATA

  -------         MODULE        ?C?PSTPDATA
  C:0BF7H         PUBLIC        ?C?PSTPDATA
  -------         ENDMOD        ?C?PSTPDATA

  -------         MODULE        ?C?PLDCODE
  C:0C00H         PUBLIC        ?C?PLDCODE
  -------         ENDMOD        ?C?PLDCODE

*** WARNING L16: UNCALLED SEGMENT, IGNORED FOR OVERLAY PROCESS
    SEGMENT: ?PR?_GETMT?CALMCUT

Program Size: data=117.4 xdata=3180 code=28596
LINK/LOCATE RUN COMPLETE.  1 WARNING(S),  0 ERROR(S)
