BL51 BANKED LINKER/LOCATER V6.22                                                        08/29/2013  13:48:43  PAGE 1


BL51 BANKED LINKER/LOCATER V6.22, INVOKED BY:
C:\KEIL\C51\BIN\BL51.EXE .\obj\STARTUP.obj, .\obj\AdcDrv.obj, .\obj\AngApp.obj, .\obj\Calibration.obj, .\obj\CmdSub.obj,
>>  .\obj\Comm.obj, .\obj\Delay.obj, .\obj\Filter.obj, .\obj\Flash.obj, .\obj\Init.obj, .\obj\Key.obj, .\obj\Main.obj, .
>> \obj\ModBusCrc.obj, .\obj\ModBusRtu.obj, .\obj\Send.obj, .\obj\Sensor.obj, .\obj\Sub.obj, .\obj\Timer.obj, .\obj\CalM
>> cuT.obj TO .\obj\164-0001-20130809 PRINT (.\lst\164-0001-20130809.m51) RAMSIZE (256)


MEMORY MODEL: SMALL WITH FLOATING POINT ARITHMETIC


INPUT MODULES INCLUDED:
  .\obj\STARTUP.obj (?C_STARTUP)
  .\obj\AdcDrv.obj (ADCDRV)
  .\obj\AngApp.obj (ANGAPP)
  .\obj\Calibration.obj (CALIBRATION)
  .\obj\CmdSub.obj (CMDSUB)
  .\obj\Comm.obj (COMM)
  .\obj\Delay.obj (DELAY)
  .\obj\Filter.obj (FILTER)
  .\obj\Flash.obj (FLASH)
  .\obj\Init.obj (INIT)
  .\obj\Key.obj (KEY)
  .\obj\Main.obj (MAIN)
  .\obj\ModBusCrc.obj (MODBUSCRC)
  .\obj\ModBusRtu.obj (MODBUSRTU)
  .\obj\Send.obj (SEND)
  .\obj\Sensor.obj (SENSOR)
  .\obj\Sub.obj (SUB)
  .\obj\Timer.obj (TIMER)
  .\obj\CalMcuT.obj (CALMCUT)
  C:\KEIL\C51\LIB\C51FPS.LIB (?C?FPADD)
  C:\KEIL\C51\LIB\C51FPS.LIB (?C?FPMUL)
  C:\KEIL\C51\LIB\C51FPS.LIB (?C?FPDIV)
  C:\KEIL\C51\LIB\C51FPS.LIB (?C?FPCMP)
  C:\KEIL\C51\LIB\C51FPS.LIB (?C?FCAST)
  C:\KEIL\C51\LIB\C51FPS.LIB (?C?CASTF)
  C:\KEIL\C51\LIB\C51FPS.LIB (SQRT)
  C:\KEIL\C51\LIB\C51FPS.LIB (SIN)
  C:\KEIL\C51\LIB\C51FPS.LIB (ASIN)
  C:\KEIL\C51\LIB\C51FPS.LIB (?C?FPGETOPN)
  C:\KEIL\C51\LIB\C51FPS.LIB (?C?FPSERIES)
  C:\KEIL\C51\LIB\C51FPS.LIB (ATAN)
  C:\KEIL\C51\LIB\C51S.LIB (?C_INIT)
  C:\KEIL\C51\LIB\C51S.LIB (?C?CLDPTR)
  C:\KEIL\C51\LIB\C51S.LIB (?C?CLDOPTR)
  C:\KEIL\C51\LIB\C51S.LIB (?C?CILDPTR)
  C:\KEIL\C51\LIB\C51S.LIB (?C?CSTPTR)
  C:\KEIL\C51\LIB\C51S.LIB (?C?CSTOPTR)
  C:\KEIL\C51\LIB\C51S.LIB (?C?IMUL)
  C:\KEIL\C51\LIB\C51S.LIB (?C?UIDIV)
  C:\KEIL\C51\LIB\C51S.LIB (?C?SIDIV)
  C:\KEIL\C51\LIB\C51S.LIB (?C?IILDX)
  C:\KEIL\C51\LIB\C51S.LIB (?C?ILDPTR)
  C:\KEIL\C51\LIB\C51S.LIB (?C?ILDOPTR)
  C:\KEIL\C51\LIB\C51S.LIB (?C?IILDPTR)
  C:\KEIL\C51\LIB\C51S.LIB (?C?IILDOPTR)
  C:\KEIL\C51\LIB\C51S.LIB (?C?ISTPTR)
  C:\KEIL\C51\LIB\C51S.LIB (?C?ISTOPTR)
BL51 BANKED LINKER/LOCATER V6.22                                                      08/29/2013  13:48:43  PAGE 2


  C:\KEIL\C51\LIB\C51S.LIB (?C?LADD)
  C:\KEIL\C51\LIB\C51S.LIB (?C?LSUB)
  C:\KEIL\C51\LIB\C51S.LIB (?C?LMUL)
  C:\KEIL\C51\LIB\C51S.LIB (?C?ULDIV)
  C:\KEIL\C51\LIB\C51S.LIB (?C?SLDIV)
  C:\KEIL\C51\LIB\C51S.LIB (?C?LNEG)
  C:\KEIL\C51\LIB\C51S.LIB (?C?SLCMP)
  C:\KEIL\C51\LIB\C51S.LIB (?C?ULCMP)
  C:\KEIL\C51\LIB\C51S.LIB (?C?ULSHR)
  C:\KEIL\C51\LIB\C51S.LIB (?C?LSHL)
  C:\KEIL\C51\LIB\C51S.LIB (?C?LLDPTR)
  C:\KEIL\C51\LIB\C51S.LIB (?C?LLDOPTR)
  C:\KEIL\C51\LIB\C51S.LIB (?C?LSTPTR)
  C:\KEIL\C51\LIB\C51S.LIB (?C?LSTOPTR)
  C:\KEIL\C51\LIB\C51S.LIB (?C?LLDXDATA)
  C:\KEIL\C51\LIB\C51S.LIB (?C?LLDCODE)
  C:\KEIL\C51\LIB\C51S.LIB (?C?LLDXDATA0)
  C:\KEIL\C51\LIB\C51S.LIB (?C?LLDCODE0)
  C:\KEIL\C51\LIB\C51S.LIB (?C?LLDOPTR0)
  C:\KEIL\C51\LIB\C51S.LIB (?C?LSTXDATA)
  C:\KEIL\C51\LIB\C51S.LIB (?C?LSTKXDATA)
  C:\KEIL\C51\LIB\C51S.LIB (?C?LSTKOPTR)
  C:\KEIL\C51\LIB\C51S.LIB (?C?OFFXADD)
  C:\KEIL\C51\LIB\C51S.LIB (?C?PLDIIDATA)
  C:\KEIL\C51\LIB\C51S.LIB (?C?PLDXDATA)
  C:\KEIL\C51\LIB\C51S.LIB (?C?PSTXDATA)
  C:\KEIL\C51\LIB\C51S.LIB (?C?PLDOPTR)
  C:\KEIL\C51\LIB\C51S.LIB (?C?PLDIOPTR)
  C:\KEIL\C51\LIB\C51S.LIB (?C?PSTOPTR)
  C:\KEIL\C51\LIB\C51S.LIB (?C?CCASE)
  C:\KEIL\C51\LIB\C51S.LIB (?C?ICASE)
  C:\KEIL\C51\LIB\C51S.LIB (?C?ICALL)
  C:\KEIL\C51\LIB\C51S.LIB (STRNCMP)
  C:\KEIL\C51\LIB\C51S.LIB (STRNCPY)
  C:\KEIL\C51\LIB\C51S.LIB (?C?LLDIDATA)
  C:\KEIL\C51\LIB\C51S.LIB (?C?LLDPDATA)
  C:\KEIL\C51\LIB\C51S.LIB (?C?LLDIDATA0)
  C:\KEIL\C51\LIB\C51S.LIB (?C?LLDPDATA0)
  C:\KEIL\C51\LIB\C51S.LIB (?C?LSTIDATA)
  C:\KEIL\C51\LIB\C51S.LIB (?C?LSTPDATA)
  C:\KEIL\C51\LIB\C51S.LIB (?C?LSTKIDATA)
  C:\KEIL\C51\LIB\C51S.LIB (?C?LSTKPDATA)
  C:\KEIL\C51\LIB\C51S.LIB (?C?PLDIDATA)
  C:\KEIL\C51\LIB\C51S.LIB (?C?PSTIDATA)
  C:\KEIL\C51\LIB\C51S.LIB (?C?PLDIXDATA)
  C:\KEIL\C51\LIB\C51S.LIB (?C?PLDPDATA)
  C:\KEIL\C51\LIB\C51S.LIB (?C?PLDIPDATA)
  C:\KEIL\C51\LIB\C51S.LIB (?C?PSTPDATA)
  C:\KEIL\C51\LIB\C51S.LIB (?C?PLDCODE)


LINK MAP OF MODULE:  .\obj\164-0001-20130809 (?C_STARTUP)


            TYPE    BASE      LENGTH    RELOCATION   SEGMENT NAME
            -----------------------------------------------------

BL51 BANKED LINKER/LOCATER V6.22                                                      08/29/2013  13:48:43  PAGE 3


            * * * * * * *   D A T A   M E M O R Y   * * * * * * *
            REG     0000H     0008H     ABSOLUTE     "REG BANK 0"
            DATA    0008H     000AH     UNIT         ?DT?SEND
            DATA    0012H     0004H     UNIT         ?DT?CMDSUB
            DATA    0016H     0002H     UNIT         ?DT?CALMCUT
            DATA    0018H     0001H     UNIT         ?DT?TIMER
            IDATA   0019H     0003H     UNIT         ?ID?ADCDRV
                    001CH     0004H                  *** GAP ***
            BIT     0020H.0   0000H.2   UNIT         ?BI?COMM
            BIT     0020H.2   0000H.2   UNIT         _BIT_GROUP_
                    0020H.4   0000H.4                *** GAP ***
            DATA    0021H     0055H     UNIT         _DATA_GROUP_
            IDATA   0076H     0001H     UNIT         ?STACK

            * * * * * * *  X D A T A   M E M O R Y  * * * * * * *
            XDATA   0000H     04B0H     UNIT         ?XD?CALIBRATION
            XDATA   04B0H     0200H     UNIT         ?XD?FLASH
            XDATA   06B0H     01A2H     UNIT         ?XD?COMM
            XDATA   0852H     019EH     UNIT         ?XD?ADCDRV
            XDATA   09F0H     00F1H     UNIT         ?XD?CALMCUT
            XDATA   0AE1H     00C9H     UNIT         ?XD?SEND
            XDATA   0BAAH     0041H     UNIT         ?XD?SENSOR
            XDATA   0BEBH     0038H     UNIT         ?XD?ANGAPP
            XDATA   0C23H     0018H     UNIT         ?XD?CMDSUB
            XDATA   0C3BH     000DH     UNIT         ?XD?MODBUSRTU
            XDATA   0C48H     0008H     UNIT         _XDATA_GROUP_
            XDATA   0C50H     0005H     UNIT         ?XD?MAIN
            XDATA   0C55H     0003H     UNIT         ?XD?KEY
            XDATA   0C58H     0002H     UNIT         ?XD?TIMER

            * * * * * * *   C O D E   M E M O R Y   * * * * * * *
            CODE    0000H     0003H     ABSOLUTE     
            CODE    0003H     0020H     UNIT         ?PR?_SEND_TDEAL?SEND
            CODE    0023H     0003H     ABSOLUTE     
            CODE    0026H     0004H     UNIT         ?PR?ADC_ENABLE?ADCDRV
                    002AH     0001H                  *** GAP ***
            CODE    002BH     0003H     ABSOLUTE     
            CODE    002EH     001DH     UNIT         ?PR?COMM_TIMERPROC?COMM
            CODE    004BH     0003H     ABSOLUTE     
            CODE    004EH     0B99H     UNIT         ?C?LIB_CODE
            CODE    0BE7H     0B7AH     UNIT         ?PR?_MODRTU_RDVAL?MODBUSRTU
            CODE    1761H     08B1H     UNIT         ?PR?_MODRTU_WRVAL?MODBUSRTU
            CODE    2012H     0748H     UNIT         ?PR?_SEND_SDEAL?SEND
            CODE    275AH     034FH     UNIT         ?PR?_RAM_CALDATA2BUF?FLASH
            CODE    2AA9H     02E5H     UNIT         ?PR?_RAM_BUF2CALDATA?FLASH
            CODE    2D8EH     026FH     UNIT         ?PR?_SEND_CDEAL?SEND
            CODE    2FFDH     021BH     UNIT         ?CO?SEND
            CODE    3218H     0200H     UNIT         ?CO?MODBUSCRC
            CODE    3418H     018EH     UNIT         ?PR?_SUB_STR2INT32S?SUB
            CODE    35A6H     0183H     UNIT         ?PR?ANGPROC?ANGAPP
            CODE    3729H     017CH     UNIT         ?PR?_ANG_CALCPRM?CALIBRATION
            CODE    38A5H     016EH     UNIT         ?PR?SIN?SIN
            CODE    3A13H     0163H     UNIT         ?PR?_MCUT_CALCPRM?CALMCUT
            CODE    3B76H     0162H     UNIT         ?PR?_SUB_INT32S2STR?SUB
            CODE    3CD8H     0146H     UNIT         ?PR?_SEND_RDEAL?SEND
            CODE    3E1EH     012CH     UNIT         ?PR?_TEMP_CALCPRM?CALIBRATION
            CODE    3F4AH     0128H     UNIT         ?PR?ATAN?ATAN
BL51 BANKED LINKER/LOCATER V6.22                                                      08/29/2013  13:48:43  PAGE 4


            CODE    4072H     0118H     UNIT         ?PR?SEND_TIMEPROC?SEND
            CODE    418AH     010BH     UNIT         ?PR?ANGCALDATAINIT?CALIBRATION
            CODE    4295H     0105H     UNIT         ?PR?FLASH_CALDATAINIT?FLASH
            CODE    439AH     0103H     UNIT         ?PR?_MODRTU_WRREG?MODBUSRTU
            CODE    449DH     0100H     UNIT         ?PR?_SEND_WDEAL?SEND
            CODE    459DH     00EDH     UNIT         ?PR?_MODRTU_RDREG?MODBUSRTU
            CODE    468AH     00E8H     UNIT         ?PR?_TEMP_CALTREFSET?CMDSUB
            CODE    4772H     00E4H     UNIT         ?PR?CALIBINIT?CALIBRATION
            CODE    4856H     00E0H     UNIT         ?PR?MTCALDATAINIT?CALMCUT
            CODE    4936H     00DBH     UNIT         ?PR?_SLIDEWINFILTER?FILTER
            CODE    4A11H     00D8H     UNIT         ?PR?_PANGCALC?ANGAPP
            CODE    4AE9H     00C4H     UNIT         ?PR?_SUB_SENDTEMPCAL?SUB
            CODE    4BADH     00BFH     UNIT         ?PR?_SUB_STR2INT16U?SUB
            CODE    4C6CH     00B7H     UNIT         ?PR?_GETOFFSET?SENSOR
            CODE    4D23H     00B0H     UNIT         ?PR?_SUB_INT16U2STR?SUB
            CODE    4DD3H     00AAH     UNIT         ?PR?SQRT?SQRT
            CODE    4E7DH     00A7H     UNIT         ?PR?_ANG_CALC?SENSOR
            CODE    4F24H     00A5H     UNIT         ?PR?_COMM_GETTXCHAR?COMM
            CODE    4FC9H     00A4H     UNIT         ?PR?_COMM_GETCHAR?COMM
            CODE    506DH     00A1H     UNIT         ?PR?_GETANGCALCVAL?SENSOR
            CODE    510EH     0099H     UNIT         ?PR?ANGINIT?ANGAPP
            CODE    51A7H     008FH     UNIT         ?PR?COMM_SOFTWAREINIT?COMM
            CODE    5236H     008DH     UNIT         ?PR?_FLOATTOINT?MODBUSRTU
            CODE    52C3H     008CH     UNIT         ?C_C51STARTUP
            CODE    534FH     008CH     UNIT         ?PR?_COMM_PUTCHAR?COMM
            CODE    53DBH     008BH     UNIT         ?PR?ADC_ISR?ADCDRV
            CODE    5466H     008BH     UNIT         ?PR?SNPROC?SENSOR
            CODE    54F1H     0087H     UNIT         ?PR?ADC_XCALSTOP?CMDSUB
            CODE    5578H     0087H     UNIT         ?PR?ADC_YCALSTOP?CMDSUB
            CODE    55FFH     0085H     UNIT         ?PR?_ADCFILTER?ADCDRV
            CODE    5684H     0085H     UNIT         ?PR?_GETMT?CALMCUT
            CODE    5709H     0084H     UNIT         ?PR?_COMM_PUTRXCHAR?COMM
            CODE    578DH     0080H     UNIT         ?PR?_SNFILTER?SENSOR
            CODE    580DH     0076H     UNIT         ?PR?_TEMP_CALVALWR?CMDSUB
            CODE    5883H     0075H     UNIT         ?PR?_SUB_BUFBUBBLE16U?SUB
            CODE    58F8H     0073H     UNIT         ?PR?SUB_SENDPRMTALL?SUB
            CODE    596BH     0073H     UNIT         ?PR?_SUB_SENDMCUTEMPCAL?SUB
            CODE    59DEH     0072H     UNIT         ?PR?COMM_ISR?COMM
            CODE    5A50H     0070H     UNIT         ?PR?TEMPSORTANDCALCPRM?CMDSUB
            CODE    5AC0H     006FH     UNIT         ?PR?_STRNCMP?STRNCMP
            CODE    5B2FH     006EH     UNIT         ?PR?SNINIT?SENSOR
            CODE    5B9DH     006DH     UNIT         ?PR?_SUB_BUFBUBBLE16S?SUB
            CODE    5C0AH     0069H     UNIT         ?PR?_SN_DATAINIT?SENSOR
            CODE    5C73H     0069H     UNIT         ?PR?_SUB_BUFBUBBLE32S?SUB
            CODE    5CDCH     0068H     UNIT         ?PR?_ADC_SAVEANDSWITCH?ADCDRV
            CODE    5D44H     0066H     UNIT         ?PR?_TEMP_CALSAMP?CMDSUB
            CODE    5DAAH     0065H     UNIT         ?PR?_FLASH_BUFWR?FLASH
            CODE    5E0FH     0065H     UNIT         ?PR?_SEND_UDEAL?SEND
            CODE    5E74H     005DH     UNIT         ?PR?_FILTER_1ST?FILTER
            CODE    5ED1H     005CH     UNIT         ?PR?TEMPCALDATAINIT?CALIBRATION
            CODE    5F2DH     005BH     UNIT         ?CO?SUB
            CODE    5F88H     005AH     UNIT         ?PR?_SUB_STR2INT16S?SUB
            CODE    5FE2H     0058H     UNIT         ?PR?SUB_SENDTCALTEST?SUB
            CODE    603AH     0057H     UNIT         ?PR?_FLASH_BUFRD?FLASH
            CODE    6091H     0056H     UNIT         ?PR?FLASHAREA_USER?FLASH
            CODE    60E7H     0056H     UNIT         ?PR?_SUB_SBUFSWITCH?SUB
            CODE    613DH     0052H     UNIT         ?PR?_STRNCPY?STRNCPY
BL51 BANKED LINKER/LOCATER V6.22                                                      08/29/2013  13:48:43  PAGE 5


            CODE    618FH     0051H     UNIT         ?PR?INIT_SYSTEMPARA?INIT
            CODE    61E0H     0050H     UNIT         ?PR?RAM_CALDATAINIT_USER?FLASH
            CODE    6230H     004FH     UNIT         ?PR?_FLASH_CALDATAUPDATE_USER?FLASH
            CODE    627FH     004CH     UNIT         ?PR?GETXANGALLSETVAL?ANGAPP
            CODE    62CBH     004CH     UNIT         ?PR?GETYANGALLSETVAL?ANGAPP
            CODE    6317H     004CH     UNIT         ?PR?_SUB_16SBUFSWITCH?SUB
            CODE    6363H     004CH     UNIT         ?PR?_SUB_UBUFSWITCH?SUB
            CODE    63AFH     004AH     UNIT         ?PR?ADCENTITYINIT?ADCDRV
            CODE    63F9H     0049H     UNIT         ?PR?_MCUT_CALVALWR?CALMCUT
            CODE    6442H     0045H     UNIT         ?PR?_MODRTU_RLYERROR?MODBUSRTU
            CODE    6487H     0045H     UNIT         ?PR?_SUB_SENDADCTXY?SUB
            CODE    64CCH     0044H     UNIT         ?C?LDIV
            CODE    6510H     0043H     UNIT         ?PR?FLASH_CALDATAUPDATE?FLASH
            CODE    6553H     0043H     UNIT         ?PR?KEY_DOWN?KEY
            CODE    6596H     0040H     UNIT         ?PR?CALIBMTINIT?CALMCUT
            CODE    65D6H     003EH     UNIT         ?PR?MCUTCALCPRM?CALMCUT
            CODE    6614H     003DH     UNIT         ?PR?TIMER2_ISR?TIMER
            CODE    6651H     003CH     UNIT         ?PR?_MODRTU_RXPROC?MODBUSRTU
            CODE    668DH     003CH     UNIT         ?PR?SUB_SENDANGXYP?SUB
            CODE    66C9H     003CH     UNIT         ?PR?_SUB_STR2INT8U?SUB
            CODE    6705H     003BH     UNIT         ?PR?ASIN?ASIN
            CODE    6740H     0038H     UNIT         ?PR?TIMER2_INIT?TIMER
            CODE    6778H     0037H     UNIT         ?PR?_FLASH_CHECKSUM?FLASH
            CODE    67AFH     0036H     UNIT         ?PR?TIMER2_TASKINISR?TIMER
            CODE    67E5H     0035H     UNIT         ?PR?_MODBUSCRCCNT?MODBUSCRC
            CODE    681AH     0034H     UNIT         ?PR?MAIN?MAIN
            CODE    684EH     0033H     UNIT         ?C_INITSEG
            CODE    6881H     0033H     UNIT         ?PR?_MODRTU_SETZERO?MODBUSRTU
            CODE    68B4H     0032H     UNIT         ?PR?_FLASHUPDATE?FLASH
            CODE    68E6H     002FH     UNIT         ?PR?_SUB_SENDMCUT?SUB
            CODE    6915H     002FH     UNIT         ?PR?_SUB_STRALARMCHECK?SUB
            CODE    6944H     002EH     UNIT         ?PR?ADC_SETINIT?ADCDRV
            CODE    6972H     002EH     UNIT         ?PR?GETANGP?ANGAPP
            CODE    69A0H     002AH     UNIT         ?PR?KEY_PROC?KEY
            CODE    69CAH     002AH     UNIT         ?PR?_COMM_PUTINT16S?SUB
            CODE    69F4H     0029H     UNIT         ?PR?_FLASH_PAGEERASE?FLASH
            CODE    6A1DH     0028H     UNIT         ?PR?_MODRTU_WRADDR?MODBUSRTU
            CODE    6A45H     0025H     UNIT         ?PR?_MODRTU_WRBAUD?MODBUSRTU
            CODE    6A6AH     0025H     UNIT         ?PR?SUB_SENDANGXY?SUB
            CODE    6A8FH     0024H     UNIT         ?PR?_SETANGZERO?ANGAPP
            CODE    6AB3H     0024H     UNIT         ?PR?_VALINRANGE?FILTER
            CODE    6AD7H     0023H     UNIT         ?PR?SYS_PORTINIT?INIT
            CODE    6AFAH     0022H     UNIT         ?PR?_SUB_INT16S2STR?SUB
            CODE    6B1CH     0021H     UNIT         ?PR?_COMM_PUTSTR?COMM
            CODE    6B3DH     0021H     UNIT         ?PR?_MODRTU_WR16U?MODBUSRTU
            CODE    6B5EH     0021H     UNIT         ?PR?_SUB_STR2INT8S?SUB
            CODE    6B7FH     0020H     UNIT         ?PR?_SUB_INT8U2STR?SUB
            CODE    6B9FH     001EH     UNIT         ?PR?_SETANGZEROADD?ANGAPP
            CODE    6BBDH     001EH     UNIT         ?PR?_ALARMX?ANGAPP
            CODE    6BDBH     001EH     UNIT         ?PR?_ALARMY?ANGAPP
            CODE    6BF9H     001EH     UNIT         ?PR?_ALARMS?ANGAPP
            CODE    6C17H     001EH     UNIT         ?PR?COMM_HARDWAREINIT?COMM
            CODE    6C35H     001EH     UNIT         ?PR?INIT_ALL?INIT
            CODE    6C53H     001EH     UNIT         ?PR?_MCUT_CALSAMP?CALMCUT
            CODE    6C71H     001BH     UNIT         ?PR?SNXDATAINIT?SENSOR
            CODE    6C8CH     001BH     UNIT         ?PR?SNYDATAINIT?SENSOR
            CODE    6CA7H     001AH     UNIT         ?CO?ADCDRV
BL51 BANKED LINKER/LOCATER V6.22                                                      08/29/2013  13:48:43  PAGE 6


            CODE    6CC1H     0019H     UNIT         ?PR?SYS_CLKINIT?INIT
            CODE    6CDAH     0019H     UNIT         ?PR?SUB_SENDSYSNUM?SUB
            CODE    6CF3H     0018H     UNIT         ?PR?FLASH_USERDATAUPDATE?FLASH
            CODE    6D0BH     0018H     UNIT         ?PR?_COMM_PUTINT16U?SUB
            CODE    6D23H     0017H     UNIT         ?PR?_TEMP_RDTEMPVAL?CALIBRATION
            CODE    6D3AH     0017H     UNIT         ?PR?_TEMP_WRTEMPVAL?CALIBRATION
            CODE    6D51H     0017H     UNIT         ?PR?ADC_XCALSTA?CMDSUB
            CODE    6D68H     0017H     UNIT         ?PR?ADC_YCALSTA?CMDSUB
            CODE    6D7FH     0017H     UNIT         ?PR?_DELAY_MS?DELAY
            CODE    6D96H     0017H     UNIT         ?PR?_MCUT_RDADCVAL?CALMCUT
            CODE    6DADH     0017H     UNIT         ?PR?_MCUT_WRADCVAL?CALMCUT
            CODE    6DC4H     0016H     UNIT         ?PR?TEMP_CALSTOP?CMDSUB
            CODE    6DDAH     0016H     UNIT         ?PR?_MODRTU_CHKCRC?MODBUSRTU
            CODE    6DF0H     0016H     UNIT         ?PR?_COMM_PUTINT8U?SUB
            CODE    6E06H     0015H     UNIT         ?PR?_SETTEMPXCALTEMPVAL?CALIBRATION
            CODE    6E1BH     0015H     UNIT         ?PR?_SETTEMPYCALTEMPVAL?CALIBRATION
            CODE    6E30H     0015H     UNIT         ?PR?_SETTEMPXCALADCVAL?CALIBRATION
            CODE    6E45H     0015H     UNIT         ?PR?_SETANGXCALADCVAL?CALIBRATION
            CODE    6E5AH     0015H     UNIT         ?PR?_SETTEMPYCALADCVAL?CALIBRATION
            CODE    6E6FH     0015H     UNIT         ?PR?_SETANGYCALADCVAL?CALIBRATION
            CODE    6E84H     0015H     UNIT         ?PR?_SETMCUTCALTEMPVAL?CALMCUT
            CODE    6E99H     0015H     UNIT         ?PR?_SETMCUTCALADCVAL?CALMCUT
            CODE    6EAEH     0014H     UNIT         ?PR?_COMM_PUTINT32S?SUB
            CODE    6EC2H     0012H     UNIT         ?PR?TEMP_CALSTA?CMDSUB
            CODE    6ED4H     0012H     UNIT         ?PR?_SNXFILTER?SENSOR
            CODE    6EE6H     0012H     UNIT         ?PR?_SNYFILTER?SENSOR
            CODE    6EF8H     0012H     UNIT         ?PR?TIMER2_TASKINMAIN?TIMER
            CODE    6F0AH     0011H     UNIT         ?PR?_TEMP_RDADCVAL?CALIBRATION
            CODE    6F1BH     0011H     UNIT         ?PR?_TEMP_WRADCVAL?CALIBRATION
            CODE    6F2CH     0011H     UNIT         ?PR?_ANG_RDADCVAL?CALIBRATION
            CODE    6F3DH     0011H     UNIT         ?PR?_ANG_WRADCVAL?CALIBRATION
            CODE    6F4EH     0011H     UNIT         ?PR?_MCUT_RDTEMPVAL?CALMCUT
            CODE    6F5FH     0011H     UNIT         ?PR?_MCUT_WRTEMPVAL?CALMCUT
            CODE    6F70H     000FH     UNIT         ?PR?DELAY_100US?DELAY
            CODE    6F7FH     000FH     UNIT         ?PR?GET_MCUTEMP?SENSOR
            CODE    6F8EH     000EH     UNIT         ?PR?_ANG_RDANGVAL?CALIBRATION
            CODE    6F9CH     000EH     UNIT         ?PR?_ANG_WRANGVAL?CALIBRATION
            CODE    6FAAH     000EH     UNIT         ?PR?FLASHCHK?FLASH
            CODE    6FB8H     000EH     UNIT         ?PR?SUB_SENDOK?SUB
            CODE    6FC6H     000EH     UNIT         ?PR?SUB_SENDERR?SUB
            CODE    6FD4H     000EH     UNIT         ?PR?SUB_SENDSOFTVER?SUB
            CODE    6FE2H     000DH     UNIT         ?PR?_SETANGXSET?ANGAPP
            CODE    6FEFH     000DH     UNIT         ?PR?_SETANGYSET?ANGAPP
            CODE    6FFCH     000DH     UNIT         ?PR?_SETANGPSET?ANGAPP
            CODE    7009H     000DH     UNIT         ?PR?_MODRTU_RD16U?MODBUSRTU
            CODE    7016H     000DH     UNIT         ?PR?COMM_PUTNEWLINESTA?SUB
            CODE    7023H     000CH     UNIT         ?PR?ADC_INIT?ADCDRV
            CODE    702FH     000CH     UNIT         ?PR?_GETTEMPXCALTEMPVAL?CALIBRATION
            CODE    703BH     000CH     UNIT         ?PR?_GETANGXCALANGVAL?CALIBRATION
            CODE    7047H     000CH     UNIT         ?PR?_GETTEMPYCALTEMPVAL?CALIBRATION
            CODE    7053H     000CH     UNIT         ?PR?_GETANGYCALANGVAL?CALIBRATION
            CODE    705FH     000CH     UNIT         ?PR?_GETTEMPXCALADCVAL?CALIBRATION
            CODE    706BH     000CH     UNIT         ?PR?_GETANGXCALADCVAL?CALIBRATION
            CODE    7077H     000CH     UNIT         ?PR?_GETTEMPYCALADCVAL?CALIBRATION
            CODE    7083H     000CH     UNIT         ?PR?_GETANGYCALADCVAL?CALIBRATION
            CODE    708FH     000CH     UNIT         ?PR?_SETANGXCALANGVAL?CALIBRATION
            CODE    709BH     000CH     UNIT         ?PR?_SETANGYCALANGVAL?CALIBRATION
BL51 BANKED LINKER/LOCATER V6.22                                                      08/29/2013  13:48:43  PAGE 7


            CODE    70A7H     000CH     UNIT         ?PR?_MODRTU_8TO16?MODBUSRTU
            CODE    70B3H     000CH     UNIT         ?PR?_GETMCUTCALTEMPVAL?CALMCUT
            CODE    70BFH     000CH     UNIT         ?PR?_GETMCUTCALADCVAL?CALMCUT
            CODE    70CBH     000BH     UNIT         ?PR?_SETTEMPXCALCNT?CALIBRATION
            CODE    70D6H     000BH     UNIT         ?PR?_SETANGXCALCNT?CALIBRATION
            CODE    70E1H     000BH     UNIT         ?PR?_SETTEMPYCALCNT?CALIBRATION
            CODE    70ECH     000BH     UNIT         ?PR?_SETANGYCALCNT?CALIBRATION
            CODE    70F7H     000BH     UNIT         ?PR?_DELAY_CYC?DELAY
            CODE    7102H     000BH     UNIT         ?PR?_MODRTU_WRCRC?MODBUSRTU
            CODE    710DH     000BH     UNIT         ?PR?SUB_SYSRST?SUB
            CODE    7118H     000BH     UNIT         ?PR?_SETMCUTCALCNT?CALMCUT
            CODE    7123H     000AH     UNIT         ?PR?COMM_TIMERINIT?COMM
            CODE    712DH     000AH     UNIT         ?PR?DELAY_MS_?DELAY
            CODE    7137H     0009H     UNIT         ?PR?ADC_GETXVAL?ADCDRV
            CODE    7140H     0009H     UNIT         ?PR?ADC_GETYVAL?ADCDRV
            CODE    7149H     0009H     UNIT         ?PR?ADC_GETTEMP?ADCDRV
            CODE    7152H     0009H     UNIT         ?PR?TEMPXCALCPRM?CALIBRATION
            CODE    715BH     0009H     UNIT         ?PR?TEMPYCALCPRM?CALIBRATION
            CODE    7164H     0009H     UNIT         ?PR?ANGXCALCPRM?CALIBRATION
            CODE    716DH     0009H     UNIT         ?PR?ANGYCALCPRM?CALIBRATION
            CODE    7176H     0009H     UNIT         ?PR?RAM_CALDATAINIT?FLASH
            CODE    717FH     0009H     UNIT         ?CO?KEY
            CODE    7188H     0009H     UNIT         ?PR?ANGXCALC?SENSOR
            CODE    7191H     0009H     UNIT         ?PR?ANGYCALC?SENSOR
            CODE    719AH     0009H     UNIT         ?PR?GETXFTVAL?SENSOR
            CODE    71A3H     0009H     UNIT         ?PR?GETYFTVAL?SENSOR
            CODE    71ACH     0009H     UNIT         ?PR?GETXOFTVAL?SENSOR
            CODE    71B5H     0009H     UNIT         ?PR?GETYOFTVAL?SENSOR
            CODE    71BEH     0008H     UNIT         ?PR?_SETTEMPCALCNT?CALIBRATION
            CODE    71C6H     0008H     UNIT         ?PR?_SETANGCALCNT?CALIBRATION
            CODE    71CEH     0008H     UNIT         ?PR?_GETXOFFSET?SENSOR
            CODE    71D6H     0008H     UNIT         ?PR?_GETYOFFSET?SENSOR
            CODE    71DEH     0007H     UNIT         ?PR?GETANGXSYSZERO?ANGAPP
            CODE    71E5H     0007H     UNIT         ?PR?GETANGYSYSZERO?ANGAPP
            CODE    71ECH     0007H     UNIT         ?PR?GETANGXUSRZERO?ANGAPP
            CODE    71F3H     0007H     UNIT         ?PR?GETANGYUSRZERO?ANGAPP
            CODE    71FAH     0007H     UNIT         ?PR?GETANGXINST?ANGAPP
            CODE    7201H     0007H     UNIT         ?PR?GETANGYINST?ANGAPP
            CODE    7208H     0007H     UNIT         ?PR?GETANGXSET?ANGAPP
            CODE    720FH     0007H     UNIT         ?PR?GETANGYSET?ANGAPP
            CODE    7216H     0007H     UNIT         ?PR?GETANGPSET?ANGAPP
            CODE    721DH     0007H     UNIT         ?PR?GETANGXZEROUSR?ANGAPP
            CODE    7224H     0007H     UNIT         ?PR?GETANGYZEROUSR?ANGAPP
            CODE    722BH     0007H     UNIT         ?PR?GETANGXRELSYS?ANGAPP
            CODE    7232H     0007H     UNIT         ?PR?GETANGYRELSYS?ANGAPP
            CODE    7239H     0007H     UNIT         ?PR?MAIN_TEMP?MAIN
            CODE    7240H     0007H     UNIT         ?PR?GETXANG?SENSOR
            CODE    7247H     0007H     UNIT         ?PR?GETYANG?SENSOR
            CODE    724EH     0006H     UNIT         ?PR?_SETANGXSYSZERO?ANGAPP
            CODE    7254H     0006H     UNIT         ?PR?_SETANGYSYSZERO?ANGAPP
            CODE    725AH     0006H     UNIT         ?PR?_SETANGXUSRZERO?ANGAPP
            CODE    7260H     0006H     UNIT         ?PR?_SETANGYUSRZERO?ANGAPP
            CODE    7266H     0006H     UNIT         ?PR?_SETANGXINST?ANGAPP
            CODE    726CH     0006H     UNIT         ?PR?_SETANGYINST?ANGAPP
            CODE    7272H     0006H     UNIT         ?PR?GETTEMPXCALCNT?CALIBRATION
            CODE    7278H     0006H     UNIT         ?PR?GETANGXCALCNT?CALIBRATION
            CODE    727EH     0006H     UNIT         ?PR?GETANGYCALCNT?CALIBRATION
BL51 BANKED LINKER/LOCATER V6.22                                                      08/29/2013  13:48:43  PAGE 8


            CODE    7284H     0006H     UNIT         ?PR?COMM_SENDSTA?COMM
            CODE    728AH     0006H     UNIT         ?PR?GETFILTERCNT?SENSOR
            CODE    7290H     0006H     UNIT         ?PR?_SETFILTERCNT?SENSOR
            CODE    7296H     0006H     UNIT         ?PR?GETMCUTCALCNT?CALMCUT
            CODE    729CH     0006H     UNIT         ?PR?MCUT_CALSTOP?CALMCUT
            CODE    72A2H     0004H     UNIT         ?PR?ADC_VREFINIT?ADCDRV
            CODE    72A6H     0004H     UNIT         ?PR?ADC_ISRINIT?ADCDRV
            CODE    72AAH     0004H     UNIT         ?PR?_TEMP_SETCALCNT?CALIBRATION
            CODE    72AEH     0004H     UNIT         ?PR?_ANG_SETCALCNT?CALIBRATION
            CODE    72B2H     0004H     UNIT         ?PR?COMM_SENDSTOP?COMM
            CODE    72B6H     0004H     UNIT         ?PR?_MCUT_SETCALCNT?CALMCUT
            CODE    72BAH     0003H     UNIT         ?PR?MCUT_CALSTA?CALMCUT



OVERLAY MAP OF MODULE:   .\obj\164-0001-20130809 (?C_STARTUP)


SEGMENT                                        BIT_GROUP          DATA_GROUP          XDATA_GROUP
  +--> CALLED SEGMENT                       START    LENGTH     START    LENGTH     START    LENGTH
---------------------------------------------------------------------------------------------------
?C_C51STARTUP                               -----    -----      -----    -----      -----    -----
  +--> ?PR?MAIN?MAIN
  +--> ?C_INITSEG

?PR?MAIN?MAIN                               -----    -----      -----    -----      -----    -----
  +--> ?PR?INIT_ALL?INIT
  +--> ?PR?FLASH_CALDATAINIT?FLASH
  +--> ?PR?MAIN_TEMP?MAIN
  +--> ?PR?_DELAY_MS?DELAY
  +--> ?PR?SNPROC?SENSOR
  +--> ?PR?TIMER2_TASKINMAIN?TIMER
  +--> ?PR?SEND_TIMEPROC?SEND
  +--> ?PR?KEY_PROC?KEY
  +--> ?PR?ANGPROC?ANGAPP

?PR?INIT_ALL?INIT                           -----    -----      -----    -----      -----    -----
  +--> ?PR?SYS_PORTINIT?INIT
  +--> ?PR?SYS_CLKINIT?INIT
  +--> ?PR?COMM_HARDWAREINIT?COMM
  +--> ?PR?COMM_SOFTWAREINIT?COMM
  +--> ?PR?TIMER2_INIT?TIMER
  +--> ?PR?INIT_SYSTEMPARA?INIT
  +--> ?PR?ANGINIT?ANGAPP
  +--> ?PR?ADC_INIT?ADCDRV
  +--> ?PR?ADC_ENABLE?ADCDRV
  +--> ?PR?CALIBMTINIT?CALMCUT

?PR?COMM_SOFTWAREINIT?COMM                  -----    -----      0021H    0003H      -----    -----

?PR?TIMER2_INIT?TIMER                       -----    -----      -----    -----      -----    -----
  +--> ?CO?SEND

?PR?INIT_SYSTEMPARA?INIT                    -----    -----      -----    -----      -----    -----
  +--> ?CO?SEND

?PR?ANGINIT?ANGAPP                          -----    -----      -----    -----      -----    -----
BL51 BANKED LINKER/LOCATER V6.22                                                      08/29/2013  13:48:43  PAGE 9


  +--> ?PR?SNINIT?SENSOR
  +--> ?PR?_SETANGXINST?ANGAPP
  +--> ?PR?_SETANGYINST?ANGAPP
  +--> ?PR?_SETANGXSYSZERO?ANGAPP
  +--> ?PR?_SETANGYSYSZERO?ANGAPP
  +--> ?PR?_SETANGXUSRZERO?ANGAPP
  +--> ?PR?_SETANGYUSRZERO?ANGAPP
  +--> ?PR?_SETANGXSET?ANGAPP
  +--> ?PR?_SETANGYSET?ANGAPP
  +--> ?PR?_SETANGPSET?ANGAPP

?PR?SNINIT?SENSOR                           -----    -----      -----    -----      -----    -----
  +--> ?PR?CALIBINIT?CALIBRATION
  +--> ?PR?_SETFILTERCNT?SENSOR
  +--> ?PR?SNXDATAINIT?SENSOR
  +--> ?PR?_SNXFILTER?SENSOR
  +--> ?PR?_GETXOFFSET?SENSOR
  +--> ?PR?ANGXCALC?SENSOR
  +--> ?PR?SNYDATAINIT?SENSOR
  +--> ?PR?_SNYFILTER?SENSOR
  +--> ?PR?_GETYOFFSET?SENSOR
  +--> ?PR?ANGYCALC?SENSOR

?PR?CALIBINIT?CALIBRATION                   -----    -----      -----    -----      -----    -----
  +--> ?PR?_SETTEMPXCALCNT?CALIBRATION
  +--> ?PR?_GETTEMPXCALTEMPVAL?CALIBRATION
  +--> ?PR?_GETTEMPXCALADCVAL?CALIBRATION
  +--> ?PR?_SETTEMPXCALTEMPVAL?CALIBRATION
  +--> ?PR?_SETTEMPXCALADCVAL?CALIBRATION
  +--> ?PR?_SETTEMPYCALCNT?CALIBRATION
  +--> ?PR?_GETTEMPYCALTEMPVAL?CALIBRATION
  +--> ?PR?_GETTEMPYCALADCVAL?CALIBRATION
  +--> ?PR?_SETTEMPYCALTEMPVAL?CALIBRATION
  +--> ?PR?_SETTEMPYCALADCVAL?CALIBRATION
  +--> ?PR?_SETANGXCALCNT?CALIBRATION
  +--> ?PR?_GETANGXCALANGVAL?CALIBRATION
  +--> ?PR?_GETANGXCALADCVAL?CALIBRATION
  +--> ?PR?_SETANGXCALANGVAL?CALIBRATION
  +--> ?PR?_SETANGXCALADCVAL?CALIBRATION
  +--> ?PR?_SETANGYCALCNT?CALIBRATION
  +--> ?PR?_GETANGYCALANGVAL?CALIBRATION
  +--> ?PR?_GETANGYCALADCVAL?CALIBRATION
  +--> ?PR?_SETANGYCALANGVAL?CALIBRATION
  +--> ?PR?_SETANGYCALADCVAL?CALIBRATION

?PR?_SETTEMPXCALCNT?CALIBRATION             -----    -----      -----    -----      -----    -----
  +--> ?PR?_TEMP_SETCALCNT?CALIBRATION

?PR?_GETTEMPXCALTEMPVAL?CALIBRATION         -----    -----      -----    -----      -----    -----
  +--> ?PR?_TEMP_RDTEMPVAL?CALIBRATION

?PR?_GETTEMPXCALADCVAL?CALIBRATION          -----    -----      -----    -----      -----    -----
  +--> ?PR?_TEMP_RDADCVAL?CALIBRATION

?PR?_SETTEMPXCALTEMPVAL?CALIBRATION         -----    -----      -----    -----      -----    -----
  +--> ?PR?_TEMP_WRTEMPVAL?CALIBRATION

BL51 BANKED LINKER/LOCATER V6.22                                                      08/29/2013  13:48:43  PAGE 10


?PR?_TEMP_WRTEMPVAL?CALIBRATION             -----    -----      0026H    0006H      -----    -----

?PR?_SETTEMPXCALADCVAL?CALIBRATION          -----    -----      -----    -----      -----    -----
  +--> ?PR?_TEMP_WRADCVAL?CALIBRATION

?PR?_TEMP_WRADCVAL?CALIBRATION              -----    -----      0026H    0006H      -----    -----

?PR?_SETTEMPYCALCNT?CALIBRATION             -----    -----      -----    -----      -----    -----
  +--> ?PR?_TEMP_SETCALCNT?CALIBRATION

?PR?_GETTEMPYCALTEMPVAL?CALIBRATION         -----    -----      -----    -----      -----    -----
  +--> ?PR?_TEMP_RDTEMPVAL?CALIBRATION

?PR?_GETTEMPYCALADCVAL?CALIBRATION          -----    -----      -----    -----      -----    -----
  +--> ?PR?_TEMP_RDADCVAL?CALIBRATION

?PR?_SETTEMPYCALTEMPVAL?CALIBRATION         -----    -----      -----    -----      -----    -----
  +--> ?PR?_TEMP_WRTEMPVAL?CALIBRATION

?PR?_SETTEMPYCALADCVAL?CALIBRATION          -----    -----      -----    -----      -----    -----
  +--> ?PR?_TEMP_WRADCVAL?CALIBRATION

?PR?_SETANGXCALCNT?CALIBRATION              -----    -----      -----    -----      -----    -----
  +--> ?PR?_ANG_SETCALCNT?CALIBRATION

?PR?_GETANGXCALANGVAL?CALIBRATION           -----    -----      -----    -----      -----    -----
  +--> ?PR?_ANG_RDANGVAL?CALIBRATION

?PR?_GETANGXCALADCVAL?CALIBRATION           -----    -----      -----    -----      -----    -----
  +--> ?PR?_ANG_RDADCVAL?CALIBRATION

?PR?_SETANGXCALANGVAL?CALIBRATION           -----    -----      0039H    0005H      -----    -----
  +--> ?PR?_ANG_WRANGVAL?CALIBRATION

?PR?_ANG_WRANGVAL?CALIBRATION               -----    -----      003EH    0008H      -----    -----

?PR?_SETANGXCALADCVAL?CALIBRATION           -----    -----      -----    -----      -----    -----
  +--> ?PR?_ANG_WRADCVAL?CALIBRATION

?PR?_ANG_WRADCVAL?CALIBRATION               -----    -----      0039H    0006H      -----    -----

?PR?_SETANGYCALCNT?CALIBRATION              -----    -----      -----    -----      -----    -----
  +--> ?PR?_ANG_SETCALCNT?CALIBRATION

?PR?_GETANGYCALANGVAL?CALIBRATION           -----    -----      -----    -----      -----    -----
  +--> ?PR?_ANG_RDANGVAL?CALIBRATION

?PR?_GETANGYCALADCVAL?CALIBRATION           -----    -----      -----    -----      -----    -----
  +--> ?PR?_ANG_RDADCVAL?CALIBRATION

?PR?_SETANGYCALANGVAL?CALIBRATION           -----    -----      0039H    0005H      -----    -----
  +--> ?PR?_ANG_WRANGVAL?CALIBRATION

?PR?_SETANGYCALADCVAL?CALIBRATION           -----    -----      -----    -----      -----    -----
  +--> ?PR?_ANG_WRADCVAL?CALIBRATION

?PR?SNXDATAINIT?SENSOR                      -----    -----      -----    -----      -----    -----
BL51 BANKED LINKER/LOCATER V6.22                                                      08/29/2013  13:48:43  PAGE 11


  +--> ?PR?_SN_DATAINIT?SENSOR

?PR?_SN_DATAINIT?SENSOR                     -----    -----      0021H    0009H      -----    -----

?PR?_SNXFILTER?SENSOR                       -----    -----      -----    -----      -----    -----
  +--> ?PR?_SNFILTER?SENSOR

?PR?_SNFILTER?SENSOR                        -----    -----      0021H    0006H      -----    -----
  +--> ?PR?_VALINRANGE?FILTER
  +--> ?PR?_FILTER_1ST?FILTER

?PR?_FILTER_1ST?FILTER                      -----    -----      0027H    0007H      -----    -----

?PR?_GETXOFFSET?SENSOR                      -----    -----      -----    -----      -----    -----
  +--> ?PR?_GETOFFSET?SENSOR

?PR?_GETOFFSET?SENSOR                       -----    -----      0021H    0006H      -----    -----

?PR?ANGXCALC?SENSOR                         -----    -----      -----    -----      -----    -----
  +--> ?PR?_ANG_CALC?SENSOR

?PR?_ANG_CALC?SENSOR                        -----    -----      0021H    0007H      -----    -----
  +--> ?PR?_GETANGCALCVAL?SENSOR
  +--> ?PR?ASIN?ASIN

?PR?_GETANGCALCVAL?SENSOR                   -----    -----      0028H    0006H      -----    -----

?PR?ASIN?ASIN                               -----    -----      -----    -----      -----    -----
  +--> ?PR?SQRT?SQRT
  +--> ?PR?ATAN?ATAN

?PR?SQRT?SQRT                               -----    -----      004AH    0004H      -----    -----

?PR?ATAN?ATAN                               0020H.2  0000H.2    004AH    0004H      -----    -----

?PR?SNYDATAINIT?SENSOR                      -----    -----      -----    -----      -----    -----
  +--> ?PR?_SN_DATAINIT?SENSOR

?PR?_SNYFILTER?SENSOR                       -----    -----      -----    -----      -----    -----
  +--> ?PR?_SNFILTER?SENSOR

?PR?_GETYOFFSET?SENSOR                      -----    -----      -----    -----      -----    -----
  +--> ?PR?_GETOFFSET?SENSOR

?PR?ANGYCALC?SENSOR                         -----    -----      -----    -----      -----    -----
  +--> ?PR?_ANG_CALC?SENSOR

?PR?ADC_INIT?ADCDRV                         -----    -----      -----    -----      -----    -----
  +--> ?PR?ADC_SETINIT?ADCDRV
  +--> ?PR?ADC_VREFINIT?ADCDRV
  +--> ?PR?ADC_ISRINIT?ADCDRV
  +--> ?PR?ADCENTITYINIT?ADCDRV

?PR?CALIBMTINIT?CALMCUT                     -----    -----      -----    -----      -----    -----
  +--> ?PR?_SETMCUTCALCNT?CALMCUT
  +--> ?PR?_GETMCUTCALTEMPVAL?CALMCUT
  +--> ?PR?_GETMCUTCALADCVAL?CALMCUT
BL51 BANKED LINKER/LOCATER V6.22                                                      08/29/2013  13:48:43  PAGE 12


  +--> ?PR?_SETMCUTCALTEMPVAL?CALMCUT
  +--> ?PR?_SETMCUTCALADCVAL?CALMCUT

?PR?_SETMCUTCALCNT?CALMCUT                  -----    -----      -----    -----      -----    -----
  +--> ?PR?_MCUT_SETCALCNT?CALMCUT

?PR?_GETMCUTCALTEMPVAL?CALMCUT              -----    -----      -----    -----      -----    -----
  +--> ?PR?_MCUT_RDTEMPVAL?CALMCUT

?PR?_GETMCUTCALADCVAL?CALMCUT               -----    -----      -----    -----      -----    -----
  +--> ?PR?_MCUT_RDADCVAL?CALMCUT

?PR?_SETMCUTCALTEMPVAL?CALMCUT              -----    -----      -----    -----      -----    -----
  +--> ?PR?_MCUT_WRTEMPVAL?CALMCUT

?PR?_MCUT_WRTEMPVAL?CALMCUT                 -----    -----      0026H    0006H      -----    -----

?PR?_SETMCUTCALADCVAL?CALMCUT               -----    -----      -----    -----      -----    -----
  +--> ?PR?_MCUT_WRADCVAL?CALMCUT

?PR?_MCUT_WRADCVAL?CALMCUT                  -----    -----      0026H    0006H      -----    -----

?PR?FLASH_CALDATAINIT?FLASH                 -----    -----      0021H    0001H      -----    -----
  +--> ?PR?_FLASH_BUFRD?FLASH
  +--> ?PR?FLASHCHK?FLASH
  +--> ?PR?RAM_CALDATAINIT?FLASH
  +--> ?PR?FLASH_CALDATAUPDATE?FLASH
  +--> ?PR?_RAM_BUF2CALDATA?FLASH
  +--> ?PR?_FLASH_CHECKSUM?FLASH
  +--> ?PR?FLASHAREA_USER?FLASH
  +--> ?PR?_FLASH_CALDATAUPDATE_USER?FLASH
  +--> ?PR?GETANGXCALCNT?CALIBRATION
  +--> ?PR?GETANGYCALCNT?CALIBRATION
  +--> ?PR?ADC_XCALSTOP?CMDSUB
  +--> ?PR?ADC_YCALSTOP?CMDSUB
  +--> ?PR?TEMP_CALSTOP?CMDSUB
  +--> ?PR?MCUT_CALSTOP?CALMCUT
  +--> ?CO?SEND

?PR?_FLASH_BUFRD?FLASH                      0020H.2  0000H.1    0022H    0009H      -----    -----

?PR?RAM_CALDATAINIT?FLASH                   -----    -----      -----    -----      -----    -----
  +--> ?PR?ANGCALDATAINIT?CALIBRATION
  +--> ?PR?TEMPCALDATAINIT?CALIBRATION
  +--> ?PR?MTCALDATAINIT?CALMCUT

?PR?ANGCALDATAINIT?CALIBRATION              -----    -----      -----    -----      -----    -----
  +--> ?PR?_SETANGCALCNT?CALIBRATION

?PR?_SETANGCALCNT?CALIBRATION               -----    -----      -----    -----      -----    -----
  +--> ?PR?_SETANGXCALCNT?CALIBRATION
  +--> ?PR?_SETANGYCALCNT?CALIBRATION

?PR?TEMPCALDATAINIT?CALIBRATION             -----    -----      0022H    0001H      -----    -----
  +--> ?PR?_SETTEMPCALCNT?CALIBRATION

?PR?_SETTEMPCALCNT?CALIBRATION              -----    -----      -----    -----      -----    -----
BL51 BANKED LINKER/LOCATER V6.22                                                      08/29/2013  13:48:43  PAGE 13


  +--> ?PR?_SETTEMPXCALCNT?CALIBRATION
  +--> ?PR?_SETTEMPYCALCNT?CALIBRATION

?PR?MTCALDATAINIT?CALMCUT                   -----    -----      0022H    0001H      -----    -----
  +--> ?PR?_SETMCUTCALCNT?CALMCUT

?PR?FLASH_CALDATAUPDATE?FLASH               -----    -----      -----    -----      -----    -----
  +--> ?PR?_RAM_CALDATA2BUF?FLASH
  +--> ?PR?_FLASHUPDATE?FLASH

?PR?_RAM_CALDATA2BUF?FLASH                  -----    -----      0042H    0006H      -----    -----
  +--> ?PR?_GETANGXCALANGVAL?CALIBRATION
  +--> ?PR?_GETANGYCALANGVAL?CALIBRATION
  +--> ?PR?_GETANGXCALADCVAL?CALIBRATION
  +--> ?PR?_GETANGYCALADCVAL?CALIBRATION
  +--> ?PR?_GETTEMPXCALTEMPVAL?CALIBRATION
  +--> ?PR?_GETTEMPXCALADCVAL?CALIBRATION
  +--> ?PR?_GETTEMPYCALADCVAL?CALIBRATION
  +--> ?PR?GETANGXCALCNT?CALIBRATION
  +--> ?PR?GETTEMPXCALCNT?CALIBRATION
  +--> ?PR?GETANGXSYSZERO?ANGAPP
  +--> ?PR?GETANGYSYSZERO?ANGAPP
  +--> ?PR?GETMCUTCALCNT?CALMCUT
  +--> ?PR?_GETMCUTCALTEMPVAL?CALMCUT
  +--> ?PR?_GETMCUTCALADCVAL?CALMCUT
  +--> ?PR?GETFILTERCNT?SENSOR
  +--> ?PR?GETANGXUSRZERO?ANGAPP
  +--> ?PR?GETANGYUSRZERO?ANGAPP
  +--> ?PR?GETANGXINST?ANGAPP
  +--> ?PR?GETANGYINST?ANGAPP
  +--> ?PR?GETANGXSET?ANGAPP
  +--> ?PR?GETANGYSET?ANGAPP
  +--> ?PR?GETANGPSET?ANGAPP
  +--> ?PR?_FLASH_CHECKSUM?FLASH

?PR?_FLASH_CHECKSUM?FLASH                   -----    -----      0048H    0005H      -----    -----

?PR?_FLASHUPDATE?FLASH                      0020H.2  0000H.1    0042H    0007H      -----    -----
  +--> ?PR?_FLASH_PAGEERASE?FLASH
  +--> ?PR?_DELAY_MS?DELAY
  +--> ?PR?_FLASH_BUFWR?FLASH

?PR?_FLASH_PAGEERASE?FLASH                  0020H.3  0000H.1    -----    -----      -----    -----

?PR?_DELAY_MS?DELAY                         -----    -----      -----    -----      -----    -----
  +--> ?PR?DELAY_MS_?DELAY

?PR?DELAY_MS_?DELAY                         -----    -----      -----    -----      -----    -----
  +--> ?PR?DELAY_100US?DELAY

?PR?_FLASH_BUFWR?FLASH                      0020H.3  0000H.1    0049H    000BH      -----    -----

?PR?_RAM_BUF2CALDATA?FLASH                  -----    -----      0022H    0004H      -----    -----
  +--> ?PR?_SETANGXCALANGVAL?CALIBRATION
  +--> ?PR?_SETANGYCALANGVAL?CALIBRATION
  +--> ?PR?_SETANGXCALADCVAL?CALIBRATION
  +--> ?PR?_SETANGYCALADCVAL?CALIBRATION
BL51 BANKED LINKER/LOCATER V6.22                                                      08/29/2013  13:48:43  PAGE 14


  +--> ?PR?_SETTEMPXCALTEMPVAL?CALIBRATION
  +--> ?PR?_SETTEMPXCALADCVAL?CALIBRATION
  +--> ?PR?_SETTEMPYCALADCVAL?CALIBRATION
  +--> ?PR?_SETANGCALCNT?CALIBRATION
  +--> ?PR?_SETTEMPCALCNT?CALIBRATION
  +--> ?PR?_SETANGXSYSZERO?ANGAPP
  +--> ?PR?_SETANGYSYSZERO?ANGAPP
  +--> ?PR?_SETMCUTCALCNT?CALMCUT
  +--> ?PR?_SETMCUTCALTEMPVAL?CALMCUT
  +--> ?PR?_SETMCUTCALADCVAL?CALMCUT
  +--> ?PR?_SETFILTERCNT?SENSOR
  +--> ?PR?_SETANGXUSRZERO?ANGAPP
  +--> ?PR?_SETANGYUSRZERO?ANGAPP
  +--> ?PR?_SETANGXINST?ANGAPP
  +--> ?PR?_SETANGYINST?ANGAPP
  +--> ?PR?_SETANGXSET?ANGAPP
  +--> ?PR?_SETANGYSET?ANGAPP
  +--> ?PR?_SETANGPSET?ANGAPP

?PR?FLASHAREA_USER?FLASH                    -----    -----      -----    -----      -----    -----
  +--> ?PR?_FLASH_BUFRD?FLASH
  +--> ?PR?FLASHCHK?FLASH
  +--> ?PR?_FLASH_CHECKSUM?FLASH
  +--> ?PR?RAM_CALDATAINIT_USER?FLASH
  +--> ?PR?_FLASH_CALDATAUPDATE_USER?FLASH
  +--> ?PR?_RAM_BUF2CALDATA?FLASH

?PR?RAM_CALDATAINIT_USER?FLASH              -----    -----      -----    -----      -----    -----
  +--> ?PR?_SETANGXUSRZERO?ANGAPP
  +--> ?PR?_SETANGYUSRZERO?ANGAPP
  +--> ?PR?_SETANGXSET?ANGAPP
  +--> ?PR?_SETANGYSET?ANGAPP
  +--> ?PR?_SETANGPSET?ANGAPP
  +--> ?PR?_SETANGXINST?ANGAPP
  +--> ?PR?_SETANGYINST?ANGAPP
  +--> ?PR?INIT_SYSTEMPARA?INIT

?PR?_FLASH_CALDATAUPDATE_USER?FLASH         -----    -----      0039H    0009H      -----    -----
  +--> ?PR?_RAM_CALDATA2BUF?FLASH
  +--> ?PR?_FLASHUPDATE?FLASH

?PR?ADC_XCALSTOP?CMDSUB                     -----    -----      0025H    0001H      -----    -----
  +--> ?PR?_SUB_BUFBUBBLE32S?SUB
  +--> ?PR?ANGXCALCPRM?CALIBRATION

?PR?_SUB_BUFBUBBLE32S?SUB                   -----    -----      0026H    0009H      -----    -----
  +--> ?PR?_SUB_SBUFSWITCH?SUB
  +--> ?PR?_SUB_UBUFSWITCH?SUB

?PR?_SUB_SBUFSWITCH?SUB                     -----    -----      002FH    0009H      -----    -----

?PR?_SUB_UBUFSWITCH?SUB                     -----    -----      003DH    0007H      -----    -----

?PR?ANGXCALCPRM?CALIBRATION                 -----    -----      -----    -----      -----    -----
  +--> ?PR?_ANG_CALCPRM?CALIBRATION

?PR?_ANG_CALCPRM?CALIBRATION                -----    -----      0026H    000CH      -----    -----
BL51 BANKED LINKER/LOCATER V6.22                                                      08/29/2013  13:48:43  PAGE 15


  +--> ?PR?SIN?SIN

?PR?SIN?SIN                                 0020H.2  0000H.1    004AH    0004H      -----    -----

?PR?ADC_YCALSTOP?CMDSUB                     -----    -----      0025H    0001H      -----    -----
  +--> ?PR?_SUB_BUFBUBBLE32S?SUB
  +--> ?PR?ANGYCALCPRM?CALIBRATION

?PR?ANGYCALCPRM?CALIBRATION                 -----    -----      -----    -----      -----    -----
  +--> ?PR?_ANG_CALCPRM?CALIBRATION

?PR?TEMP_CALSTOP?CMDSUB                     -----    -----      -----    -----      -----    -----
  +--> ?PR?TEMPSORTANDCALCPRM?CMDSUB

?PR?TEMPSORTANDCALCPRM?CMDSUB               -----    -----      -----    -----      -----    -----
  +--> ?PR?_SUB_BUFBUBBLE16U?SUB
  +--> ?PR?TEMPXCALCPRM?CALIBRATION
  +--> ?PR?TEMPYCALCPRM?CALIBRATION

?PR?_SUB_BUFBUBBLE16U?SUB                   -----    -----      0031H    000CH      -----    -----
  +--> ?PR?_SUB_UBUFSWITCH?SUB
  +--> ?PR?_SUB_16SBUFSWITCH?SUB

?PR?_SUB_16SBUFSWITCH?SUB                   -----    -----      003DH    0007H      -----    -----

?PR?TEMPXCALCPRM?CALIBRATION                -----    -----      -----    -----      -----    -----
  +--> ?PR?_TEMP_CALCPRM?CALIBRATION

?PR?_TEMP_CALCPRM?CALIBRATION               -----    -----      0031H    0004H      -----    -----

?PR?TEMPYCALCPRM?CALIBRATION                -----    -----      -----    -----      -----    -----
  +--> ?PR?_TEMP_CALCPRM?CALIBRATION

?PR?MCUT_CALSTOP?CALMCUT                    -----    -----      -----    -----      -----    -----
  +--> ?PR?MCUTCALCPRM?CALMCUT

?PR?MCUTCALCPRM?CALMCUT                     -----    -----      -----    -----      -----    -----
  +--> ?PR?_SUB_BUFBUBBLE16S?SUB
  +--> ?PR?_MCUT_CALCPRM?CALMCUT

?PR?_SUB_BUFBUBBLE16S?SUB                   -----    -----      0025H    0009H      -----    -----
  +--> ?PR?_SUB_16SBUFSWITCH?SUB
  +--> ?PR?_SUB_UBUFSWITCH?SUB

?PR?_MCUT_CALCPRM?CALMCUT                   -----    -----      0025H    0008H      -----    -----

?PR?SNPROC?SENSOR                           -----    -----      -----    -----      -----    -----
  +--> ?PR?ADC_GETXVAL?ADCDRV
  +--> ?PR?GET_MCUTEMP?SENSOR
  +--> ?PR?ADC_GETYVAL?ADCDRV

?PR?GET_MCUTEMP?SENSOR                      -----    -----      -----    -----      -----    -----
  +--> ?PR?ADC_GETTEMP?ADCDRV

?PR?TIMER2_TASKINMAIN?TIMER                 -----    -----      -----    -----      -----    -----
  +--> ?PR?SUB_SENDANGXY?SUB

BL51 BANKED LINKER/LOCATER V6.22                                                      08/29/2013  13:48:43  PAGE 16


?PR?SUB_SENDANGXY?SUB                       -----    -----      -----    -----      -----    -----
  +--> ?CO?SUB
  +--> ?PR?_COMM_PUTSTR?COMM
  +--> ?PR?GETXANGALLSETVAL?ANGAPP
  +--> ?PR?_COMM_PUTINT32S?SUB
  +--> ?PR?GETYANGALLSETVAL?ANGAPP
  +--> ?PR?COMM_PUTNEWLINESTA?SUB

?PR?_COMM_PUTSTR?COMM                       -----    -----      0039H    0003H      -----    -----
  +--> ?PR?_COMM_PUTCHAR?COMM

?PR?_COMM_PUTCHAR?COMM                      -----    -----      003CH    0003H      -----    -----

?PR?GETXANGALLSETVAL?ANGAPP                 -----    -----      003AH    0004H      -----    -----
  +--> ?PR?GETXANG?SENSOR
  +--> ?PR?_SETANGZERO?ANGAPP
  +--> ?PR?_SETANGZEROADD?ANGAPP

?PR?_SETANGZERO?ANGAPP                      -----    -----      003EH    0004H      -----    -----

?PR?_SETANGZEROADD?ANGAPP                   -----    -----      003EH    0004H      -----    -----

?PR?_COMM_PUTINT32S?SUB                     -----    -----      -----    -----      -----    -----
  +--> ?PR?_SUB_INT32S2STR?SUB
  +--> ?PR?_COMM_PUTSTR?COMM

?PR?_SUB_INT32S2STR?SUB                     -----    -----      002CH    0007H      -----    -----

?PR?GETYANGALLSETVAL?ANGAPP                 -----    -----      003AH    0004H      -----    -----
  +--> ?PR?GETYANG?SENSOR
  +--> ?PR?_SETANGZERO?ANGAPP
  +--> ?PR?_SETANGZEROADD?ANGAPP

?PR?COMM_PUTNEWLINESTA?SUB                  -----    -----      -----    -----      -----    -----
  +--> ?PR?_COMM_PUTCHAR?COMM
  +--> ?PR?COMM_SENDSTA?COMM

?PR?SEND_TIMEPROC?SEND                      -----    -----      -----    -----      -----    -----
  +--> ?PR?_COMM_GETCHAR?COMM
  +--> ?PR?_MODRTU_RXPROC?MODBUSRTU
  +--> ?PR?_SEND_RDEAL?SEND
  +--> ?PR?_SEND_CDEAL?SEND
  +--> ?PR?_SEND_SDEAL?SEND
  +--> ?PR?_SEND_UDEAL?SEND
  +--> ?PR?_SEND_WDEAL?SEND
  +--> ?PR?_SEND_TDEAL?SEND

?PR?_COMM_GETCHAR?COMM                      -----    -----      0021H    0006H      -----    -----

?PR?_MODRTU_RXPROC?MODBUSRTU                -----    -----      0021H    0004H      -----    -----
  +--> ?PR?_MODRTU_CHKCRC?MODBUSRTU
  +--> ?PR?_MODRTU_RDREG?MODBUSRTU
  +--> ?PR?_MODRTU_WRREG?MODBUSRTU
  +--> ?PR?_MODRTU_RLYERROR?MODBUSRTU

?PR?_MODRTU_CHKCRC?MODBUSRTU                -----    -----      -----    -----      -----    -----
  +--> ?PR?_MODBUSCRCCNT?MODBUSCRC
BL51 BANKED LINKER/LOCATER V6.22                                                      08/29/2013  13:48:43  PAGE 17



?PR?_MODBUSCRCCNT?MODBUSCRC                 -----    -----      0035H    0003H      -----    -----
  +--> ?CO?MODBUSCRC

?PR?_MODRTU_RDREG?MODBUSRTU                 -----    -----      0025H    000DH      -----    -----
  +--> ?PR?_MODRTU_8TO16?MODBUSRTU
  +--> ?PR?_MODRTU_RDVAL?MODBUSRTU
  +--> ?PR?_MODRTU_RLYERROR?MODBUSRTU
  +--> ?PR?_MODBUSCRCCNT?MODBUSCRC
  +--> ?PR?_MODRTU_WRCRC?MODBUSRTU
  +--> ?PR?_COMM_PUTSTR?COMM
  +--> ?PR?COMM_SENDSTA?COMM

?PR?_MODRTU_RDVAL?MODBUSRTU                 -----    -----      0032H    0008H      0C48H    0004H
  +--> ?PR?GETXANGALLSETVAL?ANGAPP
  +--> ?PR?GETYANGALLSETVAL?ANGAPP
  +--> ?PR?GETANGP?ANGAPP
  +--> ?PR?GETANGXINST?ANGAPP
  +--> ?PR?GETANGYINST?ANGAPP
  +--> ?PR?GETANGXSET?ANGAPP
  +--> ?PR?GETANGYSET?ANGAPP
  +--> ?PR?GETANGPSET?ANGAPP
  +--> ?PR?GET_MCUTEMP?SENSOR
  +--> ?PR?_GETTEMPXCALTEMPVAL?CALIBRATION
  +--> ?PR?_GETTEMPXCALADCVAL?CALIBRATION
  +--> ?PR?_GETTEMPYCALADCVAL?CALIBRATION
  +--> ?PR?GETXOFTVAL?SENSOR
  +--> ?PR?_FLOATTOINT?MODBUSRTU
  +--> ?PR?_GETANGXCALADCVAL?CALIBRATION
  +--> ?PR?_GETANGXCALANGVAL?CALIBRATION
  +--> ?PR?GETYOFTVAL?SENSOR
  +--> ?PR?_GETANGYCALADCVAL?CALIBRATION
  +--> ?PR?_GETANGYCALANGVAL?CALIBRATION
  +--> ?PR?GETXFTVAL?SENSOR
  +--> ?PR?GETYFTVAL?SENSOR
  +--> ?PR?GETXANG?SENSOR
  +--> ?PR?GETYANG?SENSOR
  +--> ?PR?GETANGXRELSYS?ANGAPP
  +--> ?PR?GETANGYRELSYS?ANGAPP
  +--> ?PR?GETANGXZEROUSR?ANGAPP
  +--> ?PR?GETANGYZEROUSR?ANGAPP
  +--> ?PR?GETANGXSYSZERO?ANGAPP
  +--> ?PR?GETANGYSYSZERO?ANGAPP
  +--> ?PR?GETANGXUSRZERO?ANGAPP
  +--> ?PR?GETANGYUSRZERO?ANGAPP
  +--> ?PR?GETANGXCALCNT?CALIBRATION
  +--> ?PR?GETTEMPXCALCNT?CALIBRATION
  +--> ?PR?GETFILTERCNT?SENSOR
  +--> ?PR?_MODRTU_RD16U?MODBUSRTU

?PR?GETANGP?ANGAPP                          -----    -----      -----    -----      -----    -----
  +--> ?PR?GETXANGALLSETVAL?ANGAPP
  +--> ?PR?GETYANGALLSETVAL?ANGAPP
  +--> ?PR?_PANGCALC?ANGAPP

?PR?_PANGCALC?ANGAPP                        -----    -----      003AH    0010H      -----    -----
  +--> ?PR?SIN?SIN
BL51 BANKED LINKER/LOCATER V6.22                                                      08/29/2013  13:48:43  PAGE 18


  +--> ?PR?SQRT?SQRT
  +--> ?PR?ASIN?ASIN

?PR?_FLOATTOINT?MODBUSRTU                   -----    -----      003AH    000CH      -----    -----

?PR?_MODRTU_RLYERROR?MODBUSRTU              -----    -----      0032H    0003H      -----    -----
  +--> ?PR?_MODBUSCRCCNT?MODBUSCRC
  +--> ?PR?_COMM_PUTSTR?COMM
  +--> ?PR?COMM_SENDSTA?COMM

?PR?_MODRTU_WRREG?MODBUSRTU                 -----    -----      0025H    000CH      -----    -----
  +--> ?PR?_MODRTU_8TO16?MODBUSRTU
  +--> ?PR?_MODRTU_WRVAL?MODBUSRTU
  +--> ?PR?_MODRTU_RLYERROR?MODBUSRTU
  +--> ?PR?_MODBUSCRCCNT?MODBUSCRC
  +--> ?PR?_MODRTU_WRCRC?MODBUSRTU
  +--> ?PR?_COMM_PUTSTR?COMM
  +--> ?PR?COMM_SENDSTA?COMM
  +--> ?PR?FLASH_USERDATAUPDATE?FLASH

?PR?_MODRTU_WRVAL?MODBUSRTU                 -----    -----      0031H    0008H      0C48H    0008H
  +--> ?PR?_MODRTU_WR16U?MODBUSRTU
  +--> ?PR?_SETANGXINST?ANGAPP
  +--> ?PR?_SETANGYINST?ANGAPP
  +--> ?PR?_SETANGXSET?ANGAPP
  +--> ?PR?_SETANGYSET?ANGAPP
  +--> ?PR?_SETANGPSET?ANGAPP
  +--> ?PR?_MODRTU_SETZERO?MODBUSRTU
  +--> ?PR?_MODRTU_WRADDR?MODBUSRTU
  +--> ?PR?_MODRTU_WRBAUD?MODBUSRTU
  +--> ?PR?GETANGXRELSYS?ANGAPP
  +--> ?PR?_SETANGXUSRZERO?ANGAPP
  +--> ?PR?FLASH_USERDATAUPDATE?FLASH
  +--> ?PR?_SETANGCALCNT?CALIBRATION
  +--> ?PR?GETANGXCALCNT?CALIBRATION
  +--> ?PR?_SETANGXCALANGVAL?CALIBRATION
  +--> ?PR?GETXOFTVAL?SENSOR
  +--> ?PR?_SETANGXCALADCVAL?CALIBRATION
  +--> ?PR?_SETANGYCALANGVAL?CALIBRATION
  +--> ?PR?GETYOFTVAL?SENSOR
  +--> ?PR?_SETANGYCALADCVAL?CALIBRATION
  +--> ?PR?FLASH_CALDATAUPDATE?FLASH
  +--> ?PR?GETXANG?SENSOR
  +--> ?PR?_SETANGXSYSZERO?ANGAPP
  +--> ?PR?GETYANG?SENSOR
  +--> ?PR?_SETANGYSYSZERO?ANGAPP
  +--> ?PR?GETANGYRELSYS?ANGAPP
  +--> ?PR?_SETANGYUSRZERO?ANGAPP
  +--> ?PR?_SETFILTERCNT?SENSOR

?PR?_MODRTU_SETZERO?MODBUSRTU               -----    -----      0039H    0002H      -----    -----
  +--> ?PR?_MODRTU_8TO16?MODBUSRTU
  +--> ?PR?GETANGXRELSYS?ANGAPP
  +--> ?PR?_SETANGXUSRZERO?ANGAPP
  +--> ?PR?GETANGYRELSYS?ANGAPP
  +--> ?PR?_SETANGYUSRZERO?ANGAPP

BL51 BANKED LINKER/LOCATER V6.22                                                      08/29/2013  13:48:43  PAGE 19


?PR?FLASH_USERDATAUPDATE?FLASH              -----    -----      -----    -----      -----    -----
  +--> ?PR?_FLASH_CALDATAUPDATE_USER?FLASH

?PR?_SEND_RDEAL?SEND                        -----    -----      0021H    0005H      -----    -----
  +--> ?CO?SEND
  +--> ?PR?_STRNCMP?STRNCMP
  +--> ?PR?SUB_SENDPRMTALL?SUB
  +--> ?PR?SUB_SENDANGXYP?SUB
  +--> ?PR?SUB_SENDANGXY?SUB
  +--> ?PR?SUB_SENDSOFTVER?SUB
  +--> ?PR?SUB_SENDSYSNUM?SUB
  +--> ?PR?_SUB_STR2INT8U?SUB
  +--> ?PR?_SUB_SENDTEMPCAL?SUB
  +--> ?PR?_SUB_SENDMCUTEMPCAL?SUB
  +--> ?PR?SUB_SENDERR?SUB

?PR?_STRNCMP?STRNCMP                        -----    -----      002CH    0008H      -----    -----

?PR?SUB_SENDPRMTALL?SUB                     -----    -----      -----    -----      -----    -----
  +--> ?CO?SUB
  +--> ?PR?_COMM_PUTSTR?COMM
  +--> ?PR?GET_MCUTEMP?SENSOR
  +--> ?PR?_COMM_PUTINT16U?SUB
  +--> ?PR?GETXFTVAL?SENSOR
  +--> ?PR?_COMM_PUTCHAR?COMM
  +--> ?PR?GETXOFTVAL?SENSOR
  +--> ?PR?GETXANG?SENSOR
  +--> ?PR?_COMM_PUTINT32S?SUB
  +--> ?PR?GETYFTVAL?SENSOR
  +--> ?PR?GETYOFTVAL?SENSOR
  +--> ?PR?GETYANG?SENSOR
  +--> ?PR?_GETMT?CALMCUT
  +--> ?PR?COMM_PUTNEWLINESTA?SUB

?PR?_COMM_PUTINT16U?SUB                     -----    -----      -----    -----      -----    -----
  +--> ?PR?_SUB_INT16U2STR?SUB
  +--> ?PR?_COMM_PUTSTR?COMM

?PR?_SUB_INT16U2STR?SUB                     -----    -----      0039H    0005H      -----    -----

?PR?_GETMT?CALMCUT                          -----    -----      0026H    0003H      -----    -----

?PR?SUB_SENDANGXYP?SUB                      -----    -----      -----    -----      -----    -----
  +--> ?CO?SUB
  +--> ?PR?_COMM_PUTSTR?COMM
  +--> ?PR?GETXANGALLSETVAL?ANGAPP
  +--> ?PR?_COMM_PUTINT32S?SUB
  +--> ?PR?COMM_PUTNEWLINESTA?SUB
  +--> ?PR?GETYANGALLSETVAL?ANGAPP
  +--> ?PR?GETANGP?ANGAPP

?PR?SUB_SENDSOFTVER?SUB                     -----    -----      -----    -----      -----    -----
  +--> ?CO?SUB
  +--> ?PR?_COMM_PUTSTR?COMM
  +--> ?PR?COMM_PUTNEWLINESTA?SUB

?PR?SUB_SENDSYSNUM?SUB                      -----    -----      -----    -----      -----    -----
BL51 BANKED LINKER/LOCATER V6.22                                                      08/29/2013  13:48:43  PAGE 20


  +--> ?CO?SUB
  +--> ?PR?_COMM_PUTSTR?COMM
  +--> ?PR?COMM_PUTNEWLINESTA?SUB

?PR?_SUB_SENDTEMPCAL?SUB                    -----    -----      0026H    0001H      -----    -----
  +--> ?CO?SUB
  +--> ?PR?_COMM_PUTSTR?COMM
  +--> ?PR?_COMM_PUTINT8U?SUB
  +--> ?PR?_COMM_PUTCHAR?COMM
  +--> ?PR?_GETTEMPXCALTEMPVAL?CALIBRATION
  +--> ?PR?_COMM_PUTINT16U?SUB
  +--> ?PR?_GETTEMPXCALADCVAL?CALIBRATION
  +--> ?PR?_COMM_PUTINT16S?SUB
  +--> ?PR?_GETTEMPYCALADCVAL?CALIBRATION
  +--> ?PR?COMM_PUTNEWLINESTA?SUB

?PR?_COMM_PUTINT8U?SUB                      -----    -----      -----    -----      -----    -----
  +--> ?PR?_SUB_INT8U2STR?SUB
  +--> ?PR?_COMM_PUTSTR?COMM

?PR?_COMM_PUTINT16S?SUB                     -----    -----      -----    -----      -----    -----
  +--> ?PR?_SUB_INT16S2STR?SUB
  +--> ?PR?_COMM_PUTSTR?COMM

?PR?_SUB_INT16S2STR?SUB                     -----    -----      -----    -----      -----    -----
  +--> ?PR?_SUB_INT16U2STR?SUB

?PR?_SUB_SENDMCUTEMPCAL?SUB                 -----    -----      0026H    0001H      -----    -----
  +--> ?CO?SUB
  +--> ?PR?_COMM_PUTSTR?COMM
  +--> ?PR?_COMM_PUTINT8U?SUB
  +--> ?PR?_COMM_PUTCHAR?COMM
  +--> ?PR?_GETMCUTCALTEMPVAL?CALMCUT
  +--> ?PR?_COMM_PUTINT16S?SUB
  +--> ?PR?_GETMCUTCALADCVAL?CALMCUT
  +--> ?PR?_COMM_PUTINT16U?SUB
  +--> ?PR?COMM_PUTNEWLINESTA?SUB

?PR?SUB_SENDERR?SUB                         -----    -----      -----    -----      -----    -----
  +--> ?CO?SUB
  +--> ?PR?_COMM_PUTSTR?COMM
  +--> ?PR?COMM_PUTNEWLINESTA?SUB

?PR?_SEND_CDEAL?SEND                        -----    -----      0021H    0004H      -----    -----
  +--> ?CO?SEND
  +--> ?PR?_STRNCMP?STRNCMP
  +--> ?PR?SUB_SENDERR?SUB
  +--> ?PR?_SETANGXSYSZERO?ANGAPP
  +--> ?PR?_SETANGYSYSZERO?ANGAPP
  +--> ?PR?_COMM_PUTSTR?COMM
  +--> ?PR?SUB_SENDOK?SUB
  +--> ?PR?_SETANGXUSRZERO?ANGAPP
  +--> ?PR?ADC_XCALSTA?CMDSUB
  +--> ?PR?ADC_XCALSTOP?CMDSUB
  +--> ?PR?ADC_YCALSTA?CMDSUB
  +--> ?PR?ADC_YCALSTOP?CMDSUB
  +--> ?PR?_SETANGYUSRZERO?ANGAPP
BL51 BANKED LINKER/LOCATER V6.22                                                      08/29/2013  13:48:43  PAGE 21


  +--> ?PR?TEMP_CALSTA?CMDSUB
  +--> ?PR?TEMP_CALSTOP?CMDSUB
  +--> ?PR?MCUT_CALSTA?CALMCUT
  +--> ?PR?MCUT_CALSTOP?CALMCUT

?PR?SUB_SENDOK?SUB                          -----    -----      -----    -----      -----    -----
  +--> ?CO?SUB
  +--> ?PR?_COMM_PUTSTR?COMM
  +--> ?PR?COMM_PUTNEWLINESTA?SUB

?PR?_SEND_SDEAL?SEND                        -----    -----      0021H    000BH      -----    -----
  +--> ?CO?SEND
  +--> ?PR?_STRNCMP?STRNCMP
  +--> ?PR?_COMM_PUTSTR?COMM
  +--> ?PR?SUB_SENDOK?SUB
  +--> ?PR?SUB_SENDERR?SUB
  +--> ?PR?SUB_SENDANGXY?SUB
  +--> ?PR?_SUB_STR2INT8U?SUB
  +--> ?PR?_SETFILTERCNT?SENSOR
  +--> ?PR?GETXANG?SENSOR
  +--> ?PR?_SETANGXSYSZERO?ANGAPP
  +--> ?PR?GETYANG?SENSOR
  +--> ?PR?_SETANGYSYSZERO?ANGAPP
  +--> ?PR?GETANGXRELSYS?ANGAPP
  +--> ?PR?_SETANGXUSRZERO?ANGAPP
  +--> ?PR?GETANGYRELSYS?ANGAPP
  +--> ?PR?_SETANGYUSRZERO?ANGAPP
  +--> ?PR?_SUB_STR2INT32S?SUB
  +--> ?PR?_SETANGXINST?ANGAPP
  +--> ?PR?_SETANGYINST?ANGAPP
  +--> ?PR?_SETANGCALCNT?CALIBRATION
  +--> ?PR?_SETTEMPCALCNT?CALIBRATION
  +--> ?PR?_SETMCUTCALCNT?CALMCUT
  +--> ?PR?_SUB_STR2INT8S?SUB
  +--> ?PR?GET_MCUTEMP?SENSOR
  +--> ?PR?_MCUT_CALSAMP?CALMCUT
  +--> ?PR?GETXFTVAL?SENSOR
  +--> ?PR?GETYFTVAL?SENSOR
  +--> ?PR?_TEMP_CALSAMP?CMDSUB
  +--> ?PR?_TEMP_CALTREFSET?CMDSUB
  +--> ?PR?_SETANGXSET?ANGAPP
  +--> ?PR?_SETANGYSET?ANGAPP
  +--> ?PR?_SETANGPSET?ANGAPP
  +--> ?PR?_SUB_STRALARMCHECK?SUB
  +--> ?PR?_DELAY_MS?DELAY
  +--> ?PR?SUB_SYSRST?SUB

?PR?_SUB_STR2INT32S?SUB                     -----    -----      002CH    000AH      -----    -----

?PR?_SUB_STR2INT8S?SUB                      -----    -----      002CH    0003H      -----    -----
  +--> ?PR?_SUB_STR2INT8U?SUB

?PR?_MCUT_CALSAMP?CALMCUT                   -----    -----      002CH    0004H      -----    -----
  +--> ?PR?_MCUT_CALVALWR?CALMCUT
  +--> ?PR?_SUB_SENDMCUT?SUB

?PR?_MCUT_CALVALWR?CALMCUT                  -----    -----      0030H    0003H      -----    -----
BL51 BANKED LINKER/LOCATER V6.22                                                      08/29/2013  13:48:43  PAGE 22



?PR?_SUB_SENDMCUT?SUB                       -----    -----      0030H    0004H      -----    -----
  +--> ?CO?SUB
  +--> ?PR?_COMM_PUTSTR?COMM
  +--> ?PR?_COMM_PUTINT16S?SUB
  +--> ?PR?_COMM_PUTINT16U?SUB
  +--> ?PR?COMM_PUTNEWLINESTA?SUB

?PR?_TEMP_CALSAMP?CMDSUB                    -----    -----      002CH    0007H      -----    -----
  +--> ?PR?_TEMP_CALVALWR?CMDSUB
  +--> ?PR?_SUB_SENDADCTXY?SUB

?PR?_TEMP_CALVALWR?CMDSUB                   -----    -----      0033H    0007H      -----    -----

?PR?_SUB_SENDADCTXY?SUB                     -----    -----      0033H    0006H      -----    -----
  +--> ?CO?SUB
  +--> ?PR?_COMM_PUTSTR?COMM
  +--> ?PR?_COMM_PUTINT16U?SUB
  +--> ?PR?COMM_PUTNEWLINESTA?SUB

?PR?_TEMP_CALTREFSET?CMDSUB                 -----    -----      002CH    0005H      -----    -----
  +--> ?PR?TEMP_CALSTOP?CMDSUB

?PR?_SUB_STRALARMCHECK?SUB                  -----    -----      002CH    0006H      -----    -----

?PR?_SEND_UDEAL?SEND                        -----    -----      0021H    0004H      -----    -----
  +--> ?CO?SEND
  +--> ?PR?_STRNCMP?STRNCMP
  +--> ?PR?FLASH_CALDATAUPDATE?FLASH
  +--> ?PR?FLASH_USERDATAUPDATE?FLASH
  +--> ?PR?_COMM_PUTSTR?COMM
  +--> ?PR?SUB_SENDOK?SUB
  +--> ?PR?SUB_SENDERR?SUB

?PR?_SEND_WDEAL?SEND                        -----    -----      0021H    000AH      -----    -----
  +--> ?CO?SEND
  +--> ?PR?_STRNCMP?STRNCMP
  +--> ?PR?_SUB_STR2INT16S?SUB
  +--> ?PR?_SUB_STR2INT16U?SUB
  +--> ?PR?_SUB_STR2INT8U?SUB
  +--> ?PR?_TEMP_CALVALWR?CMDSUB
  +--> ?PR?SUB_SENDERR?SUB
  +--> ?PR?_STRNCPY?STRNCPY
  +--> ?PR?_COMM_PUTSTR?COMM
  +--> ?PR?SUB_SENDOK?SUB

?PR?_SUB_STR2INT16S?SUB                     -----    -----      002BH    0008H      -----    -----
  +--> ?PR?_SUB_STR2INT16U?SUB

?PR?_SUB_STR2INT16U?SUB                     -----    -----      0033H    0006H      -----    -----

?PR?_STRNCPY?STRNCPY                        -----    -----      002BH    000AH      -----    -----

?PR?_SEND_TDEAL?SEND                        -----    -----      0021H    0001H      -----    -----
  +--> ?CO?SEND
  +--> ?PR?_STRNCMP?STRNCMP
  +--> ?PR?SUB_SENDTCALTEST?SUB
BL51 BANKED LINKER/LOCATER V6.22                                                      08/29/2013  13:48:43  PAGE 23



?PR?SUB_SENDTCALTEST?SUB                    -----    -----      0022H    0004H      -----    -----
  +--> ?PR?GET_MCUTEMP?SENSOR
  +--> ?PR?_COMM_PUTINT16U?SUB
  +--> ?PR?_COMM_PUTCHAR?COMM
  +--> ?PR?_COMM_PUTINT16S?SUB
  +--> ?PR?COMM_PUTNEWLINESTA?SUB

?PR?KEY_PROC?KEY                            -----    -----      -----    -----      -----    -----
  +--> ?PR?KEY_DOWN?KEY
  +--> ?PR?GETANGXRELSYS?ANGAPP
  +--> ?PR?_SETANGXUSRZERO?ANGAPP
  +--> ?PR?GETANGYRELSYS?ANGAPP
  +--> ?PR?_SETANGYUSRZERO?ANGAPP
  +--> ?CO?KEY
  +--> ?PR?_COMM_PUTSTR?COMM
  +--> ?PR?SUB_SENDOK?SUB
  +--> ?PR?FLASH_USERDATAUPDATE?FLASH

?PR?KEY_DOWN?KEY                            -----    -----      -----    -----      -----    -----
  +--> ?PR?_DELAY_CYC?DELAY

?PR?ANGPROC?ANGAPP                          -----    -----      0021H    0008H      -----    -----
  +--> ?PR?GETXANGALLSETVAL?ANGAPP
  +--> ?PR?_ALARMX?ANGAPP
  +--> ?PR?GETYANGALLSETVAL?ANGAPP
  +--> ?PR?_ALARMY?ANGAPP
  +--> ?PR?_PANGCALC?ANGAPP
  +--> ?PR?_ALARMS?ANGAPP

*** NEW ROOT ***************************************************

?PR?ADC_ISR?ADCDRV                          -----    -----      -----    -----      -----    -----
  +--> ?PR?_ADC_SAVEANDSWITCH?ADCDRV

?PR?_ADC_SAVEANDSWITCH?ADCDRV               -----    -----      0054H    0003H      -----    -----
  +--> ?CO?ADCDRV
  +--> ?PR?_ADCFILTER?ADCDRV

?PR?_ADCFILTER?ADCDRV                       -----    -----      0057H    0005H      -----    -----
  +--> ?PR?_VALINRANGE?FILTER
  +--> ?PR?_SLIDEWINFILTER?FILTER

?PR?_SLIDEWINFILTER?FILTER                  -----    -----      005CH    0012H      -----    -----

*** NEW ROOT ***************************************************

?PR?COMM_ISR?COMM                           -----    -----      006EH    0002H      -----    -----
  +--> ?PR?_COMM_GETTXCHAR?COMM
  +--> ?PR?COMM_SENDSTOP?COMM
  +--> ?PR?_COMM_PUTRXCHAR?COMM
  +--> ?PR?COMM_TIMERINIT?COMM

?PR?_COMM_GETTXCHAR?COMM                    -----    -----      0070H    0006H      -----    -----

?PR?_COMM_PUTRXCHAR?COMM                    -----    -----      0070H    0003H      -----    -----

BL51 BANKED LINKER/LOCATER V6.22                                                      08/29/2013  13:48:43  PAGE 24


*** NEW ROOT ***************************************************

?PR?TIMER2_ISR?TIMER                        -----    -----      -----    -----      -----    -----
  +--> ?PR?TIMER2_TASKINISR?TIMER

?PR?TIMER2_TASKINISR?TIMER                  -----    -----      -----    -----      -----    -----
  +--> ?PR?COMM_TIMERPROC?COMM
  +--> ?CO?SEND



SYMBOL TABLE OF MODULE:  .\obj\164-0001-20130809 (?C_STARTUP)

  VALUE           TYPE          NAME
  ----------------------------------

  -------         MODULE        ?C_STARTUP
  C:52C3H         SEGMENT       ?C_C51STARTUP
  I:0076H         SEGMENT       ?STACK
  C:0000H         PUBLIC        ?C_STARTUP
  D:00E0H         SYMBOL        ACC
  D:00F0H         SYMBOL        B
  D:0083H         SYMBOL        DPH
  D:0082H         SYMBOL        DPL
  N:0000H         SYMBOL        IBPSTACK
  N:0100H         SYMBOL        IBPSTACKTOP
  N:0080H         SYMBOL        IDATALEN
  C:52C6H         SYMBOL        IDATALOOP
  N:0000H         SYMBOL        PBPSTACK
  N:0100H         SYMBOL        PBPSTACKTOP
  N:0000H         SYMBOL        PDATALEN
  N:0000H         SYMBOL        PDATASTART
  N:0000H         SYMBOL        PPAGE
  N:0000H         SYMBOL        PPAGEENABLE
  D:00A0H         SYMBOL        PPAGE_SFR
  D:0081H         SYMBOL        SP
  C:52C3H         SYMBOL        STARTUP1
  N:0000H         SYMBOL        XBPSTACK
  N:0000H         SYMBOL        XBPSTACKTOP
  N:0000H         SYMBOL        XDATALEN
  N:0000H         SYMBOL        XDATASTART
  C:0000H         LINE#         126
  C:52C3H         LINE#         133
  C:52C5H         LINE#         134
  C:52C6H         LINE#         135
  C:52C7H         LINE#         136
  C:52C9H         LINE#         185
  C:52CCH         LINE#         196
  -------         ENDMOD        ?C_STARTUP

  -------         MODULE        ADCDRV
  C:0000H         SYMBOL        _ICE_DUMMY_
  C:7023H         PUBLIC        Adc_Init
  D:00A0H         PUBLIC        P2
  D:00BCH         PUBLIC        ADC0CF
  D:00E6H         PUBLIC        EIE1
  C:5CDCH         SYMBOL        _Adc_SaveAndSwitch
BL51 BANKED LINKER/LOCATER V6.22                                                      08/29/2013  13:48:43  PAGE 25


  C:7137H         PUBLIC        Adc_GetXVal
  C:7140H         PUBLIC        Adc_GetYVal
  D:00E8H         PUBLIC        ADC0CN
  D:00A7H         PUBLIC        SFRPAGE
  C:72A2H         SYMBOL        Adc_VrefInit
  C:53DBH         PUBLIC        Adc_Isr
  X:0858H         PUBLIC        x_axis_adc
  X:08E0H         PUBLIC        y_axis_adc
  D:00BBH         PUBLIC        ADC0MX
  D:00D1H         PUBLIC        REF0CN
  C:63AFH         SYMBOL        AdcEntityInit
  B:00E8H.5       PUBLIC        AD0INT
  C:7149H         PUBLIC        Adc_GetTemp
  C:6944H         SYMBOL        Adc_SetInit
  I:0019H         PUBLIC        AdcSwitchId
  C:72A6H         SYMBOL        Adc_IsrInit
  C:0026H         PUBLIC        Adc_Enable
  I:001AH         PUBLIC        AdcEndTag
  D:00BEH         PUBLIC        ADC0H
  X:0968H         PUBLIC        temp_adc
  D:00BDH         PUBLIC        ADC0L
  I:001BH         PUBLIC        AdcEndId
  C:6CA7H         SYMBOL        PinIdTab
  C:55FFH         SYMBOL        _AdcFilter
  D:00BDH         PUBLIC        ADC0
  C:6CB4H         SYMBOL        PinMuxTab
  -------         PROC          ADC_INIT
  C:7023H         LINE#         45
  C:7023H         LINE#         46
  C:7023H         LINE#         47
  C:7026H         LINE#         48
  C:7029H         LINE#         49
  C:702CH         LINE#         50
  -------         ENDPROC       ADC_INIT
  -------         PROC          ADC_ENABLE
  C:0026H         LINE#         53
  C:0026H         LINE#         54
  C:0026H         LINE#         55
  C:0029H         LINE#         56
  -------         ENDPROC       ADC_ENABLE
  -------         PROC          ADC_GETXVAL
  C:7137H         LINE#         64
  C:7137H         LINE#         65
  C:7137H         LINE#         66
  C:713FH         LINE#         67
  -------         ENDPROC       ADC_GETXVAL
  -------         PROC          ADC_GETYVAL
  C:7140H         LINE#         75
  C:7140H         LINE#         76
  C:7140H         LINE#         77
  C:7148H         LINE#         78
  -------         ENDPROC       ADC_GETYVAL
  -------         PROC          ADC_GETTEMP
  C:7149H         LINE#         86
  C:7149H         LINE#         87
  C:7149H         LINE#         88
  C:7151H         LINE#         89
BL51 BANKED LINKER/LOCATER V6.22                                                      08/29/2013  13:48:43  PAGE 26


  -------         ENDPROC       ADC_GETTEMP
  -------         PROC          ADC_SETINIT
  -------         DO            
  D:0007H         SYMBOL        SfrPage_
  -------         ENDDO         
  C:6944H         LINE#         110
  C:6944H         LINE#         111
  C:6946H         LINE#         114
  C:6949H         LINE#         115
  C:694CH         LINE#         116
  C:694FH         LINE#         117
  C:6952H         LINE#         118
  C:6955H         LINE#         119
  C:6958H         LINE#         120
  C:695BH         LINE#         121
  C:695EH         LINE#         122
  C:6961H         LINE#         123
  C:6964H         LINE#         124
  C:6967H         LINE#         125
  C:6969H         LINE#         126
  C:696CH         LINE#         127
  C:696FH         LINE#         128
  C:6971H         LINE#         129
  -------         ENDPROC       ADC_SETINIT
  -------         PROC          ADC_VREFINIT
  C:72A2H         LINE#         131
  C:72A2H         LINE#         132
  C:72A2H         LINE#         133
  C:72A5H         LINE#         134
  -------         ENDPROC       ADC_VREFINIT
  -------         PROC          ADC_ISRINIT
  C:72A6H         LINE#         136
  C:72A6H         LINE#         137
  C:72A6H         LINE#         138
  C:72A9H         LINE#         139
  -------         ENDPROC       ADC_ISRINIT
  -------         PROC          _ADCFILTER
  D:0057H         SYMBOL        p_adc
  D:005AH         SYMBOL        val
  C:55FFH         LINE#         148
  C:5609H         LINE#         149
  C:5609H         LINE#         150
  C:561EH         LINE#         151
  C:561EH         LINE#         153
  C:566DH         LINE#         154
  C:566DH         LINE#         156
  C:566DH         LINE#         157
  C:567CH         LINE#         158
  C:5683H         LINE#         159
  C:5683H         LINE#         160
  -------         ENDPROC       _ADCFILTER
  -------         PROC          ADCENTITYINIT
  C:63AFH         LINE#         218
  C:63AFH         LINE#         219
  C:63AFH         LINE#         221
  C:63B4H         LINE#         222
  C:63B6H         LINE#         223
BL51 BANKED LINKER/LOCATER V6.22                                                      08/29/2013  13:48:43  PAGE 27


  C:63B8H         LINE#         224
  C:63BEH         LINE#         226
  C:63C8H         LINE#         228
  C:63CEH         LINE#         229
  C:63D1H         LINE#         230
  C:63D3H         LINE#         231
  C:63D9H         LINE#         233
  C:63E1H         LINE#         235
  C:63E7H         LINE#         236
  C:63EAH         LINE#         237
  C:63ECH         LINE#         238
  C:63F2H         LINE#         240
  -------         ENDPROC       ADCENTITYINIT
  -------         PROC          _ADC_SAVEANDSWITCH
  D:0004H         SYMBOL        val
  -------         DO            
  D:0054H         SYMBOL        adc_ent
  -------         ENDDO         
  C:5CDCH         LINE#         264
  C:5CE0H         LINE#         265
  C:5CE0H         LINE#         267
  C:5CE9H         LINE#         271
  C:5CF1H         LINE#         272
  C:5CF1H         LINE#         273
  C:5D05H         LINE#         274
  C:5D05H         LINE#         275
  C:5D11H         LINE#         276
  C:5D13H         LINE#         277
  C:5D1BH         LINE#         279
  C:5D24H         LINE#         281
  C:5D2EH         LINE#         282
  C:5D31H         LINE#         284
  C:5D37H         LINE#         285
  C:5D40H         LINE#         286
  C:5D43H         LINE#         287
  -------         ENDPROC       _ADC_SAVEANDSWITCH
  -------         PROC          ADC_ISR
  -------         DO            
  X:0852H         SYMBOL        sum
  X:0856H         SYMBOL        cnt
  -------         ENDDO         
  C:53DBH         LINE#         295
  C:53F8H         LINE#         300
  C:53FAH         LINE#         301
  C:5410H         LINE#         302
  C:5423H         LINE#         303
  C:5423H         LINE#         304
  C:5435H         LINE#         305
  C:543FH         LINE#         306
  C:5446H         LINE#         307
  C:5448H         LINE#         309
  C:544BH         LINE#         310
  -------         ENDPROC       ADC_ISR
  -------         ENDMOD        ADCDRV

  -------         MODULE        ANGAPP
  C:0000H         SYMBOL        _ICE_DUMMY_
BL51 BANKED LINKER/LOCATER V6.22                                                      08/29/2013  13:48:43  PAGE 28


  C:7260H         PUBLIC        _SetAngYUsrZero
  C:627FH         PUBLIC        GetXAngAllSetVal
  C:62CBH         PUBLIC        GetYAngAllSetVal
  D:00A0H         PUBLIC        P2
  C:724EH         PUBLIC        _SetAngXSysZero
  C:7254H         PUBLIC        _SetAngYSysZero
  B:00A0H.5       PUBLIC        LED_S
  C:6972H         PUBLIC        GetAngP
  B:00A0H.7       PUBLIC        LED_X
  B:00A0H.6       PUBLIC        LED_Y
  X:0BEBH         SYMBOL        angp
  C:35A6H         PUBLIC        AngProc
  C:510EH         PUBLIC        AngInit
  X:0BEFH         SYMBOL        angx_usrzero
  X:0BF3H         SYMBOL        angy_usrzero
  C:71FAH         PUBLIC        GetAngXInst
  C:7201H         PUBLIC        GetAngYInst
  X:0BF7H         SYMBOL        angx_syszero
  X:0BFBH         SYMBOL        angy_syszero
  C:7216H         PUBLIC        GetAngPSet
  C:7266H         PUBLIC        _SetAngXInst
  C:726CH         PUBLIC        _SetAngYInst
  C:7208H         PUBLIC        GetAngXSet
  C:720FH         PUBLIC        GetAngYSet
  C:6BF9H         PUBLIC        _AlarmS
  C:6FFCH         PUBLIC        _SetAngPSet
  C:6BBDH         PUBLIC        _AlarmX
  C:6BDBH         PUBLIC        _AlarmY
  C:6FE2H         PUBLIC        _SetAngXSet
  C:6FEFH         PUBLIC        _SetAngYSet
  X:0BFFH         SYMBOL        angx_inst
  X:0C03H         SYMBOL        angy_inst
  X:0C07H         SYMBOL        angp_set
  C:4A11H         SYMBOL        _PAngCalc
  X:0C0BH         SYMBOL        angx_set
  X:0C0FH         SYMBOL        angy_set
  C:6A94H         PUBLIC        _SetAngZero
  C:721DH         PUBLIC        GetAngXZeroUsr
  C:71ECH         PUBLIC        GetAngXUsrZero
  C:7224H         PUBLIC        GetAngYZeroUsr
  C:71F3H         PUBLIC        GetAngYUsrZero
  C:6B9FH         PUBLIC        _SetAngZeroAdd
  X:0C13H         SYMBOL        BufZerox_usr
  C:71DEH         PUBLIC        GetAngXSysZero
  X:0C17H         SYMBOL        BufZeroy_usr
  C:71E5H         PUBLIC        GetAngYSysZero
  C:722BH         PUBLIC        GetAngXRelSys
  C:7232H         PUBLIC        GetAngYRelSys
  X:0C1BH         SYMBOL        BufZerox_sys
  X:0C1FH         SYMBOL        BufZeroy_sys
  C:725AH         PUBLIC        _SetAngXUsrZero
  -------         PROC          ANGINIT
  C:510EH         LINE#         41
  C:510EH         LINE#         42
  C:510EH         LINE#         43
  C:5111H         LINE#         45
  C:511BH         LINE#         47
BL51 BANKED LINKER/LOCATER V6.22                                                      08/29/2013  13:48:43  PAGE 29


  C:5126H         LINE#         48
  C:5131H         LINE#         49
  C:513CH         LINE#         50
  C:5147H         LINE#         51
  C:5152H         LINE#         52
  C:515DH         LINE#         53
  C:5168H         LINE#         54
  C:5173H         LINE#         55
  C:517EH         LINE#         57
  C:5188H         LINE#         58
  C:5192H         LINE#         59
  C:519CH         LINE#         60
  C:51A6H         LINE#         62
  -------         ENDPROC       ANGINIT
  -------         PROC          _PANGCALC
  D:0004H         SYMBOL        angx
  D:003EH         SYMBOL        angy
  -------         DO            
  D:0042H         SYMBOL        x
  D:0004H         SYMBOL        y
  D:0046H         SYMBOL        s
  -------         ENDDO         
  C:4A11H         LINE#         70
  C:4A11H         LINE#         71
  C:4A11H         LINE#         74
  C:4A1DH         LINE#         75
  C:4A3BH         LINE#         76
  C:4A46H         LINE#         77
  C:4A59H         LINE#         79
  C:4A65H         LINE#         80
  C:4A7BH         LINE#         81
  C:4A7EH         LINE#         82
  C:4A89H         LINE#         84
  C:4A9FH         LINE#         85
  C:4AB3H         LINE#         86
  C:4AB3H         LINE#         87
  C:4ABCH         LINE#         88
  C:4ABCH         LINE#         89
  C:4AE5H         LINE#         90
  C:4AE8H         LINE#         91
  -------         ENDPROC       _PANGCALC
  -------         PROC          GETANGP
  C:6972H         LINE#         99
  C:6972H         LINE#         100
  C:6972H         LINE#         102
  C:6999H         LINE#         103
  C:699FH         LINE#         104
  -------         ENDPROC       GETANGP
  -------         PROC          GETANGXSYSZERO
  C:71DEH         LINE#         106
  C:71DEH         LINE#         107
  C:71DEH         LINE#         108
  C:71E4H         LINE#         109
  -------         ENDPROC       GETANGXSYSZERO
  -------         PROC          GETANGYSYSZERO
  C:71E5H         LINE#         110
  C:71E5H         LINE#         111
BL51 BANKED LINKER/LOCATER V6.22                                                      08/29/2013  13:48:43  PAGE 30


  C:71E5H         LINE#         112
  C:71EBH         LINE#         113
  -------         ENDPROC       GETANGYSYSZERO
  -------         PROC          GETANGXUSRZERO
  C:71ECH         LINE#         114
  C:71ECH         LINE#         115
  C:71ECH         LINE#         116
  C:71F2H         LINE#         117
  -------         ENDPROC       GETANGXUSRZERO
  -------         PROC          GETANGYUSRZERO
  C:71F3H         LINE#         118
  C:71F3H         LINE#         119
  C:71F3H         LINE#         120
  C:71F9H         LINE#         121
  -------         ENDPROC       GETANGYUSRZERO
  -------         PROC          GETANGXINST
  C:71FAH         LINE#         123
  C:71FAH         LINE#         124
  C:71FAH         LINE#         125
  C:7200H         LINE#         126
  -------         ENDPROC       GETANGXINST
  -------         PROC          GETANGYINST
  C:7201H         LINE#         127
  C:7201H         LINE#         128
  C:7201H         LINE#         129
  C:7207H         LINE#         130
  -------         ENDPROC       GETANGYINST
  -------         PROC          GETANGXSET
  C:7208H         LINE#         132
  C:7208H         LINE#         133
  C:7208H         LINE#         134
  C:720EH         LINE#         135
  -------         ENDPROC       GETANGXSET
  -------         PROC          GETANGYSET
  C:720FH         LINE#         136
  C:720FH         LINE#         137
  C:720FH         LINE#         138
  C:7215H         LINE#         139
  -------         ENDPROC       GETANGYSET
  -------         PROC          GETANGPSET
[...]
  C:6EFDH         LINE#         89
  C:6F00H         LINE#         90
  C:6F06H         LINE#         91
  C:6F09H         LINE#         93
  C:6F09H         LINE#         94
  -------         ENDPROC       TIMER2_TASKINMAIN
  -------         ENDMOD        TIMER
BL51 BANKED LINKER/LOCATER V6.22                                                      08/29/2013  13:48:43  PAGE 103



  -------         MODULE        CALMCUT
  C:0000H         SYMBOL        _ICE_DUMMY_
  D:00A0H         PUBLIC        P2
  C:729CH         PUBLIC        McuT_CalStop
  C:72BAH         PUBLIC        McuT_CalSta
  C:6C53H         PUBLIC        _Mcut_CalSamp
  C:65D6H         SYMBOL        McuTCalcPrm
  C:3A13H         SYMBOL        _Mcut_CalcPrm
  X:09F0H         PUBLIC        McuTcal
  C:6596H         PUBLIC        CalibMtInit
  C:6D96H         SYMBOL        _McuT_RdAdcVal
  C:72B6H         SYMBOL        _McuT_SetCalCnt
  X:0ACDH         SYMBOL        mtemp_buf
  C:4856H         PUBLIC        MTCalDataInit
  C:6F4EH         SYMBOL        _McuT_RdTempVal
  C:6DADH         SYMBOL        _McuT_WrAdcVal
  C:7296H         PUBLIC        GetMcuTCalCnt
  C:63F9H         PUBLIC        _McuT_CalValWr
  D:0016H         SYMBOL        PMCUTCAL
  C:70BFH         PUBLIC        _GetMcuTCalAdcVal
  C:7118H         PUBLIC        _SetMcuTCalCnt
  C:6F5FH         SYMBOL        _McuT_WrTempVal
  C:5684H         PUBLIC        _GetMt
  C:6E99H         PUBLIC        _SetMcuTCalAdcVal
  C:70B3H         PUBLIC        _GetMcuTCalTempVal
  C:6E84H         PUBLIC        _SetMcuTCalTempVal
  -------         PROC          _MCUT_SETCALCNT
  D:0001H         SYMBOL        p_cal
  D:0005H         SYMBOL        num
  C:72B6H         LINE#         15
  C:72B6H         LINE#         16
  C:72B6H         LINE#         17
  -------         ENDPROC       _MCUT_SETCALCNT
  -------         PROC          _MCUT_RDTEMPVAL
  D:0001H         SYMBOL        p_cal
  D:0005H         SYMBOL        posid
  C:6F4EH         LINE#         28
  C:6F4EH         LINE#         29
  C:6F4EH         LINE#         30
  C:6F5EH         LINE#         31
  -------         ENDPROC       _MCUT_RDTEMPVAL
  -------         PROC          _MCUT_RDADCVAL
  D:0001H         SYMBOL        p_cal
  D:0005H         SYMBOL        posid
  C:6D96H         LINE#         39
  C:6D96H         LINE#         40
  C:6D96H         LINE#         41
  C:6DACH         LINE#         42
  -------         ENDPROC       _MCUT_RDADCVAL
  -------         PROC          _MCUT_WRTEMPVAL
  D:0001H         SYMBOL        p_cal
  D:0004H         SYMBOL        val
  D:002BH         SYMBOL        posid
  C:6F5FH         LINE#         51
  C:6F5FH         LINE#         52
  C:6F5FH         LINE#         53
BL51 BANKED LINKER/LOCATER V6.22                                                      08/29/2013  13:48:43  PAGE 104


  -------         ENDPROC       _MCUT_WRTEMPVAL
  -------         PROC          _MCUT_WRADCVAL
  D:0001H         SYMBOL        p_cal
  D:0004H         SYMBOL        val
  D:002BH         SYMBOL        posid
  C:6DADH         LINE#         63
  C:6DADH         LINE#         64
  C:6DADH         LINE#         65
  -------         ENDPROC       _MCUT_WRADCVAL
  -------         PROC          _MCUT_CALCPRM
  D:0025H         SYMBOL        p_cal
  -------         DO            
  D:0028H         SYMBOL        i
  D:0029H         SYMBOL        aa
  -------         ENDDO         
  C:3A13H         LINE#         75
  C:3A19H         LINE#         76
  C:3A19H         LINE#         79
  C:3A30H         LINE#         80
  C:3A30H         LINE#         81
  C:3A61H         LINE#         82
  C:3AF6H         LINE#         83
  C:3B70H         LINE#         84
  C:3B75H         LINE#         85
  -------         ENDPROC       _MCUT_CALCPRM
  -------         PROC          _SETMCUTCALCNT
  D:0005H         SYMBOL        cnt
  C:7118H         LINE#         94
  C:711AH         LINE#         95
  C:711AH         LINE#         96
  -------         ENDPROC       _SETMCUTCALCNT
  -------         PROC          GETMCUTCALCNT
  C:7296H         LINE#         106
  C:7296H         LINE#         107
  C:7296H         LINE#         108
  C:729BH         LINE#         109
  -------         ENDPROC       GETMCUTCALCNT
  -------         PROC          _GETMCUTCALTEMPVAL
  D:0005H         SYMBOL        pos
  C:70B3H         LINE#         118
  C:70B5H         LINE#         119
  C:70B5H         LINE#         120
  C:70BEH         LINE#         121
  -------         ENDPROC       _GETMCUTCALTEMPVAL
  -------         PROC          _GETMCUTCALADCVAL
  D:0005H         SYMBOL        pos
  C:70BFH         LINE#         130
  C:70C1H         LINE#         131
  C:70C1H         LINE#         132
  C:70CAH         LINE#         133
  -------         ENDPROC       _GETMCUTCALADCVAL
  -------         PROC          _SETMCUTCALTEMPVAL
  D:0082H         SYMBOL        val
  D:0007H         SYMBOL        pos
  C:6E84H         LINE#         141
  C:6E8AH         LINE#         142
  C:6E8AH         LINE#         143
BL51 BANKED LINKER/LOCATER V6.22                                                      08/29/2013  13:48:43  PAGE 105


  -------         ENDPROC       _SETMCUTCALTEMPVAL
  -------         PROC          _SETMCUTCALADCVAL
  D:0082H         SYMBOL        val
  D:0007H         SYMBOL        pos
  C:6E99H         LINE#         152
  C:6E9FH         LINE#         153
  C:6E9FH         LINE#         154
  -------         ENDPROC       _SETMCUTCALADCVAL
  -------         PROC          CALIBMTINIT
  C:6596H         LINE#         159
  C:6596H         LINE#         160
  C:6596H         LINE#         161
  C:65A2H         LINE#         162
  C:65AEH         LINE#         163
  C:65B8H         LINE#         164
  C:65C2H         LINE#         165
  C:65CCH         LINE#         166
  -------         ENDPROC       CALIBMTINIT
  -------         PROC          MTCALDATAINIT
  -------         DO            
  D:0022H         SYMBOL        i
  -------         ENDDO         
  C:4856H         LINE#         178
  C:4856H         LINE#         179
  C:4856H         LINE#         181
  C:485BH         LINE#         182
  C:485EH         LINE#         183
  C:485EH         LINE#         184
  C:4888H         LINE#         185
  C:488CH         LINE#         186
  C:488CH         LINE#         187
  C:489FH         LINE#         188
  C:489FH         LINE#         189
  C:48C8H         LINE#         190
  C:48CFH         LINE#         191
  C:48DDH         LINE#         192
  C:48EEH         LINE#         193
  C:48F9H         LINE#         194
  C:4904H         LINE#         195
  C:490FH         LINE#         197
  C:4919H         LINE#         198
  C:4920H         LINE#         199
  C:4927H         LINE#         200
  C:492EH         LINE#         201
  C:4935H         LINE#         202
  -------         ENDPROC       MTCALDATAINIT
  -------         PROC          _GETMT
  D:0026H         SYMBOL        tadc
  -------         DO            
  D:0028H         SYMBOL        i
  D:0004H         SYMBOL        offset
  -------         ENDDO         
  C:5684H         LINE#         213
  C:5688H         LINE#         214
  C:5688H         LINE#         218
  C:569BH         LINE#         219
  C:569BH         LINE#         220
BL51 BANKED LINKER/LOCATER V6.22                                                      08/29/2013  13:48:43  PAGE 106


  C:56C0H         LINE#         221
  C:56C0H         LINE#         222
  C:56C4H         LINE#         223
  C:5708H         LINE#         225
  C:5708H         LINE#         226
  -------         ENDPROC       _GETMT
  -------         PROC          MCUTCALCPRM
  C:65D6H         LINE#         237
  C:65D6H         LINE#         238
  C:65D6H         LINE#         240
  C:660BH         LINE#         242
  -------         ENDPROC       MCUTCALCPRM
  -------         PROC          _MCUT_CALVALWR
  D:0030H         SYMBOL        id
  D:0004H         SYMBOL        temp
  D:0031H         SYMBOL        tadc
  C:63F9H         LINE#         253
  C:63FFH         LINE#         254
  C:63FFH         LINE#         255
  C:6409H         LINE#         256
  C:6424H         LINE#         257
  C:643FH         LINE#         259
  C:6441H         LINE#         260
  -------         ENDPROC       _MCUT_CALVALWR
  -------         PROC          MCUT_CALSTA
  C:72BAH         LINE#         268
  C:72BAH         LINE#         269
  C:72BAH         LINE#         272
  C:72BCH         LINE#         273
  -------         ENDPROC       MCUT_CALSTA
  -------         PROC          MCUT_CALSTOP
  C:729CH         LINE#         281
  C:729CH         LINE#         282
  C:729CH         LINE#         285
  C:729FH         LINE#         286
  C:72A1H         LINE#         287
  -------         ENDPROC       MCUT_CALSTOP
  -------         PROC          _MCUT_CALSAMP
  D:0007H         SYMBOL        id
  D:002CH         SYMBOL        temp
  D:002EH         SYMBOL        tadc
  C:6C53H         LINE#         289
  C:6C5BH         LINE#         290
  C:6C5BH         LINE#         294
  C:6C61H         LINE#         295
  C:6C63H         LINE#         296
  C:6C6EH         LINE#         297
  C:6C70H         LINE#         298
  -------         ENDPROC       _MCUT_CALSAMP
  -------         ENDMOD        CALMCUT

  -------         MODULE        ?C?FPADD
  C:0055H         PUBLIC        ?C?FPADD
  C:0051H         PUBLIC        ?C?FPSUB
  -------         ENDMOD        ?C?FPADD

  -------         MODULE        ?C?FPMUL
BL51 BANKED LINKER/LOCATER V6.22                                                      08/29/2013  13:48:43  PAGE 107


  C:0146H         PUBLIC        ?C?FPMUL
  -------         ENDMOD        ?C?FPMUL

  -------         MODULE        ?C?FPDIV
  C:024FH         PUBLIC        ?C?FPDIV
  -------         ENDMOD        ?C?FPDIV

  -------         MODULE        ?C?FPCMP
  C:02EEH         PUBLIC        ?C?FPCMP
  C:02ECH         PUBLIC        ?C?FPCMP3
  -------         ENDMOD        ?C?FPCMP

  -------         MODULE        ?C?FCAST
  C:0363H         PUBLIC        ?C?FCASTC
  C:035EH         PUBLIC        ?C?FCASTI
  C:0359H         PUBLIC        ?C?FCASTL
  -------         ENDMOD        ?C?FCAST

  -------         MODULE        ?C?CASTF
  C:0397H         PUBLIC        ?C?CASTF
  -------         ENDMOD        ?C?CASTF

  -------         MODULE        SQRT
  C:4DD7H         PUBLIC        _SQRT
  -------         ENDMOD        SQRT

  -------         MODULE        SIN
  C:38EDH         PUBLIC        _COS
  C:3903H         PUBLIC        _SIN
  C:3935H         PUBLIC        _TAN
  -------         ENDMOD        SIN

  -------         MODULE        ASIN
  C:6705H         PUBLIC        _ASIN
  -------         ENDMOD        ASIN

  -------         MODULE        ATAN
  C:3F6AH         PUBLIC        _ATAN
  -------         ENDMOD        ATAN

  -------         MODULE        ?C?CLDPTR
  C:0465H         PUBLIC        ?C?CLDPTR
  -------         ENDMOD        ?C?CLDPTR

  -------         MODULE        ?C?CLDOPTR
  C:047EH         PUBLIC        ?C?CLDOPTR
  -------         ENDMOD        ?C?CLDOPTR

  -------         MODULE        ?C?CILDPTR
  C:04ABH         PUBLIC        ?C?CILDPTR
  -------         ENDMOD        ?C?CILDPTR

  -------         MODULE        ?C?CSTPTR
  C:04CDH         PUBLIC        ?C?CSTPTR
  -------         ENDMOD        ?C?CSTPTR

  -------         MODULE        ?C?CSTOPTR
BL51 BANKED LINKER/LOCATER V6.22                                                      08/29/2013  13:48:43  PAGE 108


  C:04DFH         PUBLIC        ?C?CSTOPTR
  -------         ENDMOD        ?C?CSTOPTR

  -------         MODULE        ?C?IMUL
  C:0501H         PUBLIC        ?C?IMUL
  -------         ENDMOD        ?C?IMUL

  -------         MODULE        ?C?UIDIV
  C:0513H         PUBLIC        ?C?UIDIV
  -------         ENDMOD        ?C?UIDIV

  -------         MODULE        ?C?SIDIV
  C:0568H         PUBLIC        ?C?SIDIV
  -------         ENDMOD        ?C?SIDIV

  -------         MODULE        ?C?IILDX
  C:059EH         PUBLIC        ?C?IILDX
  -------         ENDMOD        ?C?IILDX

  -------         MODULE        ?C?ILDPTR
  C:05B4H         PUBLIC        ?C?ILDPTR
  -------         ENDMOD        ?C?ILDPTR

  -------         MODULE        ?C?ILDOPTR
  C:05DFH         PUBLIC        ?C?ILDOPTR
  -------         ENDMOD        ?C?ILDOPTR

  -------         MODULE        ?C?IILDPTR
  C:0617H         PUBLIC        ?C?IILDPTR
  -------         ENDMOD        ?C?IILDPTR

  -------         MODULE        ?C?IILDOPTR
  C:064FH         PUBLIC        ?C?IILDOPTR
  -------         ENDMOD        ?C?IILDOPTR

  -------         MODULE        ?C?ISTPTR
  C:069CH         PUBLIC        ?C?ISTPTR
  -------         ENDMOD        ?C?ISTPTR

  -------         MODULE        ?C?ISTOPTR
  C:06BBH         PUBLIC        ?C?ISTOPTR
  -------         ENDMOD        ?C?ISTOPTR

  -------         MODULE        ?C?LADD
  C:06E8H         PUBLIC        ?C?LADD
  -------         ENDMOD        ?C?LADD

  -------         MODULE        ?C?LSUB
  C:06F5H         PUBLIC        ?C?LSUB
  -------         ENDMOD        ?C?LSUB

  -------         MODULE        ?C?LMUL
  C:0703H         PUBLIC        ?C?LMUL
  -------         ENDMOD        ?C?LMUL

  -------         MODULE        ?C?ULDIV
  C:078EH         PUBLIC        ?C?ULDIV
BL51 BANKED LINKER/LOCATER V6.22                                                      08/29/2013  13:48:43  PAGE 109


  -------         ENDMOD        ?C?ULDIV

  -------         MODULE        ?C?SLDIV
  C:64CCH         PUBLIC        ?C?SLDIV
  -------         ENDMOD        ?C?SLDIV

  -------         MODULE        ?C?LNEG
  C:0820H         PUBLIC        ?C?LNEG
  -------         ENDMOD        ?C?LNEG

  -------         MODULE        ?C?SLCMP
  C:082EH         PUBLIC        ?C?SLCMP
  -------         ENDMOD        ?C?SLCMP

  -------         MODULE        ?C?ULCMP
  C:0844H         PUBLIC        ?C?ULCMP
  -------         ENDMOD        ?C?ULCMP

  -------         MODULE        ?C?ULSHR
  C:0855H         PUBLIC        ?C?ULSHR
  -------         ENDMOD        ?C?ULSHR

  -------         MODULE        ?C?LSHL
  C:0868H         PUBLIC        ?C?LSHL
  -------         ENDMOD        ?C?LSHL

  -------         MODULE        ?C?LLDPTR
  C:087BH         PUBLIC        ?C?LLDPTR
  -------         ENDMOD        ?C?LLDPTR

  -------         MODULE        ?C?LLDOPTR
  C:089BH         PUBLIC        ?C?LLDOPTR
  -------         ENDMOD        ?C?LLDOPTR

  -------         MODULE        ?C?LSTPTR
  C:08CBH         PUBLIC        ?C?LSTPTR
  -------         ENDMOD        ?C?LSTPTR

  -------         MODULE        ?C?LSTOPTR
  C:08E5H         PUBLIC        ?C?LSTOPTR
  -------         ENDMOD        ?C?LSTOPTR

  -------         MODULE        ?C?LLDXDATA
  C:0909H         PUBLIC        ?C?LLDXDATA
  -------         ENDMOD        ?C?LLDXDATA

  -------         MODULE        ?C?LLDCODE
  C:0915H         PUBLIC        ?C?LLDCODE
  -------         ENDMOD        ?C?LLDCODE

  -------         MODULE        ?C?LLDXDATA0
  C:0925H         PUBLIC        ?C?LLDXDATA0
  -------         ENDMOD        ?C?LLDXDATA0

  -------         MODULE        ?C?LLDCODE0
  C:0931H         PUBLIC        ?C?LLDCODE0
  -------         ENDMOD        ?C?LLDCODE0
BL51 BANKED LINKER/LOCATER V6.22                                                      08/29/2013  13:48:43  PAGE 110



  -------         MODULE        ?C?LLDOPTR0
  C:0941H         PUBLIC        ?C?LLDOPTR0
  -------         ENDMOD        ?C?LLDOPTR0

  -------         MODULE        ?C?LSTXDATA
  C:0971H         PUBLIC        ?C?LSTXDATA
  -------         ENDMOD        ?C?LSTXDATA

  -------         MODULE        ?C?LSTKXDATA
  C:097DH         PUBLIC        ?C?LSTKXDATA
  -------         ENDMOD        ?C?LSTKXDATA

  -------         MODULE        ?C?LSTKOPTR
  C:09AEH         PUBLIC        ?C?LSTKOPTR
  -------         ENDMOD        ?C?LSTKOPTR

  -------         MODULE        ?C?OFFXADD
  C:09D2H         PUBLIC        ?C?OFFXADD
  -------         ENDMOD        ?C?OFFXADD

  -------         MODULE        ?C?PLDIIDATA
  C:09DEH         PUBLIC        ?C?PLDIIDATA
  -------         ENDMOD        ?C?PLDIIDATA

  -------         MODULE        ?C?PLDXDATA
  C:09EEH         PUBLIC        ?C?PLDXDATA
  -------         ENDMOD        ?C?PLDXDATA

  -------         MODULE        ?C?PSTXDATA
  C:09F7H         PUBLIC        ?C?PSTXDATA
  -------         ENDMOD        ?C?PSTXDATA

  -------         MODULE        ?C?PLDOPTR
  C:0A00H         PUBLIC        ?C?PLDOPTR
  -------         ENDMOD        ?C?PLDOPTR

  -------         MODULE        ?C?PLDIOPTR
  C:0A30H         PUBLIC        ?C?PLDIOPTR
  -------         ENDMOD        ?C?PLDIOPTR

  -------         MODULE        ?C?PSTOPTR
  C:0A62H         PUBLIC        ?C?PSTOPTR
  -------         ENDMOD        ?C?PSTOPTR

  -------         MODULE        ?C?CCASE
  C:0ABBH         PUBLIC        ?C?CCASE
  -------         ENDMOD        ?C?CCASE

  -------         MODULE        ?C?ICASE
  C:0AE1H         PUBLIC        ?C?ICASE
  -------         ENDMOD        ?C?ICASE

  -------         MODULE        ?C?ICALL
  C:0B0EH         PUBLIC        ?C?ICALL
  C:0B12H         PUBLIC        ?C?ICALL2
  -------         ENDMOD        ?C?ICALL
BL51 BANKED LINKER/LOCATER V6.22                                                      08/29/2013  13:48:43  PAGE 111



  -------         MODULE        STRNCMP
  D:002CH         PUBLIC        ?_strncmp?BYTE
  C:5AC0H         PUBLIC        _strncmp
  -------         ENDMOD        STRNCMP

  -------         MODULE        STRNCPY
  D:002BH         PUBLIC        ?_strncpy?BYTE
  C:613DH         PUBLIC        _strncpy
  -------         ENDMOD        STRNCPY

  -------         MODULE        ?C?LLDIDATA
  C:0B14H         PUBLIC        ?C?LLDIDATA
  -------         ENDMOD        ?C?LLDIDATA

  -------         MODULE        ?C?LLDPDATA
  C:0B20H         PUBLIC        ?C?LLDPDATA
  -------         ENDMOD        ?C?LLDPDATA

  -------         MODULE        ?C?LLDIDATA0
  C:0B2CH         PUBLIC        ?C?LLDIDATA0
  -------         ENDMOD        ?C?LLDIDATA0

  -------         MODULE        ?C?LLDPDATA0
  C:0B39H         PUBLIC        ?C?LLDPDATA0
  -------         ENDMOD        ?C?LLDPDATA0

  -------         MODULE        ?C?LSTIDATA
  C:0B46H         PUBLIC        ?C?LSTIDATA
  -------         ENDMOD        ?C?LSTIDATA

  -------         MODULE        ?C?LSTPDATA
  C:0B52H         PUBLIC        ?C?LSTPDATA
  -------         ENDMOD        ?C?LSTPDATA

  -------         MODULE        ?C?LSTKIDATA
  C:0B5EH         PUBLIC        ?C?LSTKIDATA
  -------         ENDMOD        ?C?LSTKIDATA

  -------         MODULE        ?C?LSTKPDATA
  C:0B77H         PUBLIC        ?C?LSTKPDATA
  -------         ENDMOD        ?C?LSTKPDATA

  -------         MODULE        ?C?PLDIDATA
  C:0B90H         PUBLIC        ?C?PLDIDATA
  -------         ENDMOD        ?C?PLDIDATA

  -------         MODULE        ?C?PSTIDATA
  C:0B99H         PUBLIC        ?C?PSTIDATA
  -------         ENDMOD        ?C?PSTIDATA

  -------         MODULE        ?C?PLDIXDATA
  C:0BA2H         PUBLIC        ?C?PLDIXDATA
  -------         ENDMOD        ?C?PLDIXDATA

  -------         MODULE        ?C?PLDPDATA
  C:0BB9H         PUBLIC        ?C?PLDPDATA
BL51 BANKED LINKER/LOCATER V6.22                                                      08/29/2013  13:48:43  PAGE 112


  -------         ENDMOD        ?C?PLDPDATA

  -------         MODULE        ?C?PLDIPDATA
  C:0BC2H         PUBLIC        ?C?PLDIPDATA
  -------         ENDMOD        ?C?PLDIPDATA

  -------         MODULE        ?C?PSTPDATA
  C:0BD2H         PUBLIC        ?C?PSTPDATA
  -------         ENDMOD        ?C?PSTPDATA

  -------         MODULE        ?C?PLDCODE
  C:0BDBH         PUBLIC        ?C?PLDCODE
  -------         ENDMOD        ?C?PLDCODE

Program Size: data=114.4 xdata=3162 code=29372
LINK/LOCATE RUN COMPLETE.  0 WARNING(S),  0 ERROR(S)
