BL51 BANKED LINKER/LOCATER V6.22                                                        09/18/2013  13:48:52  PAGE 1


BL51 BANKED LINKER/LOCATER V6.22, INVOKED BY:
C:\KEIL\C51\BIN\BL51.EXE .\obj\STARTUP.obj, .\obj\AdcDrv.obj, .\obj\AngApp.obj, .\obj\Calibration.obj, .\obj\CmdSub.obj,
>>  .\obj\Comm.obj, .\obj\Delay.obj, .\obj\Filter.obj, .\obj\Flash.obj, .\obj\Init.obj, .\obj\Key.obj, .\obj\Main.obj, .
>> \obj\ModBusCrc.obj, .\obj\ModBusRtu.obj, .\obj\Send.obj, .\obj\Sensor.obj, .\obj\Sub.obj, .\obj\Timer.obj, .\obj\CalM
>> cuT.obj TO .\obj\164-0001-20130903 PRINT (.\lst\164-0001-20130903.m51) RAMSIZE (256)


MEMORY MODEL: SMALL WITH FLOATING POINT ARITHMETIC


INPUT MODULES INCLUDED:
  .\obj\STARTUP.obj (?C_STARTUP)
  .\obj\AdcDrv.obj (ADCDRV)
  .\obj\AngApp.obj (ANGAPP)
  .\obj\Calibration.obj (CALIBRATION)
  .\obj\CmdSub.obj (CMDSUB)
  .\obj\Comm.obj (COMM)
  .\obj\Delay.obj (DELAY)
  .\obj\Filter.obj (FILTER)
  .\obj\Flash.obj (FLASH)
  .\obj\Init.obj (INIT)
  .\obj\Key.obj (KEY)
  .\obj\Main.obj (MAIN)
  .\obj\ModBusCrc.obj (MODBUSCRC)
  .\obj\ModBusRtu.obj (MODBUSRTU)
  .\obj\Send.obj (SEND)
  .\obj\Sensor.obj (SENSOR)
  .\obj\Sub.obj (SUB)
  .\obj\Timer.obj (TIMER)
  .\obj\CalMcuT.obj (CALMCUT)
  C:\KEIL\C51\LIB\C51FPS.LIB (?C?FPADD)
  C:\KEIL\C51\LIB\C51FPS.LIB (?C?FPMUL)
  C:\KEIL\C51\LIB\C51FPS.LIB (?C?FPDIV)
  C:\KEIL\C51\LIB\C51FPS.LIB (?C?FPCMP)
  C:\KEIL\C51\LIB\C51FPS.LIB (?C?FCAST)
  C:\KEIL\C51\LIB\C51FPS.LIB (?C?CASTF)
  C:\KEIL\C51\LIB\C51FPS.LIB (SQRT)
  C:\KEIL\C51\LIB\C51FPS.LIB (SIN)
  C:\KEIL\C51\LIB\C51FPS.LIB (ASIN)
  C:\KEIL\C51\LIB\C51FPS.LIB (?C?FPGETOPN)
  C:\KEIL\C51\LIB\C51FPS.LIB (?C?FPSERIES)
  C:\KEIL\C51\LIB\C51FPS.LIB (ATAN)
  C:\KEIL\C51\LIB\C51S.LIB (?C_INIT)
  C:\KEIL\C51\LIB\C51S.LIB (?C?CLDPTR)
  C:\KEIL\C51\LIB\C51S.LIB (?C?CLDOPTR)
  C:\KEIL\C51\LIB\C51S.LIB (?C?CILDPTR)
  C:\KEIL\C51\LIB\C51S.LIB (?C?CSTPTR)
  C:\KEIL\C51\LIB\C51S.LIB (?C?CSTOPTR)
  C:\KEIL\C51\LIB\C51S.LIB (?C?IMUL)
  C:\KEIL\C51\LIB\C51S.LIB (?C?UIDIV)
  C:\KEIL\C51\LIB\C51S.LIB (?C?SIDIV)
  C:\KEIL\C51\LIB\C51S.LIB (?C?IILDX)
  C:\KEIL\C51\LIB\C51S.LIB (?C?ILDPTR)
  C:\KEIL\C51\LIB\C51S.LIB (?C?ILDOPTR)
  C:\KEIL\C51\LIB\C51S.LIB (?C?IILDPTR)
  C:\KEIL\C51\LIB\C51S.LIB (?C?IILDOPTR)
  C:\KEIL\C51\LIB\C51S.LIB (?C?ISTPTR)
  C:\KEIL\C51\LIB\C51S.LIB (?C?ISTOPTR)
BL51 BANKED LINKER/LOCATER V6.22                                                      09/18/2013  13:48:52  PAGE 2


  C:\KEIL\C51\LIB\C51S.LIB (?C?LADD)
  C:\KEIL\C51\LIB\C51S.LIB (?C?LSUB)
  C:\KEIL\C51\LIB\C51S.LIB (?C?LMUL)
  C:\KEIL\C51\LIB\C51S.LIB (?C?ULDIV)
  C:\KEIL\C51\LIB\C51S.LIB (?C?SLDIV)
  C:\KEIL\C51\LIB\C51S.LIB (?C?LNEG)
  C:\KEIL\C51\LIB\C51S.LIB (?C?SLCMP)
  C:\KEIL\C51\LIB\C51S.LIB (?C?ULCMP)
  C:\KEIL\C51\LIB\C51S.LIB (?C?ULSHR)
  C:\KEIL\C51\LIB\C51S.LIB (?C?LSHL)
  C:\KEIL\C51\LIB\C51S.LIB (?C?LLDPTR)
  C:\KEIL\C51\LIB\C51S.LIB (?C?LLDOPTR)
  C:\KEIL\C51\LIB\C51S.LIB (?C?LSTPTR)
  C:\KEIL\C51\LIB\C51S.LIB (?C?LSTOPTR)
  C:\KEIL\C51\LIB\C51S.LIB (?C?LLDXDATA)
  C:\KEIL\C51\LIB\C51S.LIB (?C?LLDCODE)
  C:\KEIL\C51\LIB\C51S.LIB (?C?LLDXDATA0)
  C:\KEIL\C51\LIB\C51S.LIB (?C?LLDCODE0)
  C:\KEIL\C51\LIB\C51S.LIB (?C?LLDOPTR0)
  C:\KEIL\C51\LIB\C51S.LIB (?C?LSTXDATA)
  C:\KEIL\C51\LIB\C51S.LIB (?C?LSTKXDATA)
  C:\KEIL\C51\LIB\C51S.LIB (?C?LSTKOPTR)
  C:\KEIL\C51\LIB\C51S.LIB (?C?OFFXADD)
  C:\KEIL\C51\LIB\C51S.LIB (?C?PLDIIDATA)
  C:\KEIL\C51\LIB\C51S.LIB (?C?PLDXDATA)
  C:\KEIL\C51\LIB\C51S.LIB (?C?PSTXDATA)
  C:\KEIL\C51\LIB\C51S.LIB (?C?PLDOPTR)
  C:\KEIL\C51\LIB\C51S.LIB (?C?PLDIOPTR)
  C:\KEIL\C51\LIB\C51S.LIB (?C?PSTOPTR)
  C:\KEIL\C51\LIB\C51S.LIB (?C?CCASE)
  C:\KEIL\C51\LIB\C51S.LIB (?C?ICASE)
  C:\KEIL\C51\LIB\C51S.LIB (?C?ICALL)
  C:\KEIL\C51\LIB\C51S.LIB (STRNCMP)
  C:\KEIL\C51\LIB\C51S.LIB (STRNCPY)
  C:\KEIL\C51\LIB\C51S.LIB (?C?LLDIDATA)
  C:\KEIL\C51\LIB\C51S.LIB (?C?LLDPDATA)
  C:\KEIL\C51\LIB\C51S.LIB (?C?LLDIDATA0)
  C:\KEIL\C51\LIB\C51S.LIB (?C?LLDPDATA0)
  C:\KEIL\C51\LIB\C51S.LIB (?C?LSTIDATA)
  C:\KEIL\C51\LIB\C51S.LIB (?C?LSTPDATA)
  C:\KEIL\C51\LIB\C51S.LIB (?C?LSTKIDATA)
  C:\KEIL\C51\LIB\C51S.LIB (?C?LSTKPDATA)
  C:\KEIL\C51\LIB\C51S.LIB (?C?PLDIDATA)
  C:\KEIL\C51\LIB\C51S.LIB (?C?PSTIDATA)
  C:\KEIL\C51\LIB\C51S.LIB (?C?PLDIXDATA)
  C:\KEIL\C51\LIB\C51S.LIB (?C?PLDPDATA)
  C:\KEIL\C51\LIB\C51S.LIB (?C?PLDIPDATA)
  C:\KEIL\C51\LIB\C51S.LIB (?C?PSTPDATA)
  C:\KEIL\C51\LIB\C51S.LIB (?C?PLDCODE)


LINK MAP OF MODULE:  .\obj\164-0001-20130903 (?C_STARTUP)


            TYPE    BASE      LENGTH    RELOCATION   SEGMENT NAME
            -----------------------------------------------------

BL51 BANKED LINKER/LOCATER V6.22                                                      09/18/2013  13:48:52  PAGE 3


            * * * * * * *   D A T A   M E M O R Y   * * * * * * *
            REG     0000H     0008H     ABSOLUTE     "REG BANK 0"
            DATA    0008H     000AH     UNIT         ?DT?SEND
            DATA    0012H     0004H     UNIT         ?DT?CMDSUB
            DATA    0016H     0002H     UNIT         ?DT?CALMCUT
            DATA    0018H     0001H     UNIT         ?DT?TIMER
            IDATA   0019H     0003H     UNIT         ?ID?ADCDRV
                    001CH     0004H                  *** GAP ***
            BIT     0020H.0   0000H.2   UNIT         ?BI?COMM
            BIT     0020H.2   0000H.2   UNIT         _BIT_GROUP_
                    0020H.4   0000H.4                *** GAP ***
            DATA    0021H     0055H     UNIT         _DATA_GROUP_
            IDATA   0076H     0001H     UNIT         ?STACK

            * * * * * * *  X D A T A   M E M O R Y  * * * * * * *
            XDATA   0000H     04B0H     UNIT         ?XD?CALIBRATION
            XDATA   04B0H     0200H     UNIT         ?XD?FLASH
            XDATA   06B0H     01A2H     UNIT         ?XD?COMM
            XDATA   0852H     019EH     UNIT         ?XD?ADCDRV
            XDATA   09F0H     00F1H     UNIT         ?XD?CALMCUT
            XDATA   0AE1H     00C9H     UNIT         ?XD?SEND
            XDATA   0BAAH     0041H     UNIT         ?XD?SENSOR
            XDATA   0BEBH     0038H     UNIT         ?XD?ANGAPP
            XDATA   0C23H     0018H     UNIT         ?XD?CMDSUB
            XDATA   0C3BH     000DH     UNIT         ?XD?MODBUSRTU
            XDATA   0C48H     0008H     UNIT         _XDATA_GROUP_
            XDATA   0C50H     0005H     UNIT         ?XD?MAIN
            XDATA   0C55H     0003H     UNIT         ?XD?KEY
            XDATA   0C58H     0002H     UNIT         ?XD?TIMER

            * * * * * * *   C O D E   M E M O R Y   * * * * * * *
            CODE    0000H     0003H     ABSOLUTE     
            CODE    0003H     0020H     UNIT         ?PR?_SEND_TDEAL?SEND
            CODE    0023H     0003H     ABSOLUTE     
            CODE    0026H     0004H     UNIT         ?PR?ADC_ENABLE?ADCDRV
                    002AH     0001H                  *** GAP ***
            CODE    002BH     0003H     ABSOLUTE     
            CODE    002EH     001DH     UNIT         ?PR?COMM_TIMERPROC?COMM
            CODE    004BH     0003H     ABSOLUTE     
            CODE    004EH     0B99H     UNIT         ?C?LIB_CODE
            CODE    0BE7H     0B7AH     UNIT         ?PR?_MODRTU_RDVAL?MODBUSRTU
            CODE    1761H     08B1H     UNIT         ?PR?_MODRTU_WRVAL?MODBUSRTU
            CODE    2012H     06F0H     UNIT         ?PR?_SEND_SDEAL?SEND
            CODE    2702H     034FH     UNIT         ?PR?_RAM_CALDATA2BUF?FLASH
            CODE    2A51H     02E5H     UNIT         ?PR?_RAM_BUF2CALDATA?FLASH
            CODE    2D36H     0200H     UNIT         ?CO?MODBUSCRC
            CODE    2F36H     01E4H     UNIT         ?CO?SEND
            CODE    311AH     018EH     UNIT         ?PR?_SUB_STR2INT32S?SUB
            CODE    32A8H     0183H     UNIT         ?PR?ANGPROC?ANGAPP
            CODE    342BH     017CH     UNIT         ?PR?_ANG_CALCPRM?CALIBRATION
            CODE    35A7H     016EH     UNIT         ?PR?SIN?SIN
            CODE    3715H     0165H     UNIT         ?PR?_SEND_CDEAL?SEND
            CODE    387AH     0163H     UNIT         ?PR?_MCUT_CALCPRM?CALMCUT
            CODE    39DDH     0162H     UNIT         ?PR?_SUB_INT32S2STR?SUB
            CODE    3B3FH     0146H     UNIT         ?PR?_SEND_RDEAL?SEND
            CODE    3C85H     012CH     UNIT         ?PR?_TEMP_CALCPRM?CALIBRATION
            CODE    3DB1H     0128H     UNIT         ?PR?ATAN?ATAN
BL51 BANKED LINKER/LOCATER V6.22                                                      09/18/2013  13:48:52  PAGE 4


            CODE    3ED9H     0118H     UNIT         ?PR?SEND_TIMEPROC?SEND
            CODE    3FF1H     010BH     UNIT         ?PR?ANGCALDATAINIT?CALIBRATION
            CODE    40FCH     0105H     UNIT         ?PR?FLASH_CALDATAINIT?FLASH
            CODE    4201H     0103H     UNIT         ?PR?_MODRTU_WRREG?MODBUSRTU
            CODE    4304H     0100H     UNIT         ?PR?_SEND_WDEAL?SEND
            CODE    4404H     00EDH     UNIT         ?PR?_MODRTU_RDREG?MODBUSRTU
            CODE    44F1H     00E8H     UNIT         ?PR?_TEMP_CALTREFSET?CMDSUB
            CODE    45D9H     00E4H     UNIT         ?PR?CALIBINIT?CALIBRATION
            CODE    46BDH     00E0H     UNIT         ?PR?MTCALDATAINIT?CALMCUT
            CODE    479DH     00DBH     UNIT         ?PR?_SLIDEWINFILTER?FILTER
            CODE    4878H     00D8H     UNIT         ?PR?_PANGCALC?ANGAPP
            CODE    4950H     00C4H     UNIT         ?PR?_SUB_SENDTEMPCAL?SUB
            CODE    4A14H     00BFH     UNIT         ?PR?_SUB_STR2INT16U?SUB
            CODE    4AD3H     00B7H     UNIT         ?PR?_GETOFFSET?SENSOR
            CODE    4B8AH     00B0H     UNIT         ?PR?_SUB_INT16U2STR?SUB
            CODE    4C3AH     00AAH     UNIT         ?PR?SQRT?SQRT
            CODE    4CE4H     00A7H     UNIT         ?PR?_ANG_CALC?SENSOR
            CODE    4D8BH     00A5H     UNIT         ?PR?_COMM_GETTXCHAR?COMM
            CODE    4E30H     00A4H     UNIT         ?PR?_COMM_GETCHAR?COMM
            CODE    4ED4H     00A1H     UNIT         ?PR?_GETANGCALCVAL?SENSOR
            CODE    4F75H     0099H     UNIT         ?PR?ANGINIT?ANGAPP
            CODE    500EH     008FH     UNIT         ?PR?COMM_SOFTWAREINIT?COMM
            CODE    509DH     008DH     UNIT         ?PR?_FLOATTOINT?MODBUSRTU
            CODE    512AH     008CH     UNIT         ?C_C51STARTUP
            CODE    51B6H     008CH     UNIT         ?PR?_COMM_PUTCHAR?COMM
            CODE    5242H     008BH     UNIT         ?PR?ADC_ISR?ADCDRV
            CODE    52CDH     008BH     UNIT         ?PR?SNPROC?SENSOR
            CODE    5358H     0087H     UNIT         ?PR?ADC_XCALSTOP?CMDSUB
            CODE    53DFH     0087H     UNIT         ?PR?ADC_YCALSTOP?CMDSUB
            CODE    5466H     0085H     UNIT         ?PR?_ADCFILTER?ADCDRV
            CODE    54EBH     0085H     UNIT         ?PR?_GETMT?CALMCUT
            CODE    5570H     0084H     UNIT         ?PR?_COMM_PUTRXCHAR?COMM
            CODE    55F4H     0080H     UNIT         ?PR?_SNFILTER?SENSOR
            CODE    5674H     0076H     UNIT         ?PR?_TEMP_CALVALWR?CMDSUB
            CODE    56EAH     0075H     UNIT         ?PR?_SUB_BUFBUBBLE16U?SUB
            CODE    575FH     0073H     UNIT         ?PR?SUB_SENDPRMTALL?SUB
            CODE    57D2H     0073H     UNIT         ?PR?_SUB_SENDMCUTEMPCAL?SUB
            CODE    5845H     0072H     UNIT         ?PR?COMM_ISR?COMM
            CODE    58B7H     0070H     UNIT         ?PR?TEMPSORTANDCALCPRM?CMDSUB
            CODE    5927H     006FH     UNIT         ?PR?_STRNCMP?STRNCMP
            CODE    5996H     006EH     UNIT         ?PR?SNINIT?SENSOR
            CODE    5A04H     006DH     UNIT         ?PR?_SUB_BUFBUBBLE16S?SUB
            CODE    5A71H     0069H     UNIT         ?PR?_SN_DATAINIT?SENSOR
            CODE    5ADAH     0069H     UNIT         ?PR?_SUB_BUFBUBBLE32S?SUB
            CODE    5B43H     0068H     UNIT         ?PR?_ADC_SAVEANDSWITCH?ADCDRV
            CODE    5BABH     0066H     UNIT         ?PR?_TEMP_CALSAMP?CMDSUB
            CODE    5C11H     0065H     UNIT         ?PR?_FLASH_BUFWR?FLASH
            CODE    5C76H     0065H     UNIT         ?PR?_SEND_UDEAL?SEND
            CODE    5CDBH     005FH     UNIT         ?CO?SUB
            CODE    5D3AH     005DH     UNIT         ?PR?_FILTER_1ST?FILTER
            CODE    5D97H     005CH     UNIT         ?PR?TEMPCALDATAINIT?CALIBRATION
            CODE    5DF3H     005AH     UNIT         ?PR?_SUB_STR2INT16S?SUB
            CODE    5E4DH     0058H     UNIT         ?PR?SUB_SENDTCALTEST?SUB
            CODE    5EA5H     0057H     UNIT         ?PR?_FLASH_BUFRD?FLASH
            CODE    5EFCH     0056H     UNIT         ?PR?FLASHAREA_USER?FLASH
            CODE    5F52H     0056H     UNIT         ?PR?_SUB_SBUFSWITCH?SUB
            CODE    5FA8H     0052H     UNIT         ?PR?_STRNCPY?STRNCPY
BL51 BANKED LINKER/LOCATER V6.22                                                      09/18/2013  13:48:52  PAGE 5


            CODE    5FFAH     0051H     UNIT         ?PR?INIT_SYSTEMPARA?INIT
            CODE    604BH     0050H     UNIT         ?PR?RAM_CALDATAINIT_USER?FLASH
            CODE    609BH     004FH     UNIT         ?PR?_FLASH_CALDATAUPDATE_USER?FLASH
            CODE    60EAH     004CH     UNIT         ?PR?GETXANGALLSETVAL?ANGAPP
            CODE    6136H     004CH     UNIT         ?PR?GETYANGALLSETVAL?ANGAPP
            CODE    6182H     004CH     UNIT         ?PR?_SUB_16SBUFSWITCH?SUB
            CODE    61CEH     004CH     UNIT         ?PR?_SUB_UBUFSWITCH?SUB
            CODE    621AH     004AH     UNIT         ?PR?ADCENTITYINIT?ADCDRV
            CODE    6264H     0049H     UNIT         ?PR?_MCUT_CALVALWR?CALMCUT
            CODE    62ADH     0045H     UNIT         ?PR?_MODRTU_RLYERROR?MODBUSRTU
            CODE    62F2H     0045H     UNIT         ?PR?_SUB_SENDADCTXY?SUB
            CODE    6337H     0044H     UNIT         ?C?LDIV
            CODE    637BH     0043H     UNIT         ?PR?FLASH_CALDATAUPDATE?FLASH
            CODE    63BEH     0043H     UNIT         ?PR?KEY_DOWN?KEY
            CODE    6401H     0040H     UNIT         ?PR?CALIBMTINIT?CALMCUT
            CODE    6441H     003EH     UNIT         ?PR?MCUTCALCPRM?CALMCUT
            CODE    647FH     003DH     UNIT         ?PR?TIMER2_ISR?TIMER
            CODE    64BCH     003CH     UNIT         ?PR?_MODRTU_RXPROC?MODBUSRTU
            CODE    64F8H     003CH     UNIT         ?PR?SUB_SENDANGXYP?SUB
            CODE    6534H     003CH     UNIT         ?PR?_SUB_STR2INT8U?SUB
            CODE    6570H     003BH     UNIT         ?PR?ASIN?ASIN
            CODE    65ABH     0038H     UNIT         ?PR?TIMER2_INIT?TIMER
            CODE    65E3H     0037H     UNIT         ?PR?_FLASH_CHECKSUM?FLASH
            CODE    661AH     0036H     UNIT         ?PR?TIMER2_TASKINISR?TIMER
            CODE    6650H     0035H     UNIT         ?PR?_MODBUSCRCCNT?MODBUSCRC
            CODE    6685H     0033H     UNIT         ?C_INITSEG
            CODE    66B8H     0033H     UNIT         ?PR?_MODRTU_SETZERO?MODBUSRTU
            CODE    66EBH     0032H     UNIT         ?PR?_FLASHUPDATE?FLASH
            CODE    671DH     002FH     UNIT         ?PR?_SUB_SENDMCUT?SUB
            CODE    674CH     002FH     UNIT         ?PR?_SUB_STRALARMCHECK?SUB
            CODE    677BH     002EH     UNIT         ?PR?ADC_SETINIT?ADCDRV
            CODE    67A9H     002EH     UNIT         ?PR?GETANGP?ANGAPP
            CODE    67D7H     002DH     UNIT         ?PR?MAIN?MAIN
            CODE    6804H     002AH     UNIT         ?PR?KEY_PROC?KEY
            CODE    682EH     002AH     UNIT         ?PR?_COMM_PUTINT16S?SUB
            CODE    6858H     0029H     UNIT         ?PR?_FLASH_PAGEERASE?FLASH
            CODE    6881H     0028H     UNIT         ?PR?_MODRTU_WRADDR?MODBUSRTU
            CODE    68A9H     0025H     UNIT         ?PR?_MODRTU_WRBAUD?MODBUSRTU
            CODE    68CEH     0025H     UNIT         ?PR?SUB_SENDANGXY?SUB
            CODE    68F3H     0024H     UNIT         ?PR?_SETANGZERO?ANGAPP
            CODE    6917H     0024H     UNIT         ?PR?_VALINRANGE?FILTER
            CODE    693BH     0023H     UNIT         ?PR?SYS_PORTINIT?INIT
            CODE    695EH     0022H     UNIT         ?PR?_SUB_INT16S2STR?SUB
            CODE    6980H     0021H     UNIT         ?PR?_COMM_PUTSTR?COMM
            CODE    69A1H     0021H     UNIT         ?PR?_MODRTU_WR16U?MODBUSRTU
            CODE    69C2H     0021H     UNIT         ?PR?_SUB_STR2INT8S?SUB
            CODE    69E3H     0020H     UNIT         ?PR?_SUB_INT8U2STR?SUB
            CODE    6A03H     001EH     UNIT         ?PR?_SETANGZEROADD?ANGAPP
            CODE    6A21H     001EH     UNIT         ?PR?_ALARMX?ANGAPP
            CODE    6A3FH     001EH     UNIT         ?PR?_ALARMY?ANGAPP
            CODE    6A5DH     001EH     UNIT         ?PR?_ALARMS?ANGAPP
            CODE    6A7BH     001EH     UNIT         ?PR?COMM_HARDWAREINIT?COMM
            CODE    6A99H     001EH     UNIT         ?PR?INIT_ALL?INIT
            CODE    6AB7H     001EH     UNIT         ?PR?_MCUT_CALSAMP?CALMCUT
            CODE    6AD5H     001BH     UNIT         ?PR?SNXDATAINIT?SENSOR
            CODE    6AF0H     001BH     UNIT         ?PR?SNYDATAINIT?SENSOR
            CODE    6B0BH     001AH     UNIT         ?CO?ADCDRV
BL51 BANKED LINKER/LOCATER V6.22                                                      09/18/2013  13:48:52  PAGE 6


            CODE    6B25H     0019H     UNIT         ?PR?SYS_CLKINIT?INIT
            CODE    6B3EH     0019H     UNIT         ?PR?SUB_SENDSYSNUM?SUB
            CODE    6B57H     0018H     UNIT         ?PR?FLASH_USERDATAUPDATE?FLASH
            CODE    6B6FH     0018H     UNIT         ?PR?_COMM_PUTINT16U?SUB
            CODE    6B87H     0017H     UNIT         ?PR?_TEMP_RDTEMPVAL?CALIBRATION
            CODE    6B9EH     0017H     UNIT         ?PR?_TEMP_WRTEMPVAL?CALIBRATION
            CODE    6BB5H     0017H     UNIT         ?PR?_DELAY_MS?DELAY
            CODE    6BCCH     0017H     UNIT         ?PR?_MCUT_RDADCVAL?CALMCUT
            CODE    6BE3H     0017H     UNIT         ?PR?_MCUT_WRADCVAL?CALMCUT
            CODE    6BFAH     0016H     UNIT         ?PR?TEMP_CALSTOP?CMDSUB
            CODE    6C10H     0016H     UNIT         ?PR?_MODRTU_CHKCRC?MODBUSRTU
            CODE    6C26H     0016H     UNIT         ?PR?_COMM_PUTINT8U?SUB
            CODE    6C3CH     0015H     UNIT         ?PR?_SETTEMPXCALTEMPVAL?CALIBRATION
            CODE    6C51H     0015H     UNIT         ?PR?_SETTEMPYCALTEMPVAL?CALIBRATION
            CODE    6C66H     0015H     UNIT         ?PR?_SETTEMPXCALADCVAL?CALIBRATION
            CODE    6C7BH     0015H     UNIT         ?PR?_SETANGXCALADCVAL?CALIBRATION
            CODE    6C90H     0015H     UNIT         ?PR?_SETTEMPYCALADCVAL?CALIBRATION
            CODE    6CA5H     0015H     UNIT         ?PR?_SETANGYCALADCVAL?CALIBRATION
            CODE    6CBAH     0015H     UNIT         ?PR?_SETMCUTCALTEMPVAL?CALMCUT
            CODE    6CCFH     0015H     UNIT         ?PR?_SETMCUTCALADCVAL?CALMCUT
            CODE    6CE4H     0014H     UNIT         ?PR?_COMM_PUTINT32S?SUB
            CODE    6CF8H     0012H     UNIT         ?PR?TEMP_CALSTA?CMDSUB
            CODE    6D0AH     0012H     UNIT         ?PR?_SNXFILTER?SENSOR
            CODE    6D1CH     0012H     UNIT         ?PR?_SNYFILTER?SENSOR
            CODE    6D2EH     0012H     UNIT         ?PR?TIMER2_TASKINMAIN?TIMER
            CODE    6D40H     0011H     UNIT         ?PR?_TEMP_RDADCVAL?CALIBRATION
            CODE    6D51H     0011H     UNIT         ?PR?_TEMP_WRADCVAL?CALIBRATION
            CODE    6D62H     0011H     UNIT         ?PR?_ANG_RDADCVAL?CALIBRATION
            CODE    6D73H     0011H     UNIT         ?PR?_ANG_WRADCVAL?CALIBRATION
            CODE    6D84H     0011H     UNIT         ?PR?_MCUT_RDTEMPVAL?CALMCUT
            CODE    6D95H     0011H     UNIT         ?PR?_MCUT_WRTEMPVAL?CALMCUT
            CODE    6DA6H     000FH     UNIT         ?PR?DELAY_100US?DELAY
            CODE    6DB5H     000FH     UNIT         ?PR?GET_MCUTEMP?SENSOR
            CODE    6DC4H     000EH     UNIT         ?PR?_ANG_RDANGVAL?CALIBRATION
            CODE    6DD2H     000EH     UNIT         ?PR?_ANG_WRANGVAL?CALIBRATION
            CODE    6DE0H     000EH     UNIT         ?PR?FLASHCHK?FLASH
            CODE    6DEEH     000EH     UNIT         ?PR?SUB_SENDOK?SUB
            CODE    6DFCH     000EH     UNIT         ?PR?SUB_SENDERR?SUB
            CODE    6E0AH     000EH     UNIT         ?PR?SUB_SENDSOFTVER?SUB
            CODE    6E18H     000DH     UNIT         ?PR?_SETANGXSET?ANGAPP
            CODE    6E25H     000DH     UNIT         ?PR?_SETANGYSET?ANGAPP
            CODE    6E32H     000DH     UNIT         ?PR?_SETANGPSET?ANGAPP
            CODE    6E3FH     000DH     UNIT         ?PR?_MODRTU_RD16U?MODBUSRTU
            CODE    6E4CH     000DH     UNIT         ?PR?COMM_PUTNEWLINESTA?SUB
            CODE    6E59H     000CH     UNIT         ?PR?ADC_INIT?ADCDRV
            CODE    6E65H     000CH     UNIT         ?PR?_GETTEMPXCALTEMPVAL?CALIBRATION
            CODE    6E71H     000CH     UNIT         ?PR?_GETANGXCALANGVAL?CALIBRATION
            CODE    6E7DH     000CH     UNIT         ?PR?_GETTEMPYCALTEMPVAL?CALIBRATION
            CODE    6E89H     000CH     UNIT         ?PR?_GETANGYCALANGVAL?CALIBRATION
            CODE    6E95H     000CH     UNIT         ?PR?_GETTEMPXCALADCVAL?CALIBRATION
            CODE    6EA1H     000CH     UNIT         ?PR?_GETANGXCALADCVAL?CALIBRATION
            CODE    6EADH     000CH     UNIT         ?PR?_GETTEMPYCALADCVAL?CALIBRATION
            CODE    6EB9H     000CH     UNIT         ?PR?_GETANGYCALADCVAL?CALIBRATION
            CODE    6EC5H     000CH     UNIT         ?PR?_SETANGXCALANGVAL?CALIBRATION
            CODE    6ED1H     000CH     UNIT         ?PR?_SETANGYCALANGVAL?CALIBRATION
            CODE    6EDDH     000CH     UNIT         ?PR?_MODRTU_8TO16?MODBUSRTU
            CODE    6EE9H     000CH     UNIT         ?PR?_GETMCUTCALTEMPVAL?CALMCUT
BL51 BANKED LINKER/LOCATER V6.22                                                      09/18/2013  13:48:52  PAGE 7


            CODE    6EF5H     000CH     UNIT         ?PR?_GETMCUTCALADCVAL?CALMCUT
            CODE    6F01H     000BH     UNIT         ?PR?_SETTEMPXCALCNT?CALIBRATION
            CODE    6F0CH     000BH     UNIT         ?PR?_SETANGXCALCNT?CALIBRATION
            CODE    6F17H     000BH     UNIT         ?PR?_SETTEMPYCALCNT?CALIBRATION
            CODE    6F22H     000BH     UNIT         ?PR?_SETANGYCALCNT?CALIBRATION
            CODE    6F2DH     000BH     UNIT         ?PR?_DELAY_CYC?DELAY
            CODE    6F38H     000BH     UNIT         ?PR?_MODRTU_WRCRC?MODBUSRTU
            CODE    6F43H     000BH     UNIT         ?PR?SUB_SYSRST?SUB
            CODE    6F4EH     000BH     UNIT         ?PR?_SETMCUTCALCNT?CALMCUT
            CODE    6F59H     000AH     UNIT         ?PR?COMM_TIMERINIT?COMM
            CODE    6F63H     000AH     UNIT         ?PR?DELAY_MS_?DELAY
            CODE    6F6DH     0009H     UNIT         ?PR?ADC_GETXVAL?ADCDRV
            CODE    6F76H     0009H     UNIT         ?PR?ADC_GETYVAL?ADCDRV
            CODE    6F7FH     0009H     UNIT         ?PR?ADC_GETTEMP?ADCDRV
            CODE    6F88H     0009H     UNIT         ?PR?TEMPXCALCPRM?CALIBRATION
            CODE    6F91H     0009H     UNIT         ?PR?TEMPYCALCPRM?CALIBRATION
            CODE    6F9AH     0009H     UNIT         ?PR?ANGXCALCPRM?CALIBRATION
            CODE    6FA3H     0009H     UNIT         ?PR?ANGYCALCPRM?CALIBRATION
            CODE    6FACH     0009H     UNIT         ?PR?RAM_CALDATAINIT?FLASH
            CODE    6FB5H     0009H     UNIT         ?CO?KEY
            CODE    6FBEH     0009H     UNIT         ?PR?ANGXCALC?SENSOR
            CODE    6FC7H     0009H     UNIT         ?PR?ANGYCALC?SENSOR
            CODE    6FD0H     0009H     UNIT         ?PR?GETXFTVAL?SENSOR
            CODE    6FD9H     0009H     UNIT         ?PR?GETYFTVAL?SENSOR
            CODE    6FE2H     0009H     UNIT         ?PR?GETXOFTVAL?SENSOR
            CODE    6FEBH     0009H     UNIT         ?PR?GETYOFTVAL?SENSOR
            CODE    6FF4H     0008H     UNIT         ?PR?_SETTEMPCALCNT?CALIBRATION
            CODE    6FFCH     0008H     UNIT         ?PR?_SETANGCALCNT?CALIBRATION
            CODE    7004H     0008H     UNIT         ?PR?_GETXOFFSET?SENSOR
            CODE    700CH     0008H     UNIT         ?PR?_GETYOFFSET?SENSOR
            CODE    7014H     0007H     UNIT         ?PR?GETANGXSYSZERO?ANGAPP
            CODE    701BH     0007H     UNIT         ?PR?GETANGYSYSZERO?ANGAPP
            CODE    7022H     0007H     UNIT         ?PR?GETANGXUSRZERO?ANGAPP
            CODE    7029H     0007H     UNIT         ?PR?GETANGYUSRZERO?ANGAPP
            CODE    7030H     0007H     UNIT         ?PR?GETANGXINST?ANGAPP
            CODE    7037H     0007H     UNIT         ?PR?GETANGYINST?ANGAPP
            CODE    703EH     0007H     UNIT         ?PR?GETANGXSET?ANGAPP
            CODE    7045H     0007H     UNIT         ?PR?GETANGYSET?ANGAPP
            CODE    704CH     0007H     UNIT         ?PR?GETANGPSET?ANGAPP
            CODE    7053H     0007H     UNIT         ?PR?GETANGXZEROUSR?ANGAPP
            CODE    705AH     0007H     UNIT         ?PR?GETANGYZEROUSR?ANGAPP
            CODE    7061H     0007H     UNIT         ?PR?GETANGXRELSYS?ANGAPP
            CODE    7068H     0007H     UNIT         ?PR?GETANGYRELSYS?ANGAPP
            CODE    706FH     0007H     UNIT         ?PR?MAIN_TEMP?MAIN
            CODE    7076H     0007H     UNIT         ?PR?GETXANG?SENSOR
            CODE    707DH     0007H     UNIT         ?PR?GETYANG?SENSOR
            CODE    7084H     0006H     UNIT         ?PR?_SETANGXSYSZERO?ANGAPP
            CODE    708AH     0006H     UNIT         ?PR?_SETANGYSYSZERO?ANGAPP
            CODE    7090H     0006H     UNIT         ?PR?_SETANGXUSRZERO?ANGAPP
            CODE    7096H     0006H     UNIT         ?PR?_SETANGYUSRZERO?ANGAPP
            CODE    709CH     0006H     UNIT         ?PR?_SETANGXINST?ANGAPP
            CODE    70A2H     0006H     UNIT         ?PR?_SETANGYINST?ANGAPP
            CODE    70A8H     0006H     UNIT         ?PR?GETTEMPXCALCNT?CALIBRATION
            CODE    70AEH     0006H     UNIT         ?PR?GETANGXCALCNT?CALIBRATION
            CODE    70B4H     0006H     UNIT         ?PR?GETANGYCALCNT?CALIBRATION
            CODE    70BAH     0006H     UNIT         ?PR?COMM_SENDSTA?COMM
            CODE    70C0H     0006H     UNIT         ?PR?GETFILTERCNT?SENSOR
BL51 BANKED LINKER/LOCATER V6.22                                                      09/18/2013  13:48:52  PAGE 8


            CODE    70C6H     0006H     UNIT         ?PR?_SETFILTERCNT?SENSOR
            CODE    70CCH     0006H     UNIT         ?PR?GETMCUTCALCNT?CALMCUT
            CODE    70D2H     0006H     UNIT         ?PR?MCUT_CALSTOP?CALMCUT
            CODE    70D8H     0004H     UNIT         ?PR?ADC_VREFINIT?ADCDRV
            CODE    70DCH     0004H     UNIT         ?PR?ADC_ISRINIT?ADCDRV
            CODE    70E0H     0004H     UNIT         ?PR?_TEMP_SETCALCNT?CALIBRATION
            CODE    70E4H     0004H     UNIT         ?PR?_ANG_SETCALCNT?CALIBRATION
            CODE    70E8H     0004H     UNIT         ?PR?COMM_SENDSTOP?COMM
            CODE    70ECH     0004H     UNIT         ?PR?_MCUT_SETCALCNT?CALMCUT
            CODE    70F0H     0003H     UNIT         ?PR?MCUT_CALSTA?CALMCUT



OVERLAY MAP OF MODULE:   .\obj\164-0001-20130903 (?C_STARTUP)


SEGMENT                                        BIT_GROUP          DATA_GROUP          XDATA_GROUP
  +--> CALLED SEGMENT                       START    LENGTH     START    LENGTH     START    LENGTH
---------------------------------------------------------------------------------------------------
?C_C51STARTUP                               -----    -----      -----    -----      -----    -----
  +--> ?PR?MAIN?MAIN
  +--> ?C_INITSEG

?PR?MAIN?MAIN                               -----    -----      -----    -----      -----    -----
  +--> ?PR?INIT_ALL?INIT
  +--> ?PR?FLASH_CALDATAINIT?FLASH
  +--> ?PR?MAIN_TEMP?MAIN
  +--> ?PR?_DELAY_MS?DELAY
  +--> ?PR?SNPROC?SENSOR
  +--> ?PR?TIMER2_TASKINMAIN?TIMER
  +--> ?PR?SEND_TIMEPROC?SEND
  +--> ?PR?KEY_PROC?KEY
  +--> ?PR?ANGPROC?ANGAPP

?PR?INIT_ALL?INIT                           -----    -----      -----    -----      -----    -----
  +--> ?PR?SYS_PORTINIT?INIT
  +--> ?PR?SYS_CLKINIT?INIT
  +--> ?PR?COMM_HARDWAREINIT?COMM
  +--> ?PR?COMM_SOFTWAREINIT?COMM
  +--> ?PR?TIMER2_INIT?TIMER
  +--> ?PR?INIT_SYSTEMPARA?INIT
  +--> ?PR?ANGINIT?ANGAPP
  +--> ?PR?ADC_INIT?ADCDRV
  +--> ?PR?ADC_ENABLE?ADCDRV
  +--> ?PR?CALIBMTINIT?CALMCUT

?PR?COMM_SOFTWAREINIT?COMM                  -----    -----      0021H    0003H      -----    -----

?PR?TIMER2_INIT?TIMER                       -----    -----      -----    -----      -----    -----
  +--> ?CO?SEND

?PR?INIT_SYSTEMPARA?INIT                    -----    -----      -----    -----      -----    -----
  +--> ?CO?SEND

?PR?ANGINIT?ANGAPP                          -----    -----      -----    -----      -----    -----
  +--> ?PR?SNINIT?SENSOR
  +--> ?PR?_SETANGXINST?ANGAPP
BL51 BANKED LINKER/LOCATER V6.22                                                      09/18/2013  13:48:52  PAGE 9


  +--> ?PR?_SETANGYINST?ANGAPP
  +--> ?PR?_SETANGXSYSZERO?ANGAPP
  +--> ?PR?_SETANGYSYSZERO?ANGAPP
  +--> ?PR?_SETANGXUSRZERO?ANGAPP
  +--> ?PR?_SETANGYUSRZERO?ANGAPP
  +--> ?PR?_SETANGXSET?ANGAPP
  +--> ?PR?_SETANGYSET?ANGAPP
  +--> ?PR?_SETANGPSET?ANGAPP

?PR?SNINIT?SENSOR                           -----    -----      -----    -----      -----    -----
  +--> ?PR?CALIBINIT?CALIBRATION
  +--> ?PR?_SETFILTERCNT?SENSOR
  +--> ?PR?SNXDATAINIT?SENSOR
  +--> ?PR?_SNXFILTER?SENSOR
  +--> ?PR?_GETXOFFSET?SENSOR
  +--> ?PR?ANGXCALC?SENSOR
  +--> ?PR?SNYDATAINIT?SENSOR
  +--> ?PR?_SNYFILTER?SENSOR
  +--> ?PR?_GETYOFFSET?SENSOR
  +--> ?PR?ANGYCALC?SENSOR

?PR?CALIBINIT?CALIBRATION                   -----    -----      -----    -----      -----    -----
  +--> ?PR?_SETTEMPXCALCNT?CALIBRATION
  +--> ?PR?_GETTEMPXCALTEMPVAL?CALIBRATION
  +--> ?PR?_GETTEMPXCALADCVAL?CALIBRATION
  +--> ?PR?_SETTEMPXCALTEMPVAL?CALIBRATION
  +--> ?PR?_SETTEMPXCALADCVAL?CALIBRATION
  +--> ?PR?_SETTEMPYCALCNT?CALIBRATION
  +--> ?PR?_GETTEMPYCALTEMPVAL?CALIBRATION
  +--> ?PR?_GETTEMPYCALADCVAL?CALIBRATION
  +--> ?PR?_SETTEMPYCALTEMPVAL?CALIBRATION
  +--> ?PR?_SETTEMPYCALADCVAL?CALIBRATION
  +--> ?PR?_SETANGXCALCNT?CALIBRATION
  +--> ?PR?_GETANGXCALANGVAL?CALIBRATION
  +--> ?PR?_GETANGXCALADCVAL?CALIBRATION
  +--> ?PR?_SETANGXCALANGVAL?CALIBRATION
  +--> ?PR?_SETANGXCALADCVAL?CALIBRATION
  +--> ?PR?_SETANGYCALCNT?CALIBRATION
  +--> ?PR?_GETANGYCALANGVAL?CALIBRATION
  +--> ?PR?_GETANGYCALADCVAL?CALIBRATION
  +--> ?PR?_SETANGYCALANGVAL?CALIBRATION
  +--> ?PR?_SETANGYCALADCVAL?CALIBRATION

?PR?_SETTEMPXCALCNT?CALIBRATION             -----    -----      -----    -----      -----    -----
  +--> ?PR?_TEMP_SETCALCNT?CALIBRATION

?PR?_GETTEMPXCALTEMPVAL?CALIBRATION         -----    -----      -----    -----      -----    -----
  +--> ?PR?_TEMP_RDTEMPVAL?CALIBRATION

?PR?_GETTEMPXCALADCVAL?CALIBRATION          -----    -----      -----    -----      -----    -----
  +--> ?PR?_TEMP_RDADCVAL?CALIBRATION

?PR?_SETTEMPXCALTEMPVAL?CALIBRATION         -----    -----      -----    -----      -----    -----
  +--> ?PR?_TEMP_WRTEMPVAL?CALIBRATION

?PR?_TEMP_WRTEMPVAL?CALIBRATION             -----    -----      0026H    0006H      -----    -----

BL51 BANKED LINKER/LOCATER V6.22                                                      09/18/2013  13:48:52  PAGE 10


?PR?_SETTEMPXCALADCVAL?CALIBRATION          -----    -----      -----    -----      -----    -----
  +--> ?PR?_TEMP_WRADCVAL?CALIBRATION

?PR?_TEMP_WRADCVAL?CALIBRATION              -----    -----      0026H    0006H      -----    -----

?PR?_SETTEMPYCALCNT?CALIBRATION             -----    -----      -----    -----      -----    -----
  +--> ?PR?_TEMP_SETCALCNT?CALIBRATION

?PR?_GETTEMPYCALTEMPVAL?CALIBRATION         -----    -----      -----    -----      -----    -----
  +--> ?PR?_TEMP_RDTEMPVAL?CALIBRATION

?PR?_GETTEMPYCALADCVAL?CALIBRATION          -----    -----      -----    -----      -----    -----
  +--> ?PR?_TEMP_RDADCVAL?CALIBRATION

?PR?_SETTEMPYCALTEMPVAL?CALIBRATION         -----    -----      -----    -----      -----    -----
  +--> ?PR?_TEMP_WRTEMPVAL?CALIBRATION

?PR?_SETTEMPYCALADCVAL?CALIBRATION          -----    -----      -----    -----      -----    -----
  +--> ?PR?_TEMP_WRADCVAL?CALIBRATION

?PR?_SETANGXCALCNT?CALIBRATION              -----    -----      -----    -----      -----    -----
  +--> ?PR?_ANG_SETCALCNT?CALIBRATION

?PR?_GETANGXCALANGVAL?CALIBRATION           -----    -----      -----    -----      -----    -----
  +--> ?PR?_ANG_RDANGVAL?CALIBRATION

?PR?_GETANGXCALADCVAL?CALIBRATION           -----    -----      -----    -----      -----    -----
  +--> ?PR?_ANG_RDADCVAL?CALIBRATION

?PR?_SETANGXCALANGVAL?CALIBRATION           -----    -----      0039H    0005H      -----    -----
  +--> ?PR?_ANG_WRANGVAL?CALIBRATION

?PR?_ANG_WRANGVAL?CALIBRATION               -----    -----      003EH    0008H      -----    -----

?PR?_SETANGXCALADCVAL?CALIBRATION           -----    -----      -----    -----      -----    -----
  +--> ?PR?_ANG_WRADCVAL?CALIBRATION

?PR?_ANG_WRADCVAL?CALIBRATION               -----    -----      0039H    0006H      -----    -----

?PR?_SETANGYCALCNT?CALIBRATION              -----    -----      -----    -----      -----    -----
  +--> ?PR?_ANG_SETCALCNT?CALIBRATION

?PR?_GETANGYCALANGVAL?CALIBRATION           -----    -----      -----    -----      -----    -----
  +--> ?PR?_ANG_RDANGVAL?CALIBRATION

?PR?_GETANGYCALADCVAL?CALIBRATION           -----    -----      -----    -----      -----    -----
  +--> ?PR?_ANG_RDADCVAL?CALIBRATION

?PR?_SETANGYCALANGVAL?CALIBRATION           -----    -----      0039H    0005H      -----    -----
  +--> ?PR?_ANG_WRANGVAL?CALIBRATION

?PR?_SETANGYCALADCVAL?CALIBRATION           -----    -----      -----    -----      -----    -----
  +--> ?PR?_ANG_WRADCVAL?CALIBRATION

?PR?SNXDATAINIT?SENSOR                      -----    -----      -----    -----      -----    -----
  +--> ?PR?_SN_DATAINIT?SENSOR

BL51 BANKED LINKER/LOCATER V6.22                                                      09/18/2013  13:48:52  PAGE 11


?PR?_SN_DATAINIT?SENSOR                     -----    -----      0021H    0009H      -----    -----

?PR?_SNXFILTER?SENSOR                       -----    -----      -----    -----      -----    -----
  +--> ?PR?_SNFILTER?SENSOR

?PR?_SNFILTER?SENSOR                        -----    -----      0021H    0006H      -----    -----
  +--> ?PR?_VALINRANGE?FILTER
  +--> ?PR?_FILTER_1ST?FILTER

?PR?_FILTER_1ST?FILTER                      -----    -----      0027H    0007H      -----    -----

?PR?_GETXOFFSET?SENSOR                      -----    -----      -----    -----      -----    -----
  +--> ?PR?_GETOFFSET?SENSOR

?PR?_GETOFFSET?SENSOR                       -----    -----      0021H    0006H      -----    -----

?PR?ANGXCALC?SENSOR                         -----    -----      -----    -----      -----    -----
  +--> ?PR?_ANG_CALC?SENSOR

?PR?_ANG_CALC?SENSOR                        -----    -----      0021H    0007H      -----    -----
  +--> ?PR?_GETANGCALCVAL?SENSOR
  +--> ?PR?ASIN?ASIN

?PR?_GETANGCALCVAL?SENSOR                   -----    -----      0028H    0006H      -----    -----

?PR?ASIN?ASIN                               -----    -----      -----    -----      -----    -----
  +--> ?PR?SQRT?SQRT
  +--> ?PR?ATAN?ATAN

?PR?SQRT?SQRT                               -----    -----      004AH    0004H      -----    -----

?PR?ATAN?ATAN                               0020H.2  0000H.2    004AH    0004H      -----    -----

?PR?SNYDATAINIT?SENSOR                      -----    -----      -----    -----      -----    -----
  +--> ?PR?_SN_DATAINIT?SENSOR

?PR?_SNYFILTER?SENSOR                       -----    -----      -----    -----      -----    -----
  +--> ?PR?_SNFILTER?SENSOR

?PR?_GETYOFFSET?SENSOR                      -----    -----      -----    -----      -----    -----
  +--> ?PR?_GETOFFSET?SENSOR

?PR?ANGYCALC?SENSOR                         -----    -----      -----    -----      -----    -----
  +--> ?PR?_ANG_CALC?SENSOR

?PR?ADC_INIT?ADCDRV                         -----    -----      -----    -----      -----    -----
  +--> ?PR?ADC_SETINIT?ADCDRV
  +--> ?PR?ADC_VREFINIT?ADCDRV
  +--> ?PR?ADC_ISRINIT?ADCDRV
  +--> ?PR?ADCENTITYINIT?ADCDRV

?PR?CALIBMTINIT?CALMCUT                     -----    -----      -----    -----      -----    -----
  +--> ?PR?_SETMCUTCALCNT?CALMCUT
  +--> ?PR?_GETMCUTCALTEMPVAL?CALMCUT
  +--> ?PR?_GETMCUTCALADCVAL?CALMCUT
  +--> ?PR?_SETMCUTCALTEMPVAL?CALMCUT
  +--> ?PR?_SETMCUTCALADCVAL?CALMCUT
BL51 BANKED LINKER/LOCATER V6.22                                                      09/18/2013  13:48:52  PAGE 12



?PR?_SETMCUTCALCNT?CALMCUT                  -----    -----      -----    -----      -----    -----
  +--> ?PR?_MCUT_SETCALCNT?CALMCUT

?PR?_GETMCUTCALTEMPVAL?CALMCUT              -----    -----      -----    -----      -----    -----
  +--> ?PR?_MCUT_RDTEMPVAL?CALMCUT

?PR?_GETMCUTCALADCVAL?CALMCUT               -----    -----      -----    -----      -----    -----
  +--> ?PR?_MCUT_RDADCVAL?CALMCUT

?PR?_SETMCUTCALTEMPVAL?CALMCUT              -----    -----      -----    -----      -----    -----
  +--> ?PR?_MCUT_WRTEMPVAL?CALMCUT

?PR?_MCUT_WRTEMPVAL?CALMCUT                 -----    -----      0026H    0006H      -----    -----

?PR?_SETMCUTCALADCVAL?CALMCUT               -----    -----      -----    -----      -----    -----
  +--> ?PR?_MCUT_WRADCVAL?CALMCUT

?PR?_MCUT_WRADCVAL?CALMCUT                  -----    -----      0026H    0006H      -----    -----

?PR?FLASH_CALDATAINIT?FLASH                 -----    -----      0021H    0001H      -----    -----
  +--> ?PR?_FLASH_BUFRD?FLASH
  +--> ?PR?FLASHCHK?FLASH
  +--> ?PR?RAM_CALDATAINIT?FLASH
  +--> ?PR?FLASH_CALDATAUPDATE?FLASH
  +--> ?PR?_RAM_BUF2CALDATA?FLASH
  +--> ?PR?_FLASH_CHECKSUM?FLASH
  +--> ?PR?FLASHAREA_USER?FLASH
  +--> ?PR?_FLASH_CALDATAUPDATE_USER?FLASH
  +--> ?PR?GETANGXCALCNT?CALIBRATION
  +--> ?PR?GETANGYCALCNT?CALIBRATION
  +--> ?PR?ADC_XCALSTOP?CMDSUB
  +--> ?PR?ADC_YCALSTOP?CMDSUB
  +--> ?PR?TEMP_CALSTOP?CMDSUB
  +--> ?PR?MCUT_CALSTOP?CALMCUT
  +--> ?CO?SEND

?PR?_FLASH_BUFRD?FLASH                      0020H.2  0000H.1    0022H    0009H      -----    -----

?PR?RAM_CALDATAINIT?FLASH                   -----    -----      -----    -----      -----    -----
  +--> ?PR?ANGCALDATAINIT?CALIBRATION
  +--> ?PR?TEMPCALDATAINIT?CALIBRATION
  +--> ?PR?MTCALDATAINIT?CALMCUT

?PR?ANGCALDATAINIT?CALIBRATION              -----    -----      -----    -----      -----    -----
  +--> ?PR?_SETANGCALCNT?CALIBRATION

?PR?_SETANGCALCNT?CALIBRATION               -----    -----      -----    -----      -----    -----
  +--> ?PR?_SETANGXCALCNT?CALIBRATION
  +--> ?PR?_SETANGYCALCNT?CALIBRATION

?PR?TEMPCALDATAINIT?CALIBRATION             -----    -----      0022H    0001H      -----    -----
  +--> ?PR?_SETTEMPCALCNT?CALIBRATION

?PR?_SETTEMPCALCNT?CALIBRATION              -----    -----      -----    -----      -----    -----
  +--> ?PR?_SETTEMPXCALCNT?CALIBRATION
  +--> ?PR?_SETTEMPYCALCNT?CALIBRATION
BL51 BANKED LINKER/LOCATER V6.22                                                      09/18/2013  13:48:52  PAGE 13



?PR?MTCALDATAINIT?CALMCUT                   -----    -----      0022H    0001H      -----    -----
  +--> ?PR?_SETMCUTCALCNT?CALMCUT

?PR?FLASH_CALDATAUPDATE?FLASH               -----    -----      -----    -----      -----    -----
  +--> ?PR?_RAM_CALDATA2BUF?FLASH
  +--> ?PR?_FLASHUPDATE?FLASH

?PR?_RAM_CALDATA2BUF?FLASH                  -----    -----      0042H    0006H      -----    -----
  +--> ?PR?_GETANGXCALANGVAL?CALIBRATION
  +--> ?PR?_GETANGYCALANGVAL?CALIBRATION
  +--> ?PR?_GETANGXCALADCVAL?CALIBRATION
  +--> ?PR?_GETANGYCALADCVAL?CALIBRATION
  +--> ?PR?_GETTEMPXCALTEMPVAL?CALIBRATION
  +--> ?PR?_GETTEMPXCALADCVAL?CALIBRATION
  +--> ?PR?_GETTEMPYCALADCVAL?CALIBRATION
  +--> ?PR?GETANGXCALCNT?CALIBRATION
  +--> ?PR?GETTEMPXCALCNT?CALIBRATION
  +--> ?PR?GETANGXSYSZERO?ANGAPP
  +--> ?PR?GETANGYSYSZERO?ANGAPP
  +--> ?PR?GETMCUTCALCNT?CALMCUT
  +--> ?PR?_GETMCUTCALTEMPVAL?CALMCUT
  +--> ?PR?_GETMCUTCALADCVAL?CALMCUT
  +--> ?PR?GETFILTERCNT?SENSOR
  +--> ?PR?GETANGXUSRZERO?ANGAPP
  +--> ?PR?GETANGYUSRZERO?ANGAPP
  +--> ?PR?GETANGXINST?ANGAPP
  +--> ?PR?GETANGYINST?ANGAPP
  +--> ?PR?GETANGXSET?ANGAPP
  +--> ?PR?GETANGYSET?ANGAPP
  +--> ?PR?GETANGPSET?ANGAPP
  +--> ?PR?_FLASH_CHECKSUM?FLASH

?PR?_FLASH_CHECKSUM?FLASH                   -----    -----      0048H    0005H      -----    -----

?PR?_FLASHUPDATE?FLASH                      0020H.2  0000H.1    0042H    0007H      -----    -----
  +--> ?PR?_FLASH_PAGEERASE?FLASH
  +--> ?PR?_DELAY_MS?DELAY
  +--> ?PR?_FLASH_BUFWR?FLASH

?PR?_FLASH_PAGEERASE?FLASH                  0020H.3  0000H.1    -----    -----      -----    -----

?PR?_DELAY_MS?DELAY                         -----    -----      -----    -----      -----    -----
  +--> ?PR?DELAY_MS_?DELAY

?PR?DELAY_MS_?DELAY                         -----    -----      -----    -----      -----    -----
  +--> ?PR?DELAY_100US?DELAY

?PR?_FLASH_BUFWR?FLASH                      0020H.3  0000H.1    0049H    000BH      -----    -----

?PR?_RAM_BUF2CALDATA?FLASH                  -----    -----      0022H    0004H      -----    -----
  +--> ?PR?_SETANGXCALANGVAL?CALIBRATION
  +--> ?PR?_SETANGYCALANGVAL?CALIBRATION
  +--> ?PR?_SETANGXCALADCVAL?CALIBRATION
  +--> ?PR?_SETANGYCALADCVAL?CALIBRATION
  +--> ?PR?_SETTEMPXCALTEMPVAL?CALIBRATION
  +--> ?PR?_SETTEMPXCALADCVAL?CALIBRATION
BL51 BANKED LINKER/LOCATER V6.22                                                      09/18/2013  13:48:52  PAGE 14


  +--> ?PR?_SETTEMPYCALADCVAL?CALIBRATION
  +--> ?PR?_SETANGCALCNT?CALIBRATION
  +--> ?PR?_SETTEMPCALCNT?CALIBRATION
  +--> ?PR?_SETANGXSYSZERO?ANGAPP
  +--> ?PR?_SETANGYSYSZERO?ANGAPP
  +--> ?PR?_SETMCUTCALCNT?CALMCUT
  +--> ?PR?_SETMCUTCALTEMPVAL?CALMCUT
  +--> ?PR?_SETMCUTCALADCVAL?CALMCUT
  +--> ?PR?_SETFILTERCNT?SENSOR
  +--> ?PR?_SETANGXUSRZERO?ANGAPP
  +--> ?PR?_SETANGYUSRZERO?ANGAPP
  +--> ?PR?_SETANGXINST?ANGAPP
  +--> ?PR?_SETANGYINST?ANGAPP
  +--> ?PR?_SETANGXSET?ANGAPP
  +--> ?PR?_SETANGYSET?ANGAPP
  +--> ?PR?_SETANGPSET?ANGAPP

?PR?FLASHAREA_USER?FLASH                    -----    -----      -----    -----      -----    -----
  +--> ?PR?_FLASH_BUFRD?FLASH
  +--> ?PR?FLASHCHK?FLASH
  +--> ?PR?_FLASH_CHECKSUM?FLASH
  +--> ?PR?RAM_CALDATAINIT_USER?FLASH
  +--> ?PR?_FLASH_CALDATAUPDATE_USER?FLASH
  +--> ?PR?_RAM_BUF2CALDATA?FLASH

?PR?RAM_CALDATAINIT_USER?FLASH              -----    -----      -----    -----      -----    -----
  +--> ?PR?_SETANGXUSRZERO?ANGAPP
  +--> ?PR?_SETANGYUSRZERO?ANGAPP
  +--> ?PR?_SETANGXSET?ANGAPP
  +--> ?PR?_SETANGYSET?ANGAPP
  +--> ?PR?_SETANGPSET?ANGAPP
  +--> ?PR?_SETANGXINST?ANGAPP
  +--> ?PR?_SETANGYINST?ANGAPP
  +--> ?PR?INIT_SYSTEMPARA?INIT

?PR?_FLASH_CALDATAUPDATE_USER?FLASH         -----    -----      0039H    0009H      -----    -----
  +--> ?PR?_RAM_CALDATA2BUF?FLASH
  +--> ?PR?_FLASHUPDATE?FLASH

?PR?ADC_XCALSTOP?CMDSUB                     -----    -----      0022H    0001H      -----    -----
  +--> ?PR?_SUB_BUFBUBBLE32S?SUB
  +--> ?PR?ANGXCALCPRM?CALIBRATION

?PR?_SUB_BUFBUBBLE32S?SUB                   -----    -----      0023H    0009H      -----    -----
  +--> ?PR?_SUB_SBUFSWITCH?SUB
  +--> ?PR?_SUB_UBUFSWITCH?SUB

?PR?_SUB_SBUFSWITCH?SUB                     -----    -----      002CH    0009H      -----    -----

?PR?_SUB_UBUFSWITCH?SUB                     -----    -----      003DH    0007H      -----    -----

?PR?ANGXCALCPRM?CALIBRATION                 -----    -----      -----    -----      -----    -----
  +--> ?PR?_ANG_CALCPRM?CALIBRATION

?PR?_ANG_CALCPRM?CALIBRATION                -----    -----      0023H    000CH      -----    -----
  +--> ?PR?SIN?SIN

BL51 BANKED LINKER/LOCATER V6.22                                                      09/18/2013  13:48:52  PAGE 15


?PR?SIN?SIN                                 0020H.2  0000H.1    004AH    0004H      -----    -----

?PR?ADC_YCALSTOP?CMDSUB                     -----    -----      0022H    0001H      -----    -----
  +--> ?PR?_SUB_BUFBUBBLE32S?SUB
  +--> ?PR?ANGYCALCPRM?CALIBRATION

?PR?ANGYCALCPRM?CALIBRATION                 -----    -----      -----    -----      -----    -----
  +--> ?PR?_ANG_CALCPRM?CALIBRATION

?PR?TEMP_CALSTOP?CMDSUB                     -----    -----      -----    -----      -----    -----
  +--> ?PR?TEMPSORTANDCALCPRM?CMDSUB

?PR?TEMPSORTANDCALCPRM?CMDSUB               -----    -----      -----    -----      -----    -----
  +--> ?PR?_SUB_BUFBUBBLE16U?SUB
  +--> ?PR?TEMPXCALCPRM?CALIBRATION
  +--> ?PR?TEMPYCALCPRM?CALIBRATION

?PR?_SUB_BUFBUBBLE16U?SUB                   -----    -----      0031H    000CH      -----    -----
  +--> ?PR?_SUB_UBUFSWITCH?SUB
  +--> ?PR?_SUB_16SBUFSWITCH?SUB

?PR?_SUB_16SBUFSWITCH?SUB                   -----    -----      003DH    0007H      -----    -----

?PR?TEMPXCALCPRM?CALIBRATION                -----    -----      -----    -----      -----    -----
  +--> ?PR?_TEMP_CALCPRM?CALIBRATION

?PR?_TEMP_CALCPRM?CALIBRATION               -----    -----      0031H    0004H      -----    -----

?PR?TEMPYCALCPRM?CALIBRATION                -----    -----      -----    -----      -----    -----
  +--> ?PR?_TEMP_CALCPRM?CALIBRATION

?PR?MCUT_CALSTOP?CALMCUT                    -----    -----      -----    -----      -----    -----
  +--> ?PR?MCUTCALCPRM?CALMCUT

?PR?MCUTCALCPRM?CALMCUT                     -----    -----      -----    -----      -----    -----
  +--> ?PR?_SUB_BUFBUBBLE16S?SUB
  +--> ?PR?_MCUT_CALCPRM?CALMCUT

?PR?_SUB_BUFBUBBLE16S?SUB                   -----    -----      0025H    0009H      -----    -----
  +--> ?PR?_SUB_16SBUFSWITCH?SUB
  +--> ?PR?_SUB_UBUFSWITCH?SUB

?PR?_MCUT_CALCPRM?CALMCUT                   -----    -----      0025H    0008H      -----    -----

?PR?SNPROC?SENSOR                           -----    -----      -----    -----      -----    -----
  +--> ?PR?ADC_GETXVAL?ADCDRV
  +--> ?PR?GET_MCUTEMP?SENSOR
  +--> ?PR?ADC_GETYVAL?ADCDRV

?PR?GET_MCUTEMP?SENSOR                      -----    -----      -----    -----      -----    -----
  +--> ?PR?ADC_GETTEMP?ADCDRV

?PR?TIMER2_TASKINMAIN?TIMER                 -----    -----      -----    -----      -----    -----
  +--> ?PR?SUB_SENDANGXY?SUB

?PR?SUB_SENDANGXY?SUB                       -----    -----      -----    -----      -----    -----
  +--> ?CO?SUB
BL51 BANKED LINKER/LOCATER V6.22                                                      09/18/2013  13:48:52  PAGE 16


  +--> ?PR?_COMM_PUTSTR?COMM
  +--> ?PR?GETXANGALLSETVAL?ANGAPP
  +--> ?PR?_COMM_PUTINT32S?SUB
  +--> ?PR?GETYANGALLSETVAL?ANGAPP
  +--> ?PR?COMM_PUTNEWLINESTA?SUB

?PR?_COMM_PUTSTR?COMM                       -----    -----      0039H    0003H      -----    -----
  +--> ?PR?_COMM_PUTCHAR?COMM

?PR?_COMM_PUTCHAR?COMM                      -----    -----      003CH    0003H      -----    -----

?PR?GETXANGALLSETVAL?ANGAPP                 -----    -----      003AH    0004H      -----    -----
  +--> ?PR?GETXANG?SENSOR
  +--> ?PR?_SETANGZERO?ANGAPP
  +--> ?PR?_SETANGZEROADD?ANGAPP

?PR?_SETANGZERO?ANGAPP                      -----    -----      003EH    0004H      -----    -----

?PR?_SETANGZEROADD?ANGAPP                   -----    -----      003EH    0004H      -----    -----

?PR?_COMM_PUTINT32S?SUB                     -----    -----      -----    -----      -----    -----
  +--> ?PR?_SUB_INT32S2STR?SUB
  +--> ?PR?_COMM_PUTSTR?COMM

?PR?_SUB_INT32S2STR?SUB                     -----    -----      002CH    0007H      -----    -----

?PR?GETYANGALLSETVAL?ANGAPP                 -----    -----      003AH    0004H      -----    -----
  +--> ?PR?GETYANG?SENSOR
  +--> ?PR?_SETANGZERO?ANGAPP
  +--> ?PR?_SETANGZEROADD?ANGAPP

?PR?COMM_PUTNEWLINESTA?SUB                  -----    -----      -----    -----      -----    -----
  +--> ?PR?_COMM_PUTCHAR?COMM
  +--> ?PR?COMM_SENDSTA?COMM

?PR?SEND_TIMEPROC?SEND                      -----    -----      -----    -----      -----    -----
  +--> ?PR?_COMM_GETCHAR?COMM
  +--> ?PR?_MODRTU_RXPROC?MODBUSRTU
  +--> ?PR?_SEND_RDEAL?SEND
  +--> ?PR?_SEND_CDEAL?SEND
  +--> ?PR?_SEND_SDEAL?SEND
  +--> ?PR?_SEND_UDEAL?SEND
  +--> ?PR?_SEND_WDEAL?SEND
  +--> ?PR?_SEND_TDEAL?SEND

?PR?_COMM_GETCHAR?COMM                      -----    -----      0021H    0006H      -----    -----

?PR?_MODRTU_RXPROC?MODBUSRTU                -----    -----      0021H    0004H      -----    -----
  +--> ?PR?_MODRTU_CHKCRC?MODBUSRTU
  +--> ?PR?_MODRTU_RDREG?MODBUSRTU
  +--> ?PR?_MODRTU_WRREG?MODBUSRTU
  +--> ?PR?_MODRTU_RLYERROR?MODBUSRTU

?PR?_MODRTU_CHKCRC?MODBUSRTU                -----    -----      -----    -----      -----    -----
  +--> ?PR?_MODBUSCRCCNT?MODBUSCRC

?PR?_MODBUSCRCCNT?MODBUSCRC                 -----    -----      0035H    0003H      -----    -----
BL51 BANKED LINKER/LOCATER V6.22                                                      09/18/2013  13:48:52  PAGE 17


  +--> ?CO?MODBUSCRC

?PR?_MODRTU_RDREG?MODBUSRTU                 -----    -----      0025H    000DH      -----    -----
  +--> ?PR?_MODRTU_8TO16?MODBUSRTU
  +--> ?PR?_MODRTU_RDVAL?MODBUSRTU
  +--> ?PR?_MODRTU_RLYERROR?MODBUSRTU
  +--> ?PR?_MODBUSCRCCNT?MODBUSCRC
  +--> ?PR?_MODRTU_WRCRC?MODBUSRTU
  +--> ?PR?_COMM_PUTSTR?COMM
  +--> ?PR?COMM_SENDSTA?COMM

?PR?_MODRTU_RDVAL?MODBUSRTU                 -----    -----      0032H    0008H      0C48H    0004H
  +--> ?PR?GETXANGALLSETVAL?ANGAPP
  +--> ?PR?GETYANGALLSETVAL?ANGAPP
  +--> ?PR?GETANGP?ANGAPP
  +--> ?PR?GETANGXINST?ANGAPP
  +--> ?PR?GETANGYINST?ANGAPP
  +--> ?PR?GETANGXSET?ANGAPP
  +--> ?PR?GETANGYSET?ANGAPP
  +--> ?PR?GETANGPSET?ANGAPP
  +--> ?PR?GET_MCUTEMP?SENSOR
  +--> ?PR?_GETTEMPXCALTEMPVAL?CALIBRATION
  +--> ?PR?_GETTEMPXCALADCVAL?CALIBRATION
  +--> ?PR?_GETTEMPYCALADCVAL?CALIBRATION
  +--> ?PR?GETXOFTVAL?SENSOR
  +--> ?PR?_FLOATTOINT?MODBUSRTU
  +--> ?PR?_GETANGXCALADCVAL?CALIBRATION
  +--> ?PR?_GETANGXCALANGVAL?CALIBRATION
  +--> ?PR?GETYOFTVAL?SENSOR
  +--> ?PR?_GETANGYCALADCVAL?CALIBRATION
  +--> ?PR?_GETANGYCALANGVAL?CALIBRATION
  +--> ?PR?GETXFTVAL?SENSOR
  +--> ?PR?GETYFTVAL?SENSOR
  +--> ?PR?GETXANG?SENSOR
  +--> ?PR?GETYANG?SENSOR
  +--> ?PR?GETANGXRELSYS?ANGAPP
  +--> ?PR?GETANGYRELSYS?ANGAPP
  +--> ?PR?GETANGXZEROUSR?ANGAPP
  +--> ?PR?GETANGYZEROUSR?ANGAPP
  +--> ?PR?GETANGXSYSZERO?ANGAPP
  +--> ?PR?GETANGYSYSZERO?ANGAPP
  +--> ?PR?GETANGXUSRZERO?ANGAPP
  +--> ?PR?GETANGYUSRZERO?ANGAPP
  +--> ?PR?GETANGXCALCNT?CALIBRATION
  +--> ?PR?GETTEMPXCALCNT?CALIBRATION
  +--> ?PR?GETFILTERCNT?SENSOR
  +--> ?PR?_MODRTU_RD16U?MODBUSRTU

?PR?GETANGP?ANGAPP                          -----    -----      -----    -----      -----    -----
  +--> ?PR?GETXANGALLSETVAL?ANGAPP
  +--> ?PR?GETYANGALLSETVAL?ANGAPP
  +--> ?PR?_PANGCALC?ANGAPP

?PR?_PANGCALC?ANGAPP                        -----    -----      003AH    0010H      -----    -----
  +--> ?PR?SIN?SIN
  +--> ?PR?SQRT?SQRT
  +--> ?PR?ASIN?ASIN
BL51 BANKED LINKER/LOCATER V6.22                                                      09/18/2013  13:48:52  PAGE 18



?PR?_FLOATTOINT?MODBUSRTU                   -----    -----      003AH    000CH      -----    -----

?PR?_MODRTU_RLYERROR?MODBUSRTU              -----    -----      0032H    0003H      -----    -----
  +--> ?PR?_MODBUSCRCCNT?MODBUSCRC
  +--> ?PR?_COMM_PUTSTR?COMM
  +--> ?PR?COMM_SENDSTA?COMM

?PR?_MODRTU_WRREG?MODBUSRTU                 -----    -----      0025H    000CH      -----    -----
  +--> ?PR?_MODRTU_8TO16?MODBUSRTU
  +--> ?PR?_MODRTU_WRVAL?MODBUSRTU
  +--> ?PR?_MODRTU_RLYERROR?MODBUSRTU
  +--> ?PR?_MODBUSCRCCNT?MODBUSCRC
  +--> ?PR?_MODRTU_WRCRC?MODBUSRTU
  +--> ?PR?_COMM_PUTSTR?COMM
  +--> ?PR?COMM_SENDSTA?COMM
  +--> ?PR?FLASH_USERDATAUPDATE?FLASH

?PR?_MODRTU_WRVAL?MODBUSRTU                 -----    -----      0031H    0008H      0C48H    0008H
  +--> ?PR?_MODRTU_WR16U?MODBUSRTU
  +--> ?PR?_SETANGXINST?ANGAPP
  +--> ?PR?_SETANGYINST?ANGAPP
  +--> ?PR?_SETANGXSET?ANGAPP
  +--> ?PR?_SETANGYSET?ANGAPP
  +--> ?PR?_SETANGPSET?ANGAPP
  +--> ?PR?_MODRTU_SETZERO?MODBUSRTU
  +--> ?PR?_MODRTU_WRADDR?MODBUSRTU
  +--> ?PR?_MODRTU_WRBAUD?MODBUSRTU
  +--> ?PR?GETANGXRELSYS?ANGAPP
  +--> ?PR?_SETANGXUSRZERO?ANGAPP
  +--> ?PR?FLASH_USERDATAUPDATE?FLASH
  +--> ?PR?_SETANGCALCNT?CALIBRATION
  +--> ?PR?GETANGXCALCNT?CALIBRATION
  +--> ?PR?_SETANGXCALANGVAL?CALIBRATION
  +--> ?PR?GETXOFTVAL?SENSOR
  +--> ?PR?_SETANGXCALADCVAL?CALIBRATION
  +--> ?PR?_SETANGYCALANGVAL?CALIBRATION
  +--> ?PR?GETYOFTVAL?SENSOR
  +--> ?PR?_SETANGYCALADCVAL?CALIBRATION
  +--> ?PR?FLASH_CALDATAUPDATE?FLASH
  +--> ?PR?GETXANG?SENSOR
  +--> ?PR?_SETANGXSYSZERO?ANGAPP
  +--> ?PR?GETYANG?SENSOR
  +--> ?PR?_SETANGYSYSZERO?ANGAPP
  +--> ?PR?GETANGYRELSYS?ANGAPP
  +--> ?PR?_SETANGYUSRZERO?ANGAPP
  +--> ?PR?_SETFILTERCNT?SENSOR

?PR?_MODRTU_SETZERO?MODBUSRTU               -----    -----      0039H    0002H      -----    -----
  +--> ?PR?_MODRTU_8TO16?MODBUSRTU
  +--> ?PR?GETANGXRELSYS?ANGAPP
  +--> ?PR?_SETANGXUSRZERO?ANGAPP
  +--> ?PR?GETANGYRELSYS?ANGAPP
  +--> ?PR?_SETANGYUSRZERO?ANGAPP

?PR?FLASH_USERDATAUPDATE?FLASH              -----    -----      -----    -----      -----    -----
  +--> ?PR?_FLASH_CALDATAUPDATE_USER?FLASH
BL51 BANKED LINKER/LOCATER V6.22                                                      09/18/2013  13:48:52  PAGE 19



?PR?_SEND_RDEAL?SEND                        -----    -----      0021H    0005H      -----    -----
  +--> ?CO?SEND
  +--> ?PR?_STRNCMP?STRNCMP
  +--> ?PR?SUB_SENDPRMTALL?SUB
  +--> ?PR?SUB_SENDANGXYP?SUB
  +--> ?PR?SUB_SENDANGXY?SUB
  +--> ?PR?SUB_SENDSOFTVER?SUB
  +--> ?PR?SUB_SENDSYSNUM?SUB
  +--> ?PR?_SUB_STR2INT8U?SUB
  +--> ?PR?_SUB_SENDTEMPCAL?SUB
  +--> ?PR?_SUB_SENDMCUTEMPCAL?SUB
  +--> ?PR?SUB_SENDERR?SUB

?PR?_STRNCMP?STRNCMP                        -----    -----      002CH    0008H      -----    -----

?PR?SUB_SENDPRMTALL?SUB                     -----    -----      -----    -----      -----    -----
  +--> ?CO?SUB
  +--> ?PR?_COMM_PUTSTR?COMM
  +--> ?PR?GET_MCUTEMP?SENSOR
  +--> ?PR?_COMM_PUTINT16U?SUB
  +--> ?PR?GETXFTVAL?SENSOR
  +--> ?PR?_COMM_PUTCHAR?COMM
  +--> ?PR?GETXOFTVAL?SENSOR
  +--> ?PR?GETXANG?SENSOR
  +--> ?PR?_COMM_PUTINT32S?SUB
  +--> ?PR?GETYFTVAL?SENSOR
  +--> ?PR?GETYOFTVAL?SENSOR
  +--> ?PR?GETYANG?SENSOR
  +--> ?PR?_GETMT?CALMCUT
  +--> ?PR?COMM_PUTNEWLINESTA?SUB

?PR?_COMM_PUTINT16U?SUB                     -----    -----      -----    -----      -----    -----
  +--> ?PR?_SUB_INT16U2STR?SUB
  +--> ?PR?_COMM_PUTSTR?COMM

?PR?_SUB_INT16U2STR?SUB                     -----    -----      0039H    0005H      -----    -----

?PR?_GETMT?CALMCUT                          -----    -----      0026H    0003H      -----    -----

?PR?SUB_SENDANGXYP?SUB                      -----    -----      -----    -----      -----    -----
  +--> ?CO?SUB
  +--> ?PR?_COMM_PUTSTR?COMM
  +--> ?PR?GETXANGALLSETVAL?ANGAPP
  +--> ?PR?_COMM_PUTINT32S?SUB
  +--> ?PR?COMM_PUTNEWLINESTA?SUB
  +--> ?PR?GETYANGALLSETVAL?ANGAPP
  +--> ?PR?GETANGP?ANGAPP

?PR?SUB_SENDSOFTVER?SUB                     -----    -----      -----    -----      -----    -----
  +--> ?CO?SUB
  +--> ?PR?_COMM_PUTSTR?COMM
  +--> ?PR?COMM_PUTNEWLINESTA?SUB

?PR?SUB_SENDSYSNUM?SUB                      -----    -----      -----    -----      -----    -----
  +--> ?CO?SUB
  +--> ?PR?_COMM_PUTSTR?COMM
BL51 BANKED LINKER/LOCATER V6.22                                                      09/18/2013  13:48:52  PAGE 20


  +--> ?PR?COMM_PUTNEWLINESTA?SUB

?PR?_SUB_SENDTEMPCAL?SUB                    -----    -----      0026H    0001H      -----    -----
  +--> ?CO?SUB
  +--> ?PR?_COMM_PUTSTR?COMM
  +--> ?PR?_COMM_PUTINT8U?SUB
  +--> ?PR?_COMM_PUTCHAR?COMM
  +--> ?PR?_GETTEMPXCALTEMPVAL?CALIBRATION
  +--> ?PR?_COMM_PUTINT16U?SUB
  +--> ?PR?_GETTEMPXCALADCVAL?CALIBRATION
  +--> ?PR?_COMM_PUTINT16S?SUB
  +--> ?PR?_GETTEMPYCALADCVAL?CALIBRATION
  +--> ?PR?COMM_PUTNEWLINESTA?SUB

?PR?_COMM_PUTINT8U?SUB                      -----    -----      -----    -----      -----    -----
  +--> ?PR?_SUB_INT8U2STR?SUB
  +--> ?PR?_COMM_PUTSTR?COMM

?PR?_COMM_PUTINT16S?SUB                     -----    -----      -----    -----      -----    -----
  +--> ?PR?_SUB_INT16S2STR?SUB
  +--> ?PR?_COMM_PUTSTR?COMM

?PR?_SUB_INT16S2STR?SUB                     -----    -----      -----    -----      -----    -----
  +--> ?PR?_SUB_INT16U2STR?SUB

?PR?_SUB_SENDMCUTEMPCAL?SUB                 -----    -----      0026H    0001H      -----    -----
  +--> ?CO?SUB
  +--> ?PR?_COMM_PUTSTR?COMM
  +--> ?PR?_COMM_PUTINT8U?SUB
  +--> ?PR?_COMM_PUTCHAR?COMM
  +--> ?PR?_GETMCUTCALTEMPVAL?CALMCUT
  +--> ?PR?_COMM_PUTINT16S?SUB
  +--> ?PR?_GETMCUTCALADCVAL?CALMCUT
  +--> ?PR?_COMM_PUTINT16U?SUB
  +--> ?PR?COMM_PUTNEWLINESTA?SUB

?PR?SUB_SENDERR?SUB                         -----    -----      -----    -----      -----    -----
  +--> ?CO?SUB
  +--> ?PR?_COMM_PUTSTR?COMM
  +--> ?PR?COMM_PUTNEWLINESTA?SUB

?PR?_SEND_CDEAL?SEND                        -----    -----      0021H    0004H      -----    -----
  +--> ?CO?SEND
  +--> ?PR?_STRNCMP?STRNCMP
  +--> ?PR?SUB_SENDERR?SUB
  +--> ?PR?_SETANGXSYSZERO?ANGAPP
  +--> ?PR?_SETANGYSYSZERO?ANGAPP
  +--> ?PR?_COMM_PUTSTR?COMM
  +--> ?PR?SUB_SENDOK?SUB
  +--> ?PR?_SETANGXUSRZERO?ANGAPP
  +--> ?PR?_SETANGYUSRZERO?ANGAPP
  +--> ?PR?TEMP_CALSTA?CMDSUB
  +--> ?PR?TEMP_CALSTOP?CMDSUB
  +--> ?PR?MCUT_CALSTA?CALMCUT
  +--> ?PR?MCUT_CALSTOP?CALMCUT

?PR?SUB_SENDOK?SUB                          -----    -----      -----    -----      -----    -----
BL51 BANKED LINKER/LOCATER V6.22                                                      09/18/2013  13:48:52  PAGE 21


  +--> ?CO?SUB
  +--> ?PR?_COMM_PUTSTR?COMM
  +--> ?PR?COMM_PUTNEWLINESTA?SUB

?PR?_SEND_SDEAL?SEND                        -----    -----      0021H    000BH      -----    -----
  +--> ?CO?SEND
  +--> ?PR?_STRNCMP?STRNCMP
  +--> ?PR?_COMM_PUTSTR?COMM
  +--> ?PR?SUB_SENDOK?SUB
  +--> ?PR?SUB_SENDERR?SUB
  +--> ?PR?SUB_SENDANGXY?SUB
  +--> ?PR?_SUB_STR2INT8U?SUB
  +--> ?PR?_SETFILTERCNT?SENSOR
  +--> ?PR?GETXANG?SENSOR
  +--> ?PR?_SETANGXSYSZERO?ANGAPP
  +--> ?PR?GETYANG?SENSOR
  +--> ?PR?_SETANGYSYSZERO?ANGAPP
  +--> ?PR?GETANGXRELSYS?ANGAPP
  +--> ?PR?_SETANGXUSRZERO?ANGAPP
  +--> ?PR?GETANGYRELSYS?ANGAPP
  +--> ?PR?_SETANGYUSRZERO?ANGAPP
  +--> ?PR?_SUB_STR2INT32S?SUB
  +--> ?PR?_SETANGXINST?ANGAPP
  +--> ?PR?_SETANGYINST?ANGAPP
  +--> ?PR?_SETTEMPCALCNT?CALIBRATION
  +--> ?PR?_SETMCUTCALCNT?CALMCUT
  +--> ?PR?_SUB_STR2INT8S?SUB
  +--> ?PR?GET_MCUTEMP?SENSOR
  +--> ?PR?_MCUT_CALSAMP?CALMCUT
  +--> ?PR?GETXFTVAL?SENSOR
  +--> ?PR?GETYFTVAL?SENSOR
  +--> ?PR?_TEMP_CALSAMP?CMDSUB
  +--> ?PR?_TEMP_CALTREFSET?CMDSUB
  +--> ?PR?_SETANGXSET?ANGAPP
  +--> ?PR?_SETANGYSET?ANGAPP
  +--> ?PR?_SETANGPSET?ANGAPP
  +--> ?PR?_SUB_STRALARMCHECK?SUB
  +--> ?PR?_DELAY_MS?DELAY
  +--> ?PR?SUB_SYSRST?SUB

?PR?_SUB_STR2INT32S?SUB                     -----    -----      002CH    000AH      -----    -----

?PR?_SUB_STR2INT8S?SUB                      -----    -----      002CH    0003H      -----    -----
  +--> ?PR?_SUB_STR2INT8U?SUB

?PR?_MCUT_CALSAMP?CALMCUT                   -----    -----      002CH    0004H      -----    -----
  +--> ?PR?_MCUT_CALVALWR?CALMCUT
  +--> ?PR?_SUB_SENDMCUT?SUB

?PR?_MCUT_CALVALWR?CALMCUT                  -----    -----      0030H    0003H      -----    -----

?PR?_SUB_SENDMCUT?SUB                       -----    -----      0030H    0004H      -----    -----
  +--> ?CO?SUB
  +--> ?PR?_COMM_PUTSTR?COMM
  +--> ?PR?_COMM_PUTINT16S?SUB
  +--> ?PR?_COMM_PUTINT16U?SUB
  +--> ?PR?COMM_PUTNEWLINESTA?SUB
BL51 BANKED LINKER/LOCATER V6.22                                                      09/18/2013  13:48:52  PAGE 22



?PR?_TEMP_CALSAMP?CMDSUB                    -----    -----      002CH    0007H      -----    -----
  +--> ?PR?_TEMP_CALVALWR?CMDSUB
  +--> ?PR?_SUB_SENDADCTXY?SUB

?PR?_TEMP_CALVALWR?CMDSUB                   -----    -----      0033H    0007H      -----    -----

?PR?_SUB_SENDADCTXY?SUB                     -----    -----      0033H    0006H      -----    -----
  +--> ?CO?SUB
  +--> ?PR?_COMM_PUTSTR?COMM
  +--> ?PR?_COMM_PUTINT16U?SUB
  +--> ?PR?COMM_PUTNEWLINESTA?SUB

?PR?_TEMP_CALTREFSET?CMDSUB                 -----    -----      002CH    0005H      -----    -----
  +--> ?PR?TEMP_CALSTOP?CMDSUB

?PR?_SUB_STRALARMCHECK?SUB                  -----    -----      002CH    0006H      -----    -----

?PR?_SEND_UDEAL?SEND                        -----    -----      0021H    0004H      -----    -----
  +--> ?CO?SEND
  +--> ?PR?_STRNCMP?STRNCMP
  +--> ?PR?FLASH_CALDATAUPDATE?FLASH
  +--> ?PR?FLASH_USERDATAUPDATE?FLASH
  +--> ?PR?_COMM_PUTSTR?COMM
  +--> ?PR?SUB_SENDOK?SUB
  +--> ?PR?SUB_SENDERR?SUB

?PR?_SEND_WDEAL?SEND                        -----    -----      0021H    000AH      -----    -----
  +--> ?CO?SEND
  +--> ?PR?_STRNCMP?STRNCMP
  +--> ?PR?_SUB_STR2INT16S?SUB
  +--> ?PR?_SUB_STR2INT16U?SUB
  +--> ?PR?_SUB_STR2INT8U?SUB
  +--> ?PR?_TEMP_CALVALWR?CMDSUB
  +--> ?PR?SUB_SENDERR?SUB
  +--> ?PR?_STRNCPY?STRNCPY
  +--> ?PR?_COMM_PUTSTR?COMM
  +--> ?PR?SUB_SENDOK?SUB

?PR?_SUB_STR2INT16S?SUB                     -----    -----      002BH    0008H      -----    -----
  +--> ?PR?_SUB_STR2INT16U?SUB

?PR?_SUB_STR2INT16U?SUB                     -----    -----      0033H    0006H      -----    -----

?PR?_STRNCPY?STRNCPY                        -----    -----      002BH    000AH      -----    -----

?PR?_SEND_TDEAL?SEND                        -----    -----      0021H    0001H      -----    -----
  +--> ?CO?SEND
  +--> ?PR?_STRNCMP?STRNCMP
  +--> ?PR?SUB_SENDTCALTEST?SUB

?PR?SUB_SENDTCALTEST?SUB                    -----    -----      0022H    0004H      -----    -----
  +--> ?PR?GET_MCUTEMP?SENSOR
  +--> ?PR?_COMM_PUTINT16U?SUB
  +--> ?PR?_COMM_PUTCHAR?COMM
  +--> ?PR?_COMM_PUTINT16S?SUB
  +--> ?PR?COMM_PUTNEWLINESTA?SUB
BL51 BANKED LINKER/LOCATER V6.22                                                      09/18/2013  13:48:52  PAGE 23



?PR?KEY_PROC?KEY                            -----    -----      -----    -----      -----    -----
  +--> ?PR?KEY_DOWN?KEY
  +--> ?PR?GETANGXRELSYS?ANGAPP
  +--> ?PR?_SETANGXUSRZERO?ANGAPP
  +--> ?PR?GETANGYRELSYS?ANGAPP
  +--> ?PR?_SETANGYUSRZERO?ANGAPP
  +--> ?CO?KEY
  +--> ?PR?_COMM_PUTSTR?COMM
  +--> ?PR?SUB_SENDOK?SUB
  +--> ?PR?FLASH_USERDATAUPDATE?FLASH

?PR?KEY_DOWN?KEY                            -----    -----      -----    -----      -----    -----
  +--> ?PR?_DELAY_CYC?DELAY

?PR?ANGPROC?ANGAPP                          -----    -----      0021H    0008H      -----    -----
  +--> ?PR?GETXANGALLSETVAL?ANGAPP
  +--> ?PR?_ALARMX?ANGAPP
  +--> ?PR?GETYANGALLSETVAL?ANGAPP
  +--> ?PR?_ALARMY?ANGAPP
  +--> ?PR?_PANGCALC?ANGAPP
  +--> ?PR?_ALARMS?ANGAPP

*** NEW ROOT ***************************************************

?PR?ADC_ISR?ADCDRV                          -----    -----      -----    -----      -----    -----
  +--> ?PR?_ADC_SAVEANDSWITCH?ADCDRV

?PR?_ADC_SAVEANDSWITCH?ADCDRV               -----    -----      0054H    0003H      -----    -----
  +--> ?CO?ADCDRV
  +--> ?PR?_ADCFILTER?ADCDRV

?PR?_ADCFILTER?ADCDRV                       -----    -----      0057H    0005H      -----    -----
  +--> ?PR?_VALINRANGE?FILTER
  +--> ?PR?_SLIDEWINFILTER?FILTER

?PR?_SLIDEWINFILTER?FILTER                  -----    -----      005CH    0012H      -----    -----

*** NEW ROOT ***************************************************

?PR?COMM_ISR?COMM                           -----    -----      006EH    0002H      -----    -----
  +--> ?PR?_COMM_GETTXCHAR?COMM
  +--> ?PR?COMM_SENDSTOP?COMM
  +--> ?PR?_COMM_PUTRXCHAR?COMM
  +--> ?PR?COMM_TIMERINIT?COMM

?PR?_COMM_GETTXCHAR?COMM                    -----    -----      0070H    0006H      -----    -----

?PR?_COMM_PUTRXCHAR?COMM                    -----    -----      0070H    0003H      -----    -----

*** NEW ROOT ***************************************************

?PR?TIMER2_ISR?TIMER                        -----    -----      -----    -----      -----    -----
  +--> ?PR?TIMER2_TASKINISR?TIMER

?PR?TIMER2_TASKINISR?TIMER                  -----    -----      -----    -----      -----    -----
  +--> ?PR?COMM_TIMERPROC?COMM
BL51 BANKED LINKER/LOCATER V6.22                                                      09/18/2013  13:48:52  PAGE 24


  +--> ?CO?SEND



SYMBOL TABLE OF MODULE:  .\obj\164-0001-20130903 (?C_STARTUP)

  VALUE           TYPE          NAME
  ----------------------------------

  -------         MODULE        ?C_STARTUP
  C:512AH         SEGMENT       ?C_C51STARTUP
  I:0076H         SEGMENT       ?STACK
  C:0000H         PUBLIC        ?C_STARTUP
  D:00E0H         SYMBOL        ACC
  D:00F0H         SYMBOL        B
  D:0083H         SYMBOL        DPH
  D:0082H         SYMBOL        DPL
  N:0000H         SYMBOL        IBPSTACK
  N:0100H         SYMBOL        IBPSTACKTOP
  N:0080H         SYMBOL        IDATALEN
  C:512DH         SYMBOL        IDATALOOP
  N:0000H         SYMBOL        PBPSTACK
  N:0100H         SYMBOL        PBPSTACKTOP
  N:0000H         SYMBOL        PDATALEN
  N:0000H         SYMBOL        PDATASTART
  N:0000H         SYMBOL        PPAGE
  N:0000H         SYMBOL        PPAGEENABLE
  D:00A0H         SYMBOL        PPAGE_SFR
  D:0081H         SYMBOL        SP
  C:512AH         SYMBOL        STARTUP1
  N:0000H         SYMBOL        XBPSTACK
  N:0000H         SYMBOL        XBPSTACKTOP
  N:0000H         SYMBOL        XDATALEN
  N:0000H         SYMBOL        XDATASTART
  C:0000H         LINE#         126
  C:512AH         LINE#         133
  C:512CH         LINE#         134
  C:512DH         LINE#         135
  C:512EH         LINE#         136
  C:5130H         LINE#         185
  C:5133H         LINE#         196
  -------         ENDMOD        ?C_STARTUP

  -------         MODULE        ADCDRV
  C:0000H         SYMBOL        _ICE_DUMMY_
  C:6E59H         PUBLIC        Adc_Init
  D:00A0H         PUBLIC        P2
  D:00BCH         PUBLIC        ADC0CF
  D:00E6H         PUBLIC        EIE1
  C:5B43H         SYMBOL        _Adc_SaveAndSwitch
  C:6F6DH         PUBLIC        Adc_GetXVal
  C:6F76H         PUBLIC        Adc_GetYVal
  D:00E8H         PUBLIC        ADC0CN
  D:00A7H         PUBLIC        SFRPAGE
  C:70D8H         SYMBOL        Adc_VrefInit
  C:5242H         PUBLIC        Adc_Isr
  X:0858H         PUBLIC        x_axis_adc
BL51 BANKED LINKER/LOCATER V6.22                                                      09/18/2013  13:48:52  PAGE 25


  X:08E0H         PUBLIC        y_axis_adc
  D:00BBH         PUBLIC        ADC0MX
  D:00D1H         PUBLIC        REF0CN
  C:621AH         SYMBOL        AdcEntityInit
  B:00E8H.5       PUBLIC        AD0INT
  C:6F7FH         PUBLIC        Adc_GetTemp
  C:677BH         SYMBOL        Adc_SetInit
  I:0019H         PUBLIC        AdcSwitchId
  C:70DCH         SYMBOL        Adc_IsrInit
  C:0026H         PUBLIC        Adc_Enable
  I:001AH         PUBLIC        AdcEndTag
  D:00BEH         PUBLIC        ADC0H
  X:0968H         PUBLIC        temp_adc
  D:00BDH         PUBLIC        ADC0L
  I:001BH         PUBLIC        AdcEndId
  C:6B0BH         SYMBOL        PinIdTab
  C:5466H         SYMBOL        _AdcFilter
  D:00BDH         PUBLIC        ADC0
  C:6B18H         SYMBOL        PinMuxTab
  -------         PROC          ADC_INIT
  C:6E59H         LINE#         45
  C:6E59H         LINE#         46
  C:6E59H         LINE#         47
  C:6E5CH         LINE#         48
  C:6E5FH         LINE#         49
  C:6E62H         LINE#         50
  -------         ENDPROC       ADC_INIT
  -------         PROC          ADC_ENABLE
  C:0026H         LINE#         53
  C:0026H         LINE#         54
  C:0026H         LINE#         55
  C:0029H         LINE#         56
  -------         ENDPROC       ADC_ENABLE
  -------         PROC          ADC_GETXVAL
  C:6F6DH         LINE#         64
  C:6F6DH         LINE#         65
  C:6F6DH         LINE#         66
  C:6F75H         LINE#         67
  -------         ENDPROC       ADC_GETXVAL
  -------         PROC          ADC_GETYVAL
  C:6F76H         LINE#         75
  C:6F76H         LINE#         76
  C:6F76H         LINE#         77
  C:6F7EH         LINE#         78
  -------         ENDPROC       ADC_GETYVAL
  -------         PROC          ADC_GETTEMP
  C:6F7FH         LINE#         86
  C:6F7FH         LINE#         87
  C:6F7FH         LINE#         88
  C:6F87H         LINE#         89
  -------         ENDPROC       ADC_GETTEMP
  -------         PROC          ADC_SETINIT
  -------         DO            
  D:0007H         SYMBOL        SfrPage_
  -------         ENDDO         
  C:677BH         LINE#         110
  C:677BH         LINE#         111
BL51 BANKED LINKER/LOCATER V6.22                                                      09/18/2013  13:48:52  PAGE 26


  C:677DH         LINE#         114
  C:6780H         LINE#         115
  C:6783H         LINE#         116
  C:6786H         LINE#         117
  C:6789H         LINE#         118
  C:678CH         LINE#         119
  C:678FH         LINE#         120
  C:6792H         LINE#         121
  C:6795H         LINE#         122
  C:6798H         LINE#         123
  C:679BH         LINE#         124
  C:679EH         LINE#         125
  C:67A0H         LINE#         126
  C:67A3H         LINE#         127
  C:67A6H         LINE#         128
  C:67A8H         LINE#         129
  -------         ENDPROC       ADC_SETINIT
  -------         PROC          ADC_VREFINIT
  C:70D8H         LINE#         131
  C:70D8H         LINE#         132
  C:70D8H         LINE#         133
  C:70DBH         LINE#         134
  -------         ENDPROC       ADC_VREFINIT
  -------         PROC          ADC_ISRINIT
  C:70DCH         LINE#         136
  C:70DCH         LINE#         137
  C:70DCH         LINE#         138
  C:70DFH         LINE#         139
  -------         ENDPROC       ADC_ISRINIT
  -------         PROC          _ADCFILTER
  D:0057H         SYMBOL        p_adc
  D:005AH         SYMBOL        val
  C:5466H         LINE#         148
  C:5470H         LINE#         149
  C:5470H         LINE#         150
  C:5485H         LINE#         151
  C:5485H         LINE#         153
  C:54D4H         LINE#         154
  C:54D4H         LINE#         156
  C:54D4H         LINE#         157
  C:54E3H         LINE#         158
  C:54EAH         LINE#         159
  C:54EAH         LINE#         160
  -------         ENDPROC       _ADCFILTER
  -------         PROC          ADCENTITYINIT
  C:621AH         LINE#         218
  C:621AH         LINE#         219
  C:621AH         LINE#         221
  C:621FH         LINE#         222
  C:6221H         LINE#         223
  C:6223H         LINE#         224
  C:6229H         LINE#         226
  C:6233H         LINE#         228
  C:6239H         LINE#         229
  C:623CH         LINE#         230
  C:623EH         LINE#         231
  C:6244H         LINE#         233
BL51 BANKED LINKER/LOCATER V6.22                                                      09/18/2013  13:48:52  PAGE 27


  C:624CH         LINE#         235
  C:6252H         LINE#         236
  C:6255H         LINE#         237
  C:6257H         LINE#         238
  C:625DH         LINE#         240
  -------         ENDPROC       ADCENTITYINIT
  -------         PROC          _ADC_SAVEANDSWITCH
  D:0004H         SYMBOL        val
  -------         DO            
  D:0054H         SYMBOL        adc_ent
  -------         ENDDO         
  C:5B43H         LINE#         264
  C:5B47H         LINE#         265
  C:5B47H         LINE#         267
  C:5B50H         LINE#         271
  C:5B58H         LINE#         272
  C:5B58H         LINE#         273
  C:5B6CH         LINE#         274
  C:5B6CH         LINE#         275
  C:5B78H         LINE#         276
  C:5B7AH         LINE#         277
  C:5B82H         LINE#         279
  C:5B8BH         LINE#         281
  C:5B95H         LINE#         282
  C:5B98H         LINE#         284
  C:5B9EH         LINE#         285
  C:5BA7H         LINE#         286
  C:5BAAH         LINE#         287
  -------         ENDPROC       _ADC_SAVEANDSWITCH
  -------         PROC          ADC_ISR
  -------         DO            
  X:0852H         SYMBOL        sum
  X:0856H         SYMBOL        cnt
  -------         ENDDO         
  C:5242H         LINE#         295
  C:525FH         LINE#         300
  C:5261H         LINE#         301
  C:5277H         LINE#         302
  C:528AH         LINE#         303
  C:528AH         LINE#         304
  C:529CH         LINE#         305
  C:52A6H         LINE#         306
  C:52ADH         LINE#         307
  C:52AFH         LINE#         309
  C:52B2H         LINE#         310
  -------         ENDPROC       ADC_ISR
  -------         ENDMOD        ADCDRV

  -------         MODULE        ANGAPP
  C:0000H         SYMBOL        _ICE_DUMMY_
  C:7096H         PUBLIC        _SetAngYUsrZero
  C:60EAH         PUBLIC        GetXAngAllSetVal
  C:6136H         PUBLIC        GetYAngAllSetVal
  D:00A0H         PUBLIC        P2
  C:7084H         PUBLIC        _SetAngXSysZero
  C:708AH         PUBLIC        _SetAngYSysZero
  B:00A0H.5       PUBLIC        LED_S
BL51 BANKED LINKER/LOCATER V6.22                                                      09/18/2013  13:48:52  PAGE 28


  C:67A9H         PUBLIC        GetAngP
  B:00A0H.7       PUBLIC        LED_X
  B:00A0H.6       PUBLIC        LED_Y
  X:0BEBH         SYMBOL        angp
  C:32A8H         PUBLIC        AngProc
  C:4F75H         PUBLIC        AngInit
  X:0BEFH         SYMBOL        angx_usrzero
  X:0BF3H         SYMBOL        angy_usrzero
  C:7030H         PUBLIC        GetAngXInst
  C:7037H         PUBLIC        GetAngYInst
  X:0BF7H         SYMBOL        angx_syszero
  X:0BFBH         SYMBOL        angy_syszero
  C:704CH         PUBLIC        GetAngPSet
  C:709CH         PUBLIC        _SetAngXInst
  C:70A2H         PUBLIC        _SetAngYInst
  C:703EH         PUBLIC        GetAngXSet
  C:7045H         PUBLIC        GetAngYSet
  C:6A5DH         PUBLIC        _AlarmS
  C:6E32H         PUBLIC        _SetAngPSet
  C:6A21H         PUBLIC        _AlarmX
  C:6A3FH         PUBLIC        _AlarmY
  C:6E18H         PUBLIC        _SetAngXSet
  C:6E25H         PUBLIC        _SetAngYSet
  X:0BFFH         SYMBOL        angx_inst
  X:0C03H         SYMBOL        angy_inst
  X:0C07H         SYMBOL        angp_set
  C:4878H         SYMBOL        _PAngCalc
  X:0C0BH         SYMBOL        angx_set
  X:0C0FH         SYMBOL        angy_set
  C:68F8H         PUBLIC        _SetAngZero
  C:7053H         PUBLIC        GetAngXZeroUsr
  C:7022H         PUBLIC        GetAngXUsrZero
  C:705AH         PUBLIC        GetAngYZeroUsr
  C:7029H         PUBLIC        GetAngYUsrZero
  C:6A03H         PUBLIC        _SetAngZeroAdd
  X:0C13H         SYMBOL        BufZerox_usr
  C:7014H         PUBLIC        GetAngXSysZero
  X:0C17H         SYMBOL        BufZeroy_usr
  C:701BH         PUBLIC        GetAngYSysZero
  C:7061H         PUBLIC        GetAngXRelSys
  C:7068H         PUBLIC        GetAngYRelSys
  X:0C1BH         SYMBOL        BufZerox_sys
  X:0C1FH         SYMBOL        BufZeroy_sys
  C:7090H         PUBLIC        _SetAngXUsrZero
  -------         PROC          ANGINIT
  C:4F75H         LINE#         41
  C:4F75H         LINE#         42
  C:4F75H         LINE#         43
  C:4F78H         LINE#         45
  C:4F82H         LINE#         47
  C:4F8DH         LINE#         48
  C:4F98H         LINE#         49
  C:4FA3H         LINE#         50
  C:4FAEH         LINE#         51
  C:4FB9H         LINE#         52
  C:4FC4H         LINE#         53
  C:4FCFH         LINE#         54
BL51 BANKED LINKER/LOCATER V6.22                                                      09/18/2013  13:48:52  PAGE 29


  C:4FDAH         LINE#         55
  C:4FE5H         LINE#         57
  C:4FEFH         LINE#         58
  C:4FF9H         LINE#         59
  C:5003H         LINE#         60
  C:500DH         LINE#         62
  -------         ENDPROC       ANGINIT
  -------         PROC          _PANGCALC
  D:0004H         SYMBOL        angx
  D:003EH         SYMBOL        angy
  -------         DO            
  D:0042H         SYMBOL        x
  D:0004H         SYMBOL        y
  D:0046H         SYMBOL        s
  -------         ENDDO         
  C:4878H         LINE#         70
  C:4878H         LINE#         71
  C:4878H         LINE#         74
  C:4884H         LINE#         75
  C:48A2H         LINE#         76
  C:48ADH         LINE#         77
  C:48C0H         LINE#         79
  C:48CCH         LINE#         80
  C:48E2H         LINE#         81
  C:48E5H         LINE#         82
  C:48F0H         LINE#         84
  C:4906H         LINE#         85
  C:491AH         LINE#         86
  C:491AH         LINE#         87
  C:4923H         LINE#         88
  C:4923H         LINE#         89
  C:494CH         LINE#         90
  C:494FH         LINE#         91
  -------         ENDPROC       _PANGCALC
  -------         PROC          GETANGP
  C:67A9H         LINE#         99
  C:67A9H         LINE#         100
  C:67A9H         LINE#         102
  C:67D0H         LINE#         103
  C:67D6H         LINE#         104
  -------         ENDPROC       GETANGP
  -------         PROC          GETANGXSYSZERO
  C:7014H         LINE#         106
  C:7014H         LINE#         107
  C:7014H         LINE#         108
  C:701AH         LINE#         109
  -------         ENDPROC       GETANGXSYSZERO
  -------         PROC          GETANGYSYSZERO
  C:701BH         LINE#         110
  C:701BH         LINE#         111
  C:701BH         LINE#         112
  C:7021H         LINE#         113
  -------         ENDPROC       GETANGYSYSZERO
  -------         PROC          GETANGXUSRZERO
  C:7022H         LINE#         114
  C:7022H         LINE#         115
  C:7022H         LINE#         116
BL51 BANKED LINKER/LOCATER V6.22                                                      09/18/2013  13:48:52  PAGE 30


  C:7028H         LINE#         117
  -------         ENDPROC       GETANGXUSRZERO
  -------         PROC          GETANGYUSRZERO
  C:7029H         LINE#         118
  C:7029H         LINE#         119
  C:7029H         LINE#         120
  C:702FH         LINE#         121
  -------         ENDPROC       GETANGYUSRZERO
  -------         PROC          GETANGXINST
  C:7030H         LINE#         123
  C:7030H         LINE#         124
  C:7030H         LINE#         125
  C:7036H         LINE#         126
  -------         ENDPROC       GETANGXINST
  -------         PROC          GETANGYINST
  C:7037H         LINE#         127
  C:7037H         LINE#         128
  C:7037H         LINE#         129
  C:703DH         LINE#         130
  -------         ENDPROC       GETANGYINST
  -------         PROC          GETANGXSET
  C:703EH         LINE#         132
  C:703EH         LINE#         133
  C:703EH         LINE#         134
  C:7044H         LINE#         135
  -------         ENDPROC       GETANGXSET
  -------         PROC          GETANGYSET
  C:7045H         LINE#         136
  C:7045H         LINE#         137
  C:7045H         LINE#         138
  C:704BH         LINE#         139
  -------         ENDPROC       GETANGYSET
  -------         PROC          GETANGPSET
  C:704CH         LINE#         140
  C:704CH         LINE#         141
  C:704CH         LINE#         142
  C:7052H         LINE#         143
  -------         ENDPROC       GETANGPSET
  -------         PROC          GETANGXZEROUSR
  C:7053H         LINE#         145
  C:7053H         LINE#         146
[...]
  C:6D33H         LINE#         89
  C:6D36H         LINE#         90
  C:6D3CH         LINE#         91
  C:6D3FH         LINE#         93
  C:6D3FH         LINE#         94
  -------         ENDPROC       TIMER2_TASKINMAIN
  -------         ENDMOD        TIMER

  -------         MODULE        CALMCUT
  C:0000H         SYMBOL        _ICE_DUMMY_
  D:00A0H         PUBLIC        P2
  C:70D2H         PUBLIC        McuT_CalStop
  C:70F0H         PUBLIC        McuT_CalSta
  C:6AB7H         PUBLIC        _Mcut_CalSamp
  C:6441H         SYMBOL        McuTCalcPrm
  C:387AH         SYMBOL        _Mcut_CalcPrm
  X:09F0H         PUBLIC        McuTcal
  C:6401H         PUBLIC        CalibMtInit
  C:6BCCH         SYMBOL        _McuT_RdAdcVal
  C:70ECH         SYMBOL        _McuT_SetCalCnt
  X:0ACDH         SYMBOL        mtemp_buf
  C:46BDH         PUBLIC        MTCalDataInit
BL51 BANKED LINKER/LOCATER V6.22                                                      09/18/2013  13:48:52  PAGE 102


  C:6D84H         SYMBOL        _McuT_RdTempVal
  C:6BE3H         SYMBOL        _McuT_WrAdcVal
  C:70CCH         PUBLIC        GetMcuTCalCnt
  C:6264H         PUBLIC        _McuT_CalValWr
  D:0016H         SYMBOL        PMCUTCAL
  C:6EF5H         PUBLIC        _GetMcuTCalAdcVal
  C:6F4EH         PUBLIC        _SetMcuTCalCnt
  C:6D95H         SYMBOL        _McuT_WrTempVal
  C:54EBH         PUBLIC        _GetMt
  C:6CCFH         PUBLIC        _SetMcuTCalAdcVal
  C:6EE9H         PUBLIC        _GetMcuTCalTempVal
  C:6CBAH         PUBLIC        _SetMcuTCalTempVal
  -------         PROC          _MCUT_SETCALCNT
  D:0001H         SYMBOL        p_cal
  D:0005H         SYMBOL        num
  C:70ECH         LINE#         15
  C:70ECH         LINE#         16
  C:70ECH         LINE#         17
  -------         ENDPROC       _MCUT_SETCALCNT
  -------         PROC          _MCUT_RDTEMPVAL
  D:0001H         SYMBOL        p_cal
  D:0005H         SYMBOL        posid
  C:6D84H         LINE#         28
  C:6D84H         LINE#         29
  C:6D84H         LINE#         30
  C:6D94H         LINE#         31
  -------         ENDPROC       _MCUT_RDTEMPVAL
  -------         PROC          _MCUT_RDADCVAL
  D:0001H         SYMBOL        p_cal
  D:0005H         SYMBOL        posid
  C:6BCCH         LINE#         39
  C:6BCCH         LINE#         40
  C:6BCCH         LINE#         41
  C:6BE2H         LINE#         42
  -------         ENDPROC       _MCUT_RDADCVAL
  -------         PROC          _MCUT_WRTEMPVAL
  D:0001H         SYMBOL        p_cal
  D:0004H         SYMBOL        val
  D:002BH         SYMBOL        posid
  C:6D95H         LINE#         51
  C:6D95H         LINE#         52
  C:6D95H         LINE#         53
  -------         ENDPROC       _MCUT_WRTEMPVAL
  -------         PROC          _MCUT_WRADCVAL
  D:0001H         SYMBOL        p_cal
  D:0004H         SYMBOL        val
  D:002BH         SYMBOL        posid
  C:6BE3H         LINE#         63
  C:6BE3H         LINE#         64
  C:6BE3H         LINE#         65
  -------         ENDPROC       _MCUT_WRADCVAL
  -------         PROC          _MCUT_CALCPRM
  D:0025H         SYMBOL        p_cal
  -------         DO            
  D:0028H         SYMBOL        i
  D:0029H         SYMBOL        aa
  -------         ENDDO         
BL51 BANKED LINKER/LOCATER V6.22                                                      09/18/2013  13:48:52  PAGE 103


  C:387AH         LINE#         75
  C:3880H         LINE#         76
  C:3880H         LINE#         79
  C:3897H         LINE#         80
  C:3897H         LINE#         81
  C:38C8H         LINE#         82
  C:395DH         LINE#         83
  C:39D7H         LINE#         84
  C:39DCH         LINE#         85
  -------         ENDPROC       _MCUT_CALCPRM
  -------         PROC          _SETMCUTCALCNT
  D:0005H         SYMBOL        cnt
  C:6F4EH         LINE#         94
  C:6F50H         LINE#         95
  C:6F50H         LINE#         96
  -------         ENDPROC       _SETMCUTCALCNT
  -------         PROC          GETMCUTCALCNT
  C:70CCH         LINE#         106
  C:70CCH         LINE#         107
  C:70CCH         LINE#         108
  C:70D1H         LINE#         109
  -------         ENDPROC       GETMCUTCALCNT
  -------         PROC          _GETMCUTCALTEMPVAL
  D:0005H         SYMBOL        pos
  C:6EE9H         LINE#         118
  C:6EEBH         LINE#         119
  C:6EEBH         LINE#         120
  C:6EF4H         LINE#         121
  -------         ENDPROC       _GETMCUTCALTEMPVAL
  -------         PROC          _GETMCUTCALADCVAL
  D:0005H         SYMBOL        pos
  C:6EF5H         LINE#         130
  C:6EF7H         LINE#         131
  C:6EF7H         LINE#         132
  C:6F00H         LINE#         133
  -------         ENDPROC       _GETMCUTCALADCVAL
  -------         PROC          _SETMCUTCALTEMPVAL
  D:0082H         SYMBOL        val
  D:0007H         SYMBOL        pos
  C:6CBAH         LINE#         141
  C:6CC0H         LINE#         142
  C:6CC0H         LINE#         143
  -------         ENDPROC       _SETMCUTCALTEMPVAL
  -------         PROC          _SETMCUTCALADCVAL
  D:0082H         SYMBOL        val
  D:0007H         SYMBOL        pos
  C:6CCFH         LINE#         152
  C:6CD5H         LINE#         153
  C:6CD5H         LINE#         154
  -------         ENDPROC       _SETMCUTCALADCVAL
  -------         PROC          CALIBMTINIT
  C:6401H         LINE#         159
  C:6401H         LINE#         160
  C:6401H         LINE#         161
  C:640DH         LINE#         162
  C:6419H         LINE#         163
  C:6423H         LINE#         164
BL51 BANKED LINKER/LOCATER V6.22                                                      09/18/2013  13:48:52  PAGE 104


  C:642DH         LINE#         165
  C:6437H         LINE#         166
  -------         ENDPROC       CALIBMTINIT
  -------         PROC          MTCALDATAINIT
  -------         DO            
  D:0022H         SYMBOL        i
  -------         ENDDO         
  C:46BDH         LINE#         178
  C:46BDH         LINE#         179
  C:46BDH         LINE#         181
  C:46C2H         LINE#         182
  C:46C5H         LINE#         183
  C:46C5H         LINE#         184
  C:46EFH         LINE#         185
  C:46F3H         LINE#         186
  C:46F3H         LINE#         187
  C:4706H         LINE#         188
  C:4706H         LINE#         189
  C:472FH         LINE#         190
  C:4736H         LINE#         203
  C:4744H         LINE#         204
  C:4755H         LINE#         205
  C:4760H         LINE#         206
  C:476BH         LINE#         207
  C:4775H         LINE#         209
  C:477FH         LINE#         210
  C:4787H         LINE#         211
  C:478EH         LINE#         212
  C:4795H         LINE#         213
  C:479CH         LINE#         215
  -------         ENDPROC       MTCALDATAINIT
  -------         PROC          _GETMT
  D:0026H         SYMBOL        tadc
  -------         DO            
  D:0028H         SYMBOL        i
  D:0004H         SYMBOL        offset
  -------         ENDDO         
  C:54EBH         LINE#         226
  C:54EFH         LINE#         227
  C:54EFH         LINE#         231
  C:5502H         LINE#         232
  C:5502H         LINE#         233
  C:5527H         LINE#         234
  C:5527H         LINE#         235
  C:552BH         LINE#         236
  C:556FH         LINE#         238
  C:556FH         LINE#         239
  -------         ENDPROC       _GETMT
  -------         PROC          MCUTCALCPRM
  C:6441H         LINE#         250
  C:6441H         LINE#         251
  C:6441H         LINE#         253
  C:6476H         LINE#         255
  -------         ENDPROC       MCUTCALCPRM
  -------         PROC          _MCUT_CALVALWR
  D:0030H         SYMBOL        id
  D:0004H         SYMBOL        temp
BL51 BANKED LINKER/LOCATER V6.22                                                      09/18/2013  13:48:52  PAGE 105


  D:0031H         SYMBOL        tadc
  C:6264H         LINE#         266
  C:626AH         LINE#         267
  C:626AH         LINE#         268
  C:6274H         LINE#         269
  C:628FH         LINE#         270
  C:62AAH         LINE#         272
  C:62ACH         LINE#         273
  -------         ENDPROC       _MCUT_CALVALWR
  -------         PROC          MCUT_CALSTA
  C:70F0H         LINE#         281
  C:70F0H         LINE#         282
  C:70F0H         LINE#         285
  C:70F2H         LINE#         286
  -------         ENDPROC       MCUT_CALSTA
  -------         PROC          MCUT_CALSTOP
  C:70D2H         LINE#         294
  C:70D2H         LINE#         295
  C:70D2H         LINE#         298
  C:70D5H         LINE#         299
  C:70D7H         LINE#         300
  -------         ENDPROC       MCUT_CALSTOP
  -------         PROC          _MCUT_CALSAMP
  D:0007H         SYMBOL        id
  D:002CH         SYMBOL        temp
  D:002EH         SYMBOL        tadc
  C:6AB7H         LINE#         302
  C:6ABFH         LINE#         303
  C:6ABFH         LINE#         306
  C:6AC5H         LINE#         307
  C:6AC7H         LINE#         308
  C:6AD2H         LINE#         309
  C:6AD4H         LINE#         310
  -------         ENDPROC       _MCUT_CALSAMP
  -------         ENDMOD        CALMCUT

  -------         MODULE        ?C?FPADD
  C:0055H         PUBLIC        ?C?FPADD
  C:0051H         PUBLIC        ?C?FPSUB
  -------         ENDMOD        ?C?FPADD

  -------         MODULE        ?C?FPMUL
  C:0146H         PUBLIC        ?C?FPMUL
  -------         ENDMOD        ?C?FPMUL

  -------         MODULE        ?C?FPDIV
  C:024FH         PUBLIC        ?C?FPDIV
  -------         ENDMOD        ?C?FPDIV

  -------         MODULE        ?C?FPCMP
  C:02EEH         PUBLIC        ?C?FPCMP
  C:02ECH         PUBLIC        ?C?FPCMP3
  -------         ENDMOD        ?C?FPCMP

  -------         MODULE        ?C?FCAST
  C:0363H         PUBLIC        ?C?FCASTC
  C:035EH         PUBLIC        ?C?FCASTI
BL51 BANKED LINKER/LOCATER V6.22                                                      09/18/2013  13:48:52  PAGE 106


  C:0359H         PUBLIC        ?C?FCASTL
  -------         ENDMOD        ?C?FCAST

  -------         MODULE        ?C?CASTF
  C:0397H         PUBLIC        ?C?CASTF
  -------         ENDMOD        ?C?CASTF

  -------         MODULE        SQRT
  C:4C3EH         PUBLIC        _SQRT
  -------         ENDMOD        SQRT

  -------         MODULE        SIN
  C:35EFH         PUBLIC        _COS
  C:3605H         PUBLIC        _SIN
  C:3637H         PUBLIC        _TAN
  -------         ENDMOD        SIN

  -------         MODULE        ASIN
  C:6570H         PUBLIC        _ASIN
  -------         ENDMOD        ASIN

  -------         MODULE        ATAN
  C:3DD1H         PUBLIC        _ATAN
  -------         ENDMOD        ATAN

  -------         MODULE        ?C?CLDPTR
  C:0465H         PUBLIC        ?C?CLDPTR
  -------         ENDMOD        ?C?CLDPTR

  -------         MODULE        ?C?CLDOPTR
  C:047EH         PUBLIC        ?C?CLDOPTR
  -------         ENDMOD        ?C?CLDOPTR

  -------         MODULE        ?C?CILDPTR
  C:04ABH         PUBLIC        ?C?CILDPTR
  -------         ENDMOD        ?C?CILDPTR

  -------         MODULE        ?C?CSTPTR
  C:04CDH         PUBLIC        ?C?CSTPTR
  -------         ENDMOD        ?C?CSTPTR

  -------         MODULE        ?C?CSTOPTR
  C:04DFH         PUBLIC        ?C?CSTOPTR
  -------         ENDMOD        ?C?CSTOPTR

  -------         MODULE        ?C?IMUL
  C:0501H         PUBLIC        ?C?IMUL
  -------         ENDMOD        ?C?IMUL

  -------         MODULE        ?C?UIDIV
  C:0513H         PUBLIC        ?C?UIDIV
  -------         ENDMOD        ?C?UIDIV

  -------         MODULE        ?C?SIDIV
  C:0568H         PUBLIC        ?C?SIDIV
  -------         ENDMOD        ?C?SIDIV

BL51 BANKED LINKER/LOCATER V6.22                                                      09/18/2013  13:48:52  PAGE 107


  -------         MODULE        ?C?IILDX
  C:059EH         PUBLIC        ?C?IILDX
  -------         ENDMOD        ?C?IILDX

  -------         MODULE        ?C?ILDPTR
  C:05B4H         PUBLIC        ?C?ILDPTR
  -------         ENDMOD        ?C?ILDPTR

  -------         MODULE        ?C?ILDOPTR
  C:05DFH         PUBLIC        ?C?ILDOPTR
  -------         ENDMOD        ?C?ILDOPTR

  -------         MODULE        ?C?IILDPTR
  C:0617H         PUBLIC        ?C?IILDPTR
  -------         ENDMOD        ?C?IILDPTR

  -------         MODULE        ?C?IILDOPTR
  C:064FH         PUBLIC        ?C?IILDOPTR
  -------         ENDMOD        ?C?IILDOPTR

  -------         MODULE        ?C?ISTPTR
  C:069CH         PUBLIC        ?C?ISTPTR
  -------         ENDMOD        ?C?ISTPTR

  -------         MODULE        ?C?ISTOPTR
  C:06BBH         PUBLIC        ?C?ISTOPTR
  -------         ENDMOD        ?C?ISTOPTR

  -------         MODULE        ?C?LADD
  C:06E8H         PUBLIC        ?C?LADD
  -------         ENDMOD        ?C?LADD

  -------         MODULE        ?C?LSUB
  C:06F5H         PUBLIC        ?C?LSUB
  -------         ENDMOD        ?C?LSUB

  -------         MODULE        ?C?LMUL
  C:0703H         PUBLIC        ?C?LMUL
  -------         ENDMOD        ?C?LMUL

  -------         MODULE        ?C?ULDIV
  C:078EH         PUBLIC        ?C?ULDIV
  -------         ENDMOD        ?C?ULDIV

  -------         MODULE        ?C?SLDIV
  C:6337H         PUBLIC        ?C?SLDIV
  -------         ENDMOD        ?C?SLDIV

  -------         MODULE        ?C?LNEG
  C:0820H         PUBLIC        ?C?LNEG
  -------         ENDMOD        ?C?LNEG

  -------         MODULE        ?C?SLCMP
  C:082EH         PUBLIC        ?C?SLCMP
  -------         ENDMOD        ?C?SLCMP

  -------         MODULE        ?C?ULCMP
BL51 BANKED LINKER/LOCATER V6.22                                                      09/18/2013  13:48:52  PAGE 108


  C:0844H         PUBLIC        ?C?ULCMP
  -------         ENDMOD        ?C?ULCMP

  -------         MODULE        ?C?ULSHR
  C:0855H         PUBLIC        ?C?ULSHR
  -------         ENDMOD        ?C?ULSHR

  -------         MODULE        ?C?LSHL
  C:0868H         PUBLIC        ?C?LSHL
  -------         ENDMOD        ?C?LSHL

  -------         MODULE        ?C?LLDPTR
  C:087BH         PUBLIC        ?C?LLDPTR
  -------         ENDMOD        ?C?LLDPTR

  -------         MODULE        ?C?LLDOPTR
  C:089BH         PUBLIC        ?C?LLDOPTR
  -------         ENDMOD        ?C?LLDOPTR

  -------         MODULE        ?C?LSTPTR
  C:08CBH         PUBLIC        ?C?LSTPTR
  -------         ENDMOD        ?C?LSTPTR

  -------         MODULE        ?C?LSTOPTR
  C:08E5H         PUBLIC        ?C?LSTOPTR
  -------         ENDMOD        ?C?LSTOPTR

  -------         MODULE        ?C?LLDXDATA
  C:0909H         PUBLIC        ?C?LLDXDATA
  -------         ENDMOD        ?C?LLDXDATA

  -------         MODULE        ?C?LLDCODE
  C:0915H         PUBLIC        ?C?LLDCODE
  -------         ENDMOD        ?C?LLDCODE

  -------         MODULE        ?C?LLDXDATA0
  C:0925H         PUBLIC        ?C?LLDXDATA0
  -------         ENDMOD        ?C?LLDXDATA0

  -------         MODULE        ?C?LLDCODE0
  C:0931H         PUBLIC        ?C?LLDCODE0
  -------         ENDMOD        ?C?LLDCODE0

  -------         MODULE        ?C?LLDOPTR0
  C:0941H         PUBLIC        ?C?LLDOPTR0
  -------         ENDMOD        ?C?LLDOPTR0

  -------         MODULE        ?C?LSTXDATA
  C:0971H         PUBLIC        ?C?LSTXDATA
  -------         ENDMOD        ?C?LSTXDATA

  -------         MODULE        ?C?LSTKXDATA
  C:097DH         PUBLIC        ?C?LSTKXDATA
  -------         ENDMOD        ?C?LSTKXDATA

  -------         MODULE        ?C?LSTKOPTR
  C:09AEH         PUBLIC        ?C?LSTKOPTR
BL51 BANKED LINKER/LOCATER V6.22                                                      09/18/2013  13:48:52  PAGE 109


  -------         ENDMOD        ?C?LSTKOPTR

  -------         MODULE        ?C?OFFXADD
  C:09D2H         PUBLIC        ?C?OFFXADD
  -------         ENDMOD        ?C?OFFXADD

  -------         MODULE        ?C?PLDIIDATA
  C:09DEH         PUBLIC        ?C?PLDIIDATA
  -------         ENDMOD        ?C?PLDIIDATA

  -------         MODULE        ?C?PLDXDATA
  C:09EEH         PUBLIC        ?C?PLDXDATA
  -------         ENDMOD        ?C?PLDXDATA

  -------         MODULE        ?C?PSTXDATA
  C:09F7H         PUBLIC        ?C?PSTXDATA
  -------         ENDMOD        ?C?PSTXDATA

  -------         MODULE        ?C?PLDOPTR
  C:0A00H         PUBLIC        ?C?PLDOPTR
  -------         ENDMOD        ?C?PLDOPTR

  -------         MODULE        ?C?PLDIOPTR
  C:0A30H         PUBLIC        ?C?PLDIOPTR
  -------         ENDMOD        ?C?PLDIOPTR

  -------         MODULE        ?C?PSTOPTR
  C:0A62H         PUBLIC        ?C?PSTOPTR
  -------         ENDMOD        ?C?PSTOPTR

  -------         MODULE        ?C?CCASE
  C:0ABBH         PUBLIC        ?C?CCASE
  -------         ENDMOD        ?C?CCASE

  -------         MODULE        ?C?ICASE
  C:0AE1H         PUBLIC        ?C?ICASE
  -------         ENDMOD        ?C?ICASE

  -------         MODULE        ?C?ICALL
  C:0B0EH         PUBLIC        ?C?ICALL
  C:0B12H         PUBLIC        ?C?ICALL2
  -------         ENDMOD        ?C?ICALL

  -------         MODULE        STRNCMP
  D:002CH         PUBLIC        ?_strncmp?BYTE
  C:5927H         PUBLIC        _strncmp
  -------         ENDMOD        STRNCMP

  -------         MODULE        STRNCPY
  D:002BH         PUBLIC        ?_strncpy?BYTE
  C:5FA8H         PUBLIC        _strncpy
  -------         ENDMOD        STRNCPY

  -------         MODULE        ?C?LLDIDATA
  C:0B14H         PUBLIC        ?C?LLDIDATA
  -------         ENDMOD        ?C?LLDIDATA

BL51 BANKED LINKER/LOCATER V6.22                                                      09/18/2013  13:48:52  PAGE 110


  -------         MODULE        ?C?LLDPDATA
  C:0B20H         PUBLIC        ?C?LLDPDATA
  -------         ENDMOD        ?C?LLDPDATA

  -------         MODULE        ?C?LLDIDATA0
  C:0B2CH         PUBLIC        ?C?LLDIDATA0
  -------         ENDMOD        ?C?LLDIDATA0

  -------         MODULE        ?C?LLDPDATA0
  C:0B39H         PUBLIC        ?C?LLDPDATA0
  -------         ENDMOD        ?C?LLDPDATA0

  -------         MODULE        ?C?LSTIDATA
  C:0B46H         PUBLIC        ?C?LSTIDATA
  -------         ENDMOD        ?C?LSTIDATA

  -------         MODULE        ?C?LSTPDATA
  C:0B52H         PUBLIC        ?C?LSTPDATA
  -------         ENDMOD        ?C?LSTPDATA

  -------         MODULE        ?C?LSTKIDATA
  C:0B5EH         PUBLIC        ?C?LSTKIDATA
  -------         ENDMOD        ?C?LSTKIDATA

  -------         MODULE        ?C?LSTKPDATA
  C:0B77H         PUBLIC        ?C?LSTKPDATA
  -------         ENDMOD        ?C?LSTKPDATA

  -------         MODULE        ?C?PLDIDATA
  C:0B90H         PUBLIC        ?C?PLDIDATA
  -------         ENDMOD        ?C?PLDIDATA

  -------         MODULE        ?C?PSTIDATA
  C:0B99H         PUBLIC        ?C?PSTIDATA
  -------         ENDMOD        ?C?PSTIDATA

  -------         MODULE        ?C?PLDIXDATA
  C:0BA2H         PUBLIC        ?C?PLDIXDATA
  -------         ENDMOD        ?C?PLDIXDATA

  -------         MODULE        ?C?PLDPDATA
  C:0BB9H         PUBLIC        ?C?PLDPDATA
  -------         ENDMOD        ?C?PLDPDATA

  -------         MODULE        ?C?PLDIPDATA
  C:0BC2H         PUBLIC        ?C?PLDIPDATA
  -------         ENDMOD        ?C?PLDIPDATA

  -------         MODULE        ?C?PSTPDATA
  C:0BD2H         PUBLIC        ?C?PSTPDATA
  -------         ENDMOD        ?C?PSTPDATA

  -------         MODULE        ?C?PLDCODE
  C:0BDBH         PUBLIC        ?C?PLDCODE
  -------         ENDMOD        ?C?PLDCODE

Program Size: data=114.4 xdata=3162 code=28914
BL51 BANKED LINKER/LOCATER V6.22                                                      09/18/2013  13:48:52  PAGE 111


LINK/LOCATE RUN COMPLETE.  0 WARNING(S),  0 ERROR(S)
