BL51 BANKED LINKER/LOCATER V6.22                                                        06/13/2013  10:29:17  PAGE 1


BL51 BANKED LINKER/LOCATER V6.22, INVOKED BY:
C:\KEIL\C51\BIN\BL51.EXE .\obj\STARTUP.obj, .\obj\AdcDrv.obj, .\obj\AngApp.obj, .\obj\Calibration.obj, .\obj\CmdSub.obj,
>>  .\obj\Comm.obj, .\obj\Delay.obj, .\obj\Filter.obj, .\obj\Flash.obj, .\obj\Init.obj, .\obj\Key.obj, .\obj\Main.obj, .
>> \obj\ModBusCrc.obj, .\obj\ModBusRtu.obj, .\obj\Send.obj, .\obj\Sensor.obj, .\obj\Sub.obj, .\obj\Timer.obj TO .\obj\16
>> 4-0001-20130607 PRINT (.\lst\164-0001-20130607.m51) RAMSIZE (256)


MEMORY MODEL: SMALL WITH FLOATING POINT ARITHMETIC


INPUT MODULES INCLUDED:
  .\obj\STARTUP.obj (?C_STARTUP)
  .\obj\AdcDrv.obj (ADCDRV)
  .\obj\AngApp.obj (ANGAPP)
  .\obj\Calibration.obj (CALIBRATION)
  .\obj\CmdSub.obj (CMDSUB)
  .\obj\Comm.obj (COMM)
  .\obj\Delay.obj (DELAY)
  .\obj\Filter.obj (FILTER)
  .\obj\Flash.obj (FLASH)
  .\obj\Init.obj (INIT)
  .\obj\Key.obj (KEY)
  .\obj\Main.obj (MAIN)
  .\obj\ModBusCrc.obj (MODBUSCRC)
  .\obj\ModBusRtu.obj (MODBUSRTU)
  .\obj\Send.obj (SEND)
  .\obj\Sensor.obj (SENSOR)
  .\obj\Sub.obj (SUB)
  .\obj\Timer.obj (TIMER)
  C:\KEIL\C51\LIB\C51FPS.LIB (?C?FPADD)
  C:\KEIL\C51\LIB\C51FPS.LIB (?C?FPMUL)
  C:\KEIL\C51\LIB\C51FPS.LIB (?C?FPDIV)
  C:\KEIL\C51\LIB\C51FPS.LIB (?C?FPCMP)
  C:\KEIL\C51\LIB\C51FPS.LIB (?C?FCAST)
  C:\KEIL\C51\LIB\C51FPS.LIB (?C?CASTF)
  C:\KEIL\C51\LIB\C51FPS.LIB (SQRT)
  C:\KEIL\C51\LIB\C51FPS.LIB (SIN)
  C:\KEIL\C51\LIB\C51FPS.LIB (ASIN)
  C:\KEIL\C51\LIB\C51FPS.LIB (?C?FPGETOPN)
  C:\KEIL\C51\LIB\C51FPS.LIB (?C?FPSERIES)
  C:\KEIL\C51\LIB\C51FPS.LIB (ATAN)
  C:\KEIL\C51\LIB\C51S.LIB (?C_INIT)
  C:\KEIL\C51\LIB\C51S.LIB (?C?CLDPTR)
  C:\KEIL\C51\LIB\C51S.LIB (?C?CLDOPTR)
  C:\KEIL\C51\LIB\C51S.LIB (?C?CILDPTR)
  C:\KEIL\C51\LIB\C51S.LIB (?C?CSTPTR)
  C:\KEIL\C51\LIB\C51S.LIB (?C?CSTOPTR)
  C:\KEIL\C51\LIB\C51S.LIB (?C?IMUL)
  C:\KEIL\C51\LIB\C51S.LIB (?C?UIDIV)
  C:\KEIL\C51\LIB\C51S.LIB (?C?SIDIV)
  C:\KEIL\C51\LIB\C51S.LIB (?C?IILDX)
  C:\KEIL\C51\LIB\C51S.LIB (?C?ILDPTR)
  C:\KEIL\C51\LIB\C51S.LIB (?C?ILDOPTR)
  C:\KEIL\C51\LIB\C51S.LIB (?C?IILDPTR)
  C:\KEIL\C51\LIB\C51S.LIB (?C?IILDOPTR)
  C:\KEIL\C51\LIB\C51S.LIB (?C?ISTPTR)
  C:\KEIL\C51\LIB\C51S.LIB (?C?ISTOPTR)
  C:\KEIL\C51\LIB\C51S.LIB (?C?LMUL)
BL51 BANKED LINKER/LOCATER V6.22                                                      06/13/2013  10:29:17  PAGE 2


  C:\KEIL\C51\LIB\C51S.LIB (?C?ULDIV)
  C:\KEIL\C51\LIB\C51S.LIB (?C?SLDIV)
  C:\KEIL\C51\LIB\C51S.LIB (?C?LNEG)
  C:\KEIL\C51\LIB\C51S.LIB (?C?SLCMP)
  C:\KEIL\C51\LIB\C51S.LIB (?C?ULCMP)
  C:\KEIL\C51\LIB\C51S.LIB (?C?ULSHR)
  C:\KEIL\C51\LIB\C51S.LIB (?C?LSHL)
  C:\KEIL\C51\LIB\C51S.LIB (?C?LLDPTR)
  C:\KEIL\C51\LIB\C51S.LIB (?C?LLDOPTR)
  C:\KEIL\C51\LIB\C51S.LIB (?C?LSTPTR)
  C:\KEIL\C51\LIB\C51S.LIB (?C?LSTOPTR)
  C:\KEIL\C51\LIB\C51S.LIB (?C?LLDCODE)
  C:\KEIL\C51\LIB\C51S.LIB (?C?LLDCODE0)
  C:\KEIL\C51\LIB\C51S.LIB (?C?LLDOPTR0)
  C:\KEIL\C51\LIB\C51S.LIB (?C?LSTXDATA)
  C:\KEIL\C51\LIB\C51S.LIB (?C?LSTKXDATA)
  C:\KEIL\C51\LIB\C51S.LIB (?C?LSTKOPTR)
  C:\KEIL\C51\LIB\C51S.LIB (?C?OFFXADD)
  C:\KEIL\C51\LIB\C51S.LIB (?C?PLDOPTR)
  C:\KEIL\C51\LIB\C51S.LIB (?C?PLDIOPTR)
  C:\KEIL\C51\LIB\C51S.LIB (?C?PSTOPTR)
  C:\KEIL\C51\LIB\C51S.LIB (?C?ICASE)
  C:\KEIL\C51\LIB\C51S.LIB (?C?ICALL)
  C:\KEIL\C51\LIB\C51S.LIB (STRNCMP)
  C:\KEIL\C51\LIB\C51S.LIB (STRNCPY)
  C:\KEIL\C51\LIB\C51S.LIB (?C?LLDIDATA)
  C:\KEIL\C51\LIB\C51S.LIB (?C?LLDXDATA)
  C:\KEIL\C51\LIB\C51S.LIB (?C?LLDPDATA)
  C:\KEIL\C51\LIB\C51S.LIB (?C?LLDIDATA0)
  C:\KEIL\C51\LIB\C51S.LIB (?C?LLDXDATA0)
  C:\KEIL\C51\LIB\C51S.LIB (?C?LLDPDATA0)
  C:\KEIL\C51\LIB\C51S.LIB (?C?LSTIDATA)
  C:\KEIL\C51\LIB\C51S.LIB (?C?LSTPDATA)
  C:\KEIL\C51\LIB\C51S.LIB (?C?LSTKIDATA)
  C:\KEIL\C51\LIB\C51S.LIB (?C?LSTKPDATA)
  C:\KEIL\C51\LIB\C51S.LIB (?C?PLDIDATA)
  C:\KEIL\C51\LIB\C51S.LIB (?C?PLDIIDATA)
  C:\KEIL\C51\LIB\C51S.LIB (?C?PSTIDATA)
  C:\KEIL\C51\LIB\C51S.LIB (?C?PLDXDATA)
  C:\KEIL\C51\LIB\C51S.LIB (?C?PLDIXDATA)
  C:\KEIL\C51\LIB\C51S.LIB (?C?PSTXDATA)
  C:\KEIL\C51\LIB\C51S.LIB (?C?PLDPDATA)
  C:\KEIL\C51\LIB\C51S.LIB (?C?PLDIPDATA)
  C:\KEIL\C51\LIB\C51S.LIB (?C?PSTPDATA)
  C:\KEIL\C51\LIB\C51S.LIB (?C?PLDCODE)


LINK MAP OF MODULE:  .\obj\164-0001-20130607 (?C_STARTUP)


            TYPE    BASE      LENGTH    RELOCATION   SEGMENT NAME
            -----------------------------------------------------

            * * * * * * *   D A T A   M E M O R Y   * * * * * * *
            REG     0000H     0008H     ABSOLUTE     "REG BANK 0"
            DATA    0008H     000AH     UNIT         ?DT?SEND
            DATA    0012H     0004H     UNIT         ?DT?CMDSUB
BL51 BANKED LINKER/LOCATER V6.22                                                      06/13/2013  10:29:17  PAGE 3


            DATA    0016H     0001H     UNIT         ?DT?KEY
            DATA    0017H     0001H     UNIT         ?DT?TIMER
            IDATA   0018H     0003H     UNIT         ?ID?ADCDRV
                    001BH     0005H                  *** GAP ***
            BIT     0020H.0   0000H.2   UNIT         ?BI?COMM
            BIT     0020H.2   0000H.2   UNIT         _BIT_GROUP_
                    0020H.4   0000H.4                *** GAP ***
            DATA    0021H     0051H     UNIT         _DATA_GROUP_
            IDATA   0072H     0001H     UNIT         ?STACK

            * * * * * * *  X D A T A   M E M O R Y  * * * * * * *
            XDATA   0000H     04B0H     UNIT         ?XD?CALIBRATION
            XDATA   04B0H     0200H     UNIT         ?XD?FLASH
            XDATA   06B0H     01A2H     UNIT         ?XD?COMM
            XDATA   0852H     019EH     UNIT         ?XD?ADCDRV
            XDATA   09F0H     00C9H     UNIT         ?XD?SEND
            XDATA   0AB9H     0041H     UNIT         ?XD?SENSOR
            XDATA   0AFAH     0038H     UNIT         ?XD?ANGAPP
            XDATA   0B32H     0018H     UNIT         ?XD?CMDSUB
            XDATA   0B4AH     000DH     UNIT         ?XD?MODBUSRTU
            XDATA   0B57H     0008H     UNIT         _XDATA_GROUP_
            XDATA   0B5FH     0005H     UNIT         ?XD?MAIN
            XDATA   0B64H     0002H     UNIT         ?XD?KEY
            XDATA   0B66H     0002H     UNIT         ?XD?TIMER

            * * * * * * *   C O D E   M E M O R Y   * * * * * * *
            CODE    0000H     0003H     ABSOLUTE     
            CODE    0003H     0020H     UNIT         ?PR?_SEND_TDEAL?SEND
            CODE    0023H     0003H     ABSOLUTE     
            CODE    0026H     0004H     UNIT         ?PR?ADC_ENABLE?ADCDRV
                    002AH     0001H                  *** GAP ***
            CODE    002BH     0003H     ABSOLUTE     
            CODE    002EH     001DH     UNIT         ?PR?COMM_TIMERPROC?COMM
            CODE    004BH     0003H     ABSOLUTE     
            CODE    004EH     0B82H     UNIT         ?PR?_MODRTU_RDVAL?MODBUSRTU
            CODE    0BD0H     0B58H     UNIT         ?C?LIB_CODE
            CODE    1728H     09DFH     UNIT         ?PR?_MODRTU_WRVAL?MODBUSRTU
            CODE    2107H     096BH     UNIT         ?PR?_SEND_SDEAL?SEND
            CODE    2A72H     02A1H     UNIT         ?PR?_RAM_CALDATA2BUF?FLASH
            CODE    2D13H     0298H     UNIT         ?PR?_RAM_BUF2CALDATA?FLASH
            CODE    2FABH     027AH     UNIT         ?PR?ANGPROC?ANGAPP
            CODE    3225H     0258H     UNIT         ?CO?SEND
            CODE    347DH     0219H     UNIT         ?PR?_SEND_RDEAL?SEND
            CODE    3696H     0203H     UNIT         ?PR?_SEND_CDEAL?SEND
            CODE    3899H     0200H     UNIT         ?CO?MODBUSCRC
            CODE    3A99H     01B6H     UNIT         ?PR?_SUB_STR2INT32S?SUB
            CODE    3C4FH     0184H     UNIT         ?PR?_ANG_CALCPRM?CALIBRATION
            CODE    3DD3H     016EH     UNIT         ?PR?SIN?SIN
            CODE    3F41H     015FH     UNIT         ?PR?_SUB_INT32S2STR?SUB
            CODE    40A0H     0130H     UNIT         ?PR?_TEMP_CALCPRM?CALIBRATION
            CODE    41D0H     0128H     UNIT         ?PR?ATAN?ATAN
            CODE    42F8H     011FH     UNIT         ?PR?ANGCALDATAINIT?CALIBRATION
            CODE    4417H     011DH     UNIT         ?PR?SEND_TIMEPROC?SEND
            CODE    4534H     0115H     UNIT         ?PR?CALIBINIT?CALIBRATION
            CODE    4649H     010CH     UNIT         ?PR?FLASH_CALDATAINIT?FLASH
            CODE    4755H     0107H     UNIT         ?PR?_TEMP_CALTREFSET?CMDSUB
            CODE    485CH     0100H     UNIT         ?PR?_SEND_WDEAL?SEND
BL51 BANKED LINKER/LOCATER V6.22                                                      06/13/2013  10:29:17  PAGE 4


            CODE    495CH     00FFH     UNIT         ?PR?_SUB_SENDTEMPCAL?SUB
            CODE    4A5BH     00F8H     UNIT         ?PR?_MODRTU_WRREG?MODBUSRTU
            CODE    4B53H     00E8H     UNIT         ?PR?_ADC_XCALPROC?CMDSUB
            CODE    4C3BH     00E8H     UNIT         ?PR?_ADC_YCALPROC?CMDSUB
            CODE    4D23H     00E2H     UNIT         ?PR?_MODRTU_RDREG?MODBUSRTU
            CODE    4E05H     00D8H     UNIT         ?PR?_PANGCALC?ANGAPP
            CODE    4EDDH     00D4H     UNIT         ?PR?_SLIDEWINFILTER?FILTER
            CODE    4FB1H     00BFH     UNIT         ?PR?_SUB_STR2INT16U?SUB
            CODE    5070H     00B7H     UNIT         ?PR?_GETOFFSET?SENSOR
            CODE    5127H     00B0H     UNIT         ?PR?_SUB_INT16U2STR?SUB
            CODE    51D7H     00AAH     UNIT         ?PR?SQRT?SQRT
            CODE    5281H     00A7H     UNIT         ?PR?_ANG_CALC?SENSOR
            CODE    5328H     00A5H     UNIT         ?PR?_COMM_GETTXCHAR?COMM
            CODE    53CDH     00A5H     UNIT         ?PR?_GETANGCALCVAL?SENSOR
            CODE    5472H     00A4H     UNIT         ?PR?ADC_ISR?ADCDRV
            CODE    5516H     00A4H     UNIT         ?PR?_COMM_GETCHAR?COMM
            CODE    55BAH     0099H     UNIT         ?PR?ANGINIT?ANGAPP
            CODE    5653H     0097H     UNIT         ?PR?ADC_XCALSTOP?CMDSUB
            CODE    56EAH     0097H     UNIT         ?PR?ADC_YCALSTOP?CMDSUB
            CODE    5781H     0092H     UNIT         ?PR?SNPROC?SENSOR
            CODE    5813H     008FH     UNIT         ?PR?COMM_SOFTWAREINIT?COMM
            CODE    58A2H     008DH     UNIT         ?PR?_FLOATTOINT?MODBUSRTU
            CODE    592FH     008CH     UNIT         ?C_C51STARTUP
            CODE    59BBH     008CH     UNIT         ?PR?_COMM_PUTCHAR?COMM
            CODE    5A47H     0085H     UNIT         ?PR?_ADCFILTER?ADCDRV
            CODE    5ACCH     0085H     UNIT         ?PR?_TEMP_CALVALWR?CMDSUB
            CODE    5B51H     0084H     UNIT         ?PR?_COMM_PUTRXCHAR?COMM
            CODE    5BD5H     0084H     UNIT         ?PR?SNINIT?SENSOR
            CODE    5C59H     0080H     UNIT         ?PR?TEMPSORTANDCALCPRM?CMDSUB
            CODE    5CD9H     0080H     UNIT         ?PR?_SNFILTER?SENSOR
            CODE    5D59H     0075H     UNIT         ?PR?_SUB_BUFBUBBLE2?SUB
            CODE    5DCEH     0072H     UNIT         ?PR?COMM_ISR?COMM
            CODE    5E40H     006FH     UNIT         ?PR?_STRNCMP?STRNCMP
            CODE    5EAFH     006BH     UNIT         ?PR?_ANGCHKDIFF?CMDSUB
            CODE    5F1AH     006AH     UNIT         ?PR?_FLASH_BUFWR?FLASH
            CODE    5F84H     0069H     UNIT         ?PR?_SN_DATAINIT?SENSOR
            CODE    5FEDH     0069H     UNIT         ?PR?_SUB_BUFBUBBLE?SUB
            CODE    6056H     0068H     UNIT         ?PR?_ADC_SAVEANDSWITCH?ADCDRV
            CODE    60BEH     0066H     UNIT         ?PR?_TEMP_CALSAMP?CMDSUB
            CODE    6124H     0065H     UNIT         ?PR?_SEND_UDEAL?SEND
            CODE    6189H     0065H     UNIT         ?PR?SUB_SENDPRMTALL?SUB
            CODE    61EEH     0064H     UNIT         ?PR?SUB_SENDTCALTEST?SUB
            CODE    6252H     0063H     UNIT         ?PR?_SUB_SENDANGXCAL?SUB
            CODE    62B5H     0061H     UNIT         ?PR?TEMPCALDATAINIT?CALIBRATION
            CODE    6316H     005DH     UNIT         ?PR?_FILTER_1ST?FILTER
            CODE    6373H     005CH     UNIT         ?PR?_FLASH_BUFRD?FLASH
            CODE    63CFH     005AH     UNIT         ?PR?_SUB_STR2INT16S?SUB
            CODE    6429H     0056H     UNIT         ?PR?FLASHAREA_USER?FLASH
            CODE    647FH     0056H     UNIT         ?PR?_SUB_SBUFSWITCH?SUB
            CODE    64D5H     0054H     UNIT         ?PR?INIT_SYSTEMPARA?INIT
            CODE    6529H     0052H     UNIT         ?PR?_STRNCPY?STRNCPY
            CODE    657BH     0050H     UNIT         ?PR?RAM_CALDATAINIT_USER?FLASH
            CODE    65CBH     004FH     UNIT         ?PR?_FLASH_CALDATAUPDATE_USER?FLASH
            CODE    661AH     004FH     UNIT         ?CO?SUB
            CODE    6669H     004DH     UNIT         ?PR?ADCENTITYINIT?ADCDRV
            CODE    66B6H     004CH     UNIT         ?PR?_SUB_16SBUFSWITCH?SUB
            CODE    6702H     004CH     UNIT         ?PR?_SUB_UBUFSWITCH?SUB
BL51 BANKED LINKER/LOCATER V6.22                                                      06/13/2013  10:29:17  PAGE 5


            CODE    674EH     0048H     UNIT         ?PR?_SUB_SENDADCTXY?SUB
            CODE    6796H     0048H     UNIT         ?PR?_SUB_SENDANGYCAL?SUB
            CODE    67DEH     0047H     UNIT         ?PR?KEY_DOWN?KEY
            CODE    6825H     0046H     UNIT         ?PR?GETXANGALLSETVAL?ANGAPP
            CODE    686BH     0046H     UNIT         ?PR?GETYANGALLSETVAL?ANGAPP
            CODE    68B1H     0044H     UNIT         ?PR?_MODRTU_RLYERROR?MODBUSRTU
            CODE    68F5H     0044H     UNIT         ?C?LDIV
            CODE    6939H     0043H     UNIT         ?PR?FLASH_CALDATAUPDATE?FLASH
            CODE    697CH     0041H     UNIT         ?PR?_COMM_PUTINT16S?SUB
            CODE    69BDH     003FH     UNIT         ?PR?SUB_SENDANGXYP?SUB
            CODE    69FCH     003DH     UNIT         ?PR?TIMER2_INIT?TIMER
            CODE    6A39H     003DH     UNIT         ?PR?TIMER2_ISR?TIMER
            CODE    6A76H     003CH     UNIT         ?PR?_FLASH_CHECKSUM?FLASH
            CODE    6AB2H     003CH     UNIT         ?PR?SUB_SENDID?SUB
            CODE    6AEEH     003CH     UNIT         ?PR?_SUB_STR2INT8U?SUB
            CODE    6B2AH     003CH     UNIT         ?PR?TIMER2_TASKINISR?TIMER
            CODE    6B66H     003BH     UNIT         ?PR?ASIN?ASIN
            CODE    6BA1H     003AH     UNIT         ?PR?_MODBUSCRCCNT?MODBUSCRC
            CODE    6BDBH     003AH     UNIT         ?PR?_MODRTU_RXPROC?MODBUSRTU
            CODE    6C15H     0036H     UNIT         ?PR?GETANGP?ANGAPP
            CODE    6C4BH     0034H     UNIT         ?PR?MAIN?MAIN
            CODE    6C7FH     0033H     UNIT         ?PR?_MODRTU_SETZERO?MODBUSRTU
            CODE    6CB2H     0032H     UNIT         ?PR?_FLASHUPDATE?FLASH
            CODE    6CE4H     002FH     UNIT         ?C_INITSEG
            CODE    6D13H     002FH     UNIT         ?PR?_SUB_STRALARMCHECK?SUB
            CODE    6D42H     002EH     UNIT         ?PR?ADC_SETINIT?ADCDRV
            CODE    6D70H     002CH     UNIT         ?PR?_SETANGZERO?ANGAPP
            CODE    6D9CH     002BH     UNIT         ?PR?SUB_SENDANGXY?SUB
            CODE    6DC7H     0029H     UNIT         ?PR?_SETANGZEROADD?ANGAPP
            CODE    6DF0H     0029H     UNIT         ?PR?_FLASH_PAGEERASE?FLASH
            CODE    6E19H     0028H     UNIT         ?PR?KEY_PROC?KEY
            CODE    6E41H     0028H     UNIT         ?PR?_MODRTU_WRADDR?MODBUSRTU
            CODE    6E69H     0026H     UNIT         ?PR?_COMM_PUTSTR?COMM
            CODE    6E8FH     0025H     UNIT         ?PR?_MODRTU_WRBAUD?MODBUSRTU
            CODE    6EB4H     0024H     UNIT         ?PR?_VALINRANGE?FILTER
            CODE    6ED8H     0023H     UNIT         ?PR?SYS_PORTINIT?INIT
            CODE    6EFBH     0022H     UNIT         ?PR?_SUB_INT16S2STR?SUB
            CODE    6F1DH     0021H     UNIT         ?PR?_MODRTU_WR16U?MODBUSRTU
            CODE    6F3EH     0020H     UNIT         ?PR?_SUB_INT8U2STR?SUB
            CODE    6F5EH     001EH     UNIT         ?PR?_ALARMX?ANGAPP
            CODE    6F7CH     001EH     UNIT         ?PR?_ALARMY?ANGAPP
            CODE    6F9AH     001EH     UNIT         ?PR?_ALARMS?ANGAPP
            CODE    6FB8H     001EH     UNIT         ?PR?COMM_HARDWAREINIT?COMM
            CODE    6FD6H     001CH     UNIT         ?PR?_COMM_PUTINT16U?SUB
            CODE    6FF2H     001CH     UNIT         ?PR?SUB_SENDSYSNUM?SUB
            CODE    700EH     001BH     UNIT         ?PR?INIT_ALL?INIT
            CODE    7029H     001BH     UNIT         ?PR?SNXDATAINIT?SENSOR
            CODE    7044H     001BH     UNIT         ?PR?SNYDATAINIT?SENSOR
            CODE    705FH     001AH     UNIT         ?CO?ADCDRV
            CODE    7079H     0019H     UNIT         ?PR?SYS_CLKINIT?INIT
            CODE    7092H     0018H     UNIT         ?PR?FLASH_USERDATAUPDATE?FLASH
            CODE    70AAH     0017H     UNIT         ?PR?_TEMP_RDTEMPVAL?CALIBRATION
            CODE    70C1H     0017H     UNIT         ?PR?_TEMP_WRTEMPVAL?CALIBRATION
            CODE    70D8H     0017H     UNIT         ?PR?ADC_XCALSTA?CMDSUB
            CODE    70EFH     0017H     UNIT         ?PR?ADC_YCALSTA?CMDSUB
            CODE    7106H     0017H     UNIT         ?PR?_DELAY_MS?DELAY
            CODE    711DH     0016H     UNIT         ?PR?TEMP_CALSTOP?CMDSUB
BL51 BANKED LINKER/LOCATER V6.22                                                      06/13/2013  10:29:17  PAGE 6


            CODE    7133H     0016H     UNIT         ?PR?_MODRTU_CHKCRC?MODBUSRTU
            CODE    7149H     0016H     UNIT         ?PR?_COMM_PUTINT8U?SUB
            CODE    715FH     0015H     UNIT         ?PR?_SETTEMPXCALTEMPVAL?CALIBRATION
            CODE    7174H     0015H     UNIT         ?PR?_SETTEMPYCALTEMPVAL?CALIBRATION
            CODE    7189H     0015H     UNIT         ?PR?_SETTEMPXCALADCVAL?CALIBRATION
            CODE    719EH     0015H     UNIT         ?PR?_SETANGXCALADCVAL?CALIBRATION
            CODE    71B3H     0015H     UNIT         ?PR?_SETTEMPYCALADCVAL?CALIBRATION
            CODE    71C8H     0015H     UNIT         ?PR?_SETANGYCALADCVAL?CALIBRATION
            CODE    71DDH     0014H     UNIT         ?PR?_COMM_PUTINT32S?SUB
            CODE    71F1H     0012H     UNIT         ?PR?TEMP_CALSTA?CMDSUB
            CODE    7203H     0012H     UNIT         ?PR?_SNXFILTER?SENSOR
            CODE    7215H     0012H     UNIT         ?PR?_SNYFILTER?SENSOR
            CODE    7227H     0012H     UNIT         ?PR?TIMER2_TASKINMAIN?TIMER
            CODE    7239H     0011H     UNIT         ?PR?_TEMP_RDADCVAL?CALIBRATION
            CODE    724AH     0011H     UNIT         ?PR?_TEMP_WRADCVAL?CALIBRATION
            CODE    725BH     0011H     UNIT         ?PR?_ANG_RDADCVAL?CALIBRATION
            CODE    726CH     0011H     UNIT         ?PR?_ANG_WRADCVAL?CALIBRATION
            CODE    727DH     0011H     UNIT         ?PR?GET_MCUTEMP?SENSOR
            CODE    728EH     0011H     UNIT         ?PR?SUB_SENDOK?SUB
            CODE    729FH     0011H     UNIT         ?PR?SUB_SENDERR?SUB
            CODE    72B0H     0011H     UNIT         ?PR?SUB_SENDSOFTVER?SUB
            CODE    72C1H     000FH     UNIT         ?PR?GETANGXSYSZERO?ANGAPP
            CODE    72D0H     000FH     UNIT         ?PR?GETANGYSYSZERO?ANGAPP
            CODE    72DFH     000FH     UNIT         ?PR?GETANGXUSRZERO?ANGAPP
            CODE    72EEH     000FH     UNIT         ?PR?GETANGYUSRZERO?ANGAPP
            CODE    72FDH     000FH     UNIT         ?PR?GETANGXINST?ANGAPP
            CODE    730CH     000FH     UNIT         ?PR?GETANGYINST?ANGAPP
            CODE    731BH     000FH     UNIT         ?PR?GETANGXSET?ANGAPP
            CODE    732AH     000FH     UNIT         ?PR?GETANGYSET?ANGAPP
            CODE    7339H     000FH     UNIT         ?PR?GETANGPSET?ANGAPP
            CODE    7348H     000FH     UNIT         ?PR?GETANGXZEROUSR?ANGAPP
            CODE    7357H     000FH     UNIT         ?PR?GETANGYZEROUSR?ANGAPP
            CODE    7366H     000FH     UNIT         ?PR?GETANGXRELSYS?ANGAPP
            CODE    7375H     000FH     UNIT         ?PR?GETANGYRELSYS?ANGAPP
            CODE    7384H     000FH     UNIT         ?PR?DELAY_100US?DELAY
            CODE    7393H     000FH     UNIT         ?PR?GETXANG?SENSOR
            CODE    73A2H     000FH     UNIT         ?PR?GETYANG?SENSOR
            CODE    73B1H     000EH     UNIT         ?PR?_ANG_RDANGVAL?CALIBRATION
            CODE    73BFH     000EH     UNIT         ?PR?_ANG_WRANGVAL?CALIBRATION
            CODE    73CDH     000EH     UNIT         ?PR?FLASHCHK?FLASH
            CODE    73DBH     000DH     UNIT         ?PR?_MODRTU_RD16U?MODBUSRTU
            CODE    73E8H     000CH     UNIT         ?PR?ADC_INIT?ADCDRV
            CODE    73F4H     000CH     UNIT         ?PR?_GETTEMPXCALTEMPVAL?CALIBRATION
            CODE    7400H     000CH     UNIT         ?PR?_GETANGXCALANGVAL?CALIBRATION
            CODE    740CH     000CH     UNIT         ?PR?_GETTEMPYCALTEMPVAL?CALIBRATION
            CODE    7418H     000CH     UNIT         ?PR?_GETANGYCALANGVAL?CALIBRATION
            CODE    7424H     000CH     UNIT         ?PR?_GETTEMPXCALADCVAL?CALIBRATION
            CODE    7430H     000CH     UNIT         ?PR?_GETANGXCALADCVAL?CALIBRATION
            CODE    743CH     000CH     UNIT         ?PR?_GETTEMPYCALADCVAL?CALIBRATION
            CODE    7448H     000CH     UNIT         ?PR?_GETANGYCALADCVAL?CALIBRATION
            CODE    7454H     000CH     UNIT         ?PR?_SETANGXCALANGVAL?CALIBRATION
            CODE    7460H     000CH     UNIT         ?PR?_SETANGYCALANGVAL?CALIBRATION
            CODE    746CH     000CH     UNIT         ?PR?_MODRTU_8TO16?MODBUSRTU
            CODE    7478H     000BH     UNIT         ?PR?_SETTEMPXCALCNT?CALIBRATION
            CODE    7483H     000BH     UNIT         ?PR?_SETANGXCALCNT?CALIBRATION
            CODE    748EH     000BH     UNIT         ?PR?_SETTEMPYCALCNT?CALIBRATION
            CODE    7499H     000BH     UNIT         ?PR?_SETANGYCALCNT?CALIBRATION
BL51 BANKED LINKER/LOCATER V6.22                                                      06/13/2013  10:29:17  PAGE 7


            CODE    74A4H     000BH     UNIT         ?PR?_DELAY_CYC?DELAY
            CODE    74AFH     000BH     UNIT         ?PR?_MODRTU_WRCRC?MODBUSRTU
            CODE    74BAH     000BH     UNIT         ?PR?SUB_SYSRST?SUB
            CODE    74C5H     000AH     UNIT         ?PR?COMM_TIMERINIT?COMM
            CODE    74CFH     000AH     UNIT         ?PR?DELAY_MS_?DELAY
            CODE    74D9H     000AH     UNIT         ?PR?COMM_PUTNEWLINE?SUB
            CODE    74E3H     0009H     UNIT         ?PR?ADC_GETXVAL?ADCDRV
            CODE    74ECH     0009H     UNIT         ?PR?ADC_GETYVAL?ADCDRV
            CODE    74F5H     0009H     UNIT         ?PR?ADC_GETTEMP?ADCDRV
            CODE    74FEH     0009H     UNIT         ?PR?TEMPXCALCPRM?CALIBRATION
            CODE    7507H     0009H     UNIT         ?PR?TEMPYCALCPRM?CALIBRATION
            CODE    7510H     0009H     UNIT         ?PR?ANGXCALCPRM?CALIBRATION
            CODE    7519H     0009H     UNIT         ?PR?ANGYCALCPRM?CALIBRATION
            CODE    7522H     0009H     UNIT         ?CO?KEY
            CODE    752BH     0009H     UNIT         ?PR?ANGXCALC?SENSOR
            CODE    7534H     0009H     UNIT         ?PR?ANGYCALC?SENSOR
            CODE    753DH     0009H     UNIT         ?PR?GETXFTVAL?SENSOR
            CODE    7546H     0009H     UNIT         ?PR?GETYFTVAL?SENSOR
            CODE    754FH     0009H     UNIT         ?PR?GETXOFTVAL?SENSOR
            CODE    7558H     0009H     UNIT         ?PR?GETYOFTVAL?SENSOR
            CODE    7561H     0009H     UNIT         ?PR?_SUB_SENDOFFSET?SUB
            CODE    756AH     0008H     UNIT         ?PR?_SETTEMPCALCNT?CALIBRATION
            CODE    7572H     0008H     UNIT         ?PR?_SETANGCALCNT?CALIBRATION
            CODE    757AH     0008H     UNIT         ?PR?_GETXOFFSET?SENSOR
            CODE    7582H     0008H     UNIT         ?PR?_GETYOFFSET?SENSOR
            CODE    758AH     0007H     UNIT         ?PR?MAIN_TEMP?MAIN
            CODE    7591H     0006H     UNIT         ?PR?_SETANGXSYSZERO?ANGAPP
            CODE    7597H     0006H     UNIT         ?PR?_SETANGYSYSZERO?ANGAPP
            CODE    759DH     0006H     UNIT         ?PR?_SETANGXUSRZERO?ANGAPP
            CODE    75A3H     0006H     UNIT         ?PR?_SETANGYUSRZERO?ANGAPP
            CODE    75A9H     0006H     UNIT         ?PR?_SETANGXINST?ANGAPP
            CODE    75AFH     0006H     UNIT         ?PR?_SETANGYINST?ANGAPP
            CODE    75B5H     0006H     UNIT         ?PR?_SETANGXSET?ANGAPP
            CODE    75BBH     0006H     UNIT         ?PR?_SETANGYSET?ANGAPP
            CODE    75C1H     0006H     UNIT         ?PR?_SETANGPSET?ANGAPP
            CODE    75C7H     0006H     UNIT         ?PR?GETTEMPXCALCNT?CALIBRATION
            CODE    75CDH     0006H     UNIT         ?PR?GETANGXCALCNT?CALIBRATION
            CODE    75D3H     0006H     UNIT         ?PR?GETANGYCALCNT?CALIBRATION
            CODE    75D9H     0006H     UNIT         ?PR?COMM_SENDSTA?COMM
            CODE    75DFH     0006H     UNIT         ?PR?RAM_CALDATAINIT?FLASH
            CODE    75E5H     0006H     UNIT         ?PR?GETFILTERCNT?SENSOR
            CODE    75EBH     0006H     UNIT         ?PR?_SETFILTERCNT?SENSOR
            CODE    75F1H     0004H     UNIT         ?PR?ADC_VREFINIT?ADCDRV
            CODE    75F5H     0004H     UNIT         ?PR?ADC_ISRINIT?ADCDRV
            CODE    75F9H     0004H     UNIT         ?PR?_TEMP_SETCALCNT?CALIBRATION
            CODE    75FDH     0004H     UNIT         ?PR?_ANG_SETCALCNT?CALIBRATION
            CODE    7601H     0004H     UNIT         ?PR?COMM_SENDSTOP?COMM



OVERLAY MAP OF MODULE:   .\obj\164-0001-20130607 (?C_STARTUP)


SEGMENT                                        BIT_GROUP          DATA_GROUP          XDATA_GROUP
  +--> CALLED SEGMENT                       START    LENGTH     START    LENGTH     START    LENGTH
---------------------------------------------------------------------------------------------------
?C_C51STARTUP                               -----    -----      -----    -----      -----    -----
BL51 BANKED LINKER/LOCATER V6.22                                                      06/13/2013  10:29:17  PAGE 8


  +--> ?PR?MAIN?MAIN
  +--> ?C_INITSEG

?PR?MAIN?MAIN                               -----    -----      -----    -----      -----    -----
  +--> ?PR?INIT_ALL?INIT
  +--> ?PR?FLASH_CALDATAINIT?FLASH
  +--> ?PR?MAIN_TEMP?MAIN
  +--> ?PR?_DELAY_MS?DELAY
  +--> ?PR?SNPROC?SENSOR
  +--> ?PR?TIMER2_TASKINMAIN?TIMER
  +--> ?PR?SEND_TIMEPROC?SEND
  +--> ?PR?KEY_PROC?KEY
  +--> ?PR?ANGPROC?ANGAPP

?PR?INIT_ALL?INIT                           -----    -----      -----    -----      -----    -----
  +--> ?PR?SYS_PORTINIT?INIT
  +--> ?PR?SYS_CLKINIT?INIT
  +--> ?PR?COMM_HARDWAREINIT?COMM
  +--> ?PR?COMM_SOFTWAREINIT?COMM
  +--> ?PR?TIMER2_INIT?TIMER
  +--> ?PR?INIT_SYSTEMPARA?INIT
  +--> ?PR?ANGINIT?ANGAPP
  +--> ?PR?ADC_INIT?ADCDRV
  +--> ?PR?ADC_ENABLE?ADCDRV

?PR?COMM_SOFTWAREINIT?COMM                  -----    -----      0021H    0003H      -----    -----

?PR?TIMER2_INIT?TIMER                       -----    -----      -----    -----      -----    -----
  +--> ?CO?SEND

?PR?INIT_SYSTEMPARA?INIT                    -----    -----      -----    -----      -----    -----
  +--> ?CO?SEND

?PR?ANGINIT?ANGAPP                          -----    -----      -----    -----      -----    -----
  +--> ?PR?SNINIT?SENSOR
  +--> ?PR?_SETANGXINST?ANGAPP
  +--> ?PR?_SETANGYINST?ANGAPP
  +--> ?PR?_SETANGXSYSZERO?ANGAPP
  +--> ?PR?_SETANGYSYSZERO?ANGAPP
  +--> ?PR?_SETANGXUSRZERO?ANGAPP
  +--> ?PR?_SETANGYUSRZERO?ANGAPP
  +--> ?PR?_SETANGXSET?ANGAPP
  +--> ?PR?_SETANGYSET?ANGAPP
  +--> ?PR?_SETANGPSET?ANGAPP

?PR?SNINIT?SENSOR                           -----    -----      -----    -----      -----    -----
  +--> ?PR?CALIBINIT?CALIBRATION
  +--> ?PR?_SETFILTERCNT?SENSOR
  +--> ?PR?SNXDATAINIT?SENSOR
  +--> ?PR?_SNXFILTER?SENSOR
  +--> ?PR?_GETXOFFSET?SENSOR
  +--> ?PR?ANGXCALC?SENSOR
  +--> ?PR?SNYDATAINIT?SENSOR
  +--> ?PR?_SNYFILTER?SENSOR
  +--> ?PR?_GETYOFFSET?SENSOR
  +--> ?PR?ANGYCALC?SENSOR

BL51 BANKED LINKER/LOCATER V6.22                                                      06/13/2013  10:29:17  PAGE 9


?PR?CALIBINIT?CALIBRATION                   -----    -----      -----    -----      -----    -----
  +--> ?PR?_SETTEMPXCALCNT?CALIBRATION
  +--> ?PR?_GETTEMPXCALTEMPVAL?CALIBRATION
  +--> ?PR?_GETTEMPXCALADCVAL?CALIBRATION
  +--> ?PR?_SETTEMPXCALTEMPVAL?CALIBRATION
  +--> ?PR?_SETTEMPXCALADCVAL?CALIBRATION
  +--> ?PR?_SETTEMPYCALCNT?CALIBRATION
  +--> ?PR?_GETTEMPYCALTEMPVAL?CALIBRATION
  +--> ?PR?_GETTEMPYCALADCVAL?CALIBRATION
  +--> ?PR?_SETTEMPYCALTEMPVAL?CALIBRATION
  +--> ?PR?_SETTEMPYCALADCVAL?CALIBRATION
  +--> ?PR?_SETANGXCALCNT?CALIBRATION
  +--> ?PR?_GETANGXCALANGVAL?CALIBRATION
  +--> ?PR?_GETANGXCALADCVAL?CALIBRATION
  +--> ?PR?_SETANGXCALANGVAL?CALIBRATION
  +--> ?PR?_SETANGXCALADCVAL?CALIBRATION
  +--> ?PR?_SETANGYCALCNT?CALIBRATION
  +--> ?PR?_GETANGYCALANGVAL?CALIBRATION
  +--> ?PR?_GETANGYCALADCVAL?CALIBRATION
  +--> ?PR?_SETANGYCALANGVAL?CALIBRATION
  +--> ?PR?_SETANGYCALADCVAL?CALIBRATION

?PR?_SETTEMPXCALCNT?CALIBRATION             -----    -----      -----    -----      -----    -----
  +--> ?PR?_TEMP_SETCALCNT?CALIBRATION

?PR?_GETTEMPXCALTEMPVAL?CALIBRATION         -----    -----      -----    -----      -----    -----
  +--> ?PR?_TEMP_RDTEMPVAL?CALIBRATION

?PR?_GETTEMPXCALADCVAL?CALIBRATION          -----    -----      -----    -----      -----    -----
  +--> ?PR?_TEMP_RDADCVAL?CALIBRATION

?PR?_SETTEMPXCALTEMPVAL?CALIBRATION         -----    -----      -----    -----      -----    -----
  +--> ?PR?_TEMP_WRTEMPVAL?CALIBRATION

?PR?_TEMP_WRTEMPVAL?CALIBRATION             -----    -----      0026H    0006H      -----    -----

?PR?_SETTEMPXCALADCVAL?CALIBRATION          -----    -----      -----    -----      -----    -----
  +--> ?PR?_TEMP_WRADCVAL?CALIBRATION

?PR?_TEMP_WRADCVAL?CALIBRATION              -----    -----      0026H    0006H      -----    -----

?PR?_SETTEMPYCALCNT?CALIBRATION             -----    -----      -----    -----      -----    -----
  +--> ?PR?_TEMP_SETCALCNT?CALIBRATION

?PR?_GETTEMPYCALTEMPVAL?CALIBRATION         -----    -----      -----    -----      -----    -----
  +--> ?PR?_TEMP_RDTEMPVAL?CALIBRATION

?PR?_GETTEMPYCALADCVAL?CALIBRATION          -----    -----      -----    -----      -----    -----
  +--> ?PR?_TEMP_RDADCVAL?CALIBRATION

?PR?_SETTEMPYCALTEMPVAL?CALIBRATION         -----    -----      -----    -----      -----    -----
  +--> ?PR?_TEMP_WRTEMPVAL?CALIBRATION

?PR?_SETTEMPYCALADCVAL?CALIBRATION          -----    -----      -----    -----      -----    -----
  +--> ?PR?_TEMP_WRADCVAL?CALIBRATION

?PR?_SETANGXCALCNT?CALIBRATION              -----    -----      -----    -----      -----    -----
BL51 BANKED LINKER/LOCATER V6.22                                                      06/13/2013  10:29:17  PAGE 10


  +--> ?PR?_ANG_SETCALCNT?CALIBRATION

?PR?_GETANGXCALANGVAL?CALIBRATION           -----    -----      -----    -----      -----    -----
  +--> ?PR?_ANG_RDANGVAL?CALIBRATION

?PR?_GETANGXCALADCVAL?CALIBRATION           -----    -----      -----    -----      -----    -----
  +--> ?PR?_ANG_RDADCVAL?CALIBRATION

?PR?_SETANGXCALANGVAL?CALIBRATION           -----    -----      0035H    0005H      -----    -----
  +--> ?PR?_ANG_WRANGVAL?CALIBRATION

?PR?_ANG_WRANGVAL?CALIBRATION               -----    -----      003AH    0008H      -----    -----

?PR?_SETANGXCALADCVAL?CALIBRATION           -----    -----      -----    -----      -----    -----
  +--> ?PR?_ANG_WRADCVAL?CALIBRATION

?PR?_ANG_WRADCVAL?CALIBRATION               -----    -----      0035H    0006H      -----    -----

?PR?_SETANGYCALCNT?CALIBRATION              -----    -----      -----    -----      -----    -----
  +--> ?PR?_ANG_SETCALCNT?CALIBRATION

?PR?_GETANGYCALANGVAL?CALIBRATION           -----    -----      -----    -----      -----    -----
  +--> ?PR?_ANG_RDANGVAL?CALIBRATION

?PR?_GETANGYCALADCVAL?CALIBRATION           -----    -----      -----    -----      -----    -----
  +--> ?PR?_ANG_RDADCVAL?CALIBRATION

?PR?_SETANGYCALANGVAL?CALIBRATION           -----    -----      0035H    0005H      -----    -----
  +--> ?PR?_ANG_WRANGVAL?CALIBRATION

?PR?_SETANGYCALADCVAL?CALIBRATION           -----    -----      -----    -----      -----    -----
  +--> ?PR?_ANG_WRADCVAL?CALIBRATION

?PR?SNXDATAINIT?SENSOR                      -----    -----      -----    -----      -----    -----
  +--> ?PR?_SN_DATAINIT?SENSOR

?PR?_SN_DATAINIT?SENSOR                     -----    -----      0021H    0009H      -----    -----

?PR?_SNXFILTER?SENSOR                       -----    -----      -----    -----      -----    -----
  +--> ?PR?_SNFILTER?SENSOR

?PR?_SNFILTER?SENSOR                        -----    -----      0021H    0006H      -----    -----
  +--> ?PR?_VALINRANGE?FILTER
  +--> ?PR?_FILTER_1ST?FILTER

?PR?_FILTER_1ST?FILTER                      -----    -----      0027H    0007H      -----    -----

?PR?_GETXOFFSET?SENSOR                      -----    -----      -----    -----      -----    -----
  +--> ?PR?_GETOFFSET?SENSOR

?PR?_GETOFFSET?SENSOR                       -----    -----      0021H    0006H      -----    -----

?PR?ANGXCALC?SENSOR                         -----    -----      -----    -----      -----    -----
  +--> ?PR?_ANG_CALC?SENSOR

?PR?_ANG_CALC?SENSOR                        -----    -----      0021H    0007H      -----    -----
  +--> ?PR?_GETANGCALCVAL?SENSOR
BL51 BANKED LINKER/LOCATER V6.22                                                      06/13/2013  10:29:17  PAGE 11


  +--> ?PR?ASIN?ASIN

?PR?_GETANGCALCVAL?SENSOR                   -----    -----      0028H    0006H      -----    -----

?PR?ASIN?ASIN                               -----    -----      -----    -----      -----    -----
  +--> ?PR?SQRT?SQRT
  +--> ?PR?ATAN?ATAN

?PR?SQRT?SQRT                               -----    -----      0046H    0004H      -----    -----

?PR?ATAN?ATAN                               0020H.2  0000H.2    0046H    0004H      -----    -----

?PR?SNYDATAINIT?SENSOR                      -----    -----      -----    -----      -----    -----
  +--> ?PR?_SN_DATAINIT?SENSOR

?PR?_SNYFILTER?SENSOR                       -----    -----      -----    -----      -----    -----
  +--> ?PR?_SNFILTER?SENSOR

?PR?_GETYOFFSET?SENSOR                      -----    -----      -----    -----      -----    -----
  +--> ?PR?_GETOFFSET?SENSOR

?PR?ANGYCALC?SENSOR                         -----    -----      -----    -----      -----    -----
  +--> ?PR?_ANG_CALC?SENSOR

?PR?ADC_INIT?ADCDRV                         -----    -----      -----    -----      -----    -----
  +--> ?PR?ADC_SETINIT?ADCDRV
  +--> ?PR?ADC_VREFINIT?ADCDRV
  +--> ?PR?ADC_ISRINIT?ADCDRV
  +--> ?PR?ADCENTITYINIT?ADCDRV

?PR?FLASH_CALDATAINIT?FLASH                 -----    -----      0021H    0001H      -----    -----
  +--> ?PR?_FLASH_BUFRD?FLASH
  +--> ?PR?FLASHCHK?FLASH
  +--> ?PR?RAM_CALDATAINIT?FLASH
  +--> ?PR?FLASH_CALDATAUPDATE?FLASH
  +--> ?PR?_RAM_BUF2CALDATA?FLASH
  +--> ?PR?_FLASH_CHECKSUM?FLASH
  +--> ?PR?FLASHAREA_USER?FLASH
  +--> ?PR?_FLASH_CALDATAUPDATE_USER?FLASH
  +--> ?PR?GETANGXCALCNT?CALIBRATION
  +--> ?PR?GETANGYCALCNT?CALIBRATION
  +--> ?PR?ADC_XCALSTOP?CMDSUB
  +--> ?PR?ADC_YCALSTOP?CMDSUB
  +--> ?PR?TEMP_CALSTOP?CMDSUB
  +--> ?CO?SEND

?PR?_FLASH_BUFRD?FLASH                      0020H.2  0000H.1    0022H    0009H      -----    -----

?PR?RAM_CALDATAINIT?FLASH                   -----    -----      -----    -----      -----    -----
  +--> ?PR?ANGCALDATAINIT?CALIBRATION
  +--> ?PR?TEMPCALDATAINIT?CALIBRATION

?PR?ANGCALDATAINIT?CALIBRATION              -----    -----      -----    -----      -----    -----
  +--> ?PR?_SETANGCALCNT?CALIBRATION

?PR?_SETANGCALCNT?CALIBRATION               -----    -----      -----    -----      -----    -----
  +--> ?PR?_SETANGXCALCNT?CALIBRATION
BL51 BANKED LINKER/LOCATER V6.22                                                      06/13/2013  10:29:17  PAGE 12


  +--> ?PR?_SETANGYCALCNT?CALIBRATION

?PR?TEMPCALDATAINIT?CALIBRATION             -----    -----      0022H    0001H      -----    -----
  +--> ?PR?_SETTEMPCALCNT?CALIBRATION

?PR?_SETTEMPCALCNT?CALIBRATION              -----    -----      -----    -----      -----    -----
  +--> ?PR?_SETTEMPXCALCNT?CALIBRATION
  +--> ?PR?_SETTEMPYCALCNT?CALIBRATION

?PR?FLASH_CALDATAUPDATE?FLASH               -----    -----      -----    -----      -----    -----
  +--> ?PR?_RAM_CALDATA2BUF?FLASH
  +--> ?PR?_FLASHUPDATE?FLASH

?PR?_RAM_CALDATA2BUF?FLASH                  -----    -----      003EH    0006H      -----    -----
  +--> ?PR?_GETANGXCALANGVAL?CALIBRATION
  +--> ?PR?_GETANGYCALANGVAL?CALIBRATION
  +--> ?PR?_GETANGXCALADCVAL?CALIBRATION
  +--> ?PR?_GETANGYCALADCVAL?CALIBRATION
  +--> ?PR?_GETTEMPXCALTEMPVAL?CALIBRATION
  +--> ?PR?_GETTEMPXCALADCVAL?CALIBRATION
  +--> ?PR?_GETTEMPYCALADCVAL?CALIBRATION
  +--> ?PR?GETANGXCALCNT?CALIBRATION
  +--> ?PR?GETTEMPXCALCNT?CALIBRATION
  +--> ?PR?GETANGXSYSZERO?ANGAPP
  +--> ?PR?GETANGYSYSZERO?ANGAPP
  +--> ?PR?GETFILTERCNT?SENSOR
  +--> ?PR?GETANGXUSRZERO?ANGAPP
  +--> ?PR?GETANGYUSRZERO?ANGAPP
  +--> ?PR?GETANGXINST?ANGAPP
  +--> ?PR?GETANGYINST?ANGAPP
  +--> ?PR?GETANGXSET?ANGAPP
  +--> ?PR?GETANGYSET?ANGAPP
  +--> ?PR?GETANGPSET?ANGAPP
  +--> ?PR?_FLASH_CHECKSUM?FLASH

?PR?_FLASH_CHECKSUM?FLASH                   -----    -----      0044H    0005H      -----    -----

?PR?_FLASHUPDATE?FLASH                      0020H.2  0000H.1    003EH    0007H      -----    -----
  +--> ?PR?_FLASH_PAGEERASE?FLASH
  +--> ?PR?_DELAY_MS?DELAY
  +--> ?PR?_FLASH_BUFWR?FLASH

?PR?_FLASH_PAGEERASE?FLASH                  0020H.3  0000H.1    -----    -----      -----    -----

?PR?_DELAY_MS?DELAY                         -----    -----      -----    -----      -----    -----
  +--> ?PR?DELAY_MS_?DELAY

?PR?DELAY_MS_?DELAY                         -----    -----      -----    -----      -----    -----
  +--> ?PR?DELAY_100US?DELAY

?PR?_FLASH_BUFWR?FLASH                      0020H.3  0000H.1    0045H    000BH      -----    -----

?PR?_RAM_BUF2CALDATA?FLASH                  -----    -----      0022H    0004H      -----    -----
  +--> ?PR?_SETANGXCALANGVAL?CALIBRATION
  +--> ?PR?_SETANGYCALANGVAL?CALIBRATION
  +--> ?PR?_SETANGXCALADCVAL?CALIBRATION
  +--> ?PR?_SETANGYCALADCVAL?CALIBRATION
BL51 BANKED LINKER/LOCATER V6.22                                                      06/13/2013  10:29:17  PAGE 13


  +--> ?PR?_SETTEMPXCALTEMPVAL?CALIBRATION
  +--> ?PR?_SETTEMPXCALADCVAL?CALIBRATION
  +--> ?PR?_SETTEMPYCALADCVAL?CALIBRATION
  +--> ?PR?_SETANGCALCNT?CALIBRATION
  +--> ?PR?_SETTEMPCALCNT?CALIBRATION
  +--> ?PR?_SETANGXSYSZERO?ANGAPP
  +--> ?PR?_SETANGYSYSZERO?ANGAPP
  +--> ?PR?_SETFILTERCNT?SENSOR
  +--> ?PR?_SETANGXUSRZERO?ANGAPP
  +--> ?PR?_SETANGYUSRZERO?ANGAPP
  +--> ?PR?_SETANGXINST?ANGAPP
  +--> ?PR?_SETANGYINST?ANGAPP
  +--> ?PR?_SETANGXSET?ANGAPP
  +--> ?PR?_SETANGYSET?ANGAPP
  +--> ?PR?_SETANGPSET?ANGAPP

?PR?FLASHAREA_USER?FLASH                    -----    -----      -----    -----      -----    -----
  +--> ?PR?_FLASH_BUFRD?FLASH
  +--> ?PR?FLASHCHK?FLASH
  +--> ?PR?_FLASH_CHECKSUM?FLASH
  +--> ?PR?RAM_CALDATAINIT_USER?FLASH
  +--> ?PR?_FLASH_CALDATAUPDATE_USER?FLASH
  +--> ?PR?_RAM_BUF2CALDATA?FLASH

?PR?RAM_CALDATAINIT_USER?FLASH              -----    -----      -----    -----      -----    -----
  +--> ?PR?_SETANGXUSRZERO?ANGAPP
  +--> ?PR?_SETANGYUSRZERO?ANGAPP
  +--> ?PR?_SETANGXSET?ANGAPP
  +--> ?PR?_SETANGYSET?ANGAPP
  +--> ?PR?_SETANGPSET?ANGAPP
  +--> ?PR?_SETANGXINST?ANGAPP
  +--> ?PR?_SETANGYINST?ANGAPP
  +--> ?PR?INIT_SYSTEMPARA?INIT

?PR?_FLASH_CALDATAUPDATE_USER?FLASH         -----    -----      0035H    0009H      -----    -----
  +--> ?PR?_RAM_CALDATA2BUF?FLASH
  +--> ?PR?_FLASHUPDATE?FLASH

?PR?ADC_XCALSTOP?CMDSUB                     -----    -----      002CH    0001H      -----    -----
  +--> ?PR?_SUB_BUFBUBBLE?SUB
  +--> ?PR?ANGXCALCPRM?CALIBRATION

?PR?_SUB_BUFBUBBLE?SUB                      -----    -----      002DH    0009H      -----    -----
  +--> ?PR?_SUB_SBUFSWITCH?SUB
  +--> ?PR?_SUB_UBUFSWITCH?SUB

?PR?_SUB_SBUFSWITCH?SUB                     -----    -----      0036H    0009H      -----    -----

?PR?_SUB_UBUFSWITCH?SUB                     -----    -----      003DH    0007H      -----    -----

?PR?ANGXCALCPRM?CALIBRATION                 -----    -----      -----    -----      -----    -----
  +--> ?PR?_ANG_CALCPRM?CALIBRATION

?PR?_ANG_CALCPRM?CALIBRATION                -----    -----      002DH    000CH      -----    -----
  +--> ?PR?SIN?SIN

?PR?SIN?SIN                                 0020H.2  0000H.1    0046H    0004H      -----    -----
BL51 BANKED LINKER/LOCATER V6.22                                                      06/13/2013  10:29:17  PAGE 14



?PR?ADC_YCALSTOP?CMDSUB                     -----    -----      002CH    0001H      -----    -----
  +--> ?PR?_SUB_BUFBUBBLE?SUB
  +--> ?PR?ANGYCALCPRM?CALIBRATION

?PR?ANGYCALCPRM?CALIBRATION                 -----    -----      -----    -----      -----    -----
  +--> ?PR?_ANG_CALCPRM?CALIBRATION

?PR?TEMP_CALSTOP?CMDSUB                     -----    -----      -----    -----      -----    -----
  +--> ?PR?TEMPSORTANDCALCPRM?CMDSUB

?PR?TEMPSORTANDCALCPRM?CMDSUB               -----    -----      -----    -----      -----    -----
  +--> ?PR?_SUB_BUFBUBBLE2?SUB
  +--> ?PR?TEMPXCALCPRM?CALIBRATION
  +--> ?PR?TEMPYCALCPRM?CALIBRATION

?PR?_SUB_BUFBUBBLE2?SUB                     -----    -----      0031H    000CH      -----    -----
  +--> ?PR?_SUB_UBUFSWITCH?SUB
  +--> ?PR?_SUB_16SBUFSWITCH?SUB

?PR?_SUB_16SBUFSWITCH?SUB                   -----    -----      003DH    0007H      -----    -----

?PR?TEMPXCALCPRM?CALIBRATION                -----    -----      -----    -----      -----    -----
  +--> ?PR?_TEMP_CALCPRM?CALIBRATION

?PR?_TEMP_CALCPRM?CALIBRATION               -----    -----      0031H    0004H      -----    -----

?PR?TEMPYCALCPRM?CALIBRATION                -----    -----      -----    -----      -----    -----
  +--> ?PR?_TEMP_CALCPRM?CALIBRATION

?PR?SNPROC?SENSOR                           -----    -----      -----    -----      -----    -----
  +--> ?PR?ADC_GETXVAL?ADCDRV
  +--> ?PR?GET_MCUTEMP?SENSOR
  +--> ?PR?ADC_GETYVAL?ADCDRV

?PR?GET_MCUTEMP?SENSOR                      -----    -----      -----    -----      -----    -----
  +--> ?PR?ADC_GETTEMP?ADCDRV

?PR?TIMER2_TASKINMAIN?TIMER                 -----    -----      -----    -----      -----    -----
  +--> ?PR?SUB_SENDANGXY?SUB

?PR?SUB_SENDANGXY?SUB                       -----    -----      -----    -----      -----    -----
  +--> ?CO?SUB
  +--> ?PR?_COMM_PUTSTR?COMM
  +--> ?PR?GETXANGALLSETVAL?ANGAPP
  +--> ?PR?_COMM_PUTINT32S?SUB
  +--> ?PR?COMM_PUTNEWLINE?SUB
  +--> ?PR?GETYANGALLSETVAL?ANGAPP
  +--> ?PR?COMM_SENDSTA?COMM

?PR?_COMM_PUTSTR?COMM                       -----    -----      0039H    0003H      -----    -----
  +--> ?PR?_COMM_PUTCHAR?COMM

?PR?_COMM_PUTCHAR?COMM                      -----    -----      003CH    0003H      -----    -----

?PR?GETXANGALLSETVAL?ANGAPP                 -----    -----      0036H    0004H      -----    -----
  +--> ?PR?GETXANG?SENSOR
BL51 BANKED LINKER/LOCATER V6.22                                                      06/13/2013  10:29:17  PAGE 15


  +--> ?PR?_SETANGZERO?ANGAPP
  +--> ?PR?_SETANGZEROADD?ANGAPP

?PR?_SETANGZERO?ANGAPP                      -----    -----      003AH    0004H      -----    -----

?PR?_SETANGZEROADD?ANGAPP                   -----    -----      003AH    0004H      -----    -----

?PR?_COMM_PUTINT32S?SUB                     -----    -----      -----    -----      -----    -----
  +--> ?PR?_SUB_INT32S2STR?SUB
  +--> ?PR?_COMM_PUTSTR?COMM

?PR?_SUB_INT32S2STR?SUB                     -----    -----      002CH    0007H      -----    -----

?PR?COMM_PUTNEWLINE?SUB                     -----    -----      -----    -----      -----    -----
  +--> ?PR?_COMM_PUTCHAR?COMM

?PR?GETYANGALLSETVAL?ANGAPP                 -----    -----      0036H    0004H      -----    -----
  +--> ?PR?GETYANG?SENSOR
  +--> ?PR?_SETANGZERO?ANGAPP
  +--> ?PR?_SETANGZEROADD?ANGAPP

?PR?SEND_TIMEPROC?SEND                      -----    -----      -----    -----      -----    -----
  +--> ?PR?_COMM_GETCHAR?COMM
  +--> ?PR?_MODRTU_RXPROC?MODBUSRTU
  +--> ?PR?_SEND_RDEAL?SEND
  +--> ?PR?_SEND_CDEAL?SEND
  +--> ?PR?_SEND_SDEAL?SEND
  +--> ?PR?_SEND_UDEAL?SEND
  +--> ?PR?_SEND_WDEAL?SEND
  +--> ?PR?_SEND_TDEAL?SEND

?PR?_COMM_GETCHAR?COMM                      -----    -----      0021H    0006H      -----    -----

?PR?_MODRTU_RXPROC?MODBUSRTU                -----    -----      0021H    0004H      -----    -----
  +--> ?PR?_MODRTU_CHKCRC?MODBUSRTU
  +--> ?PR?_MODRTU_RDREG?MODBUSRTU
  +--> ?PR?_MODRTU_WRREG?MODBUSRTU
  +--> ?PR?_MODRTU_RLYERROR?MODBUSRTU

?PR?_MODRTU_CHKCRC?MODBUSRTU                -----    -----      -----    -----      -----    -----
  +--> ?PR?_MODBUSCRCCNT?MODBUSCRC

?PR?_MODBUSCRCCNT?MODBUSCRC                 -----    -----      0034H    0003H      -----    -----
  +--> ?CO?MODBUSCRC

?PR?_MODRTU_RDREG?MODBUSRTU                 -----    -----      0025H    000CH      -----    -----
  +--> ?PR?_MODRTU_8TO16?MODBUSRTU
  +--> ?PR?_MODRTU_RDVAL?MODBUSRTU
  +--> ?PR?_MODRTU_RLYERROR?MODBUSRTU
  +--> ?PR?_MODBUSCRCCNT?MODBUSCRC
  +--> ?PR?_MODRTU_WRCRC?MODBUSRTU
  +--> ?PR?_COMM_PUTSTR?COMM
  +--> ?PR?COMM_SENDSTA?COMM

?PR?_MODRTU_RDVAL?MODBUSRTU                 -----    -----      0031H    0005H      0B57H    0004H
  +--> ?PR?GETXANGALLSETVAL?ANGAPP
  +--> ?PR?GETYANGALLSETVAL?ANGAPP
BL51 BANKED LINKER/LOCATER V6.22                                                      06/13/2013  10:29:17  PAGE 16


  +--> ?PR?GETANGP?ANGAPP
  +--> ?PR?GETANGXINST?ANGAPP
  +--> ?PR?GETANGYINST?ANGAPP
  +--> ?PR?GETANGXSET?ANGAPP
  +--> ?PR?GETANGYSET?ANGAPP
  +--> ?PR?GETANGPSET?ANGAPP
  +--> ?PR?GET_MCUTEMP?SENSOR
  +--> ?PR?_GETTEMPXCALTEMPVAL?CALIBRATION
  +--> ?PR?_GETTEMPXCALADCVAL?CALIBRATION
  +--> ?PR?_GETTEMPYCALADCVAL?CALIBRATION
  +--> ?PR?GETXOFTVAL?SENSOR
  +--> ?PR?_FLOATTOINT?MODBUSRTU
  +--> ?PR?_GETANGXCALADCVAL?CALIBRATION
  +--> ?PR?_GETANGXCALANGVAL?CALIBRATION
  +--> ?PR?GETYOFTVAL?SENSOR
  +--> ?PR?_GETANGYCALADCVAL?CALIBRATION
  +--> ?PR?_GETANGYCALANGVAL?CALIBRATION
  +--> ?PR?GETXFTVAL?SENSOR
  +--> ?PR?GETYFTVAL?SENSOR
  +--> ?PR?GETXANG?SENSOR
  +--> ?PR?GETYANG?SENSOR
  +--> ?PR?GETANGXRELSYS?ANGAPP
  +--> ?PR?GETANGYRELSYS?ANGAPP
  +--> ?PR?GETANGXZEROUSR?ANGAPP
  +--> ?PR?GETANGYZEROUSR?ANGAPP
  +--> ?PR?GETANGXSYSZERO?ANGAPP
  +--> ?PR?GETANGYSYSZERO?ANGAPP
  +--> ?PR?GETANGXUSRZERO?ANGAPP
  +--> ?PR?GETANGYUSRZERO?ANGAPP
  +--> ?PR?GETANGXCALCNT?CALIBRATION
  +--> ?PR?GETTEMPXCALCNT?CALIBRATION
  +--> ?PR?GETFILTERCNT?SENSOR
  +--> ?PR?_MODRTU_RD16U?MODBUSRTU

?PR?GETANGP?ANGAPP                          -----    -----      -----    -----      -----    -----
  +--> ?PR?GETXANGALLSETVAL?ANGAPP
  +--> ?PR?GETYANGALLSETVAL?ANGAPP
  +--> ?PR?_PANGCALC?ANGAPP

?PR?_PANGCALC?ANGAPP                        -----    -----      0036H    0010H      -----    -----
  +--> ?PR?SIN?SIN
  +--> ?PR?SQRT?SQRT
  +--> ?PR?ASIN?ASIN

?PR?_FLOATTOINT?MODBUSRTU                   -----    -----      0036H    000CH      -----    -----

?PR?_MODRTU_RLYERROR?MODBUSRTU              -----    -----      0031H    0003H      -----    -----
  +--> ?PR?_MODBUSCRCCNT?MODBUSCRC
  +--> ?PR?_COMM_PUTSTR?COMM
  +--> ?PR?COMM_SENDSTA?COMM

?PR?_MODRTU_WRREG?MODBUSRTU                 -----    -----      0025H    000BH      -----    -----
  +--> ?PR?_MODRTU_8TO16?MODBUSRTU
  +--> ?PR?_MODRTU_WRVAL?MODBUSRTU
  +--> ?PR?_MODRTU_RLYERROR?MODBUSRTU
  +--> ?PR?_MODBUSCRCCNT?MODBUSCRC
  +--> ?PR?_MODRTU_WRCRC?MODBUSRTU
BL51 BANKED LINKER/LOCATER V6.22                                                      06/13/2013  10:29:17  PAGE 17


  +--> ?PR?_COMM_PUTSTR?COMM
  +--> ?PR?COMM_SENDSTA?COMM
  +--> ?PR?FLASH_USERDATAUPDATE?FLASH

?PR?_MODRTU_WRVAL?MODBUSRTU                 -----    -----      0030H    0005H      0B57H    0008H
  +--> ?PR?_MODRTU_WR16U?MODBUSRTU
  +--> ?PR?_SETANGXINST?ANGAPP
  +--> ?PR?_SETANGYINST?ANGAPP
  +--> ?PR?_SETANGXSET?ANGAPP
  +--> ?PR?_SETANGYSET?ANGAPP
  +--> ?PR?_SETANGPSET?ANGAPP
  +--> ?PR?_MODRTU_SETZERO?MODBUSRTU
  +--> ?PR?_MODRTU_WRADDR?MODBUSRTU
  +--> ?PR?_MODRTU_WRBAUD?MODBUSRTU
  +--> ?PR?GETANGXRELSYS?ANGAPP
  +--> ?PR?_SETANGXUSRZERO?ANGAPP
  +--> ?PR?FLASH_USERDATAUPDATE?FLASH
  +--> ?PR?_SETANGCALCNT?CALIBRATION
  +--> ?PR?GETANGXCALCNT?CALIBRATION
  +--> ?PR?_SETANGXCALANGVAL?CALIBRATION
  +--> ?PR?GETXOFTVAL?SENSOR
  +--> ?PR?_SETANGXCALADCVAL?CALIBRATION
  +--> ?PR?_SETANGYCALANGVAL?CALIBRATION
  +--> ?PR?GETYOFTVAL?SENSOR
  +--> ?PR?_SETANGYCALADCVAL?CALIBRATION
  +--> ?PR?FLASH_CALDATAUPDATE?FLASH
  +--> ?PR?GETXANG?SENSOR
  +--> ?PR?_SETANGXSYSZERO?ANGAPP
  +--> ?PR?GETYANG?SENSOR
  +--> ?PR?_SETANGYSYSZERO?ANGAPP
  +--> ?PR?GETANGYRELSYS?ANGAPP
  +--> ?PR?_SETANGYUSRZERO?ANGAPP
  +--> ?PR?_SETFILTERCNT?SENSOR

?PR?_MODRTU_SETZERO?MODBUSRTU               -----    -----      0035H    0002H      -----    -----
  +--> ?PR?_MODRTU_8TO16?MODBUSRTU
  +--> ?PR?GETANGXRELSYS?ANGAPP
  +--> ?PR?_SETANGXUSRZERO?ANGAPP
  +--> ?PR?GETANGYRELSYS?ANGAPP
  +--> ?PR?_SETANGYUSRZERO?ANGAPP

?PR?FLASH_USERDATAUPDATE?FLASH              -----    -----      -----    -----      -----    -----
  +--> ?PR?_FLASH_CALDATAUPDATE_USER?FLASH

?PR?_SEND_RDEAL?SEND                        -----    -----      0021H    0005H      -----    -----
  +--> ?CO?SEND
  +--> ?PR?_STRNCMP?STRNCMP
  +--> ?PR?SUB_SENDPRMTALL?SUB
  +--> ?PR?SUB_SENDANGXYP?SUB
  +--> ?PR?SUB_SENDANGXY?SUB
  +--> ?PR?SUB_SENDSOFTVER?SUB
  +--> ?PR?SUB_SENDSYSNUM?SUB
  +--> ?PR?SUB_SENDID?SUB
  +--> ?PR?_SUB_STR2INT8U?SUB
  +--> ?PR?_SUB_SENDTEMPCAL?SUB
  +--> ?PR?_COMM_PUTSTR?COMM
  +--> ?PR?GETANGXINST?ANGAPP
BL51 BANKED LINKER/LOCATER V6.22                                                      06/13/2013  10:29:17  PAGE 18


  +--> ?PR?GETANGYINST?ANGAPP
  +--> ?PR?_SUB_SENDOFFSET?SUB
  +--> ?PR?_SUB_SENDANGXCAL?SUB
  +--> ?PR?_SUB_SENDANGYCAL?SUB
  +--> ?PR?SUB_SENDERR?SUB

?PR?_STRNCMP?STRNCMP                        -----    -----      002CH    0008H      -----    -----

?PR?SUB_SENDPRMTALL?SUB                     -----    -----      -----    -----      -----    -----
  +--> ?CO?SUB
  +--> ?PR?_COMM_PUTSTR?COMM
  +--> ?PR?GET_MCUTEMP?SENSOR
  +--> ?PR?_COMM_PUTINT16U?SUB
  +--> ?PR?GETXFTVAL?SENSOR
  +--> ?PR?_COMM_PUTCHAR?COMM
  +--> ?PR?GETXOFTVAL?SENSOR
  +--> ?PR?GETXANG?SENSOR
  +--> ?PR?_COMM_PUTINT32S?SUB
  +--> ?PR?GETYFTVAL?SENSOR
  +--> ?PR?GETYOFTVAL?SENSOR
  +--> ?PR?GETYANG?SENSOR
  +--> ?PR?COMM_PUTNEWLINE?SUB
  +--> ?PR?COMM_SENDSTA?COMM

?PR?_COMM_PUTINT16U?SUB                     -----    -----      -----    -----      -----    -----
  +--> ?PR?_SUB_INT16U2STR?SUB
  +--> ?PR?_COMM_PUTSTR?COMM

?PR?_SUB_INT16U2STR?SUB                     -----    -----      0039H    0005H      -----    -----

?PR?SUB_SENDANGXYP?SUB                      -----    -----      -----    -----      -----    -----
  +--> ?CO?SUB
  +--> ?PR?_COMM_PUTSTR?COMM
  +--> ?PR?GETXANGALLSETVAL?ANGAPP
  +--> ?PR?_COMM_PUTINT32S?SUB
  +--> ?PR?COMM_PUTNEWLINE?SUB
  +--> ?PR?GETYANGALLSETVAL?ANGAPP
  +--> ?PR?GETANGP?ANGAPP
  +--> ?PR?COMM_SENDSTA?COMM

?PR?SUB_SENDSOFTVER?SUB                     -----    -----      -----    -----      -----    -----
  +--> ?CO?SUB
  +--> ?PR?_COMM_PUTSTR?COMM
  +--> ?PR?COMM_PUTNEWLINE?SUB
  +--> ?PR?COMM_SENDSTA?COMM

?PR?SUB_SENDSYSNUM?SUB                      -----    -----      -----    -----      -----    -----
  +--> ?CO?SUB
  +--> ?PR?_COMM_PUTSTR?COMM
  +--> ?PR?COMM_PUTNEWLINE?SUB
  +--> ?PR?COMM_SENDSTA?COMM

?PR?SUB_SENDID?SUB                          -----    -----      -----    -----      -----    -----
  +--> ?PR?_COMM_PUTINT16U?SUB
  +--> ?PR?_COMM_PUTCHAR?COMM
  +--> ?PR?GETANGXCALCNT?CALIBRATION
  +--> ?PR?GETTEMPXCALCNT?CALIBRATION
BL51 BANKED LINKER/LOCATER V6.22                                                      06/13/2013  10:29:17  PAGE 19


  +--> ?PR?COMM_PUTNEWLINE?SUB
  +--> ?PR?COMM_SENDSTA?COMM

?PR?_SUB_SENDTEMPCAL?SUB                    -----    -----      0026H    0001H      -----    -----
  +--> ?CO?SUB
  +--> ?PR?_COMM_PUTSTR?COMM
  +--> ?PR?_COMM_PUTINT8U?SUB
  +--> ?PR?_COMM_PUTCHAR?COMM
  +--> ?PR?_GETTEMPXCALTEMPVAL?CALIBRATION
  +--> ?PR?_COMM_PUTINT16U?SUB
  +--> ?PR?_GETTEMPXCALADCVAL?CALIBRATION
  +--> ?PR?_COMM_PUTINT16S?SUB
  +--> ?PR?_GETTEMPYCALADCVAL?CALIBRATION
  +--> ?PR?COMM_PUTNEWLINE?SUB
  +--> ?PR?COMM_SENDSTA?COMM

?PR?_COMM_PUTINT8U?SUB                      -----    -----      -----    -----      -----    -----
  +--> ?PR?_SUB_INT8U2STR?SUB
  +--> ?PR?_COMM_PUTSTR?COMM

?PR?_COMM_PUTINT16S?SUB                     -----    -----      -----    -----      -----    -----
  +--> ?PR?_SUB_INT16S2STR?SUB
  +--> ?PR?_COMM_PUTSTR?COMM

?PR?_SUB_INT16S2STR?SUB                     -----    -----      -----    -----      -----    -----
  +--> ?PR?_SUB_INT16U2STR?SUB

?PR?_SUB_SENDOFFSET?SUB                     -----    -----      -----    -----      -----    -----
  +--> ?PR?_COMM_PUTINT32S?SUB
  +--> ?PR?COMM_PUTNEWLINE?SUB
  +--> ?PR?COMM_SENDSTA?COMM

?PR?_SUB_SENDANGXCAL?SUB                    -----    -----      0026H    0001H      -----    -----
  +--> ?CO?SUB
  +--> ?PR?_COMM_PUTSTR?COMM
  +--> ?PR?_COMM_PUTINT8U?SUB
  +--> ?PR?_GETANGXCALADCVAL?CALIBRATION
  +--> ?PR?_COMM_PUTINT16U?SUB
  +--> ?PR?_COMM_PUTINT16S?SUB
  +--> ?PR?COMM_PUTNEWLINE?SUB
  +--> ?PR?COMM_SENDSTA?COMM

?PR?_SUB_SENDANGYCAL?SUB                    -----    -----      0026H    0001H      -----    -----
  +--> ?CO?SUB
  +--> ?PR?_COMM_PUTSTR?COMM
  +--> ?PR?_COMM_PUTINT8U?SUB
  +--> ?PR?_COMM_PUTCHAR?COMM
  +--> ?PR?_GETANGYCALADCVAL?CALIBRATION
  +--> ?PR?_COMM_PUTINT16U?SUB
  +--> ?PR?_COMM_PUTINT16S?SUB
  +--> ?PR?COMM_SENDSTA?COMM

?PR?SUB_SENDERR?SUB                         -----    -----      -----    -----      -----    -----
  +--> ?CO?SUB
  +--> ?PR?_COMM_PUTSTR?COMM
  +--> ?PR?COMM_PUTNEWLINE?SUB
  +--> ?PR?COMM_SENDSTA?COMM
BL51 BANKED LINKER/LOCATER V6.22                                                      06/13/2013  10:29:17  PAGE 20



?PR?_SEND_CDEAL?SEND                        -----    -----      0021H    0004H      -----    -----
  +--> ?CO?SEND
  +--> ?PR?_STRNCMP?STRNCMP
  +--> ?PR?SUB_SENDERR?SUB
  +--> ?PR?_SETANGXSYSZERO?ANGAPP
  +--> ?PR?_SETANGYSYSZERO?ANGAPP
  +--> ?PR?_COMM_PUTSTR?COMM
  +--> ?PR?SUB_SENDOK?SUB
  +--> ?PR?_SETANGXUSRZERO?ANGAPP
  +--> ?PR?ADC_XCALSTA?CMDSUB
  +--> ?PR?ADC_XCALSTOP?CMDSUB
  +--> ?PR?ADC_YCALSTA?CMDSUB
  +--> ?PR?ADC_YCALSTOP?CMDSUB
  +--> ?PR?_SETANGYUSRZERO?ANGAPP
  +--> ?PR?TEMP_CALSTA?CMDSUB
  +--> ?PR?TEMP_CALSTOP?CMDSUB

?PR?SUB_SENDOK?SUB                          -----    -----      -----    -----      -----    -----
  +--> ?CO?SUB
  +--> ?PR?_COMM_PUTSTR?COMM
  +--> ?PR?COMM_PUTNEWLINE?SUB
  +--> ?PR?COMM_SENDSTA?COMM

?PR?_SEND_SDEAL?SEND                        -----    -----      0021H    000BH      -----    -----
  +--> ?CO?SEND
  +--> ?PR?_STRNCMP?STRNCMP
  +--> ?PR?_COMM_PUTSTR?COMM
  +--> ?PR?SUB_SENDOK?SUB
  +--> ?PR?SUB_SENDERR?SUB
  +--> ?PR?SUB_SENDANGXY?SUB
  +--> ?PR?_SUB_STR2INT8U?SUB
  +--> ?PR?_SETFILTERCNT?SENSOR
  +--> ?PR?GETXANG?SENSOR
  +--> ?PR?_SETANGXSYSZERO?ANGAPP
  +--> ?PR?GETYANG?SENSOR
  +--> ?PR?_SETANGYSYSZERO?ANGAPP
  +--> ?PR?GETANGXRELSYS?ANGAPP
  +--> ?PR?_SETANGXUSRZERO?ANGAPP
  +--> ?PR?GETANGYRELSYS?ANGAPP
  +--> ?PR?_SETANGYUSRZERO?ANGAPP
  +--> ?PR?_SUB_STR2INT32S?SUB
  +--> ?PR?_SETANGXINST?ANGAPP
  +--> ?PR?_SETANGYINST?ANGAPP
  +--> ?PR?_SETANGCALCNT?CALIBRATION
  +--> ?PR?_SETTEMPCALCNT?CALIBRATION
  +--> ?PR?GETXOFTVAL?SENSOR
  +--> ?PR?_ADC_XCALPROC?CMDSUB
  +--> ?PR?_COMM_PUTCHAR?COMM
  +--> ?PR?GETANGXCALCNT?CALIBRATION
  +--> ?PR?_ANGCHKDIFF?CMDSUB
  +--> ?PR?_COMM_PUTINT16U?SUB
  +--> ?PR?ADC_XCALSTOP?CMDSUB
  +--> ?PR?GETYOFTVAL?SENSOR
  +--> ?PR?_ADC_YCALPROC?CMDSUB
  +--> ?PR?ADC_YCALSTOP?CMDSUB
  +--> ?PR?GET_MCUTEMP?SENSOR
BL51 BANKED LINKER/LOCATER V6.22                                                      06/13/2013  10:29:17  PAGE 21


  +--> ?PR?_TEMP_CALSAMP?CMDSUB
  +--> ?PR?_TEMP_CALTREFSET?CMDSUB
  +--> ?PR?_SETANGXSET?ANGAPP
  +--> ?PR?_SETANGYSET?ANGAPP
  +--> ?PR?_SETANGPSET?ANGAPP
  +--> ?PR?_SUB_STRALARMCHECK?SUB
  +--> ?PR?_DELAY_MS?DELAY
  +--> ?PR?SUB_SYSRST?SUB

?PR?_SUB_STR2INT32S?SUB                     -----    -----      002CH    000AH      -----    -----

?PR?_ADC_XCALPROC?CMDSUB                    -----    -----      002CH    0006H      -----    -----
  +--> ?PR?_ANGCHKDIFF?CMDSUB

?PR?_ANGCHKDIFF?CMDSUB                      -----    -----      0032H    000EH      -----    -----

?PR?_ADC_YCALPROC?CMDSUB                    -----    -----      002CH    0006H      -----    -----
  +--> ?PR?_ANGCHKDIFF?CMDSUB

?PR?_TEMP_CALSAMP?CMDSUB                    -----    -----      002CH    0007H      -----    -----
  +--> ?PR?_TEMP_CALVALWR?CMDSUB
  +--> ?PR?_SUB_SENDADCTXY?SUB

?PR?_TEMP_CALVALWR?CMDSUB                   -----    -----      0033H    0007H      -----    -----

?PR?_SUB_SENDADCTXY?SUB                     -----    -----      0033H    0006H      -----    -----
  +--> ?CO?SUB
  +--> ?PR?_COMM_PUTSTR?COMM
  +--> ?PR?_COMM_PUTINT16U?SUB
  +--> ?PR?COMM_PUTNEWLINE?SUB
  +--> ?PR?COMM_SENDSTA?COMM

?PR?_TEMP_CALTREFSET?CMDSUB                 -----    -----      002CH    0005H      -----    -----
  +--> ?PR?TEMP_CALSTOP?CMDSUB

?PR?_SUB_STRALARMCHECK?SUB                  -----    -----      002CH    0006H      -----    -----

?PR?_SEND_UDEAL?SEND                        -----    -----      0021H    0004H      -----    -----
  +--> ?CO?SEND
  +--> ?PR?_STRNCMP?STRNCMP
  +--> ?PR?FLASH_CALDATAUPDATE?FLASH
  +--> ?PR?FLASH_USERDATAUPDATE?FLASH
  +--> ?PR?_COMM_PUTSTR?COMM
  +--> ?PR?SUB_SENDOK?SUB
  +--> ?PR?SUB_SENDERR?SUB

?PR?_SEND_WDEAL?SEND                        -----    -----      0021H    000AH      -----    -----
  +--> ?CO?SEND
  +--> ?PR?_STRNCMP?STRNCMP
  +--> ?PR?_SUB_STR2INT16S?SUB
  +--> ?PR?_SUB_STR2INT16U?SUB
  +--> ?PR?_SUB_STR2INT8U?SUB
  +--> ?PR?_TEMP_CALVALWR?CMDSUB
  +--> ?PR?SUB_SENDERR?SUB
  +--> ?PR?_STRNCPY?STRNCPY
  +--> ?PR?_COMM_PUTSTR?COMM
  +--> ?PR?SUB_SENDOK?SUB
BL51 BANKED LINKER/LOCATER V6.22                                                      06/13/2013  10:29:17  PAGE 22



?PR?_SUB_STR2INT16S?SUB                     -----    -----      002BH    0008H      -----    -----
  +--> ?PR?_SUB_STR2INT16U?SUB

?PR?_SUB_STR2INT16U?SUB                     -----    -----      0033H    0006H      -----    -----

?PR?_STRNCPY?STRNCPY                        -----    -----      002BH    000AH      -----    -----

?PR?_SEND_TDEAL?SEND                        -----    -----      0021H    0001H      -----    -----
  +--> ?CO?SEND
  +--> ?PR?_STRNCMP?STRNCMP
  +--> ?PR?SUB_SENDTCALTEST?SUB

?PR?SUB_SENDTCALTEST?SUB                    -----    -----      0022H    0004H      -----    -----
  +--> ?PR?GET_MCUTEMP?SENSOR
  +--> ?PR?_COMM_PUTINT16U?SUB
  +--> ?PR?_COMM_PUTCHAR?COMM
  +--> ?PR?_COMM_PUTINT16S?SUB
  +--> ?PR?COMM_PUTNEWLINE?SUB
  +--> ?PR?COMM_SENDSTA?COMM

?PR?KEY_PROC?KEY                            -----    -----      -----    -----      -----    -----
  +--> ?PR?KEY_DOWN?KEY
  +--> ?PR?GETANGXRELSYS?ANGAPP
  +--> ?PR?_SETANGXUSRZERO?ANGAPP
  +--> ?PR?GETANGYRELSYS?ANGAPP
  +--> ?PR?_SETANGYUSRZERO?ANGAPP
  +--> ?CO?KEY
  +--> ?PR?_COMM_PUTSTR?COMM
  +--> ?PR?SUB_SENDOK?SUB
  +--> ?PR?FLASH_USERDATAUPDATE?FLASH

?PR?KEY_DOWN?KEY                            -----    -----      -----    -----      -----    -----
  +--> ?PR?_DELAY_CYC?DELAY

?PR?ANGPROC?ANGAPP                          -----    -----      0021H    0008H      -----    -----
  +--> ?PR?GETXANGALLSETVAL?ANGAPP
  +--> ?PR?_ALARMX?ANGAPP
  +--> ?PR?GETYANGALLSETVAL?ANGAPP
  +--> ?PR?_ALARMY?ANGAPP
  +--> ?PR?_PANGCALC?ANGAPP
  +--> ?PR?_ALARMS?ANGAPP

*** NEW ROOT ***************************************************

?PR?ADC_ISR?ADCDRV                          -----    -----      -----    -----      -----    -----
  +--> ?PR?_ADC_SAVEANDSWITCH?ADCDRV

?PR?_ADC_SAVEANDSWITCH?ADCDRV               -----    -----      0050H    0003H      -----    -----
  +--> ?CO?ADCDRV
  +--> ?PR?_ADCFILTER?ADCDRV

?PR?_ADCFILTER?ADCDRV                       -----    -----      0053H    0005H      -----    -----
  +--> ?PR?_VALINRANGE?FILTER
  +--> ?PR?_SLIDEWINFILTER?FILTER

?PR?_SLIDEWINFILTER?FILTER                  -----    -----      0058H    0012H      -----    -----
BL51 BANKED LINKER/LOCATER V6.22                                                      06/13/2013  10:29:17  PAGE 23



*** NEW ROOT ***************************************************

?PR?COMM_ISR?COMM                           -----    -----      006AH    0002H      -----    -----
  +--> ?PR?_COMM_GETTXCHAR?COMM
  +--> ?PR?COMM_SENDSTOP?COMM
  +--> ?PR?_COMM_PUTRXCHAR?COMM
  +--> ?PR?COMM_TIMERINIT?COMM

?PR?_COMM_GETTXCHAR?COMM                    -----    -----      006CH    0006H      -----    -----

?PR?_COMM_PUTRXCHAR?COMM                    -----    -----      006CH    0003H      -----    -----

*** NEW ROOT ***************************************************

?PR?TIMER2_ISR?TIMER                        -----    -----      -----    -----      -----    -----
  +--> ?PR?TIMER2_TASKINISR?TIMER

?PR?TIMER2_TASKINISR?TIMER                  -----    -----      -----    -----      -----    -----
  +--> ?PR?COMM_TIMERPROC?COMM
  +--> ?CO?SEND



SYMBOL TABLE OF MODULE:  .\obj\164-0001-20130607 (?C_STARTUP)

  VALUE           TYPE          NAME
  ----------------------------------

  -------         MODULE        ?C_STARTUP
  C:592FH         SEGMENT       ?C_C51STARTUP
  I:0072H         SEGMENT       ?STACK
  C:0000H         PUBLIC        ?C_STARTUP
  D:00E0H         SYMBOL        ACC
  D:00F0H         SYMBOL        B
  D:0083H         SYMBOL        DPH
  D:0082H         SYMBOL        DPL
  N:0000H         SYMBOL        IBPSTACK
  N:0100H         SYMBOL        IBPSTACKTOP
  N:0080H         SYMBOL        IDATALEN
  C:5932H         SYMBOL        IDATALOOP
  N:0000H         SYMBOL        PBPSTACK
  N:0100H         SYMBOL        PBPSTACKTOP
  N:0000H         SYMBOL        PDATALEN
  N:0000H         SYMBOL        PDATASTART
  N:0000H         SYMBOL        PPAGE
  N:0000H         SYMBOL        PPAGEENABLE
  D:00A0H         SYMBOL        PPAGE_SFR
  D:0081H         SYMBOL        SP
  C:592FH         SYMBOL        STARTUP1
  N:0000H         SYMBOL        XBPSTACK
  N:0000H         SYMBOL        XBPSTACKTOP
  N:0000H         SYMBOL        XDATALEN
  N:0000H         SYMBOL        XDATASTART
  C:0000H         LINE#         126
  C:592FH         LINE#         133
  C:5931H         LINE#         134
BL51 BANKED LINKER/LOCATER V6.22                                                      06/13/2013  10:29:17  PAGE 24


  C:5932H         LINE#         135
  C:5933H         LINE#         136
  C:5935H         LINE#         185
  C:5938H         LINE#         196
  -------         ENDMOD        ?C_STARTUP

  -------         MODULE        ADCDRV
  C:0000H         SYMBOL        _ICE_DUMMY_
  C:73E8H         PUBLIC        Adc_Init
  D:00A0H         PUBLIC        P2
  D:00BCH         PUBLIC        ADC0CF
  D:00E6H         PUBLIC        EIE1
  C:6056H         SYMBOL        _Adc_SaveAndSwitch
  C:74E3H         PUBLIC        Adc_GetXVal
  C:74ECH         PUBLIC        Adc_GetYVal
  D:00E8H         PUBLIC        ADC0CN
  D:00A7H         PUBLIC        SFRPAGE
  C:75F1H         SYMBOL        Adc_VrefInit
  C:5472H         PUBLIC        Adc_Isr
  X:0858H         PUBLIC        x_axis_adc
  X:08E0H         PUBLIC        y_axis_adc
  D:00BBH         PUBLIC        ADC0MX
  D:00D1H         PUBLIC        REF0CN
  C:6669H         SYMBOL        AdcEntityInit
  B:00E8H.5       PUBLIC        AD0INT
  C:74F5H         PUBLIC        Adc_GetTemp
  C:6D42H         SYMBOL        Adc_SetInit
  I:0018H         PUBLIC        AdcSwitchId
  C:75F5H         SYMBOL        Adc_IsrInit
  C:0026H         PUBLIC        Adc_Enable
  I:0019H         PUBLIC        AdcEndTag
  D:00BEH         PUBLIC        ADC0H
  X:0968H         PUBLIC        temp_adc
  D:00BDH         PUBLIC        ADC0L
  I:001AH         PUBLIC        AdcEndId
  C:705FH         SYMBOL        PinIdTab
  C:5A47H         SYMBOL        _AdcFilter
  D:00BDH         PUBLIC        ADC0
  C:706CH         SYMBOL        PinMuxTab
  -------         PROC          ADC_INIT
  C:73E8H         LINE#         45
  C:73E8H         LINE#         46
  C:73E8H         LINE#         47
  C:73EBH         LINE#         48
  C:73EEH         LINE#         49
  C:73F1H         LINE#         50
  -------         ENDPROC       ADC_INIT
  -------         PROC          ADC_ENABLE
  C:0026H         LINE#         53
  C:0026H         LINE#         54
  C:0026H         LINE#         55
  C:0029H         LINE#         56
  -------         ENDPROC       ADC_ENABLE
  -------         PROC          ADC_GETXVAL
  C:74E3H         LINE#         64
  C:74E3H         LINE#         65
  C:74E3H         LINE#         66
BL51 BANKED LINKER/LOCATER V6.22                                                      06/13/2013  10:29:17  PAGE 25


  C:74EBH         LINE#         67
  -------         ENDPROC       ADC_GETXVAL
  -------         PROC          ADC_GETYVAL
  C:74ECH         LINE#         75
  C:74ECH         LINE#         76
  C:74ECH         LINE#         77
  C:74F4H         LINE#         78
  -------         ENDPROC       ADC_GETYVAL
  -------         PROC          ADC_GETTEMP
  C:74F5H         LINE#         86
  C:74F5H         LINE#         87
  C:74F5H         LINE#         88
  C:74FDH         LINE#         89
  -------         ENDPROC       ADC_GETTEMP
  -------         PROC          ADC_SETINIT
  -------         DO            
  D:0007H         SYMBOL        SfrPage_
  -------         ENDDO         
  C:6D42H         LINE#         110
  C:6D42H         LINE#         111
  C:6D44H         LINE#         114
  C:6D47H         LINE#         115
  C:6D4AH         LINE#         116
  C:6D4DH         LINE#         117
  C:6D50H         LINE#         118
  C:6D53H         LINE#         119
  C:6D56H         LINE#         120
  C:6D59H         LINE#         121
  C:6D5CH         LINE#         122
  C:6D5FH         LINE#         123
  C:6D62H         LINE#         124
  C:6D65H         LINE#         125
  C:6D67H         LINE#         126
  C:6D6AH         LINE#         127
  C:6D6DH         LINE#         128
  C:6D6FH         LINE#         129
  -------         ENDPROC       ADC_SETINIT
  -------         PROC          ADC_VREFINIT
  C:75F1H         LINE#         131
  C:75F1H         LINE#         132
  C:75F1H         LINE#         133
  C:75F4H         LINE#         134
  -------         ENDPROC       ADC_VREFINIT
  -------         PROC          ADC_ISRINIT
  C:75F5H         LINE#         136
  C:75F5H         LINE#         137
  C:75F5H         LINE#         138
  C:75F8H         LINE#         139
  -------         ENDPROC       ADC_ISRINIT
  -------         PROC          _ADCFILTER
  D:0053H         SYMBOL        p_adc
  D:0056H         SYMBOL        val
  C:5A47H         LINE#         148
  C:5A51H         LINE#         149
  C:5A51H         LINE#         150
  C:5A66H         LINE#         151
  C:5A66H         LINE#         153
BL51 BANKED LINKER/LOCATER V6.22                                                      06/13/2013  10:29:17  PAGE 26


  C:5AB5H         LINE#         154
  C:5AB5H         LINE#         156
  C:5AB5H         LINE#         157
  C:5AC4H         LINE#         158
  C:5ACBH         LINE#         159
  C:5ACBH         LINE#         160
  -------         ENDPROC       _ADCFILTER
  -------         PROC          ADCENTITYINIT
  C:6669H         LINE#         218
  C:6669H         LINE#         219
  C:6669H         LINE#         221
  C:666EH         LINE#         222
  C:6670H         LINE#         223
  C:6672H         LINE#         224
  C:6678H         LINE#         226
  C:6683H         LINE#         228
  C:6687H         LINE#         229
  C:668AH         LINE#         230
  C:668CH         LINE#         231
  C:6692H         LINE#         233
  C:669DH         LINE#         235
  C:66A1H         LINE#         236
  C:66A4H         LINE#         237
  C:66A6H         LINE#         238
  C:66ACH         LINE#         240
  C:66B5H         LINE#         248
  -------         ENDPROC       ADCENTITYINIT
  -------         PROC          _ADC_SAVEANDSWITCH
  D:0004H         SYMBOL        val
  -------         DO            
  D:0050H         SYMBOL        adc_ent
  -------         ENDDO         
  C:6056H         LINE#         264
  C:605AH         LINE#         265
  C:605AH         LINE#         267
  C:6063H         LINE#         271
  C:606BH         LINE#         272
  C:606BH         LINE#         273
  C:607FH         LINE#         274
  C:607FH         LINE#         275
  C:608BH         LINE#         276
  C:608DH         LINE#         277
  C:6095H         LINE#         279
  C:609EH         LINE#         281
  C:60A8H         LINE#         282
  C:60ABH         LINE#         284
  C:60B1H         LINE#         285
  C:60BAH         LINE#         286
  C:60BDH         LINE#         287
  -------         ENDPROC       _ADC_SAVEANDSWITCH
  -------         PROC          ADC_ISR
  -------         DO            
  X:0852H         SYMBOL        sum
  X:0856H         SYMBOL        cnt
  -------         ENDDO         
  C:5472H         LINE#         295
  C:548FH         LINE#         300
BL51 BANKED LINKER/LOCATER V6.22                                                      06/13/2013  10:29:17  PAGE 27


  C:5491H         LINE#         301
  C:54B8H         LINE#         302
  C:54CBH         LINE#         303
  C:54CBH         LINE#         304
  C:54E5H         LINE#         305
  C:54EFH         LINE#         306
  C:54F6H         LINE#         307
  C:54F8H         LINE#         309
  C:54FBH         LINE#         310
  -------         ENDPROC       ADC_ISR
  -------         ENDMOD        ADCDRV

  -------         MODULE        ANGAPP
  C:0000H         SYMBOL        _ICE_DUMMY_
  C:75A3H         PUBLIC        _SetAngYUsrZero
  C:6825H         PUBLIC        GetXAngAllSetVal
  C:686BH         PUBLIC        GetYAngAllSetVal
  D:00A0H         PUBLIC        P2
  C:7591H         PUBLIC        _SetAngXSysZero
  C:7597H         PUBLIC        _SetAngYSysZero
  B:00A0H.5       PUBLIC        LED_S
  C:6C15H         PUBLIC        GetAngP
  B:00A0H.7       PUBLIC        LED_X
  B:00A0H.6       PUBLIC        LED_Y
  X:0AFAH         SYMBOL        angp
  C:2FABH         PUBLIC        AngProc
  C:55BAH         PUBLIC        AngInit
  X:0AFEH         SYMBOL        angx_usrzero
  X:0B02H         SYMBOL        angy_usrzero
  C:72FDH         PUBLIC        GetAngXInst
  C:730CH         PUBLIC        GetAngYInst
  X:0B06H         SYMBOL        angx_syszero
  X:0B0AH         SYMBOL        angy_syszero
  C:7339H         PUBLIC        GetAngPSet
  C:75A9H         PUBLIC        _SetAngXInst
  C:75AFH         PUBLIC        _SetAngYInst
  C:731BH         PUBLIC        GetAngXSet
  C:732AH         PUBLIC        GetAngYSet
  C:6F9AH         PUBLIC        _AlarmS
  C:75C1H         PUBLIC        _SetAngPSet
  C:6F5EH         PUBLIC        _AlarmX
  C:6F7CH         PUBLIC        _AlarmY
  C:75B5H         PUBLIC        _SetAngXSet
  C:75BBH         PUBLIC        _SetAngYSet
  X:0B0EH         SYMBOL        angx_inst
  X:0B12H         SYMBOL        angy_inst
  X:0B16H         SYMBOL        angp_set
  C:4E05H         SYMBOL        _PAngCalc
  X:0B1AH         SYMBOL        angx_set
  X:0B1EH         SYMBOL        angy_set
  C:6D7DH         PUBLIC        _SetAngZero
  C:7348H         PUBLIC        GetAngXZeroUsr
  C:72DFH         PUBLIC        GetAngXUsrZero
  C:7357H         PUBLIC        GetAngYZeroUsr
  C:72EEH         PUBLIC        GetAngYUsrZero
  C:6DD2H         PUBLIC        _SetAngZeroAdd
  X:0B22H         SYMBOL        BufZerox_usr
BL51 BANKED LINKER/LOCATER V6.22                                                      06/13/2013  10:29:17  PAGE 28


  C:72C1H         PUBLIC        GetAngXSysZero
  X:0B26H         SYMBOL        BufZeroy_usr
  C:72D0H         PUBLIC        GetAngYSysZero
  C:7366H         PUBLIC        GetAngXRelSys
  C:7375H         PUBLIC        GetAngYRelSys
  X:0B2AH         SYMBOL        BufZerox_sys
  X:0B2EH         SYMBOL        BufZeroy_sys
  C:759DH         PUBLIC        _SetAngXUsrZero
  -------         PROC          ANGINIT
  C:55BAH         LINE#         41
  C:55BAH         LINE#         42
  C:55BAH         LINE#         43
  C:55BDH         LINE#         45
  C:55C7H         LINE#         47
  C:55D2H         LINE#         48
  C:55DDH         LINE#         49
  C:55E8H         LINE#         50
  C:55F3H         LINE#         51
  C:55FEH         LINE#         52
  C:5609H         LINE#         53
  C:5614H         LINE#         54
  C:561FH         LINE#         55
  C:562AH         LINE#         57
  C:5634H         LINE#         58
  C:563EH         LINE#         59
  C:5648H         LINE#         60
  C:5652H         LINE#         62
  -------         ENDPROC       ANGINIT
  -------         PROC          _PANGCALC
  D:0004H         SYMBOL        angx
  D:003AH         SYMBOL        angy
  -------         DO            
  D:003EH         SYMBOL        x
  D:0004H         SYMBOL        y
  D:0042H         SYMBOL        s
  -------         ENDDO         
  C:4E05H         LINE#         70
  C:4E05H         LINE#         71
  C:4E05H         LINE#         74
  C:4E11H         LINE#         75
  C:4E2FH         LINE#         76
  C:4E3AH         LINE#         77
  C:4E4DH         LINE#         79
  C:4E59H         LINE#         80
  C:4E6FH         LINE#         81
  C:4E72H         LINE#         82
  C:4E7DH         LINE#         84
  C:4E93H         LINE#         85
  C:4EA7H         LINE#         86
  C:4EA7H         LINE#         87
  C:4EB0H         LINE#         88
  C:4EB0H         LINE#         89
  C:4ED9H         LINE#         90
  C:4EDCH         LINE#         91
  -------         ENDPROC       _PANGCALC
  -------         PROC          GETANGP
  C:6C15H         LINE#         99
BL51 BANKED LINKER/LOCATER V6.22                                                      06/13/2013  10:29:17  PAGE 29


  C:6C15H         LINE#         100
  C:6C15H         LINE#         102
  C:6C3CH         LINE#         103
  C:6C4AH         LINE#         104
  -------         ENDPROC       GETANGP
  -------         PROC          GETANGXSYSZERO
  C:72C1H         LINE#         106
  C:72C1H         LINE#         107
  C:72C1H         LINE#         108
  C:72CFH         LINE#         109
  -------         ENDPROC       GETANGXSYSZERO
  -------         PROC          GETANGYSYSZERO
  C:72D0H         LINE#         110
  C:72D0H         LINE#         111
  C:72D0H         LINE#         112
  C:72DEH         LINE#         113
  -------         ENDPROC       GETANGYSYSZERO
  -------         PROC          GETANGXUSRZERO
  C:72DFH         LINE#         114
  C:72DFH         LINE#         115
  C:72DFH         LINE#         116
  C:72EDH         LINE#         117
  -------         ENDPROC       GETANGXUSRZERO
  -------         PROC          GETANGYUSRZERO
  C:72EEH         LINE#         118
  C:72EEH         LINE#         119
  C:72EEH         LINE#         120
  C:72FCH         LINE#         121
  -------         ENDPROC       GETANGYUSRZERO
  -------         PROC          GETANGXINST
  C:72FDH         LINE#         123
  C:72FDH         LINE#         124
  C:72FDH         LINE#         125
  C:730BH         LINE#         126
  -------         ENDPROC       GETANGXINST
  -------         PROC          GETANGYINST
  C:730CH         LINE#         127
  C:730CH         LINE#         128
  C:730CH         LINE#         129
  C:731AH         LINE#         130
  -------         ENDPROC       GETANGYINST
  -------         PROC          GETANGXSET
  C:731BH         LINE#         132
  C:731BH         LINE#         133
  C:731BH         LINE#         134
  C:7329H         LINE#         135
  -------         ENDPROC       GETANGXSET
  -------         PROC          GETANGYSET
  C:732AH         LINE#         136
  C:732AH         LINE#         137
  C:732AH         LINE#         138
  C:7338H         LINE#         139
  -------         ENDPROC       GETANGYSET
  -------         PROC          GETANGPSET
  C:7339H         LINE#         140
  C:7339H         LINE#         141
  C:7339H         LINE#         142
BL51 BANKED LINKER/LOCATER V6.22                                                      06/13/2013  10:29:17  PAGE 30


  C:7347H         LINE#         143
  -------         ENDPROC       GETANGPSET
  -------         PROC          GETANGXZEROUSR
  C:7348H         LINE#         145
  C:7348H         LINE#         146
  C:7348H         LINE#         147
  C:7356H         LINE#         148
  -------         ENDPROC       GETANGXZEROUSR
  -------         PROC          GETANGYZEROUSR
  C:7357H         LINE#         149
  C:7357H         LINE#         150
  C:7357H         LINE#         151
  C:7365H         LINE#         152
  -------         ENDPROC       GETANGYZEROUSR
  -------         PROC          GETANGXRELSYS
  C:7366H         LINE#         154
  C:7366H         LINE#         155
  C:7366H         LINE#         156
  C:7374H         LINE#         157
  -------         ENDPROC       GETANGXRELSYS
  -------         PROC          GETANGYRELSYS
  C:7375H         LINE#         158
  C:7375H         LINE#         159
  C:7375H         LINE#         160
  C:7383H         LINE#         161
  -------         ENDPROC       GETANGYRELSYS
  -------         PROC          _SETANGXSYSZERO
  D:0004H         SYMBOL        zore
  C:7591H         LINE#         170
  C:7591H         LINE#         171
  C:7591H         LINE#         172
  -------         ENDPROC       _SETANGXSYSZERO
  -------         PROC          _SETANGYSYSZERO
  D:0004H         SYMBOL        zore
  C:7597H         LINE#         174
  C:7597H         LINE#         175
  C:7597H         LINE#         176
  -------         ENDPROC       _SETANGYSYSZERO
  -------         PROC          _SETANGXUSRZERO
  D:0004H         SYMBOL        zore
  C:759DH         LINE#         179
  C:759DH         LINE#         180
  C:759DH         LINE#         181
  -------         ENDPROC       _SETANGXUSRZERO
  -------         PROC          _SETANGYUSRZERO
  D:0004H         SYMBOL        zore
  C:75A3H         LINE#         183
  C:75A3H         LINE#         184
  C:75A3H         LINE#         185
  -------         ENDPROC       _SETANGYUSRZERO
  -------         PROC          _SETANGXINST
  D:0004H         SYMBOL        ang_inst
  C:75A9H         LINE#         188
  C:75A9H         LINE#         189
  C:75A9H         LINE#         190
  -------         ENDPROC       _SETANGXINST
  -------         PROC          _SETANGYINST
BL51 BANKED LINKER/LOCATER V6.22                                                      06/13/2013  10:29:17  PAGE 31


  D:0004H         SYMBOL        ang_inst
  C:75AFH         LINE#         192
  C:75AFH         LINE#         193
  C:75AFH         LINE#         194
  -------         ENDPROC       _SETANGYINST
  -------         PROC          _SETANGXSET
  D:0004H         SYMBOL        ang_set
  C:75B5H         LINE#         197
  C:75B5H         LINE#         198
[...]
  C:4FDAH         LINE#         302
  C:506DH         LINE#         303
  C:506FH         LINE#         304
  -------         ENDPROC       _SUB_STR2INT16U
  -------         PROC          _SUB_STR2INT8U
  D:0001H         SYMBOL        str
  -------         DO            
  D:0007H         SYMBOL        val
  -------         ENDDO         
  C:6AEEH         LINE#         306
  C:6AEEH         LINE#         307
  C:6AEEH         LINE#         309
  C:6B00H         LINE#         310
  C:6B15H         LINE#         311
  C:6B29H         LINE#         312
  C:6B29H         LINE#         313
  -------         ENDPROC       _SUB_STR2INT8U
  -------         PROC          _SUB_INT32S2STR
  D:002CH         SYMBOL        s
  D:002FH         SYMBOL        val
  C:3F41H         LINE#         315
  C:3F4FH         LINE#         316
  C:3F4FH         LINE#         317
  C:3F53H         LINE#         318
  C:3F53H         LINE#         319
  C:3F5EH         LINE#         320
  C:3F60H         LINE#         321
  C:3F62H         LINE#         323
  C:3F62H         LINE#         324
  C:3F6DH         LINE#         325
  C:3F6DH         LINE#         326
  C:3F9BH         LINE#         328
  C:3FBCH         LINE#         329
  C:3FDEH         LINE#         330
  C:3FF7H         LINE#         331
  C:4019H         LINE#         332
  C:4027H         LINE#         333
  C:4047H         LINE#         334
  C:4068H         LINE#         335
  C:4080H         LINE#         336
  -------         ENDPROC       _SUB_INT32S2STR
  -------         PROC          _SUB_INT16S2STR
  D:0001H         SYMBOL        s
  D:0004H         SYMBOL        val
  C:6EFBH         LINE#         339
  C:6EFBH         LINE#         340
  C:6EFBH         LINE#         341
  C:6F03H         LINE#         342
  C:6F0AH         LINE#         343
  C:6F0CH         LINE#         344
  C:6F0EH         LINE#         346
  C:6F13H         LINE#         347
  C:6F13H         LINE#         348
  -------         ENDPROC       _SUB_INT16S2STR
  -------         PROC          _SUB_INT16U2STR
BL51 BANKED LINKER/LOCATER V6.22                                                      06/13/2013  10:29:17  PAGE 100


  D:0039H         SYMBOL        s
  D:003CH         SYMBOL        val
  C:5127H         LINE#         351
  C:5131H         LINE#         352
  C:5131H         LINE#         353
  C:5142H         LINE#         354
  C:5151H         LINE#         355
  C:516BH         LINE#         356
  C:517AH         LINE#         357
  C:5194H         LINE#         358
  C:51A3H         LINE#         359
  C:51BDH         LINE#         360
  -------         ENDPROC       _SUB_INT16U2STR
  -------         PROC          _SUB_INT8U2STR
  D:0001H         SYMBOL        s
  D:0005H         SYMBOL        val
  C:6F3EH         LINE#         363
  C:6F3EH         LINE#         364
  C:6F3EH         LINE#         365
  C:6F45H         LINE#         366
  C:6F4FH         LINE#         367
  -------         ENDPROC       _SUB_INT8U2STR
  -------         PROC          _SUB_SBUFSWITCH
  D:0036H         SYMBOL        buf
  D:0039H         SYMBOL        i
  D:003AH         SYMBOL        j
  -------         DO            
  D:003BH         SYMBOL        temp
  -------         ENDDO         
  C:647FH         LINE#         433
  C:6487H         LINE#         434
  C:6487H         LINE#         437
  C:649DH         LINE#         438
  C:64B9H         LINE#         439
  -------         ENDPROC       _SUB_SBUFSWITCH
  -------         PROC          _SUB_16SBUFSWITCH
  D:003DH         SYMBOL        buf
  D:0005H         SYMBOL        i
  D:0041H         SYMBOL        j
  -------         DO            
  D:0042H         SYMBOL        temp
  -------         ENDDO         
  C:66B6H         LINE#         443
  C:66BCH         LINE#         444
  C:66BCH         LINE#         447
  C:66CEH         LINE#         448
  C:66EFH         LINE#         449
  -------         ENDPROC       _SUB_16SBUFSWITCH
  -------         PROC          _SUB_UBUFSWITCH
  D:003DH         SYMBOL        buf
  D:0005H         SYMBOL        i
  D:0041H         SYMBOL        j
  -------         DO            
  D:0042H         SYMBOL        temp
  -------         ENDDO         
  C:6702H         LINE#         453
  C:6708H         LINE#         454
BL51 BANKED LINKER/LOCATER V6.22                                                      06/13/2013  10:29:17  PAGE 101


  C:6708H         LINE#         457
  C:671AH         LINE#         458
  C:673BH         LINE#         459
  -------         ENDPROC       _SUB_UBUFSWITCH
  -------         PROC          _SUB_BUFBUBBLE
  D:002DH         SYMBOL        id
  D:0030H         SYMBOL        x
  D:0033H         SYMBOL        n
  -------         DO            
  D:0034H         SYMBOL        i
  D:0035H         SYMBOL        j
  -------         ENDDO         
  C:5FEDH         LINE#         462
  C:5FF3H         LINE#         463
  C:5FF3H         LINE#         466
  C:5FFDH         LINE#         467
  C:6009H         LINE#         468
  C:6031H         LINE#         469
  C:603FH         LINE#         470
  C:604DH         LINE#         471
  C:604DH         LINE#         472
  C:6051H         LINE#         473
  C:6055H         LINE#         474
  -------         ENDPROC       _SUB_BUFBUBBLE
  -------         PROC          _SUB_BUFBUBBLE2
  D:0031H         SYMBOL        id
  D:0034H         SYMBOL        x
  D:0037H         SYMBOL        y
  D:003AH         SYMBOL        n
  -------         DO            
  D:003BH         SYMBOL        i
  D:003CH         SYMBOL        j
  -------         ENDDO         
  C:5D59H         LINE#         476
  C:5D5FH         LINE#         477
  C:5D5FH         LINE#         480
  C:5D69H         LINE#         481
  C:5D75H         LINE#         482
  C:5DA1H         LINE#         483
  C:5DA9H         LINE#         484
  C:5DB7H         LINE#         485
  C:5DC5H         LINE#         486
  C:5DC5H         LINE#         487
  C:5DC9H         LINE#         488
  C:5DCDH         LINE#         489
  -------         ENDPROC       _SUB_BUFBUBBLE2
  -------         PROC          SUB_SYSRST
  -------         DO            
  D:0007H         SYMBOL        SfrPage_
  -------         ENDDO         
  C:74BAH         LINE#         492
  C:74BAH         LINE#         493
  C:74BCH         LINE#         496
  C:74BFH         LINE#         497
  C:74C2H         LINE#         498
  C:74C4H         LINE#         499
  -------         ENDPROC       SUB_SYSRST
BL51 BANKED LINKER/LOCATER V6.22                                                      06/13/2013  10:29:17  PAGE 102


  -------         PROC          _SUB_STRALARMCHECK
  D:002CH         SYMBOL        val
  D:002FH         SYMBOL        str
  C:6D13H         LINE#         503
  C:6D19H         LINE#         504
  C:6D19H         LINE#         505
  C:6D2BH         LINE#         506
  C:6D2BH         LINE#         507
  C:6D3CH         LINE#         508
  C:6D3FH         LINE#         509
  C:6D3FH         LINE#         511
  C:6D3FH         LINE#         512
  C:6D41H         LINE#         513
  C:6D41H         LINE#         515
  -------         ENDPROC       _SUB_STRALARMCHECK
  -------         ENDMOD        SUB

  -------         MODULE        TIMER
  C:0000H         SYMBOL        _ICE_DUMMY_
  D:0017H         PUBLIC        MainTime4En
  D:00A0H         PUBLIC        P2
  C:6A39H         PUBLIC        Timer2_ISR
  D:00A7H         PUBLIC        SFRPAGE
  C:6B2AH         PUBLIC        Timer2_TaskInIsr
  B:00C8H.7       PUBLIC        TF2H
  D:00CCH         PUBLIC        TMR2
  C:69FCH         PUBLIC        Timer2_Init
  D:00C8H         PUBLIC        TMR2CN
  D:00CAH         PUBLIC        TMR2RL
  B:00A8H.5       PUBLIC        ET2
  B:00C8H.2       PUBLIC        TR2
  C:7227H         PUBLIC        Timer2_TaskInMain
  D:008EH         PUBLIC        CKCON
  X:0B66H         PUBLIC        MainTime4Cnt
  -------         PROC          TIMER2_INIT
  -------         DO            
  D:0007H         SYMBOL        SfrPage_
  -------         ENDDO         
  C:69FCH         LINE#         26
  C:69FCH         LINE#         27
  C:69FCH         LINE#         28
  C:69FEH         LINE#         29
  C:6A01H         LINE#         30
  C:6A03H         LINE#         31
  C:6A06H         LINE#         32
  C:6A0CH         LINE#         33
  C:6A12H         LINE#         34
  C:6A14H         LINE#         35
  C:6A16H         LINE#         36
  C:6A18H         LINE#         37
  C:6A38H         LINE#         38
  -------         ENDPROC       TIMER2_INIT
  -------         PROC          TIMER2_ISR
  C:6A39H         LINE#         46
  C:6A56H         LINE#         48
  C:6A58H         LINE#         49
  C:6A5BH         LINE#         50
BL51 BANKED LINKER/LOCATER V6.22                                                      06/13/2013  10:29:17  PAGE 103


  -------         ENDPROC       TIMER2_ISR
  -------         PROC          TIMER2_TASKINISR
  C:6B2AH         LINE#         68
  C:6B2AH         LINE#         69
  C:6B2AH         LINE#         70
  C:6B2DH         LINE#         71
  C:6B3BH         LINE#         72
  C:6B42H         LINE#         73
  C:6B42H         LINE#         74
  C:6B62H         LINE#         75
  C:6B65H         LINE#         77
  C:6B65H         LINE#         78
  -------         ENDPROC       TIMER2_TASKINISR
  -------         PROC          TIMER2_TASKINMAIN
  C:7227H         LINE#         86
  C:7227H         LINE#         87
  C:7227H         LINE#         88
  C:722CH         LINE#         89
  C:722FH         LINE#         90
  C:7235H         LINE#         91
  C:7238H         LINE#         93
  C:7238H         LINE#         94
  -------         ENDPROC       TIMER2_TASKINMAIN
  -------         ENDMOD        TIMER

  -------         MODULE        ?C?FPADD
  C:0BD7H         PUBLIC        ?C?FPADD
  C:0BD3H         PUBLIC        ?C?FPSUB
  -------         ENDMOD        ?C?FPADD

  -------         MODULE        ?C?FPMUL
  C:0CC8H         PUBLIC        ?C?FPMUL
  -------         ENDMOD        ?C?FPMUL

  -------         MODULE        ?C?FPDIV
  C:0DD1H         PUBLIC        ?C?FPDIV
  -------         ENDMOD        ?C?FPDIV

  -------         MODULE        ?C?FPCMP
  C:0E70H         PUBLIC        ?C?FPCMP
  C:0E6EH         PUBLIC        ?C?FPCMP3
  -------         ENDMOD        ?C?FPCMP

  -------         MODULE        ?C?FCAST
  C:0EE5H         PUBLIC        ?C?FCASTC
  C:0EE0H         PUBLIC        ?C?FCASTI
  C:0EDBH         PUBLIC        ?C?FCASTL
  -------         ENDMOD        ?C?FCAST

  -------         MODULE        ?C?CASTF
  C:0F19H         PUBLIC        ?C?CASTF
  -------         ENDMOD        ?C?CASTF

  -------         MODULE        SQRT
  C:51DBH         PUBLIC        _SQRT
  -------         ENDMOD        SQRT

BL51 BANKED LINKER/LOCATER V6.22                                                      06/13/2013  10:29:17  PAGE 104


  -------         MODULE        SIN
  C:3E1BH         PUBLIC        _COS
  C:3E31H         PUBLIC        _SIN
  C:3E63H         PUBLIC        _TAN
  -------         ENDMOD        SIN

  -------         MODULE        ASIN
  C:6B66H         PUBLIC        _ASIN
  -------         ENDMOD        ASIN

  -------         MODULE        ATAN
  C:41F0H         PUBLIC        _ATAN
  -------         ENDMOD        ATAN

  -------         MODULE        ?C?CLDPTR
  C:0FE7H         PUBLIC        ?C?CLDPTR
  -------         ENDMOD        ?C?CLDPTR

  -------         MODULE        ?C?CLDOPTR
  C:1000H         PUBLIC        ?C?CLDOPTR
  -------         ENDMOD        ?C?CLDOPTR

  -------         MODULE        ?C?CILDPTR
  C:102DH         PUBLIC        ?C?CILDPTR
  -------         ENDMOD        ?C?CILDPTR

  -------         MODULE        ?C?CSTPTR
  C:104FH         PUBLIC        ?C?CSTPTR
  -------         ENDMOD        ?C?CSTPTR

  -------         MODULE        ?C?CSTOPTR
  C:1061H         PUBLIC        ?C?CSTOPTR
  -------         ENDMOD        ?C?CSTOPTR

  -------         MODULE        ?C?IMUL
  C:1083H         PUBLIC        ?C?IMUL
  -------         ENDMOD        ?C?IMUL

  -------         MODULE        ?C?UIDIV
  C:1095H         PUBLIC        ?C?UIDIV
  -------         ENDMOD        ?C?UIDIV

  -------         MODULE        ?C?SIDIV
  C:10EAH         PUBLIC        ?C?SIDIV
  -------         ENDMOD        ?C?SIDIV

  -------         MODULE        ?C?IILDX
  C:1120H         PUBLIC        ?C?IILDX
  -------         ENDMOD        ?C?IILDX

  -------         MODULE        ?C?ILDPTR
  C:1136H         PUBLIC        ?C?ILDPTR
  -------         ENDMOD        ?C?ILDPTR

  -------         MODULE        ?C?ILDOPTR
  C:1161H         PUBLIC        ?C?ILDOPTR
  -------         ENDMOD        ?C?ILDOPTR
BL51 BANKED LINKER/LOCATER V6.22                                                      06/13/2013  10:29:17  PAGE 105



  -------         MODULE        ?C?IILDPTR
  C:1199H         PUBLIC        ?C?IILDPTR
  -------         ENDMOD        ?C?IILDPTR

  -------         MODULE        ?C?IILDOPTR
  C:11D1H         PUBLIC        ?C?IILDOPTR
  -------         ENDMOD        ?C?IILDOPTR

  -------         MODULE        ?C?ISTPTR
  C:121EH         PUBLIC        ?C?ISTPTR
  -------         ENDMOD        ?C?ISTPTR

  -------         MODULE        ?C?ISTOPTR
  C:123DH         PUBLIC        ?C?ISTOPTR
  -------         ENDMOD        ?C?ISTOPTR

  -------         MODULE        ?C?LMUL
  C:126AH         PUBLIC        ?C?LMUL
  -------         ENDMOD        ?C?LMUL

  -------         MODULE        ?C?ULDIV
  C:12F5H         PUBLIC        ?C?ULDIV
  -------         ENDMOD        ?C?ULDIV

  -------         MODULE        ?C?SLDIV
  C:68F5H         PUBLIC        ?C?SLDIV
  -------         ENDMOD        ?C?SLDIV

  -------         MODULE        ?C?LNEG
  C:1387H         PUBLIC        ?C?LNEG
  -------         ENDMOD        ?C?LNEG

  -------         MODULE        ?C?SLCMP
  C:1395H         PUBLIC        ?C?SLCMP
  -------         ENDMOD        ?C?SLCMP

  -------         MODULE        ?C?ULCMP
  C:13ABH         PUBLIC        ?C?ULCMP
  -------         ENDMOD        ?C?ULCMP

  -------         MODULE        ?C?ULSHR
  C:13BCH         PUBLIC        ?C?ULSHR
  -------         ENDMOD        ?C?ULSHR

  -------         MODULE        ?C?LSHL
  C:13CFH         PUBLIC        ?C?LSHL
  -------         ENDMOD        ?C?LSHL

  -------         MODULE        ?C?LLDPTR
  C:13E2H         PUBLIC        ?C?LLDPTR
  -------         ENDMOD        ?C?LLDPTR

  -------         MODULE        ?C?LLDOPTR
  C:1402H         PUBLIC        ?C?LLDOPTR
  -------         ENDMOD        ?C?LLDOPTR

BL51 BANKED LINKER/LOCATER V6.22                                                      06/13/2013  10:29:17  PAGE 106


  -------         MODULE        ?C?LSTPTR
  C:1432H         PUBLIC        ?C?LSTPTR
  -------         ENDMOD        ?C?LSTPTR

  -------         MODULE        ?C?LSTOPTR
  C:144CH         PUBLIC        ?C?LSTOPTR
  -------         ENDMOD        ?C?LSTOPTR

  -------         MODULE        ?C?LLDCODE
  C:1470H         PUBLIC        ?C?LLDCODE
  -------         ENDMOD        ?C?LLDCODE

  -------         MODULE        ?C?LLDCODE0
  C:1480H         PUBLIC        ?C?LLDCODE0
  -------         ENDMOD        ?C?LLDCODE0

  -------         MODULE        ?C?LLDOPTR0
  C:1490H         PUBLIC        ?C?LLDOPTR0
  -------         ENDMOD        ?C?LLDOPTR0

  -------         MODULE        ?C?LSTXDATA
  C:14C0H         PUBLIC        ?C?LSTXDATA
  -------         ENDMOD        ?C?LSTXDATA

  -------         MODULE        ?C?LSTKXDATA
  C:14CCH         PUBLIC        ?C?LSTKXDATA
  -------         ENDMOD        ?C?LSTKXDATA

  -------         MODULE        ?C?LSTKOPTR
  C:14FDH         PUBLIC        ?C?LSTKOPTR
  -------         ENDMOD        ?C?LSTKOPTR

  -------         MODULE        ?C?OFFXADD
  C:1521H         PUBLIC        ?C?OFFXADD
  -------         ENDMOD        ?C?OFFXADD

  -------         MODULE        ?C?PLDOPTR
  C:152DH         PUBLIC        ?C?PLDOPTR
  -------         ENDMOD        ?C?PLDOPTR

  -------         MODULE        ?C?PLDIOPTR
  C:155DH         PUBLIC        ?C?PLDIOPTR
  -------         ENDMOD        ?C?PLDIOPTR

  -------         MODULE        ?C?PSTOPTR
  C:158FH         PUBLIC        ?C?PSTOPTR
  -------         ENDMOD        ?C?PSTOPTR

  -------         MODULE        ?C?ICASE
  C:15E8H         PUBLIC        ?C?ICASE
  -------         ENDMOD        ?C?ICASE

  -------         MODULE        ?C?ICALL
  C:1615H         PUBLIC        ?C?ICALL
  C:1619H         PUBLIC        ?C?ICALL2
  -------         ENDMOD        ?C?ICALL

BL51 BANKED LINKER/LOCATER V6.22                                                      06/13/2013  10:29:17  PAGE 107


  -------         MODULE        STRNCMP
  D:002CH         PUBLIC        ?_strncmp?BYTE
  C:5E40H         PUBLIC        _strncmp
  -------         ENDMOD        STRNCMP

  -------         MODULE        STRNCPY
  D:002BH         PUBLIC        ?_strncpy?BYTE
  C:6529H         PUBLIC        _strncpy
  -------         ENDMOD        STRNCPY

  -------         MODULE        ?C?LLDIDATA
  C:161BH         PUBLIC        ?C?LLDIDATA
  -------         ENDMOD        ?C?LLDIDATA

  -------         MODULE        ?C?LLDXDATA
  C:1627H         PUBLIC        ?C?LLDXDATA
  -------         ENDMOD        ?C?LLDXDATA

  -------         MODULE        ?C?LLDPDATA
  C:1633H         PUBLIC        ?C?LLDPDATA
  -------         ENDMOD        ?C?LLDPDATA

  -------         MODULE        ?C?LLDIDATA0
  C:163FH         PUBLIC        ?C?LLDIDATA0
  -------         ENDMOD        ?C?LLDIDATA0

  -------         MODULE        ?C?LLDXDATA0
  C:164CH         PUBLIC        ?C?LLDXDATA0
  -------         ENDMOD        ?C?LLDXDATA0

  -------         MODULE        ?C?LLDPDATA0
  C:1658H         PUBLIC        ?C?LLDPDATA0
  -------         ENDMOD        ?C?LLDPDATA0

  -------         MODULE        ?C?LSTIDATA
  C:1665H         PUBLIC        ?C?LSTIDATA
  -------         ENDMOD        ?C?LSTIDATA

  -------         MODULE        ?C?LSTPDATA
  C:1671H         PUBLIC        ?C?LSTPDATA
  -------         ENDMOD        ?C?LSTPDATA

  -------         MODULE        ?C?LSTKIDATA
  C:167DH         PUBLIC        ?C?LSTKIDATA
  -------         ENDMOD        ?C?LSTKIDATA

  -------         MODULE        ?C?LSTKPDATA
  C:1696H         PUBLIC        ?C?LSTKPDATA
  -------         ENDMOD        ?C?LSTKPDATA

  -------         MODULE        ?C?PLDIDATA
  C:16AFH         PUBLIC        ?C?PLDIDATA
  -------         ENDMOD        ?C?PLDIDATA

  -------         MODULE        ?C?PLDIIDATA
  C:16B8H         PUBLIC        ?C?PLDIIDATA
  -------         ENDMOD        ?C?PLDIIDATA
BL51 BANKED LINKER/LOCATER V6.22                                                      06/13/2013  10:29:17  PAGE 108



  -------         MODULE        ?C?PSTIDATA
  C:16C8H         PUBLIC        ?C?PSTIDATA
  -------         ENDMOD        ?C?PSTIDATA

  -------         MODULE        ?C?PLDXDATA
  C:16D1H         PUBLIC        ?C?PLDXDATA
  -------         ENDMOD        ?C?PLDXDATA

  -------         MODULE        ?C?PLDIXDATA
  C:16DAH         PUBLIC        ?C?PLDIXDATA
  -------         ENDMOD        ?C?PLDIXDATA

  -------         MODULE        ?C?PSTXDATA
  C:16F1H         PUBLIC        ?C?PSTXDATA
  -------         ENDMOD        ?C?PSTXDATA

  -------         MODULE        ?C?PLDPDATA
  C:16FAH         PUBLIC        ?C?PLDPDATA
  -------         ENDMOD        ?C?PLDPDATA

  -------         MODULE        ?C?PLDIPDATA
  C:1703H         PUBLIC        ?C?PLDIPDATA
  -------         ENDMOD        ?C?PLDIPDATA

  -------         MODULE        ?C?PSTPDATA
  C:1713H         PUBLIC        ?C?PSTPDATA
  -------         ENDMOD        ?C?PSTPDATA

  -------         MODULE        ?C?PLDCODE
  C:171CH         PUBLIC        ?C?PLDCODE
  -------         ENDMOD        ?C?PLDCODE

Program Size: data=109.4 xdata=2920 code=30212
LINK/LOCATE RUN COMPLETE.  0 WARNING(S),  0 ERROR(S)
