BL51 BANKED LINKER/LOCATER V6.22                                                        08/24/2017  22:40:46  PAGE 1


BL51 BANKED LINKER/LOCATER V6.22, INVOKED BY:
D:\KEIL\C51\BIN\BL51.EXE .\obj\STARTUP.obj, .\obj\AdcDrv.obj, .\obj\AngApp.obj, .\obj\Calibration.obj, .\obj\CmdSub.obj,
>>  .\obj\Comm.obj, .\obj\Delay.obj, .\obj\Filter.obj, .\obj\Flash.obj, .\obj\Init.obj, .\obj\Key.obj, .\obj\Main.obj, .
>> \obj\ModBusCrc.obj, .\obj\ModBusRtu.obj, .\obj\Send.obj, .\obj\Sensor.obj, .\obj\Sub.obj, .\obj\Timer.obj, .\obj\CalM
>> cuT.obj TO .\obj\164-0001-20131104 PRINT (.\lst\164-0001-20131104.m51) RAMSIZE (256)


MEMORY MODEL: SMALL WITH FLOATING POINT ARITHMETIC


INPUT MODULES INCLUDED:
  .\obj\STARTUP.obj (?C_STARTUP)
  .\obj\AdcDrv.obj (ADCDRV)
  .\obj\AngApp.obj (ANGAPP)
  .\obj\Calibration.obj (CALIBRATION)
  .\obj\CmdSub.obj (CMDSUB)
  .\obj\Comm.obj (COMM)
  .\obj\Delay.obj (DELAY)
  .\obj\Filter.obj (FILTER)
  .\obj\Flash.obj (FLASH)
  .\obj\Init.obj (INIT)
  .\obj\Key.obj (KEY)
  .\obj\Main.obj (MAIN)
  .\obj\ModBusCrc.obj (MODBUSCRC)
  .\obj\ModBusRtu.obj (MODBUSRTU)
  .\obj\Send.obj (SEND)
  .\obj\Sensor.obj (SENSOR)
  .\obj\Sub.obj (SUB)
  .\obj\Timer.obj (TIMER)
  .\obj\CalMcuT.obj (CALMCUT)
  D:\KEIL\C51\LIB\C51FPS.LIB (?C?FPADD)
  D:\KEIL\C51\LIB\C51FPS.LIB (?C?FPMUL)
  D:\KEIL\C51\LIB\C51FPS.LIB (?C?FPDIV)
  D:\KEIL\C51\LIB\C51FPS.LIB (?C?FPCMP)
  D:\KEIL\C51\LIB\C51FPS.LIB (?C?FCAST)
  D:\KEIL\C51\LIB\C51FPS.LIB (?C?CASTF)
  D:\KEIL\C51\LIB\C51FPS.LIB (SQRT)
  D:\KEIL\C51\LIB\C51FPS.LIB (SIN)
  D:\KEIL\C51\LIB\C51FPS.LIB (ASIN)
  D:\KEIL\C51\LIB\C51FPS.LIB (?C?FPGETOPN)
  D:\KEIL\C51\LIB\C51FPS.LIB (?C?FPSERIES)
  D:\KEIL\C51\LIB\C51FPS.LIB (ATAN)
  D:\KEIL\C51\LIB\C51S.LIB (?C_INIT)
  D:\KEIL\C51\LIB\C51S.LIB (?C?CLDPTR)
  D:\KEIL\C51\LIB\C51S.LIB (?C?CLDOPTR)
  D:\KEIL\C51\LIB\C51S.LIB (?C?CILDPTR)
  D:\KEIL\C51\LIB\C51S.LIB (?C?CSTPTR)
  D:\KEIL\C51\LIB\C51S.LIB (?C?CSTOPTR)
  D:\KEIL\C51\LIB\C51S.LIB (?C?IMUL)
  D:\KEIL\C51\LIB\C51S.LIB (?C?UIDIV)
  D:\KEIL\C51\LIB\C51S.LIB (?C?SIDIV)
  D:\KEIL\C51\LIB\C51S.LIB (?C?IILDX)
  D:\KEIL\C51\LIB\C51S.LIB (?C?ILDPTR)
  D:\KEIL\C51\LIB\C51S.LIB (?C?ILDOPTR)
  D:\KEIL\C51\LIB\C51S.LIB (?C?IILDPTR)
  D:\KEIL\C51\LIB\C51S.LIB (?C?IILDOPTR)
  D:\KEIL\C51\LIB\C51S.LIB (?C?ISTPTR)
  D:\KEIL\C51\LIB\C51S.LIB (?C?ISTOPTR)
BL51 BANKED LINKER/LOCATER V6.22                                                      08/24/2017  22:40:46  PAGE 2


  D:\KEIL\C51\LIB\C51S.LIB (?C?LADD)
  D:\KEIL\C51\LIB\C51S.LIB (?C?LMUL)
  D:\KEIL\C51\LIB\C51S.LIB (?C?ULDIV)
  D:\KEIL\C51\LIB\C51S.LIB (?C?SLDIV)
  D:\KEIL\C51\LIB\C51S.LIB (?C?LOR)
  D:\KEIL\C51\LIB\C51S.LIB (?C?LNEG)
  D:\KEIL\C51\LIB\C51S.LIB (?C?SLCMP)
  D:\KEIL\C51\LIB\C51S.LIB (?C?ULCMP)
  D:\KEIL\C51\LIB\C51S.LIB (?C?ULSHR)
  D:\KEIL\C51\LIB\C51S.LIB (?C?LSHL)
  D:\KEIL\C51\LIB\C51S.LIB (?C?LLDPTR)
  D:\KEIL\C51\LIB\C51S.LIB (?C?LLDOPTR)
  D:\KEIL\C51\LIB\C51S.LIB (?C?LSTPTR)
  D:\KEIL\C51\LIB\C51S.LIB (?C?LSTOPTR)
  D:\KEIL\C51\LIB\C51S.LIB (?C?LLDXDATA)
  D:\KEIL\C51\LIB\C51S.LIB (?C?LLDCODE)
  D:\KEIL\C51\LIB\C51S.LIB (?C?LLDXDATA0)
  D:\KEIL\C51\LIB\C51S.LIB (?C?LLDCODE0)
  D:\KEIL\C51\LIB\C51S.LIB (?C?LLDOPTR0)
  D:\KEIL\C51\LIB\C51S.LIB (?C?LSTXDATA)
  D:\KEIL\C51\LIB\C51S.LIB (?C?LSTKXDATA)
  D:\KEIL\C51\LIB\C51S.LIB (?C?LSTKOPTR)
  D:\KEIL\C51\LIB\C51S.LIB (?C?OFFXADD)
  D:\KEIL\C51\LIB\C51S.LIB (?C?PLDIIDATA)
  D:\KEIL\C51\LIB\C51S.LIB (?C?PLDXDATA)
  D:\KEIL\C51\LIB\C51S.LIB (?C?PSTXDATA)
  D:\KEIL\C51\LIB\C51S.LIB (?C?PLDOPTR)
  D:\KEIL\C51\LIB\C51S.LIB (?C?PLDIOPTR)
  D:\KEIL\C51\LIB\C51S.LIB (?C?PSTOPTR)
  D:\KEIL\C51\LIB\C51S.LIB (?C?CCASE)
  D:\KEIL\C51\LIB\C51S.LIB (?C?ICASE)
  D:\KEIL\C51\LIB\C51S.LIB (?C?LCASE)
  D:\KEIL\C51\LIB\C51S.LIB (?C?ICALL)
  D:\KEIL\C51\LIB\C51S.LIB (STRNCMP)
  D:\KEIL\C51\LIB\C51S.LIB (STRNCPY)
  D:\KEIL\C51\LIB\C51S.LIB (?C?LLDIDATA)
  D:\KEIL\C51\LIB\C51S.LIB (?C?LLDPDATA)
  D:\KEIL\C51\LIB\C51S.LIB (?C?LLDIDATA0)
  D:\KEIL\C51\LIB\C51S.LIB (?C?LLDPDATA0)
  D:\KEIL\C51\LIB\C51S.LIB (?C?LSTIDATA)
  D:\KEIL\C51\LIB\C51S.LIB (?C?LSTPDATA)
  D:\KEIL\C51\LIB\C51S.LIB (?C?LSTKIDATA)
  D:\KEIL\C51\LIB\C51S.LIB (?C?LSTKPDATA)
  D:\KEIL\C51\LIB\C51S.LIB (?C?PLDIDATA)
  D:\KEIL\C51\LIB\C51S.LIB (?C?PSTIDATA)
  D:\KEIL\C51\LIB\C51S.LIB (?C?PLDIXDATA)
  D:\KEIL\C51\LIB\C51S.LIB (?C?PLDPDATA)
  D:\KEIL\C51\LIB\C51S.LIB (?C?PLDIPDATA)
  D:\KEIL\C51\LIB\C51S.LIB (?C?PSTPDATA)
  D:\KEIL\C51\LIB\C51S.LIB (?C?PLDCODE)


LINK MAP OF MODULE:  .\obj\164-0001-20131104 (?C_STARTUP)


            TYPE    BASE      LENGTH    RELOCATION   SEGMENT NAME
            -----------------------------------------------------
BL51 BANKED LINKER/LOCATER V6.22                                                      08/24/2017  22:40:46  PAGE 3



            * * * * * * *   D A T A   M E M O R Y   * * * * * * *
            REG     0000H     0008H     ABSOLUTE     "REG BANK 0"
            DATA    0008H     000AH     UNIT         ?DT?SEND
            DATA    0012H     0004H     UNIT         ?DT?CMDSUB
            DATA    0016H     0002H     UNIT         ?DT?CALMCUT
            DATA    0018H     0001H     UNIT         ?DT?TIMER
            IDATA   0019H     0003H     UNIT         ?ID?ADCDRV
                    001CH     0004H                  *** GAP ***
            BIT     0020H.0   0000H.2   UNIT         ?BI?COMM
            BIT     0020H.2   0000H.2   UNIT         _BIT_GROUP_
                    0020H.4   0000H.4                *** GAP ***
            DATA    0021H     0055H     UNIT         _DATA_GROUP_
            IDATA   0076H     0001H     UNIT         ?STACK

            * * * * * * *  X D A T A   M E M O R Y  * * * * * * *
            XDATA   0000H     04B0H     UNIT         ?XD?CALIBRATION
            XDATA   04B0H     0200H     UNIT         ?XD?FLASH
            XDATA   06B0H     01A2H     UNIT         ?XD?COMM
            XDATA   0852H     019EH     UNIT         ?XD?ADCDRV
            XDATA   09F0H     00F1H     UNIT         ?XD?CALMCUT
            XDATA   0AE1H     00C9H     UNIT         ?XD?SEND
            XDATA   0BAAH     0041H     UNIT         ?XD?SENSOR
            XDATA   0BEBH     0038H     UNIT         ?XD?ANGAPP
            XDATA   0C23H     0018H     UNIT         ?XD?CMDSUB
            XDATA   0C3BH     000FH     UNIT         ?XD?MODBUSRTU
            XDATA   0C4AH     000AH     UNIT         ?XD?INIT
            XDATA   0C54H     0008H     UNIT         _XDATA_GROUP_
            XDATA   0C5CH     0005H     UNIT         ?XD?MAIN
            XDATA   0C61H     0002H     UNIT         ?XD?TIMER
            XDATA   0C63H     0001H     UNIT         ?XD?KEY

            * * * * * * *   C O D E   M E M O R Y   * * * * * * *
            CODE    0000H     0003H     ABSOLUTE     
            CODE    0003H     0020H     UNIT         ?PR?_SEND_TDEAL?SEND
            CODE    0023H     0003H     ABSOLUTE     
            CODE    0026H     0004H     UNIT         ?PR?ADC_ENABLE?ADCDRV
                    002AH     0001H                  *** GAP ***
            CODE    002BH     0003H     ABSOLUTE     
            CODE    002EH     001DH     UNIT         ?PR?COMM_TIMERPROC?COMM
            CODE    004BH     0003H     ABSOLUTE     
            CODE    004EH     0BD2H     UNIT         ?C?LIB_CODE
            CODE    0C20H     0B0BH     UNIT         ?PR?_MODRTU_RDVAL?MODBUSRTU
            CODE    172BH     0722H     UNIT         ?PR?_MODRTU_WRVAL?MODBUSRTU
            CODE    1E4DH     0603H     UNIT         ?PR?_CUSTOMPRO?MODBUSRTU
            CODE    2450H     0591H     UNIT         ?PR?_SEND_SDEAL?SEND
            CODE    29E1H     0377H     UNIT         ?PR?_RAM_CALDATA2BUF?FLASH
            CODE    2D58H     02D7H     UNIT         ?PR?_RAM_BUF2CALDATA?FLASH
            CODE    302FH     0200H     UNIT         ?CO?MODBUSCRC
            CODE    322FH     01B2H     UNIT         ?CO?SEND
            CODE    33E1H     018EH     UNIT         ?PR?_SUB_STR2INT32S?SUB
            CODE    356FH     017CH     UNIT         ?PR?_ANG_CALCPRM?CALIBRATION
            CODE    36EBH     016EH     UNIT         ?PR?SIN?SIN
            CODE    3859H     0165H     UNIT         ?PR?_SEND_CDEAL?SEND
            CODE    39BEH     0163H     UNIT         ?PR?_MCUT_CALCPRM?CALMCUT
            CODE    3B21H     0162H     UNIT         ?PR?_SUB_INT32S2STR?SUB
            CODE    3C83H     0146H     UNIT         ?PR?_SEND_RDEAL?SEND
BL51 BANKED LINKER/LOCATER V6.22                                                      08/24/2017  22:40:46  PAGE 4


            CODE    3DC9H     012CH     UNIT         ?PR?_TEMP_CALCPRM?CALIBRATION
            CODE    3EF5H     0128H     UNIT         ?PR?ATAN?ATAN
            CODE    401DH     0122H     UNIT         ?PR?SEND_TIMEPROC?SEND
            CODE    413FH     010BH     UNIT         ?PR?ANGCALDATAINIT?CALIBRATION
            CODE    424AH     0105H     UNIT         ?PR?FLASH_CALDATAINIT?FLASH
            CODE    434FH     0103H     UNIT         ?PR?_MODRTU_WRREG?MODBUSRTU
            CODE    4452H     0100H     UNIT         ?PR?_SEND_WDEAL?SEND
            CODE    4552H     00EDH     UNIT         ?PR?_MODRTU_RDREG?MODBUSRTU
            CODE    463FH     00E8H     UNIT         ?PR?_TEMP_CALTREFSET?CMDSUB
            CODE    4727H     00E4H     UNIT         ?PR?CALIBINIT?CALIBRATION
            CODE    480BH     00E0H     UNIT         ?PR?MTCALDATAINIT?CALMCUT
            CODE    48EBH     00DBH     UNIT         ?PR?_SLIDEWINFILTER?FILTER
            CODE    49C6H     00D8H     UNIT         ?PR?_PANGCALC?ANGAPP
            CODE    4A9EH     00C4H     UNIT         ?PR?_SUB_SENDTEMPCAL?SUB
            CODE    4B62H     00BFH     UNIT         ?PR?_SUB_STR2INT16U?SUB
            CODE    4C21H     00B7H     UNIT         ?PR?_GETOFFSET?SENSOR
            CODE    4CD8H     00B0H     UNIT         ?PR?_SUB_INT16U2STR?SUB
            CODE    4D88H     00AAH     UNIT         ?PR?SQRT?SQRT
            CODE    4E32H     00A7H     UNIT         ?PR?_ANG_CALC?SENSOR
            CODE    4ED9H     00A5H     UNIT         ?PR?_COMM_GETTXCHAR?COMM
            CODE    4F7EH     00A4H     UNIT         ?PR?_COMM_GETCHAR?COMM
            CODE    5022H     00A1H     UNIT         ?PR?_GETANGCALCVAL?SENSOR
            CODE    50C3H     008FH     UNIT         ?PR?COMM_SOFTWAREINIT?COMM
            CODE    5152H     008DH     UNIT         ?PR?_FLOATTOINT?MODBUSRTU
            CODE    51DFH     008CH     UNIT         ?C_C51STARTUP
            CODE    526BH     008CH     UNIT         ?PR?_COMM_PUTCHAR?COMM
            CODE    52F7H     008BH     UNIT         ?PR?ADC_ISR?ADCDRV
            CODE    5382H     008BH     UNIT         ?PR?SNPROC?SENSOR
            CODE    540DH     0087H     UNIT         ?PR?ADC_XCALSTOP?CMDSUB
            CODE    5494H     0087H     UNIT         ?PR?ADC_YCALSTOP?CMDSUB
            CODE    551BH     0085H     UNIT         ?PR?_ADCFILTER?ADCDRV
            CODE    55A0H     0085H     UNIT         ?PR?_GETMT?CALMCUT
            CODE    5625H     0084H     UNIT         ?PR?_COMM_PUTRXCHAR?COMM
            CODE    56A9H     0080H     UNIT         ?PR?_SNFILTER?SENSOR
            CODE    5729H     0078H     UNIT         ?PR?ANGINIT?ANGAPP
            CODE    57A1H     0077H     UNIT         ?PR?SUB_SENDPRMTALL?SUB
            CODE    5818H     0076H     UNIT         ?PR?_TEMP_CALVALWR?CMDSUB
            CODE    588EH     0075H     UNIT         ?PR?_SUB_BUFBUBBLE16U?SUB
            CODE    5903H     0073H     UNIT         ?PR?_SUB_SENDMCUTEMPCAL?SUB
            CODE    5976H     0072H     UNIT         ?PR?COMM_ISR?COMM
            CODE    59E8H     0070H     UNIT         ?PR?TEMPSORTANDCALCPRM?CMDSUB
            CODE    5A58H     006FH     UNIT         ?PR?_STRNCMP?STRNCMP
            CODE    5AC7H     006EH     UNIT         ?PR?SNINIT?SENSOR
            CODE    5B35H     006DH     UNIT         ?PR?_SUB_BUFBUBBLE16S?SUB
            CODE    5BA2H     0069H     UNIT         ?PR?_SN_DATAINIT?SENSOR
            CODE    5C0BH     0069H     UNIT         ?PR?_SUB_BUFBUBBLE32S?SUB
            CODE    5C74H     0068H     UNIT         ?PR?_ADC_SAVEANDSWITCH?ADCDRV
            CODE    5CDCH     0067H     UNIT         ?PR?INIT_SYSTEMPARA?INIT
            CODE    5D43H     0066H     UNIT         ?PR?_TEMP_CALSAMP?CMDSUB
            CODE    5DA9H     0065H     UNIT         ?PR?_FLASH_BUFWR?FLASH
            CODE    5E0EH     0065H     UNIT         ?PR?_SEND_UDEAL?SEND
            CODE    5E73H     005EH     UNIT         ?CO?SUB
            CODE    5ED1H     005DH     UNIT         ?PR?_FILTER_1ST?FILTER
            CODE    5F2EH     005CH     UNIT         ?PR?TEMPCALDATAINIT?CALIBRATION
            CODE    5F8AH     005BH     UNIT         ?PR?_SUMCHK?MODBUSRTU
            CODE    5FE5H     005AH     UNIT         ?PR?_SUB_STR2INT16S?SUB
            CODE    603FH     0058H     UNIT         ?PR?_CHKCODE?MODBUSRTU
BL51 BANKED LINKER/LOCATER V6.22                                                      08/24/2017  22:40:46  PAGE 5


            CODE    6097H     0058H     UNIT         ?PR?SUB_SENDTCALTEST?SUB
            CODE    60EFH     0057H     UNIT         ?PR?_FLASH_BUFRD?FLASH
            CODE    6146H     0056H     UNIT         ?PR?FLASHAREA_USER?FLASH
            CODE    619CH     0056H     UNIT         ?PR?_SUB_SBUFSWITCH?SUB
            CODE    61F2H     0052H     UNIT         ?PR?_STRNCPY?STRNCPY
            CODE    6244H     004FH     UNIT         ?PR?_FLASH_CALDATAUPDATE_USER?FLASH
            CODE    6293H     004CH     UNIT         ?PR?GETXANGALLSETVAL?ANGAPP
            CODE    62DFH     004CH     UNIT         ?PR?GETYANGALLSETVAL?ANGAPP
            CODE    632BH     004CH     UNIT         ?PR?_SUB_16SBUFSWITCH?SUB
            CODE    6377H     004CH     UNIT         ?PR?_SUB_UBUFSWITCH?SUB
            CODE    63C3H     004AH     UNIT         ?PR?ADCENTITYINIT?ADCDRV
            CODE    640DH     0049H     UNIT         ?PR?_MCUT_CALVALWR?CALMCUT
            CODE    6456H     0045H     UNIT         ?PR?_MODRTU_RLYERROR?MODBUSRTU
            CODE    649BH     0045H     UNIT         ?PR?_SUB_SENDADCTXY?SUB
            CODE    64E0H     0044H     UNIT         ?C?LDIV
            CODE    6524H     0043H     UNIT         ?PR?FLASH_CALDATAUPDATE?FLASH
            CODE    6567H     0040H     UNIT         ?PR?CALIBMTINIT?CALMCUT
            CODE    65A7H     003EH     UNIT         ?PR?MCUTCALCPRM?CALMCUT
            CODE    65E5H     003DH     UNIT         ?PR?TIMER2_ISR?TIMER
            CODE    6622H     003CH     UNIT         ?PR?_MODRTU_RXPROC?MODBUSRTU
            CODE    665EH     003CH     UNIT         ?PR?_SUB_STR2INT8U?SUB
            CODE    669AH     003BH     UNIT         ?PR?ASIN?ASIN
            CODE    66D5H     0038H     UNIT         ?PR?TIMER2_INIT?TIMER
            CODE    670DH     0037H     UNIT         ?PR?_FLASH_CHECKSUM?FLASH
            CODE    6744H     0036H     UNIT         ?PR?SUB_SENDANGXYP?SUB
            CODE    677AH     0036H     UNIT         ?PR?TIMER2_TASKINISR?TIMER
            CODE    67B0H     0035H     UNIT         ?PR?_MODBUSCRCCNT?MODBUSCRC
            CODE    67E5H     0033H     UNIT         ?C_INITSEG
            CODE    6818H     0033H     UNIT         ?PR?_MODRTU_SETZERO?MODBUSRTU
            CODE    684BH     0032H     UNIT         ?PR?_FLASHUPDATE?FLASH
            CODE    687DH     002FH     UNIT         ?PR?RAM_CALDATAINIT_USER?FLASH
            CODE    68ACH     002FH     UNIT         ?PR?_SUB_SENDMCUT?SUB
            CODE    68DBH     002EH     UNIT         ?PR?ADC_SETINIT?ADCDRV
            CODE    6909H     002EH     UNIT         ?PR?GETANGP?ANGAPP
            CODE    6937H     002AH     UNIT         ?PR?_COMM_PUTINT16S?SUB
            CODE    6961H     0029H     UNIT         ?PR?_FLASH_PAGEERASE?FLASH
            CODE    698AH     0028H     UNIT         ?PR?_MODRTU_WRADDR?MODBUSRTU
            CODE    69B2H     0027H     UNIT         ?PR?MAIN?MAIN
            CODE    69D9H     0025H     UNIT         ?PR?_MODRTU_WRBAUD?MODBUSRTU
            CODE    69FEH     0025H     UNIT         ?PR?SUB_SENDANGXY?SUB
            CODE    6A23H     0024H     UNIT         ?PR?_SETANGZERO?ANGAPP
            CODE    6A47H     0024H     UNIT         ?PR?_VALINRANGE?FILTER
            CODE    6A6BH     0023H     UNIT         ?PR?SYS_PORTINIT?INIT
            CODE    6A8EH     0022H     UNIT         ?PR?_SUB_INT16S2STR?SUB
            CODE    6AB0H     0021H     UNIT         ?PR?_COMM_PUTSTR?COMM
            CODE    6AD1H     0021H     UNIT         ?PR?_MODRTU_WR16U?MODBUSRTU
            CODE    6AF2H     0021H     UNIT         ?PR?_SUB_STR2INT8S?SUB
            CODE    6B13H     0020H     UNIT         ?PR?_SUB_INT8U2STR?SUB
            CODE    6B33H     001EH     UNIT         ?PR?_SETANGZEROADD?ANGAPP
            CODE    6B51H     001EH     UNIT         ?PR?COMM_HARDWAREINIT?COMM
            CODE    6B6FH     001EH     UNIT         ?PR?INIT_ALL?INIT
            CODE    6B8DH     001EH     UNIT         ?PR?_MCUT_CALSAMP?CALMCUT
            CODE    6BABH     001BH     UNIT         ?PR?SNXDATAINIT?SENSOR
            CODE    6BC6H     001BH     UNIT         ?PR?SNYDATAINIT?SENSOR
            CODE    6BE1H     001AH     UNIT         ?CO?ADCDRV
            CODE    6BFBH     0019H     UNIT         ?PR?SYS_CLKINIT?INIT
            CODE    6C14H     0019H     UNIT         ?PR?SUB_SENDSYSNUM?SUB
BL51 BANKED LINKER/LOCATER V6.22                                                      08/24/2017  22:40:46  PAGE 6


            CODE    6C2DH     0018H     UNIT         ?PR?FLASH_USERDATAUPDATE?FLASH
            CODE    6C45H     0018H     UNIT         ?PR?_COMM_PUTINT16U?SUB
            CODE    6C5DH     0017H     UNIT         ?PR?_TEMP_RDTEMPVAL?CALIBRATION
            CODE    6C74H     0017H     UNIT         ?PR?_TEMP_WRTEMPVAL?CALIBRATION
            CODE    6C8BH     0017H     UNIT         ?PR?_DELAY_MS?DELAY
            CODE    6CA2H     0017H     UNIT         ?PR?_MCUT_RDADCVAL?CALMCUT
            CODE    6CB9H     0017H     UNIT         ?PR?_MCUT_WRADCVAL?CALMCUT
            CODE    6CD0H     0016H     UNIT         ?PR?TEMP_CALSTOP?CMDSUB
            CODE    6CE6H     0016H     UNIT         ?PR?_MODRTU_CHKCRC?MODBUSRTU
            CODE    6CFCH     0016H     UNIT         ?PR?_COMM_PUTINT8U?SUB
            CODE    6D12H     0015H     UNIT         ?PR?_SETTEMPXCALTEMPVAL?CALIBRATION
            CODE    6D27H     0015H     UNIT         ?PR?_SETTEMPYCALTEMPVAL?CALIBRATION
            CODE    6D3CH     0015H     UNIT         ?PR?_SETTEMPXCALADCVAL?CALIBRATION
            CODE    6D51H     0015H     UNIT         ?PR?_SETANGXCALADCVAL?CALIBRATION
            CODE    6D66H     0015H     UNIT         ?PR?_SETTEMPYCALADCVAL?CALIBRATION
            CODE    6D7BH     0015H     UNIT         ?PR?_SETANGYCALADCVAL?CALIBRATION
            CODE    6D90H     0015H     UNIT         ?PR?_SETMCUTCALTEMPVAL?CALMCUT
            CODE    6DA5H     0015H     UNIT         ?PR?_SETMCUTCALADCVAL?CALMCUT
            CODE    6DBAH     0014H     UNIT         ?PR?_COMM_PUTINT32S?SUB
            CODE    6DCEH     0012H     UNIT         ?PR?TEMP_CALSTA?CMDSUB
            CODE    6DE0H     0012H     UNIT         ?PR?_SNXFILTER?SENSOR
            CODE    6DF2H     0012H     UNIT         ?PR?_SNYFILTER?SENSOR
            CODE    6E04H     0012H     UNIT         ?PR?TIMER2_TASKINMAIN?TIMER
            CODE    6E16H     0011H     UNIT         ?PR?_TEMP_RDADCVAL?CALIBRATION
            CODE    6E27H     0011H     UNIT         ?PR?_TEMP_WRADCVAL?CALIBRATION
            CODE    6E38H     0011H     UNIT         ?PR?_ANG_RDADCVAL?CALIBRATION
            CODE    6E49H     0011H     UNIT         ?PR?_ANG_WRADCVAL?CALIBRATION
            CODE    6E5AH     0011H     UNIT         ?PR?_MCUT_RDTEMPVAL?CALMCUT
            CODE    6E6BH     0011H     UNIT         ?PR?_MCUT_WRTEMPVAL?CALMCUT
            CODE    6E7CH     000FH     UNIT         ?PR?DELAY_100US?DELAY
            CODE    6E8BH     000FH     UNIT         ?PR?GET_MCUTEMP?SENSOR
            CODE    6E9AH     000EH     UNIT         ?PR?_ANG_RDANGVAL?CALIBRATION
            CODE    6EA8H     000EH     UNIT         ?PR?_ANG_WRANGVAL?CALIBRATION
            CODE    6EB6H     000EH     UNIT         ?PR?FLASHCHK?FLASH
            CODE    6EC4H     000EH     UNIT         ?PR?SUB_SENDOK?SUB
            CODE    6ED2H     000EH     UNIT         ?PR?SUB_SENDERR?SUB
            CODE    6EE0H     000EH     UNIT         ?PR?SUB_SENDSOFTVER?SUB
            CODE    6EEEH     000DH     UNIT         ?PR?_MODRTU_RD16U?MODBUSRTU
            CODE    6EFBH     000DH     UNIT         ?PR?COMM_PUTNEWLINESTA?SUB
            CODE    6F08H     000CH     UNIT         ?PR?ADC_INIT?ADCDRV
            CODE    6F14H     000CH     UNIT         ?PR?_GETTEMPXCALTEMPVAL?CALIBRATION
            CODE    6F20H     000CH     UNIT         ?PR?_GETANGXCALANGVAL?CALIBRATION
            CODE    6F2CH     000CH     UNIT         ?PR?_GETTEMPYCALTEMPVAL?CALIBRATION
            CODE    6F38H     000CH     UNIT         ?PR?_GETANGYCALANGVAL?CALIBRATION
            CODE    6F44H     000CH     UNIT         ?PR?_GETTEMPXCALADCVAL?CALIBRATION
            CODE    6F50H     000CH     UNIT         ?PR?_GETANGXCALADCVAL?CALIBRATION
            CODE    6F5CH     000CH     UNIT         ?PR?_GETTEMPYCALADCVAL?CALIBRATION
            CODE    6F68H     000CH     UNIT         ?PR?_GETANGYCALADCVAL?CALIBRATION
            CODE    6F74H     000CH     UNIT         ?PR?_SETANGXCALANGVAL?CALIBRATION
            CODE    6F80H     000CH     UNIT         ?PR?_SETANGYCALANGVAL?CALIBRATION
            CODE    6F8CH     000CH     UNIT         ?PR?_MODRTU_8TO16?MODBUSRTU
            CODE    6F98H     000CH     UNIT         ?PR?_GETMCUTCALTEMPVAL?CALMCUT
            CODE    6FA4H     000CH     UNIT         ?PR?_GETMCUTCALADCVAL?CALMCUT
            CODE    6FB0H     000BH     UNIT         ?PR?_SETTEMPXCALCNT?CALIBRATION
            CODE    6FBBH     000BH     UNIT         ?PR?_SETANGXCALCNT?CALIBRATION
            CODE    6FC6H     000BH     UNIT         ?PR?_SETTEMPYCALCNT?CALIBRATION
            CODE    6FD1H     000BH     UNIT         ?PR?_SETANGYCALCNT?CALIBRATION
BL51 BANKED LINKER/LOCATER V6.22                                                      08/24/2017  22:40:46  PAGE 7


            CODE    6FDCH     000BH     UNIT         ?PR?_MODRTU_WRCRC?MODBUSRTU
            CODE    6FE7H     000BH     UNIT         ?PR?SUB_SYSRST?SUB
            CODE    6FF2H     000BH     UNIT         ?PR?_SETMCUTCALCNT?CALMCUT
            CODE    6FFDH     000AH     UNIT         ?PR?COMM_TIMERINIT?COMM
            CODE    7007H     000AH     UNIT         ?PR?DELAY_MS_?DELAY
            CODE    7011H     0009H     UNIT         ?PR?ADC_GETXVAL?ADCDRV
            CODE    701AH     0009H     UNIT         ?PR?ADC_GETYVAL?ADCDRV
            CODE    7023H     0009H     UNIT         ?PR?ADC_GETTEMP?ADCDRV
            CODE    702CH     0009H     UNIT         ?PR?TEMPXCALCPRM?CALIBRATION
            CODE    7035H     0009H     UNIT         ?PR?TEMPYCALCPRM?CALIBRATION
            CODE    703EH     0009H     UNIT         ?PR?ANGXCALCPRM?CALIBRATION
            CODE    7047H     0009H     UNIT         ?PR?ANGYCALCPRM?CALIBRATION
            CODE    7050H     0009H     UNIT         ?PR?RAM_CALDATAINIT?FLASH
            CODE    7059H     0009H     UNIT         ?PR?ANGXCALC?SENSOR
            CODE    7062H     0009H     UNIT         ?PR?ANGYCALC?SENSOR
            CODE    706BH     0009H     UNIT         ?PR?GETXFTVAL?SENSOR
            CODE    7074H     0009H     UNIT         ?PR?GETYFTVAL?SENSOR
            CODE    707DH     0009H     UNIT         ?PR?GETXOFTVAL?SENSOR
            CODE    7086H     0009H     UNIT         ?PR?GETYOFTVAL?SENSOR
            CODE    708FH     0008H     UNIT         ?PR?_SETTEMPCALCNT?CALIBRATION
            CODE    7097H     0008H     UNIT         ?PR?_SETANGCALCNT?CALIBRATION
            CODE    709FH     0008H     UNIT         ?PR?_GETXOFFSET?SENSOR
            CODE    70A7H     0008H     UNIT         ?PR?_GETYOFFSET?SENSOR
            CODE    70AFH     0007H     UNIT         ?PR?GETANGXSYSZERO?ANGAPP
            CODE    70B6H     0007H     UNIT         ?PR?GETANGYSYSZERO?ANGAPP
            CODE    70BDH     0007H     UNIT         ?PR?GETANGXUSRZERO?ANGAPP
            CODE    70C4H     0007H     UNIT         ?PR?GETANGYUSRZERO?ANGAPP
            CODE    70CBH     0007H     UNIT         ?PR?GETANGXINST?ANGAPP
            CODE    70D2H     0007H     UNIT         ?PR?GETANGYINST?ANGAPP
            CODE    70D9H     0007H     UNIT         ?PR?GETANGXSET?ANGAPP
            CODE    70E0H     0007H     UNIT         ?PR?GETANGYSET?ANGAPP
            CODE    70E7H     0007H     UNIT         ?PR?GETANGPSET?ANGAPP
            CODE    70EEH     0007H     UNIT         ?PR?GETANGXZEROUSR?ANGAPP
            CODE    70F5H     0007H     UNIT         ?PR?GETANGYZEROUSR?ANGAPP
            CODE    70FCH     0007H     UNIT         ?PR?GETANGXRELSYS?ANGAPP
            CODE    7103H     0007H     UNIT         ?PR?GETANGYRELSYS?ANGAPP
            CODE    710AH     0007H     UNIT         ?PR?MAIN_TEMP?MAIN
            CODE    7111H     0007H     UNIT         ?PR?GETXANG?SENSOR
            CODE    7118H     0007H     UNIT         ?PR?GETYANG?SENSOR
            CODE    711FH     0006H     UNIT         ?PR?_SETANGXSYSZERO?ANGAPP
            CODE    7125H     0006H     UNIT         ?PR?_SETANGYSYSZERO?ANGAPP
            CODE    712BH     0006H     UNIT         ?PR?_SETANGXUSRZERO?ANGAPP
            CODE    7131H     0006H     UNIT         ?PR?_SETANGYUSRZERO?ANGAPP
            CODE    7137H     0006H     UNIT         ?PR?_SETANGXINST?ANGAPP
            CODE    713DH     0006H     UNIT         ?PR?_SETANGYINST?ANGAPP
            CODE    7143H     0006H     UNIT         ?PR?GETTEMPXCALCNT?CALIBRATION
            CODE    7149H     0006H     UNIT         ?PR?GETANGXCALCNT?CALIBRATION
            CODE    714FH     0006H     UNIT         ?PR?GETANGYCALCNT?CALIBRATION
            CODE    7155H     0006H     UNIT         ?PR?COMM_SENDSTA?COMM
            CODE    715BH     0006H     UNIT         ?PR?GETFILTERCNT?SENSOR
            CODE    7161H     0006H     UNIT         ?PR?_SETFILTERCNT?SENSOR
            CODE    7167H     0006H     UNIT         ?PR?GETMCUTCALCNT?CALMCUT
            CODE    716DH     0006H     UNIT         ?PR?MCUT_CALSTOP?CALMCUT
            CODE    7173H     0004H     UNIT         ?PR?ADC_VREFINIT?ADCDRV
            CODE    7177H     0004H     UNIT         ?PR?ADC_ISRINIT?ADCDRV
            CODE    717BH     0004H     UNIT         ?PR?_TEMP_SETCALCNT?CALIBRATION
            CODE    717FH     0004H     UNIT         ?PR?_ANG_SETCALCNT?CALIBRATION
BL51 BANKED LINKER/LOCATER V6.22                                                      08/24/2017  22:40:46  PAGE 8


            CODE    7183H     0004H     UNIT         ?PR?COMM_SENDSTOP?COMM
            CODE    7187H     0004H     UNIT         ?PR?_MCUT_SETCALCNT?CALMCUT
            CODE    718BH     0003H     UNIT         ?PR?MCUT_CALSTA?CALMCUT



OVERLAY MAP OF MODULE:   .\obj\164-0001-20131104 (?C_STARTUP)


SEGMENT                                        BIT_GROUP          DATA_GROUP          XDATA_GROUP
  +--> CALLED SEGMENT                       START    LENGTH     START    LENGTH     START    LENGTH
---------------------------------------------------------------------------------------------------
?C_C51STARTUP                               -----    -----      -----    -----      -----    -----
  +--> ?PR?MAIN?MAIN
  +--> ?C_INITSEG

?PR?MAIN?MAIN                               -----    -----      -----    -----      -----    -----
  +--> ?PR?INIT_ALL?INIT
  +--> ?PR?FLASH_CALDATAINIT?FLASH
  +--> ?PR?MAIN_TEMP?MAIN
  +--> ?PR?_DELAY_MS?DELAY
  +--> ?PR?SNPROC?SENSOR
  +--> ?PR?TIMER2_TASKINMAIN?TIMER
  +--> ?PR?SEND_TIMEPROC?SEND

?PR?INIT_ALL?INIT                           -----    -----      -----    -----      -----    -----
  +--> ?PR?SYS_PORTINIT?INIT
  +--> ?PR?SYS_CLKINIT?INIT
  +--> ?PR?COMM_HARDWAREINIT?COMM
  +--> ?PR?COMM_SOFTWAREINIT?COMM
  +--> ?PR?TIMER2_INIT?TIMER
  +--> ?PR?INIT_SYSTEMPARA?INIT
  +--> ?PR?ANGINIT?ANGAPP
  +--> ?PR?ADC_INIT?ADCDRV
  +--> ?PR?ADC_ENABLE?ADCDRV
  +--> ?PR?CALIBMTINIT?CALMCUT

?PR?COMM_SOFTWAREINIT?COMM                  -----    -----      0021H    0003H      -----    -----

?PR?TIMER2_INIT?TIMER                       -----    -----      -----    -----      -----    -----
  +--> ?CO?SEND

?PR?INIT_SYSTEMPARA?INIT                    -----    -----      -----    -----      -----    -----
  +--> ?CO?SEND

?PR?ANGINIT?ANGAPP                          -----    -----      -----    -----      -----    -----
  +--> ?PR?SNINIT?SENSOR
  +--> ?PR?_SETANGXINST?ANGAPP
  +--> ?PR?_SETANGYINST?ANGAPP
  +--> ?PR?_SETANGXSYSZERO?ANGAPP
  +--> ?PR?_SETANGYSYSZERO?ANGAPP
  +--> ?PR?_SETANGXUSRZERO?ANGAPP
  +--> ?PR?_SETANGYUSRZERO?ANGAPP

?PR?SNINIT?SENSOR                           -----    -----      -----    -----      -----    -----
  +--> ?PR?CALIBINIT?CALIBRATION
  +--> ?PR?_SETFILTERCNT?SENSOR
BL51 BANKED LINKER/LOCATER V6.22                                                      08/24/2017  22:40:46  PAGE 9


  +--> ?PR?SNXDATAINIT?SENSOR
  +--> ?PR?_SNXFILTER?SENSOR
  +--> ?PR?_GETXOFFSET?SENSOR
  +--> ?PR?ANGXCALC?SENSOR
  +--> ?PR?SNYDATAINIT?SENSOR
  +--> ?PR?_SNYFILTER?SENSOR
  +--> ?PR?_GETYOFFSET?SENSOR
  +--> ?PR?ANGYCALC?SENSOR

?PR?CALIBINIT?CALIBRATION                   -----    -----      -----    -----      -----    -----
  +--> ?PR?_SETTEMPXCALCNT?CALIBRATION
  +--> ?PR?_GETTEMPXCALTEMPVAL?CALIBRATION
  +--> ?PR?_GETTEMPXCALADCVAL?CALIBRATION
  +--> ?PR?_SETTEMPXCALTEMPVAL?CALIBRATION
  +--> ?PR?_SETTEMPXCALADCVAL?CALIBRATION
  +--> ?PR?_SETTEMPYCALCNT?CALIBRATION
  +--> ?PR?_GETTEMPYCALTEMPVAL?CALIBRATION
  +--> ?PR?_GETTEMPYCALADCVAL?CALIBRATION
  +--> ?PR?_SETTEMPYCALTEMPVAL?CALIBRATION
  +--> ?PR?_SETTEMPYCALADCVAL?CALIBRATION
  +--> ?PR?_SETANGXCALCNT?CALIBRATION
  +--> ?PR?_GETANGXCALANGVAL?CALIBRATION
  +--> ?PR?_GETANGXCALADCVAL?CALIBRATION
  +--> ?PR?_SETANGXCALANGVAL?CALIBRATION
  +--> ?PR?_SETANGXCALADCVAL?CALIBRATION
  +--> ?PR?_SETANGYCALCNT?CALIBRATION
  +--> ?PR?_GETANGYCALANGVAL?CALIBRATION
  +--> ?PR?_GETANGYCALADCVAL?CALIBRATION
  +--> ?PR?_SETANGYCALANGVAL?CALIBRATION
  +--> ?PR?_SETANGYCALADCVAL?CALIBRATION

?PR?_SETTEMPXCALCNT?CALIBRATION             -----    -----      -----    -----      -----    -----
  +--> ?PR?_TEMP_SETCALCNT?CALIBRATION

?PR?_GETTEMPXCALTEMPVAL?CALIBRATION         -----    -----      -----    -----      -----    -----
  +--> ?PR?_TEMP_RDTEMPVAL?CALIBRATION

?PR?_GETTEMPXCALADCVAL?CALIBRATION          -----    -----      -----    -----      -----    -----
  +--> ?PR?_TEMP_RDADCVAL?CALIBRATION

?PR?_SETTEMPXCALTEMPVAL?CALIBRATION         -----    -----      -----    -----      -----    -----
  +--> ?PR?_TEMP_WRTEMPVAL?CALIBRATION

?PR?_TEMP_WRTEMPVAL?CALIBRATION             -----    -----      0026H    0006H      -----    -----

?PR?_SETTEMPXCALADCVAL?CALIBRATION          -----    -----      -----    -----      -----    -----
  +--> ?PR?_TEMP_WRADCVAL?CALIBRATION

?PR?_TEMP_WRADCVAL?CALIBRATION              -----    -----      0026H    0006H      -----    -----

?PR?_SETTEMPYCALCNT?CALIBRATION             -----    -----      -----    -----      -----    -----
  +--> ?PR?_TEMP_SETCALCNT?CALIBRATION

?PR?_GETTEMPYCALTEMPVAL?CALIBRATION         -----    -----      -----    -----      -----    -----
  +--> ?PR?_TEMP_RDTEMPVAL?CALIBRATION

?PR?_GETTEMPYCALADCVAL?CALIBRATION          -----    -----      -----    -----      -----    -----
BL51 BANKED LINKER/LOCATER V6.22                                                      08/24/2017  22:40:46  PAGE 10


  +--> ?PR?_TEMP_RDADCVAL?CALIBRATION

?PR?_SETTEMPYCALTEMPVAL?CALIBRATION         -----    -----      -----    -----      -----    -----
  +--> ?PR?_TEMP_WRTEMPVAL?CALIBRATION

?PR?_SETTEMPYCALADCVAL?CALIBRATION          -----    -----      -----    -----      -----    -----
  +--> ?PR?_TEMP_WRADCVAL?CALIBRATION

?PR?_SETANGXCALCNT?CALIBRATION              -----    -----      -----    -----      -----    -----
  +--> ?PR?_ANG_SETCALCNT?CALIBRATION

?PR?_GETANGXCALANGVAL?CALIBRATION           -----    -----      -----    -----      -----    -----
  +--> ?PR?_ANG_RDANGVAL?CALIBRATION

?PR?_GETANGXCALADCVAL?CALIBRATION           -----    -----      -----    -----      -----    -----
  +--> ?PR?_ANG_RDADCVAL?CALIBRATION

?PR?_SETANGXCALANGVAL?CALIBRATION           -----    -----      0039H    0005H      -----    -----
  +--> ?PR?_ANG_WRANGVAL?CALIBRATION

?PR?_ANG_WRANGVAL?CALIBRATION               -----    -----      003EH    0008H      -----    -----

?PR?_SETANGXCALADCVAL?CALIBRATION           -----    -----      -----    -----      -----    -----
  +--> ?PR?_ANG_WRADCVAL?CALIBRATION

?PR?_ANG_WRADCVAL?CALIBRATION               -----    -----      0039H    0006H      -----    -----

?PR?_SETANGYCALCNT?CALIBRATION              -----    -----      -----    -----      -----    -----
  +--> ?PR?_ANG_SETCALCNT?CALIBRATION

?PR?_GETANGYCALANGVAL?CALIBRATION           -----    -----      -----    -----      -----    -----
  +--> ?PR?_ANG_RDANGVAL?CALIBRATION

?PR?_GETANGYCALADCVAL?CALIBRATION           -----    -----      -----    -----      -----    -----
  +--> ?PR?_ANG_RDADCVAL?CALIBRATION

?PR?_SETANGYCALANGVAL?CALIBRATION           -----    -----      0039H    0005H      -----    -----
  +--> ?PR?_ANG_WRANGVAL?CALIBRATION

?PR?_SETANGYCALADCVAL?CALIBRATION           -----    -----      -----    -----      -----    -----
  +--> ?PR?_ANG_WRADCVAL?CALIBRATION

?PR?SNXDATAINIT?SENSOR                      -----    -----      -----    -----      -----    -----
  +--> ?PR?_SN_DATAINIT?SENSOR

?PR?_SN_DATAINIT?SENSOR                     -----    -----      0021H    0009H      -----    -----

?PR?_SNXFILTER?SENSOR                       -----    -----      -----    -----      -----    -----
  +--> ?PR?_SNFILTER?SENSOR

?PR?_SNFILTER?SENSOR                        -----    -----      0021H    0006H      -----    -----
  +--> ?PR?_VALINRANGE?FILTER
  +--> ?PR?_FILTER_1ST?FILTER

?PR?_FILTER_1ST?FILTER                      -----    -----      0027H    0007H      -----    -----

?PR?_GETXOFFSET?SENSOR                      -----    -----      -----    -----      -----    -----
BL51 BANKED LINKER/LOCATER V6.22                                                      08/24/2017  22:40:46  PAGE 11


  +--> ?PR?_GETOFFSET?SENSOR

?PR?_GETOFFSET?SENSOR                       -----    -----      0021H    0006H      -----    -----

?PR?ANGXCALC?SENSOR                         -----    -----      -----    -----      -----    -----
  +--> ?PR?_ANG_CALC?SENSOR

?PR?_ANG_CALC?SENSOR                        -----    -----      0021H    0007H      -----    -----
  +--> ?PR?_GETANGCALCVAL?SENSOR
  +--> ?PR?ASIN?ASIN

?PR?_GETANGCALCVAL?SENSOR                   -----    -----      0028H    0006H      -----    -----

?PR?ASIN?ASIN                               -----    -----      -----    -----      -----    -----
  +--> ?PR?SQRT?SQRT
  +--> ?PR?ATAN?ATAN

?PR?SQRT?SQRT                               -----    -----      004AH    0004H      -----    -----

?PR?ATAN?ATAN                               0020H.2  0000H.2    004AH    0004H      -----    -----

?PR?SNYDATAINIT?SENSOR                      -----    -----      -----    -----      -----    -----
  +--> ?PR?_SN_DATAINIT?SENSOR

?PR?_SNYFILTER?SENSOR                       -----    -----      -----    -----      -----    -----
  +--> ?PR?_SNFILTER?SENSOR

?PR?_GETYOFFSET?SENSOR                      -----    -----      -----    -----      -----    -----
  +--> ?PR?_GETOFFSET?SENSOR

?PR?ANGYCALC?SENSOR                         -----    -----      -----    -----      -----    -----
  +--> ?PR?_ANG_CALC?SENSOR

?PR?ADC_INIT?ADCDRV                         -----    -----      -----    -----      -----    -----
  +--> ?PR?ADC_SETINIT?ADCDRV
  +--> ?PR?ADC_VREFINIT?ADCDRV
  +--> ?PR?ADC_ISRINIT?ADCDRV
  +--> ?PR?ADCENTITYINIT?ADCDRV

?PR?CALIBMTINIT?CALMCUT                     -----    -----      -----    -----      -----    -----
  +--> ?PR?_SETMCUTCALCNT?CALMCUT
  +--> ?PR?_GETMCUTCALTEMPVAL?CALMCUT
  +--> ?PR?_GETMCUTCALADCVAL?CALMCUT
  +--> ?PR?_SETMCUTCALTEMPVAL?CALMCUT
  +--> ?PR?_SETMCUTCALADCVAL?CALMCUT

?PR?_SETMCUTCALCNT?CALMCUT                  -----    -----      -----    -----      -----    -----
  +--> ?PR?_MCUT_SETCALCNT?CALMCUT

?PR?_GETMCUTCALTEMPVAL?CALMCUT              -----    -----      -----    -----      -----    -----
  +--> ?PR?_MCUT_RDTEMPVAL?CALMCUT

?PR?_GETMCUTCALADCVAL?CALMCUT               -----    -----      -----    -----      -----    -----
  +--> ?PR?_MCUT_RDADCVAL?CALMCUT

?PR?_SETMCUTCALTEMPVAL?CALMCUT              -----    -----      -----    -----      -----    -----
  +--> ?PR?_MCUT_WRTEMPVAL?CALMCUT
BL51 BANKED LINKER/LOCATER V6.22                                                      08/24/2017  22:40:46  PAGE 12



?PR?_MCUT_WRTEMPVAL?CALMCUT                 -----    -----      0026H    0006H      -----    -----

?PR?_SETMCUTCALADCVAL?CALMCUT               -----    -----      -----    -----      -----    -----
  +--> ?PR?_MCUT_WRADCVAL?CALMCUT

?PR?_MCUT_WRADCVAL?CALMCUT                  -----    -----      0026H    0006H      -----    -----

?PR?FLASH_CALDATAINIT?FLASH                 -----    -----      0021H    0001H      -----    -----
  +--> ?PR?_FLASH_BUFRD?FLASH
  +--> ?PR?FLASHCHK?FLASH
  +--> ?PR?RAM_CALDATAINIT?FLASH
  +--> ?PR?FLASH_CALDATAUPDATE?FLASH
  +--> ?PR?_RAM_BUF2CALDATA?FLASH
  +--> ?PR?_FLASH_CHECKSUM?FLASH
  +--> ?PR?FLASHAREA_USER?FLASH
  +--> ?PR?_FLASH_CALDATAUPDATE_USER?FLASH
  +--> ?PR?GETANGXCALCNT?CALIBRATION
  +--> ?PR?GETANGYCALCNT?CALIBRATION
  +--> ?PR?ADC_XCALSTOP?CMDSUB
  +--> ?PR?ADC_YCALSTOP?CMDSUB
  +--> ?PR?TEMP_CALSTOP?CMDSUB
  +--> ?PR?MCUT_CALSTOP?CALMCUT
  +--> ?CO?SEND

?PR?_FLASH_BUFRD?FLASH                      0020H.2  0000H.1    0022H    0009H      -----    -----

?PR?RAM_CALDATAINIT?FLASH                   -----    -----      -----    -----      -----    -----
  +--> ?PR?ANGCALDATAINIT?CALIBRATION
  +--> ?PR?TEMPCALDATAINIT?CALIBRATION
  +--> ?PR?MTCALDATAINIT?CALMCUT

?PR?ANGCALDATAINIT?CALIBRATION              -----    -----      -----    -----      -----    -----
  +--> ?PR?_SETANGCALCNT?CALIBRATION

?PR?_SETANGCALCNT?CALIBRATION               -----    -----      -----    -----      -----    -----
  +--> ?PR?_SETANGXCALCNT?CALIBRATION
  +--> ?PR?_SETANGYCALCNT?CALIBRATION

?PR?TEMPCALDATAINIT?CALIBRATION             -----    -----      0022H    0001H      -----    -----
  +--> ?PR?_SETTEMPCALCNT?CALIBRATION

?PR?_SETTEMPCALCNT?CALIBRATION              -----    -----      -----    -----      -----    -----
  +--> ?PR?_SETTEMPXCALCNT?CALIBRATION
  +--> ?PR?_SETTEMPYCALCNT?CALIBRATION

?PR?MTCALDATAINIT?CALMCUT                   -----    -----      0022H    0001H      -----    -----
  +--> ?PR?_SETMCUTCALCNT?CALMCUT

?PR?FLASH_CALDATAUPDATE?FLASH               -----    -----      -----    -----      -----    -----
  +--> ?PR?_RAM_CALDATA2BUF?FLASH
  +--> ?PR?_FLASHUPDATE?FLASH

?PR?_RAM_CALDATA2BUF?FLASH                  -----    -----      0042H    0006H      -----    -----
  +--> ?PR?_GETANGXCALANGVAL?CALIBRATION
  +--> ?PR?_GETANGYCALANGVAL?CALIBRATION
  +--> ?PR?_GETANGXCALADCVAL?CALIBRATION
BL51 BANKED LINKER/LOCATER V6.22                                                      08/24/2017  22:40:46  PAGE 13


  +--> ?PR?_GETANGYCALADCVAL?CALIBRATION
  +--> ?PR?_GETTEMPXCALTEMPVAL?CALIBRATION
  +--> ?PR?_GETTEMPXCALADCVAL?CALIBRATION
  +--> ?PR?_GETTEMPYCALADCVAL?CALIBRATION
  +--> ?PR?GETANGXCALCNT?CALIBRATION
  +--> ?PR?GETTEMPXCALCNT?CALIBRATION
  +--> ?PR?GETANGXSYSZERO?ANGAPP
  +--> ?PR?GETANGYSYSZERO?ANGAPP
  +--> ?PR?GETMCUTCALCNT?CALMCUT
  +--> ?PR?_GETMCUTCALTEMPVAL?CALMCUT
  +--> ?PR?_GETMCUTCALADCVAL?CALMCUT
  +--> ?PR?GETFILTERCNT?SENSOR
  +--> ?PR?GETANGXUSRZERO?ANGAPP
  +--> ?PR?GETANGYUSRZERO?ANGAPP
  +--> ?PR?GETANGXINST?ANGAPP
  +--> ?PR?GETANGYINST?ANGAPP
  +--> ?PR?GETANGXSET?ANGAPP
  +--> ?PR?GETANGYSET?ANGAPP
  +--> ?PR?GETANGPSET?ANGAPP
  +--> ?PR?_FLASH_CHECKSUM?FLASH

?PR?_FLASH_CHECKSUM?FLASH                   -----    -----      0048H    0005H      -----    -----

?PR?_FLASHUPDATE?FLASH                      0020H.2  0000H.1    0042H    0007H      -----    -----
  +--> ?PR?_FLASH_PAGEERASE?FLASH
  +--> ?PR?_DELAY_MS?DELAY
  +--> ?PR?_FLASH_BUFWR?FLASH

?PR?_FLASH_PAGEERASE?FLASH                  0020H.3  0000H.1    -----    -----      -----    -----

?PR?_DELAY_MS?DELAY                         -----    -----      -----    -----      -----    -----
  +--> ?PR?DELAY_MS_?DELAY

?PR?DELAY_MS_?DELAY                         -----    -----      -----    -----      -----    -----
  +--> ?PR?DELAY_100US?DELAY

?PR?_FLASH_BUFWR?FLASH                      0020H.3  0000H.1    0049H    000BH      -----    -----

?PR?_RAM_BUF2CALDATA?FLASH                  -----    -----      0022H    0004H      -----    -----
  +--> ?PR?_SETANGXCALANGVAL?CALIBRATION
  +--> ?PR?_SETANGYCALANGVAL?CALIBRATION
  +--> ?PR?_SETANGXCALADCVAL?CALIBRATION
  +--> ?PR?_SETANGYCALADCVAL?CALIBRATION
  +--> ?PR?_SETTEMPXCALTEMPVAL?CALIBRATION
  +--> ?PR?_SETTEMPXCALADCVAL?CALIBRATION
  +--> ?PR?_SETTEMPYCALADCVAL?CALIBRATION
  +--> ?PR?_SETANGCALCNT?CALIBRATION
  +--> ?PR?_SETTEMPCALCNT?CALIBRATION
  +--> ?PR?_SETANGXSYSZERO?ANGAPP
  +--> ?PR?_SETANGYSYSZERO?ANGAPP
  +--> ?PR?_SETMCUTCALCNT?CALMCUT
  +--> ?PR?_SETMCUTCALTEMPVAL?CALMCUT
  +--> ?PR?_SETMCUTCALADCVAL?CALMCUT
  +--> ?PR?_SETFILTERCNT?SENSOR
  +--> ?PR?_SETANGXUSRZERO?ANGAPP
  +--> ?PR?_SETANGYUSRZERO?ANGAPP
  +--> ?PR?_SETANGXINST?ANGAPP
BL51 BANKED LINKER/LOCATER V6.22                                                      08/24/2017  22:40:46  PAGE 14


  +--> ?PR?_SETANGYINST?ANGAPP

?PR?FLASHAREA_USER?FLASH                    -----    -----      -----    -----      -----    -----
  +--> ?PR?_FLASH_BUFRD?FLASH
  +--> ?PR?FLASHCHK?FLASH
  +--> ?PR?_FLASH_CHECKSUM?FLASH
  +--> ?PR?RAM_CALDATAINIT_USER?FLASH
  +--> ?PR?_FLASH_CALDATAUPDATE_USER?FLASH
  +--> ?PR?_RAM_BUF2CALDATA?FLASH

?PR?RAM_CALDATAINIT_USER?FLASH              -----    -----      -----    -----      -----    -----
  +--> ?PR?_SETANGXUSRZERO?ANGAPP
  +--> ?PR?_SETANGYUSRZERO?ANGAPP
  +--> ?PR?_SETANGXINST?ANGAPP
  +--> ?PR?_SETANGYINST?ANGAPP
  +--> ?PR?INIT_SYSTEMPARA?INIT

?PR?_FLASH_CALDATAUPDATE_USER?FLASH         -----    -----      0039H    0009H      -----    -----
  +--> ?PR?_RAM_CALDATA2BUF?FLASH
  +--> ?PR?_FLASHUPDATE?FLASH

?PR?ADC_XCALSTOP?CMDSUB                     -----    -----      0022H    0001H      -----    -----
  +--> ?PR?_SUB_BUFBUBBLE32S?SUB
  +--> ?PR?ANGXCALCPRM?CALIBRATION

?PR?_SUB_BUFBUBBLE32S?SUB                   -----    -----      0023H    0009H      -----    -----
  +--> ?PR?_SUB_SBUFSWITCH?SUB
  +--> ?PR?_SUB_UBUFSWITCH?SUB

?PR?_SUB_SBUFSWITCH?SUB                     -----    -----      002CH    0009H      -----    -----

?PR?_SUB_UBUFSWITCH?SUB                     -----    -----      003DH    0007H      -----    -----

?PR?ANGXCALCPRM?CALIBRATION                 -----    -----      -----    -----      -----    -----
  +--> ?PR?_ANG_CALCPRM?CALIBRATION

?PR?_ANG_CALCPRM?CALIBRATION                -----    -----      0023H    000CH      -----    -----
  +--> ?PR?SIN?SIN

?PR?SIN?SIN                                 0020H.2  0000H.1    004AH    0004H      -----    -----

?PR?ADC_YCALSTOP?CMDSUB                     -----    -----      0022H    0001H      -----    -----
  +--> ?PR?_SUB_BUFBUBBLE32S?SUB
  +--> ?PR?ANGYCALCPRM?CALIBRATION

?PR?ANGYCALCPRM?CALIBRATION                 -----    -----      -----    -----      -----    -----
  +--> ?PR?_ANG_CALCPRM?CALIBRATION

?PR?TEMP_CALSTOP?CMDSUB                     -----    -----      -----    -----      -----    -----
  +--> ?PR?TEMPSORTANDCALCPRM?CMDSUB

?PR?TEMPSORTANDCALCPRM?CMDSUB               -----    -----      -----    -----      -----    -----
  +--> ?PR?_SUB_BUFBUBBLE16U?SUB
  +--> ?PR?TEMPXCALCPRM?CALIBRATION
  +--> ?PR?TEMPYCALCPRM?CALIBRATION

?PR?_SUB_BUFBUBBLE16U?SUB                   -----    -----      0031H    000CH      -----    -----
BL51 BANKED LINKER/LOCATER V6.22                                                      08/24/2017  22:40:46  PAGE 15


  +--> ?PR?_SUB_UBUFSWITCH?SUB
  +--> ?PR?_SUB_16SBUFSWITCH?SUB

?PR?_SUB_16SBUFSWITCH?SUB                   -----    -----      003DH    0007H      -----    -----

?PR?TEMPXCALCPRM?CALIBRATION                -----    -----      -----    -----      -----    -----
  +--> ?PR?_TEMP_CALCPRM?CALIBRATION

?PR?_TEMP_CALCPRM?CALIBRATION               -----    -----      0031H    0004H      -----    -----

?PR?TEMPYCALCPRM?CALIBRATION                -----    -----      -----    -----      -----    -----
  +--> ?PR?_TEMP_CALCPRM?CALIBRATION

?PR?MCUT_CALSTOP?CALMCUT                    -----    -----      -----    -----      -----    -----
  +--> ?PR?MCUTCALCPRM?CALMCUT

?PR?MCUTCALCPRM?CALMCUT                     -----    -----      -----    -----      -----    -----
  +--> ?PR?_SUB_BUFBUBBLE16S?SUB
  +--> ?PR?_MCUT_CALCPRM?CALMCUT

?PR?_SUB_BUFBUBBLE16S?SUB                   -----    -----      0025H    0009H      -----    -----
  +--> ?PR?_SUB_16SBUFSWITCH?SUB
  +--> ?PR?_SUB_UBUFSWITCH?SUB

?PR?_MCUT_CALCPRM?CALMCUT                   -----    -----      0025H    0008H      -----    -----

?PR?SNPROC?SENSOR                           -----    -----      -----    -----      -----    -----
  +--> ?PR?ADC_GETXVAL?ADCDRV
  +--> ?PR?GET_MCUTEMP?SENSOR
  +--> ?PR?ADC_GETYVAL?ADCDRV

?PR?GET_MCUTEMP?SENSOR                      -----    -----      -----    -----      -----    -----
  +--> ?PR?ADC_GETTEMP?ADCDRV

?PR?TIMER2_TASKINMAIN?TIMER                 -----    -----      -----    -----      -----    -----
  +--> ?PR?SUB_SENDANGXY?SUB

?PR?SUB_SENDANGXY?SUB                       -----    -----      -----    -----      -----    -----
  +--> ?CO?SUB
  +--> ?PR?_COMM_PUTSTR?COMM
  +--> ?PR?GETXANGALLSETVAL?ANGAPP
  +--> ?PR?_COMM_PUTINT32S?SUB
  +--> ?PR?GETYANGALLSETVAL?ANGAPP
  +--> ?PR?COMM_PUTNEWLINESTA?SUB

?PR?_COMM_PUTSTR?COMM                       -----    -----      0039H    0003H      -----    -----
  +--> ?PR?_COMM_PUTCHAR?COMM

?PR?_COMM_PUTCHAR?COMM                      -----    -----      003CH    0003H      -----    -----

?PR?GETXANGALLSETVAL?ANGAPP                 -----    -----      003AH    0004H      -----    -----
  +--> ?PR?GETXANG?SENSOR
  +--> ?PR?_SETANGZERO?ANGAPP
  +--> ?PR?_SETANGZEROADD?ANGAPP

?PR?_SETANGZERO?ANGAPP                      -----    -----      003EH    0004H      -----    -----

BL51 BANKED LINKER/LOCATER V6.22                                                      08/24/2017  22:40:46  PAGE 16


?PR?_SETANGZEROADD?ANGAPP                   -----    -----      003EH    0004H      -----    -----

?PR?_COMM_PUTINT32S?SUB                     -----    -----      -----    -----      -----    -----
  +--> ?PR?_SUB_INT32S2STR?SUB
  +--> ?PR?_COMM_PUTSTR?COMM

?PR?_SUB_INT32S2STR?SUB                     -----    -----      002CH    0007H      -----    -----

?PR?GETYANGALLSETVAL?ANGAPP                 -----    -----      003AH    0004H      -----    -----
  +--> ?PR?GETYANG?SENSOR
  +--> ?PR?_SETANGZERO?ANGAPP
  +--> ?PR?_SETANGZEROADD?ANGAPP

?PR?COMM_PUTNEWLINESTA?SUB                  -----    -----      -----    -----      -----    -----
  +--> ?PR?_COMM_PUTCHAR?COMM
  +--> ?PR?COMM_SENDSTA?COMM

?PR?SEND_TIMEPROC?SEND                      -----    -----      -----    -----      -----    -----
  +--> ?PR?_COMM_GETCHAR?COMM
  +--> ?PR?_CUSTOMPRO?MODBUSRTU
  +--> ?PR?_MODRTU_RXPROC?MODBUSRTU
  +--> ?PR?_SEND_RDEAL?SEND
  +--> ?PR?_SEND_CDEAL?SEND
  +--> ?PR?_SEND_SDEAL?SEND
  +--> ?PR?_SEND_UDEAL?SEND
  +--> ?PR?_SEND_WDEAL?SEND
  +--> ?PR?_SEND_TDEAL?SEND

?PR?_COMM_GETCHAR?COMM                      -----    -----      0021H    0006H      -----    -----

?PR?_CUSTOMPRO?MODBUSRTU                    -----    -----      0021H    0005H      0C54H    0001H
  +--> ?PR?_CHKCODE?MODBUSRTU
  +--> ?PR?GETXANGALLSETVAL?ANGAPP
  +--> ?PR?_FLOATTOINT?MODBUSRTU
  +--> ?PR?GETYANGALLSETVAL?ANGAPP
  +--> ?PR?_SUMCHK?MODBUSRTU
  +--> ?PR?FLASH_USERDATAUPDATE?FLASH
  +--> ?PR?_COMM_PUTSTR?COMM
  +--> ?PR?COMM_SENDSTA?COMM
  +--> ?PR?_DELAY_MS?DELAY
  +--> ?CO?SEND

?PR?_CHKCODE?MODBUSRTU                      -----    -----      0026H    0003H      -----    -----

?PR?_FLOATTOINT?MODBUSRTU                   -----    -----      003AH    000CH      -----    -----

?PR?_SUMCHK?MODBUSRTU                       -----    -----      0026H    0006H      0C55H    0001H

?PR?FLASH_USERDATAUPDATE?FLASH              -----    -----      -----    -----      -----    -----
  +--> ?PR?_FLASH_CALDATAUPDATE_USER?FLASH

?PR?_MODRTU_RXPROC?MODBUSRTU                -----    -----      0021H    0004H      -----    -----
  +--> ?PR?_MODRTU_CHKCRC?MODBUSRTU
  +--> ?PR?_MODRTU_RDREG?MODBUSRTU
  +--> ?PR?_MODRTU_WRREG?MODBUSRTU
  +--> ?PR?_MODRTU_RLYERROR?MODBUSRTU

BL51 BANKED LINKER/LOCATER V6.22                                                      08/24/2017  22:40:46  PAGE 17


?PR?_MODRTU_CHKCRC?MODBUSRTU                -----    -----      -----    -----      -----    -----
  +--> ?PR?_MODBUSCRCCNT?MODBUSCRC

?PR?_MODBUSCRCCNT?MODBUSCRC                 -----    -----      0035H    0003H      -----    -----
  +--> ?CO?MODBUSCRC

?PR?_MODRTU_RDREG?MODBUSRTU                 -----    -----      0025H    000DH      -----    -----
  +--> ?PR?_MODRTU_8TO16?MODBUSRTU
  +--> ?PR?_MODRTU_RDVAL?MODBUSRTU
  +--> ?PR?_MODRTU_RLYERROR?MODBUSRTU
  +--> ?PR?_MODBUSCRCCNT?MODBUSCRC
  +--> ?PR?_MODRTU_WRCRC?MODBUSRTU
  +--> ?PR?_COMM_PUTSTR?COMM
  +--> ?PR?COMM_SENDSTA?COMM

?PR?_MODRTU_RDVAL?MODBUSRTU                 -----    -----      0032H    0008H      0C54H    0004H
  +--> ?PR?GETXANGALLSETVAL?ANGAPP
  +--> ?PR?GETYANGALLSETVAL?ANGAPP
  +--> ?PR?GETANGP?ANGAPP
  +--> ?PR?GETANGXINST?ANGAPP
  +--> ?PR?GETANGYINST?ANGAPP
  +--> ?PR?GETANGXSET?ANGAPP
  +--> ?PR?GETANGYSET?ANGAPP
  +--> ?PR?GETANGPSET?ANGAPP
  +--> ?PR?GET_MCUTEMP?SENSOR
  +--> ?PR?_GETTEMPXCALTEMPVAL?CALIBRATION
  +--> ?PR?_GETTEMPXCALADCVAL?CALIBRATION
  +--> ?PR?_GETTEMPYCALADCVAL?CALIBRATION
  +--> ?PR?GETXOFTVAL?SENSOR
  +--> ?PR?_FLOATTOINT?MODBUSRTU
  +--> ?PR?_GETANGXCALADCVAL?CALIBRATION
  +--> ?PR?_GETANGXCALANGVAL?CALIBRATION
  +--> ?PR?GETYOFTVAL?SENSOR
  +--> ?PR?_GETANGYCALADCVAL?CALIBRATION
  +--> ?PR?_GETANGYCALANGVAL?CALIBRATION
  +--> ?PR?GETXFTVAL?SENSOR
  +--> ?PR?GETYFTVAL?SENSOR
  +--> ?PR?GETXANG?SENSOR
  +--> ?PR?GETYANG?SENSOR
  +--> ?PR?GETANGXRELSYS?ANGAPP
  +--> ?PR?GETANGYRELSYS?ANGAPP
  +--> ?PR?GETANGXZEROUSR?ANGAPP
  +--> ?PR?GETANGYZEROUSR?ANGAPP
  +--> ?PR?GETANGXSYSZERO?ANGAPP
  +--> ?PR?GETANGYSYSZERO?ANGAPP
  +--> ?PR?GETANGXUSRZERO?ANGAPP
  +--> ?PR?GETANGYUSRZERO?ANGAPP
  +--> ?PR?GETANGXCALCNT?CALIBRATION
  +--> ?PR?GETTEMPXCALCNT?CALIBRATION
  +--> ?PR?GETFILTERCNT?SENSOR
  +--> ?PR?_MODRTU_RD16U?MODBUSRTU

?PR?GETANGP?ANGAPP                          -----    -----      -----    -----      -----    -----
  +--> ?PR?GETXANGALLSETVAL?ANGAPP
  +--> ?PR?GETYANGALLSETVAL?ANGAPP
  +--> ?PR?_PANGCALC?ANGAPP

BL51 BANKED LINKER/LOCATER V6.22                                                      08/24/2017  22:40:46  PAGE 18


?PR?_PANGCALC?ANGAPP                        -----    -----      003AH    0010H      -----    -----
  +--> ?PR?SIN?SIN
  +--> ?PR?SQRT?SQRT
  +--> ?PR?ASIN?ASIN

?PR?_MODRTU_RLYERROR?MODBUSRTU              -----    -----      0032H    0003H      -----    -----
  +--> ?PR?_MODBUSCRCCNT?MODBUSCRC
  +--> ?PR?_COMM_PUTSTR?COMM
  +--> ?PR?COMM_SENDSTA?COMM

?PR?_MODRTU_WRREG?MODBUSRTU                 -----    -----      0025H    000CH      -----    -----
  +--> ?PR?_MODRTU_8TO16?MODBUSRTU
  +--> ?PR?_MODRTU_WRVAL?MODBUSRTU
  +--> ?PR?_MODRTU_RLYERROR?MODBUSRTU
  +--> ?PR?_MODBUSCRCCNT?MODBUSCRC
  +--> ?PR?_MODRTU_WRCRC?MODBUSRTU
  +--> ?PR?_COMM_PUTSTR?COMM
  +--> ?PR?COMM_SENDSTA?COMM
  +--> ?PR?FLASH_USERDATAUPDATE?FLASH

?PR?_MODRTU_WRVAL?MODBUSRTU                 -----    -----      0031H    0008H      0C54H    0008H
  +--> ?PR?_MODRTU_WR16U?MODBUSRTU
  +--> ?PR?_SETANGXINST?ANGAPP
  +--> ?PR?_SETANGYINST?ANGAPP
  +--> ?PR?_MODRTU_SETZERO?MODBUSRTU
  +--> ?PR?_MODRTU_WRADDR?MODBUSRTU
  +--> ?PR?_MODRTU_WRBAUD?MODBUSRTU
  +--> ?PR?GETANGXRELSYS?ANGAPP
  +--> ?PR?_SETANGXUSRZERO?ANGAPP
  +--> ?PR?FLASH_USERDATAUPDATE?FLASH
  +--> ?PR?_SETANGCALCNT?CALIBRATION
  +--> ?PR?GETANGXCALCNT?CALIBRATION
  +--> ?PR?_SETANGXCALANGVAL?CALIBRATION
  +--> ?PR?GETXOFTVAL?SENSOR
  +--> ?PR?_SETANGXCALADCVAL?CALIBRATION
  +--> ?PR?_SETANGYCALANGVAL?CALIBRATION
  +--> ?PR?GETYOFTVAL?SENSOR
  +--> ?PR?_SETANGYCALADCVAL?CALIBRATION
  +--> ?PR?FLASH_CALDATAUPDATE?FLASH
  +--> ?PR?GETXANG?SENSOR
  +--> ?PR?_SETANGXSYSZERO?ANGAPP
  +--> ?PR?GETYANG?SENSOR
  +--> ?PR?_SETANGYSYSZERO?ANGAPP
  +--> ?PR?GETANGYRELSYS?ANGAPP
  +--> ?PR?_SETANGYUSRZERO?ANGAPP
  +--> ?PR?_SETFILTERCNT?SENSOR

?PR?_MODRTU_SETZERO?MODBUSRTU               -----    -----      0039H    0002H      -----    -----
  +--> ?PR?_MODRTU_8TO16?MODBUSRTU
  +--> ?PR?GETANGXRELSYS?ANGAPP
  +--> ?PR?_SETANGXUSRZERO?ANGAPP
  +--> ?PR?GETANGYRELSYS?ANGAPP
  +--> ?PR?_SETANGYUSRZERO?ANGAPP

?PR?_SEND_RDEAL?SEND                        -----    -----      0021H    0005H      -----    -----
  +--> ?CO?SEND
  +--> ?PR?_STRNCMP?STRNCMP
BL51 BANKED LINKER/LOCATER V6.22                                                      08/24/2017  22:40:46  PAGE 19


  +--> ?PR?SUB_SENDPRMTALL?SUB
  +--> ?PR?SUB_SENDANGXYP?SUB
  +--> ?PR?SUB_SENDANGXY?SUB
  +--> ?PR?SUB_SENDSOFTVER?SUB
  +--> ?PR?SUB_SENDSYSNUM?SUB
  +--> ?PR?_SUB_STR2INT8U?SUB
  +--> ?PR?_SUB_SENDTEMPCAL?SUB
  +--> ?PR?_SUB_SENDMCUTEMPCAL?SUB
  +--> ?PR?SUB_SENDERR?SUB

?PR?_STRNCMP?STRNCMP                        -----    -----      002CH    0008H      -----    -----

?PR?SUB_SENDPRMTALL?SUB                     -----    -----      -----    -----      -----    -----
  +--> ?CO?SUB
  +--> ?PR?_COMM_PUTSTR?COMM
  +--> ?PR?_COMM_PUTINT16U?SUB
  +--> ?PR?GETXFTVAL?SENSOR
  +--> ?PR?_COMM_PUTCHAR?COMM
  +--> ?PR?GETXOFTVAL?SENSOR
  +--> ?PR?GETXANG?SENSOR
  +--> ?PR?_COMM_PUTINT32S?SUB
  +--> ?PR?GETYFTVAL?SENSOR
  +--> ?PR?GETYOFTVAL?SENSOR
  +--> ?PR?GETYANG?SENSOR
  +--> ?PR?GET_MCUTEMP?SENSOR
  +--> ?PR?_GETMT?CALMCUT
  +--> ?PR?COMM_PUTNEWLINESTA?SUB

?PR?_COMM_PUTINT16U?SUB                     -----    -----      -----    -----      -----    -----
  +--> ?PR?_SUB_INT16U2STR?SUB
  +--> ?PR?_COMM_PUTSTR?COMM

?PR?_SUB_INT16U2STR?SUB                     -----    -----      0039H    0005H      -----    -----

?PR?_GETMT?CALMCUT                          -----    -----      0026H    0003H      -----    -----

?PR?SUB_SENDANGXYP?SUB                      -----    -----      -----    -----      -----    -----
  +--> ?CO?SUB
  +--> ?PR?_COMM_PUTSTR?COMM
  +--> ?PR?GETXANGALLSETVAL?ANGAPP
  +--> ?PR?_COMM_PUTINT32S?SUB
  +--> ?PR?GETYANGALLSETVAL?ANGAPP
  +--> ?PR?GETANGP?ANGAPP
  +--> ?PR?COMM_PUTNEWLINESTA?SUB

?PR?SUB_SENDSOFTVER?SUB                     -----    -----      -----    -----      -----    -----
  +--> ?CO?SUB
  +--> ?PR?_COMM_PUTSTR?COMM
  +--> ?PR?COMM_PUTNEWLINESTA?SUB

?PR?SUB_SENDSYSNUM?SUB                      -----    -----      -----    -----      -----    -----
  +--> ?CO?SUB
  +--> ?PR?_COMM_PUTSTR?COMM
  +--> ?PR?COMM_PUTNEWLINESTA?SUB

?PR?_SUB_SENDTEMPCAL?SUB                    -----    -----      0026H    0001H      -----    -----
  +--> ?CO?SUB
BL51 BANKED LINKER/LOCATER V6.22                                                      08/24/2017  22:40:46  PAGE 20


  +--> ?PR?_COMM_PUTSTR?COMM
  +--> ?PR?_COMM_PUTINT8U?SUB
  +--> ?PR?_COMM_PUTCHAR?COMM
  +--> ?PR?_GETTEMPXCALTEMPVAL?CALIBRATION
  +--> ?PR?_COMM_PUTINT16U?SUB
  +--> ?PR?_GETTEMPXCALADCVAL?CALIBRATION
  +--> ?PR?_COMM_PUTINT16S?SUB
  +--> ?PR?_GETTEMPYCALADCVAL?CALIBRATION
  +--> ?PR?COMM_PUTNEWLINESTA?SUB

?PR?_COMM_PUTINT8U?SUB                      -----    -----      -----    -----      -----    -----
  +--> ?PR?_SUB_INT8U2STR?SUB
  +--> ?PR?_COMM_PUTSTR?COMM

?PR?_COMM_PUTINT16S?SUB                     -----    -----      -----    -----      -----    -----
  +--> ?PR?_SUB_INT16S2STR?SUB
  +--> ?PR?_COMM_PUTSTR?COMM

?PR?_SUB_INT16S2STR?SUB                     -----    -----      -----    -----      -----    -----
  +--> ?PR?_SUB_INT16U2STR?SUB

?PR?_SUB_SENDMCUTEMPCAL?SUB                 -----    -----      0026H    0001H      -----    -----
  +--> ?CO?SUB
  +--> ?PR?_COMM_PUTSTR?COMM
  +--> ?PR?_COMM_PUTINT8U?SUB
  +--> ?PR?_COMM_PUTCHAR?COMM
  +--> ?PR?_GETMCUTCALTEMPVAL?CALMCUT
  +--> ?PR?_COMM_PUTINT16S?SUB
  +--> ?PR?_GETMCUTCALADCVAL?CALMCUT
  +--> ?PR?_COMM_PUTINT16U?SUB
  +--> ?PR?COMM_PUTNEWLINESTA?SUB

?PR?SUB_SENDERR?SUB                         -----    -----      -----    -----      -----    -----
  +--> ?CO?SUB
  +--> ?PR?_COMM_PUTSTR?COMM
  +--> ?PR?COMM_PUTNEWLINESTA?SUB

?PR?_SEND_CDEAL?SEND                        -----    -----      0021H    0004H      -----    -----
  +--> ?CO?SEND
  +--> ?PR?_STRNCMP?STRNCMP
  +--> ?PR?SUB_SENDERR?SUB
  +--> ?PR?_SETANGXSYSZERO?ANGAPP
  +--> ?PR?_SETANGYSYSZERO?ANGAPP
  +--> ?PR?_COMM_PUTSTR?COMM
  +--> ?PR?SUB_SENDOK?SUB
  +--> ?PR?_SETANGXUSRZERO?ANGAPP
  +--> ?PR?_SETANGYUSRZERO?ANGAPP
  +--> ?PR?TEMP_CALSTA?CMDSUB
  +--> ?PR?TEMP_CALSTOP?CMDSUB
  +--> ?PR?MCUT_CALSTA?CALMCUT
  +--> ?PR?MCUT_CALSTOP?CALMCUT

?PR?SUB_SENDOK?SUB                          -----    -----      -----    -----      -----    -----
  +--> ?CO?SUB
  +--> ?PR?_COMM_PUTSTR?COMM
  +--> ?PR?COMM_PUTNEWLINESTA?SUB

BL51 BANKED LINKER/LOCATER V6.22                                                      08/24/2017  22:40:46  PAGE 21


?PR?_SEND_SDEAL?SEND                        -----    -----      0021H    000BH      -----    -----
  +--> ?CO?SEND
  +--> ?PR?_STRNCMP?STRNCMP
  +--> ?PR?_COMM_PUTSTR?COMM
  +--> ?PR?SUB_SENDOK?SUB
  +--> ?PR?SUB_SENDERR?SUB
  +--> ?PR?SUB_SENDANGXY?SUB
  +--> ?PR?_SUB_STR2INT8U?SUB
  +--> ?PR?_SETFILTERCNT?SENSOR
  +--> ?PR?GETXANG?SENSOR
  +--> ?PR?_SETANGXSYSZERO?ANGAPP
  +--> ?PR?GETYANG?SENSOR
  +--> ?PR?_SETANGYSYSZERO?ANGAPP
  +--> ?PR?GETANGXRELSYS?ANGAPP
  +--> ?PR?_SETANGXUSRZERO?ANGAPP
  +--> ?PR?GETANGYRELSYS?ANGAPP
  +--> ?PR?_SETANGYUSRZERO?ANGAPP
  +--> ?PR?_SUB_STR2INT32S?SUB
  +--> ?PR?_SETANGXINST?ANGAPP
  +--> ?PR?_SETANGYINST?ANGAPP
  +--> ?PR?_SETTEMPCALCNT?CALIBRATION
  +--> ?PR?_SETMCUTCALCNT?CALMCUT
  +--> ?PR?_SUB_STR2INT8S?SUB
  +--> ?PR?GET_MCUTEMP?SENSOR
  +--> ?PR?_MCUT_CALSAMP?CALMCUT
  +--> ?PR?GETXFTVAL?SENSOR
  +--> ?PR?GETYFTVAL?SENSOR
  +--> ?PR?_TEMP_CALSAMP?CMDSUB
  +--> ?PR?_TEMP_CALTREFSET?CMDSUB
  +--> ?PR?_DELAY_MS?DELAY
  +--> ?PR?SUB_SYSRST?SUB

?PR?_SUB_STR2INT32S?SUB                     -----    -----      002CH    000AH      -----    -----

?PR?_SUB_STR2INT8S?SUB                      -----    -----      002CH    0003H      -----    -----
  +--> ?PR?_SUB_STR2INT8U?SUB

?PR?_MCUT_CALSAMP?CALMCUT                   -----    -----      002CH    0004H      -----    -----
  +--> ?PR?_MCUT_CALVALWR?CALMCUT
  +--> ?PR?_SUB_SENDMCUT?SUB

?PR?_MCUT_CALVALWR?CALMCUT                  -----    -----      0030H    0003H      -----    -----

?PR?_SUB_SENDMCUT?SUB                       -----    -----      0030H    0004H      -----    -----
  +--> ?CO?SUB
  +--> ?PR?_COMM_PUTSTR?COMM
  +--> ?PR?_COMM_PUTINT16S?SUB
  +--> ?PR?_COMM_PUTINT16U?SUB
  +--> ?PR?COMM_PUTNEWLINESTA?SUB

?PR?_TEMP_CALSAMP?CMDSUB                    -----    -----      002CH    0007H      -----    -----
  +--> ?PR?_TEMP_CALVALWR?CMDSUB
  +--> ?PR?_SUB_SENDADCTXY?SUB

?PR?_TEMP_CALVALWR?CMDSUB                   -----    -----      0033H    0007H      -----    -----

?PR?_SUB_SENDADCTXY?SUB                     -----    -----      0033H    0006H      -----    -----
BL51 BANKED LINKER/LOCATER V6.22                                                      08/24/2017  22:40:46  PAGE 22


  +--> ?CO?SUB
  +--> ?PR?_COMM_PUTSTR?COMM
  +--> ?PR?_COMM_PUTINT16U?SUB
  +--> ?PR?COMM_PUTNEWLINESTA?SUB

?PR?_TEMP_CALTREFSET?CMDSUB                 -----    -----      002CH    0005H      -----    -----
  +--> ?PR?TEMP_CALSTOP?CMDSUB

?PR?_SEND_UDEAL?SEND                        -----    -----      0021H    0004H      -----    -----
  +--> ?CO?SEND
  +--> ?PR?_STRNCMP?STRNCMP
  +--> ?PR?FLASH_CALDATAUPDATE?FLASH
  +--> ?PR?FLASH_USERDATAUPDATE?FLASH
  +--> ?PR?_COMM_PUTSTR?COMM
  +--> ?PR?SUB_SENDOK?SUB
  +--> ?PR?SUB_SENDERR?SUB

?PR?_SEND_WDEAL?SEND                        -----    -----      0021H    000AH      -----    -----
  +--> ?CO?SEND
  +--> ?PR?_STRNCMP?STRNCMP
  +--> ?PR?_SUB_STR2INT16S?SUB
  +--> ?PR?_SUB_STR2INT16U?SUB
  +--> ?PR?_SUB_STR2INT8U?SUB
  +--> ?PR?_TEMP_CALVALWR?CMDSUB
  +--> ?PR?SUB_SENDERR?SUB
  +--> ?PR?_STRNCPY?STRNCPY
  +--> ?PR?_COMM_PUTSTR?COMM
  +--> ?PR?SUB_SENDOK?SUB

?PR?_SUB_STR2INT16S?SUB                     -----    -----      002BH    0008H      -----    -----
  +--> ?PR?_SUB_STR2INT16U?SUB

?PR?_SUB_STR2INT16U?SUB                     -----    -----      0033H    0006H      -----    -----

?PR?_STRNCPY?STRNCPY                        -----    -----      002BH    000AH      -----    -----

?PR?_SEND_TDEAL?SEND                        -----    -----      0021H    0001H      -----    -----
  +--> ?CO?SEND
  +--> ?PR?_STRNCMP?STRNCMP
  +--> ?PR?SUB_SENDTCALTEST?SUB

?PR?SUB_SENDTCALTEST?SUB                    -----    -----      0022H    0004H      -----    -----
  +--> ?PR?GET_MCUTEMP?SENSOR
  +--> ?PR?_COMM_PUTINT16U?SUB
  +--> ?PR?_COMM_PUTCHAR?COMM
  +--> ?PR?_COMM_PUTINT16S?SUB
  +--> ?PR?COMM_PUTNEWLINESTA?SUB

*** NEW ROOT ***************************************************

?PR?ADC_ISR?ADCDRV                          -----    -----      -----    -----      -----    -----
  +--> ?PR?_ADC_SAVEANDSWITCH?ADCDRV

?PR?_ADC_SAVEANDSWITCH?ADCDRV               -----    -----      0054H    0003H      -----    -----
  +--> ?CO?ADCDRV
  +--> ?PR?_ADCFILTER?ADCDRV

BL51 BANKED LINKER/LOCATER V6.22                                                      08/24/2017  22:40:46  PAGE 23


?PR?_ADCFILTER?ADCDRV                       -----    -----      0057H    0005H      -----    -----
  +--> ?PR?_VALINRANGE?FILTER
  +--> ?PR?_SLIDEWINFILTER?FILTER

?PR?_SLIDEWINFILTER?FILTER                  -----    -----      005CH    0012H      -----    -----

*** NEW ROOT ***************************************************

?PR?COMM_ISR?COMM                           -----    -----      006EH    0002H      -----    -----
  +--> ?PR?_COMM_GETTXCHAR?COMM
  +--> ?PR?COMM_SENDSTOP?COMM
  +--> ?PR?_COMM_PUTRXCHAR?COMM
  +--> ?PR?COMM_TIMERINIT?COMM

?PR?_COMM_GETTXCHAR?COMM                    -----    -----      0070H    0006H      -----    -----

?PR?_COMM_PUTRXCHAR?COMM                    -----    -----      0070H    0003H      -----    -----

*** NEW ROOT ***************************************************

?PR?TIMER2_ISR?TIMER                        -----    -----      -----    -----      -----    -----
  +--> ?PR?TIMER2_TASKINISR?TIMER

?PR?TIMER2_TASKINISR?TIMER                  -----    -----      -----    -----      -----    -----
  +--> ?PR?COMM_TIMERPROC?COMM
  +--> ?CO?SEND



SYMBOL TABLE OF MODULE:  .\obj\164-0001-20131104 (?C_STARTUP)

  VALUE           TYPE          NAME
  ----------------------------------

  -------         MODULE        ?C_STARTUP
  C:51DFH         SEGMENT       ?C_C51STARTUP
  I:0076H         SEGMENT       ?STACK
  C:0000H         PUBLIC        ?C_STARTUP
  D:00E0H         SYMBOL        ACC
  D:00F0H         SYMBOL        B
  D:0083H         SYMBOL        DPH
  D:0082H         SYMBOL        DPL
  N:0000H         SYMBOL        IBPSTACK
  N:0100H         SYMBOL        IBPSTACKTOP
  N:0080H         SYMBOL        IDATALEN
  C:51E2H         SYMBOL        IDATALOOP
  N:0000H         SYMBOL        PBPSTACK
  N:0100H         SYMBOL        PBPSTACKTOP
  N:0000H         SYMBOL        PDATALEN
  N:0000H         SYMBOL        PDATASTART
  N:0000H         SYMBOL        PPAGE
  N:0000H         SYMBOL        PPAGEENABLE
  D:00A0H         SYMBOL        PPAGE_SFR
  D:0081H         SYMBOL        SP
  C:51DFH         SYMBOL        STARTUP1
  N:0000H         SYMBOL        XBPSTACK
  N:0000H         SYMBOL        XBPSTACKTOP
BL51 BANKED LINKER/LOCATER V6.22                                                      08/24/2017  22:40:46  PAGE 24


  N:0000H         SYMBOL        XDATALEN
  N:0000H         SYMBOL        XDATASTART
  C:0000H         LINE#         126
  C:51DFH         LINE#         133
  C:51E1H         LINE#         134
  C:51E2H         LINE#         135
  C:51E3H         LINE#         136
  C:51E5H         LINE#         185
  C:51E8H         LINE#         196
  -------         ENDMOD        ?C_STARTUP

  -------         MODULE        ADCDRV
  C:0000H         SYMBOL        _ICE_DUMMY_
  C:6F08H         PUBLIC        Adc_Init
  D:00A0H         PUBLIC        P2
  D:00BCH         PUBLIC        ADC0CF
  D:00E6H         PUBLIC        EIE1
  C:5C74H         SYMBOL        _Adc_SaveAndSwitch
  C:7011H         PUBLIC        Adc_GetXVal
  C:701AH         PUBLIC        Adc_GetYVal
  D:00E8H         PUBLIC        ADC0CN
  D:00A7H         PUBLIC        SFRPAGE
  C:7173H         SYMBOL        Adc_VrefInit
  C:52F7H         PUBLIC        Adc_Isr
  X:0858H         PUBLIC        x_axis_adc
  X:08E0H         PUBLIC        y_axis_adc
  D:00BBH         PUBLIC        ADC0MX
  D:00D1H         PUBLIC        REF0CN
  C:63C3H         SYMBOL        AdcEntityInit
  B:00E8H.5       PUBLIC        AD0INT
  C:7023H         PUBLIC        Adc_GetTemp
  C:68DBH         SYMBOL        Adc_SetInit
  I:0019H         PUBLIC        AdcSwitchId
  C:7177H         SYMBOL        Adc_IsrInit
  C:0026H         PUBLIC        Adc_Enable
  I:001AH         PUBLIC        AdcEndTag
  D:00BEH         PUBLIC        ADC0H
  X:0968H         PUBLIC        temp_adc
  D:00BDH         PUBLIC        ADC0L
  I:001BH         PUBLIC        AdcEndId
  C:6BE1H         SYMBOL        PinIdTab
  C:551BH         SYMBOL        _AdcFilter
  D:00BDH         PUBLIC        ADC0
  C:6BEEH         SYMBOL        PinMuxTab
  -------         PROC          ADC_INIT
  C:6F08H         LINE#         45
  C:6F08H         LINE#         46
  C:6F08H         LINE#         47
  C:6F0BH         LINE#         48
  C:6F0EH         LINE#         49
  C:6F11H         LINE#         50
  -------         ENDPROC       ADC_INIT
  -------         PROC          ADC_ENABLE
  C:0026H         LINE#         53
  C:0026H         LINE#         54
  C:0026H         LINE#         55
  C:0029H         LINE#         56
BL51 BANKED LINKER/LOCATER V6.22                                                      08/24/2017  22:40:46  PAGE 25


  -------         ENDPROC       ADC_ENABLE
  -------         PROC          ADC_GETXVAL
  C:7011H         LINE#         64
  C:7011H         LINE#         65
  C:7011H         LINE#         66
  C:7019H         LINE#         67
  -------         ENDPROC       ADC_GETXVAL
  -------         PROC          ADC_GETYVAL
  C:701AH         LINE#         75
  C:701AH         LINE#         76
  C:701AH         LINE#         77
  C:7022H         LINE#         78
  -------         ENDPROC       ADC_GETYVAL
  -------         PROC          ADC_GETTEMP
  C:7023H         LINE#         86
  C:7023H         LINE#         87
  C:7023H         LINE#         88
  C:702BH         LINE#         89
  -------         ENDPROC       ADC_GETTEMP
  -------         PROC          ADC_SETINIT
  -------         DO            
  D:0007H         SYMBOL        SfrPage_
  -------         ENDDO         
  C:68DBH         LINE#         110
  C:68DBH         LINE#         111
  C:68DDH         LINE#         114
  C:68E0H         LINE#         115
  C:68E3H         LINE#         116
  C:68E6H         LINE#         117
  C:68E9H         LINE#         118
  C:68ECH         LINE#         119
  C:68EFH         LINE#         120
  C:68F2H         LINE#         121
  C:68F5H         LINE#         122
  C:68F8H         LINE#         123
  C:68FBH         LINE#         124
  C:68FEH         LINE#         125
  C:6900H         LINE#         126
  C:6903H         LINE#         127
  C:6906H         LINE#         128
  C:6908H         LINE#         129
  -------         ENDPROC       ADC_SETINIT
  -------         PROC          ADC_VREFINIT
  C:7173H         LINE#         131
  C:7173H         LINE#         132
  C:7173H         LINE#         133
  C:7176H         LINE#         134
  -------         ENDPROC       ADC_VREFINIT
  -------         PROC          ADC_ISRINIT
  C:7177H         LINE#         136
  C:7177H         LINE#         137
  C:7177H         LINE#         138
  C:717AH         LINE#         139
  -------         ENDPROC       ADC_ISRINIT
  -------         PROC          _ADCFILTER
  D:0057H         SYMBOL        p_adc
  D:005AH         SYMBOL        val
BL51 BANKED LINKER/LOCATER V6.22                                                      08/24/2017  22:40:46  PAGE 26


  C:551BH         LINE#         148
  C:5525H         LINE#         149
  C:5525H         LINE#         150
  C:553AH         LINE#         151
  C:553AH         LINE#         153
  C:5589H         LINE#         154
  C:5589H         LINE#         156
  C:5589H         LINE#         157
  C:5598H         LINE#         158
  C:559FH         LINE#         159
  C:559FH         LINE#         160
  -------         ENDPROC       _ADCFILTER
  -------         PROC          ADCENTITYINIT
  C:63C3H         LINE#         218
  C:63C3H         LINE#         219
  C:63C3H         LINE#         221
  C:63C8H         LINE#         222
  C:63CAH         LINE#         223
  C:63CCH         LINE#         224
  C:63D2H         LINE#         226
  C:63DCH         LINE#         228
  C:63E2H         LINE#         229
  C:63E5H         LINE#         230
  C:63E7H         LINE#         231
  C:63EDH         LINE#         233
  C:63F5H         LINE#         235
  C:63FBH         LINE#         236
  C:63FEH         LINE#         237
  C:6400H         LINE#         238
  C:6406H         LINE#         240
  -------         ENDPROC       ADCENTITYINIT
  -------         PROC          _ADC_SAVEANDSWITCH
  D:0004H         SYMBOL        val
  -------         DO            
  D:0054H         SYMBOL        adc_ent
  -------         ENDDO         
  C:5C74H         LINE#         264
  C:5C78H         LINE#         265
  C:5C78H         LINE#         267
  C:5C81H         LINE#         271
  C:5C89H         LINE#         272
  C:5C89H         LINE#         273
  C:5C9DH         LINE#         274
  C:5C9DH         LINE#         275
  C:5CA9H         LINE#         276
  C:5CABH         LINE#         277
  C:5CB3H         LINE#         279
  C:5CBCH         LINE#         281
  C:5CC6H         LINE#         282
  C:5CC9H         LINE#         284
  C:5CCFH         LINE#         285
  C:5CD8H         LINE#         286
  C:5CDBH         LINE#         287
  -------         ENDPROC       _ADC_SAVEANDSWITCH
  -------         PROC          ADC_ISR
  -------         DO            
  X:0852H         SYMBOL        sum
BL51 BANKED LINKER/LOCATER V6.22                                                      08/24/2017  22:40:46  PAGE 27


  X:0856H         SYMBOL        cnt
  -------         ENDDO         
  C:52F7H         LINE#         295
  C:5314H         LINE#         300
  C:5316H         LINE#         301
  C:532CH         LINE#         302
  C:533FH         LINE#         303
  C:533FH         LINE#         304
  C:5351H         LINE#         305
  C:535BH         LINE#         306
  C:5362H         LINE#         307
  C:5364H         LINE#         309
  C:5367H         LINE#         310
  -------         ENDPROC       ADC_ISR
  -------         ENDMOD        ADCDRV

  -------         MODULE        ANGAPP
  C:0000H         SYMBOL        _ICE_DUMMY_
  C:7131H         PUBLIC        _SetAngYUsrZero
  C:6293H         PUBLIC        GetXAngAllSetVal
  C:62DFH         PUBLIC        GetYAngAllSetVal
  D:00A0H         PUBLIC        P2
  C:711FH         PUBLIC        _SetAngXSysZero
  C:7125H         PUBLIC        _SetAngYSysZero
  C:6909H         PUBLIC        GetAngP
  X:0BEBH         SYMBOL        angp
  C:5729H         PUBLIC        AngInit
  X:0BEFH         SYMBOL        angx_usrzero
  X:0BF3H         SYMBOL        angy_usrzero
  C:70CBH         PUBLIC        GetAngXInst
  C:70D2H         PUBLIC        GetAngYInst
  X:0BF7H         SYMBOL        angx_syszero
  X:0BFBH         SYMBOL        angy_syszero
  C:70E7H         PUBLIC        GetAngPSet
  C:7137H         PUBLIC        _SetAngXInst
  C:713DH         PUBLIC        _SetAngYInst
  C:70D9H         PUBLIC        GetAngXSet
  C:70E0H         PUBLIC        GetAngYSet
  X:0BFFH         SYMBOL        angx_inst
  X:0C03H         SYMBOL        angy_inst
  X:0C07H         SYMBOL        angp_set
  C:49C6H         SYMBOL        _PAngCalc
  X:0C0BH         SYMBOL        angx_set
  X:0C0FH         SYMBOL        angy_set
  C:6A28H         PUBLIC        _SetAngZero
  C:70EEH         PUBLIC        GetAngXZeroUsr
  C:70BDH         PUBLIC        GetAngXUsrZero
  C:70F5H         PUBLIC        GetAngYZeroUsr
  C:70C4H         PUBLIC        GetAngYUsrZero
  C:6B33H         PUBLIC        _SetAngZeroAdd
  X:0C13H         SYMBOL        BufZerox_usr
  C:70AFH         PUBLIC        GetAngXSysZero
  X:0C17H         SYMBOL        BufZeroy_usr
  C:70B6H         PUBLIC        GetAngYSysZero
  C:70FCH         PUBLIC        GetAngXRelSys
  C:7103H         PUBLIC        GetAngYRelSys
  X:0C1BH         SYMBOL        BufZerox_sys
BL51 BANKED LINKER/LOCATER V6.22                                                      08/24/2017  22:40:46  PAGE 28


  X:0C1FH         SYMBOL        BufZeroy_sys
  C:712BH         PUBLIC        _SetAngXUsrZero
  -------         PROC          ANGINIT
  C:5729H         LINE#         41
  C:5729H         LINE#         42
  C:5729H         LINE#         43
  C:572CH         LINE#         45
  C:5736H         LINE#         47
  C:5741H         LINE#         48
  C:574CH         LINE#         49
  C:5757H         LINE#         50
  C:5762H         LINE#         51
  C:576DH         LINE#         52
  C:5778H         LINE#         57
  C:5782H         LINE#         58
  C:578CH         LINE#         59
  C:5796H         LINE#         60
  C:57A0H         LINE#         62
  -------         ENDPROC       ANGINIT
  -------         PROC          _PANGCALC
  D:0004H         SYMBOL        angx
  D:003EH         SYMBOL        angy
  -------         DO            
  D:0042H         SYMBOL        x
  D:0004H         SYMBOL        y
  D:0046H         SYMBOL        s
  -------         ENDDO         
  C:49C6H         LINE#         70
  C:49C6H         LINE#         71
  C:49C6H         LINE#         74
  C:49D2H         LINE#         75
  C:49F0H         LINE#         76
  C:49FBH         LINE#         77
  C:4A0EH         LINE#         79
  C:4A1AH         LINE#         80
  C:4A30H         LINE#         81
  C:4A33H         LINE#         82
  C:4A3EH         LINE#         84
  C:4A54H         LINE#         85
  C:4A68H         LINE#         86
  C:4A68H         LINE#         87
  C:4A71H         LINE#         88
  C:4A71H         LINE#         89
  C:4A9AH         LINE#         90
  C:4A9DH         LINE#         91
  -------         ENDPROC       _PANGCALC
  -------         PROC          GETANGP
  C:6909H         LINE#         99
  C:6909H         LINE#         100
  C:6909H         LINE#         102
  C:6930H         LINE#         103
  C:6936H         LINE#         104
  -------         ENDPROC       GETANGP
  -------         PROC          GETANGXSYSZERO
  C:70AFH         LINE#         106
  C:70AFH         LINE#         107
  C:70AFH         LINE#         108
BL51 BANKED LINKER/LOCATER V6.22                                                      08/24/2017  22:40:46  PAGE 29


  C:70B5H         LINE#         109
  -------         ENDPROC       GETANGXSYSZERO
  -------         PROC          GETANGYSYSZERO
  C:70B6H         LINE#         110
  C:70B6H         LINE#         111
  C:70B6H         LINE#         112
  C:70BCH         LINE#         113
  -------         ENDPROC       GETANGYSYSZERO
  -------         PROC          GETANGXUSRZERO
  C:70BDH         LINE#         114
  C:70BDH         LINE#         115
  C:70BDH         LINE#         116
  C:70C3H         LINE#         117
  -------         ENDPROC       GETANGXUSRZERO
  -------         PROC          GETANGYUSRZERO
  C:70C4H         LINE#         118
  C:70C4H         LINE#         119
  C:70C4H         LINE#         120
  C:70CAH         LINE#         121
  -------         ENDPROC       GETANGYUSRZERO
  -------         PROC          GETANGXINST
  C:70CBH         LINE#         123
  C:70CBH         LINE#         124
  C:70CBH         LINE#         125
  C:70D1H         LINE#         126
  -------         ENDPROC       GETANGXINST
  -------         PROC          GETANGYINST
  C:70D2H         LINE#         127
  C:70D2H         LINE#         128
  C:70D2H         LINE#         129
  C:70D8H         LINE#         130
  -------         ENDPROC       GETANGYINST
  -------         PROC          GETANGXSET
  C:70D9H         LINE#         132
  C:70D9H         LINE#         133
  C:70D9H         LINE#         134
  C:70DFH         LINE#         135
  -------         ENDPROC       GETANGXSET
  -------         PROC          GETANGYSET
  C:70E0H         LINE#         136
  C:70E0H         LINE#         137
  C:70E0H         LINE#         138
  C:70E6H         LINE#         139
  -------         ENDPROC       GETANGYSET
  -------         PROC          GETANGPSET
  C:70E7H         LINE#         140
  C:70E7H         LINE#         141
  C:70E7H         LINE#         142
  C:70EDH         LINE#         143
  -------         ENDPROC       GETANGPSET
  -------         PROC          GETANGXZEROUSR
  C:70EEH         LINE#         145
  C:70EEH         LINE#         146
  C:70EEH         LINE#         147
  C:70F4H         LINE#         148
  -------         ENDPROC       GETANGXZEROUSR
  -------         PROC          GETANGYZEROUSR
BL51 BANKED LINKER/LOCATER V6.22                                                      08/24/2017  22:40:46  PAGE 30


  C:70F5H         LINE#         149
  C:70F5H         LINE#         150
  C:70F5H         LINE#         151
  C:70FBH         LINE#         152
  -------         ENDPROC       GETANGYZEROUSR
  -------         PROC          GETANGXRELSYS
  C:70FCH         LINE#         154
  C:70FCH         LINE#         155
  C:70FCH         LINE#         156
  C:7102H         LINE#         157
  -------         ENDPROC       GETANGXRELSYS
  -------         PROC          GETANGYRELSYS
  C:7103H         LINE#         158
  C:7103H         LINE#         159
  C:7103H         LINE#         160
  C:7109H         LINE#         161
  -------         ENDPROC       GETANGYRELSYS
  -------         PROC          _SETANGXSYSZERO
  D:0004H         SYMBOL        zore
  C:711FH         LINE#         170
  C:711FH         LINE#         171
  C:711FH         LINE#         172
  -------         ENDPROC       _SETANGXSYSZERO
  -------         PROC          _SETANGYSYSZERO
  D:0004H         SYMBOL        zore
  C:7125H         LINE#         174
  C:7125H         LINE#         175
  C:7125H         LINE#         176
  -------         ENDPROC       _SETANGYSYSZERO
  -------         PROC          _SETANGXUSRZERO
  D:0004H         SYMBOL        zore
  C:712BH         LINE#         179
  C:712BH         LINE#         180
  C:712BH         LINE#         181
  -------         ENDPROC       _SETANGXUSRZERO
  -------         PROC          _SETANGYUSRZERO
  D:0004H         SYMBOL        zore
  C:7131H         LINE#         183
  C:7131H         LINE#         184
  C:7131H         LINE#         185
  -------         ENDPROC       _SETANGYUSRZERO
  -------         PROC          _SETANGXINST
[...]
  C:6E09H         LINE#         89
  C:6E0CH         LINE#         90
  C:6E12H         LINE#         91
  C:6E15H         LINE#         93
  C:6E15H         LINE#         94
  -------         ENDPROC       TIMER2_TASKINMAIN
  -------         ENDMOD        TIMER

  -------         MODULE        CALMCUT
  C:0000H         SYMBOL        _ICE_DUMMY_
  D:00A0H         PUBLIC        P2
  C:716DH         PUBLIC        McuT_CalStop
  C:718BH         PUBLIC        McuT_CalSta
  C:6B8DH         PUBLIC        _Mcut_CalSamp
  C:65A7H         SYMBOL        McuTCalcPrm
  C:39BEH         SYMBOL        _Mcut_CalcPrm
  X:09F0H         PUBLIC        McuTcal
  C:6567H         PUBLIC        CalibMtInit
  C:6CA2H         SYMBOL        _McuT_RdAdcVal
  C:7187H         SYMBOL        _McuT_SetCalCnt
  X:0ACDH         SYMBOL        mtemp_buf
  C:480BH         PUBLIC        MTCalDataInit
  C:6E5AH         SYMBOL        _McuT_RdTempVal
  C:6CB9H         SYMBOL        _McuT_WrAdcVal
  C:7167H         PUBLIC        GetMcuTCalCnt
  C:640DH         PUBLIC        _McuT_CalValWr
  D:0016H         SYMBOL        PMCUTCAL
  C:6FA4H         PUBLIC        _GetMcuTCalAdcVal
  C:6FF2H         PUBLIC        _SetMcuTCalCnt
  C:6E6BH         SYMBOL        _McuT_WrTempVal
  C:55A0H         PUBLIC        _GetMt
  C:6DA5H         PUBLIC        _SetMcuTCalAdcVal
  C:6F98H         PUBLIC        _GetMcuTCalTempVal
  C:6D90H         PUBLIC        _SetMcuTCalTempVal
  -------         PROC          _MCUT_SETCALCNT
  D:0001H         SYMBOL        p_cal
  D:0005H         SYMBOL        num
  C:7187H         LINE#         15
  C:7187H         LINE#         16
  C:7187H         LINE#         17
  -------         ENDPROC       _MCUT_SETCALCNT
  -------         PROC          _MCUT_RDTEMPVAL
  D:0001H         SYMBOL        p_cal
  D:0005H         SYMBOL        posid
  C:6E5AH         LINE#         28
  C:6E5AH         LINE#         29
  C:6E5AH         LINE#         30
  C:6E6AH         LINE#         31
  -------         ENDPROC       _MCUT_RDTEMPVAL
  -------         PROC          _MCUT_RDADCVAL
  D:0001H         SYMBOL        p_cal
  D:0005H         SYMBOL        posid
  C:6CA2H         LINE#         39
  C:6CA2H         LINE#         40
  C:6CA2H         LINE#         41
  C:6CB8H         LINE#         42
BL51 BANKED LINKER/LOCATER V6.22                                                      08/24/2017  22:40:46  PAGE 101


  -------         ENDPROC       _MCUT_RDADCVAL
  -------         PROC          _MCUT_WRTEMPVAL
  D:0001H         SYMBOL        p_cal
  D:0004H         SYMBOL        val
  D:002BH         SYMBOL        posid
  C:6E6BH         LINE#         51
  C:6E6BH         LINE#         52
  C:6E6BH         LINE#         53
  -------         ENDPROC       _MCUT_WRTEMPVAL
  -------         PROC          _MCUT_WRADCVAL
  D:0001H         SYMBOL        p_cal
  D:0004H         SYMBOL        val
  D:002BH         SYMBOL        posid
  C:6CB9H         LINE#         63
  C:6CB9H         LINE#         64
  C:6CB9H         LINE#         65
  -------         ENDPROC       _MCUT_WRADCVAL
  -------         PROC          _MCUT_CALCPRM
  D:0025H         SYMBOL        p_cal
  -------         DO            
  D:0028H         SYMBOL        i
  D:0029H         SYMBOL        aa
  -------         ENDDO         
  C:39BEH         LINE#         75
  C:39C4H         LINE#         76
  C:39C4H         LINE#         79
  C:39DBH         LINE#         80
  C:39DBH         LINE#         81
  C:3A0CH         LINE#         82
  C:3AA1H         LINE#         83
  C:3B1BH         LINE#         84
  C:3B20H         LINE#         85
  -------         ENDPROC       _MCUT_CALCPRM
  -------         PROC          _SETMCUTCALCNT
  D:0005H         SYMBOL        cnt
  C:6FF2H         LINE#         94
  C:6FF4H         LINE#         95
  C:6FF4H         LINE#         96
  -------         ENDPROC       _SETMCUTCALCNT
  -------         PROC          GETMCUTCALCNT
  C:7167H         LINE#         106
  C:7167H         LINE#         107
  C:7167H         LINE#         108
  C:716CH         LINE#         109
  -------         ENDPROC       GETMCUTCALCNT
  -------         PROC          _GETMCUTCALTEMPVAL
  D:0005H         SYMBOL        pos
  C:6F98H         LINE#         118
  C:6F9AH         LINE#         119
  C:6F9AH         LINE#         120
  C:6FA3H         LINE#         121
  -------         ENDPROC       _GETMCUTCALTEMPVAL
  -------         PROC          _GETMCUTCALADCVAL
  D:0005H         SYMBOL        pos
  C:6FA4H         LINE#         130
  C:6FA6H         LINE#         131
  C:6FA6H         LINE#         132
BL51 BANKED LINKER/LOCATER V6.22                                                      08/24/2017  22:40:46  PAGE 102


  C:6FAFH         LINE#         133
  -------         ENDPROC       _GETMCUTCALADCVAL
  -------         PROC          _SETMCUTCALTEMPVAL
  D:0082H         SYMBOL        val
  D:0007H         SYMBOL        pos
  C:6D90H         LINE#         141
  C:6D96H         LINE#         142
  C:6D96H         LINE#         143
  -------         ENDPROC       _SETMCUTCALTEMPVAL
  -------         PROC          _SETMCUTCALADCVAL
  D:0082H         SYMBOL        val
  D:0007H         SYMBOL        pos
  C:6DA5H         LINE#         152
  C:6DABH         LINE#         153
  C:6DABH         LINE#         154
  -------         ENDPROC       _SETMCUTCALADCVAL
  -------         PROC          CALIBMTINIT
  C:6567H         LINE#         159
  C:6567H         LINE#         160
  C:6567H         LINE#         161
  C:6573H         LINE#         162
  C:657FH         LINE#         163
  C:6589H         LINE#         164
  C:6593H         LINE#         165
  C:659DH         LINE#         166
  -------         ENDPROC       CALIBMTINIT
  -------         PROC          MTCALDATAINIT
  -------         DO            
  D:0022H         SYMBOL        i
  -------         ENDDO         
  C:480BH         LINE#         178
  C:480BH         LINE#         179
  C:480BH         LINE#         181
  C:4810H         LINE#         182
  C:4813H         LINE#         183
  C:4813H         LINE#         184
  C:483DH         LINE#         185
  C:4841H         LINE#         186
  C:4841H         LINE#         187
  C:4854H         LINE#         188
  C:4854H         LINE#         189
  C:487DH         LINE#         190
  C:4884H         LINE#         203
  C:4892H         LINE#         204
  C:48A3H         LINE#         205
  C:48AEH         LINE#         206
  C:48B9H         LINE#         207
  C:48C3H         LINE#         209
  C:48CDH         LINE#         210
  C:48D5H         LINE#         211
  C:48DCH         LINE#         212
  C:48E3H         LINE#         213
  C:48EAH         LINE#         215
  -------         ENDPROC       MTCALDATAINIT
  -------         PROC          _GETMT
  D:0026H         SYMBOL        tadc
  -------         DO            
BL51 BANKED LINKER/LOCATER V6.22                                                      08/24/2017  22:40:46  PAGE 103


  D:0028H         SYMBOL        i
  D:0004H         SYMBOL        offset
  -------         ENDDO         
  C:55A0H         LINE#         226
  C:55A4H         LINE#         227
  C:55A4H         LINE#         231
  C:55B7H         LINE#         232
  C:55B7H         LINE#         233
  C:55DCH         LINE#         234
  C:55DCH         LINE#         235
  C:55E0H         LINE#         236
  C:5624H         LINE#         238
  C:5624H         LINE#         239
  -------         ENDPROC       _GETMT
  -------         PROC          MCUTCALCPRM
  C:65A7H         LINE#         250
  C:65A7H         LINE#         251
  C:65A7H         LINE#         253
  C:65DCH         LINE#         255
  -------         ENDPROC       MCUTCALCPRM
  -------         PROC          _MCUT_CALVALWR
  D:0030H         SYMBOL        id
  D:0004H         SYMBOL        temp
  D:0031H         SYMBOL        tadc
  C:640DH         LINE#         266
  C:6413H         LINE#         267
  C:6413H         LINE#         268
  C:641DH         LINE#         269
  C:6438H         LINE#         270
  C:6453H         LINE#         272
  C:6455H         LINE#         273
  -------         ENDPROC       _MCUT_CALVALWR
  -------         PROC          MCUT_CALSTA
  C:718BH         LINE#         281
  C:718BH         LINE#         282
  C:718BH         LINE#         285
  C:718DH         LINE#         286
  -------         ENDPROC       MCUT_CALSTA
  -------         PROC          MCUT_CALSTOP
  C:716DH         LINE#         294
  C:716DH         LINE#         295
  C:716DH         LINE#         298
  C:7170H         LINE#         299
  C:7172H         LINE#         300
  -------         ENDPROC       MCUT_CALSTOP
  -------         PROC          _MCUT_CALSAMP
  D:0007H         SYMBOL        id
  D:002CH         SYMBOL        temp
  D:002EH         SYMBOL        tadc
  C:6B8DH         LINE#         302
  C:6B95H         LINE#         303
  C:6B95H         LINE#         306
  C:6B9BH         LINE#         307
  C:6B9DH         LINE#         308
  C:6BA8H         LINE#         309
  C:6BAAH         LINE#         310
  -------         ENDPROC       _MCUT_CALSAMP
BL51 BANKED LINKER/LOCATER V6.22                                                      08/24/2017  22:40:46  PAGE 104


  -------         ENDMOD        CALMCUT

  -------         MODULE        ?C?FPADD
  C:0055H         PUBLIC        ?C?FPADD
  C:0051H         PUBLIC        ?C?FPSUB
  -------         ENDMOD        ?C?FPADD

  -------         MODULE        ?C?FPMUL
  C:0146H         PUBLIC        ?C?FPMUL
  -------         ENDMOD        ?C?FPMUL

  -------         MODULE        ?C?FPDIV
  C:024FH         PUBLIC        ?C?FPDIV
  -------         ENDMOD        ?C?FPDIV

  -------         MODULE        ?C?FPCMP
  C:02EEH         PUBLIC        ?C?FPCMP
  C:02ECH         PUBLIC        ?C?FPCMP3
  -------         ENDMOD        ?C?FPCMP

  -------         MODULE        ?C?FCAST
  C:0363H         PUBLIC        ?C?FCASTC
  C:035EH         PUBLIC        ?C?FCASTI
  C:0359H         PUBLIC        ?C?FCASTL
  -------         ENDMOD        ?C?FCAST

  -------         MODULE        ?C?CASTF
  C:0397H         PUBLIC        ?C?CASTF
  -------         ENDMOD        ?C?CASTF

  -------         MODULE        SQRT
  C:4D8CH         PUBLIC        _SQRT
  -------         ENDMOD        SQRT

  -------         MODULE        SIN
  C:3733H         PUBLIC        _COS
  C:3749H         PUBLIC        _SIN
  C:377BH         PUBLIC        _TAN
  -------         ENDMOD        SIN

  -------         MODULE        ASIN
  C:669AH         PUBLIC        _ASIN
  -------         ENDMOD        ASIN

  -------         MODULE        ATAN
  C:3F15H         PUBLIC        _ATAN
  -------         ENDMOD        ATAN

  -------         MODULE        ?C?CLDPTR
  C:0465H         PUBLIC        ?C?CLDPTR
  -------         ENDMOD        ?C?CLDPTR

  -------         MODULE        ?C?CLDOPTR
  C:047EH         PUBLIC        ?C?CLDOPTR
  -------         ENDMOD        ?C?CLDOPTR

  -------         MODULE        ?C?CILDPTR
BL51 BANKED LINKER/LOCATER V6.22                                                      08/24/2017  22:40:46  PAGE 105


  C:04ABH         PUBLIC        ?C?CILDPTR
  -------         ENDMOD        ?C?CILDPTR

  -------         MODULE        ?C?CSTPTR
  C:04CDH         PUBLIC        ?C?CSTPTR
  -------         ENDMOD        ?C?CSTPTR

  -------         MODULE        ?C?CSTOPTR
  C:04DFH         PUBLIC        ?C?CSTOPTR
  -------         ENDMOD        ?C?CSTOPTR

  -------         MODULE        ?C?IMUL
  C:0501H         PUBLIC        ?C?IMUL
  -------         ENDMOD        ?C?IMUL

  -------         MODULE        ?C?UIDIV
  C:0513H         PUBLIC        ?C?UIDIV
  -------         ENDMOD        ?C?UIDIV

  -------         MODULE        ?C?SIDIV
  C:0568H         PUBLIC        ?C?SIDIV
  -------         ENDMOD        ?C?SIDIV

  -------         MODULE        ?C?IILDX
  C:059EH         PUBLIC        ?C?IILDX
  -------         ENDMOD        ?C?IILDX

  -------         MODULE        ?C?ILDPTR
  C:05B4H         PUBLIC        ?C?ILDPTR
  -------         ENDMOD        ?C?ILDPTR

  -------         MODULE        ?C?ILDOPTR
  C:05DFH         PUBLIC        ?C?ILDOPTR
  -------         ENDMOD        ?C?ILDOPTR

  -------         MODULE        ?C?IILDPTR
  C:0617H         PUBLIC        ?C?IILDPTR
  -------         ENDMOD        ?C?IILDPTR

  -------         MODULE        ?C?IILDOPTR
  C:064FH         PUBLIC        ?C?IILDOPTR
  -------         ENDMOD        ?C?IILDOPTR

  -------         MODULE        ?C?ISTPTR
  C:069CH         PUBLIC        ?C?ISTPTR
  -------         ENDMOD        ?C?ISTPTR

  -------         MODULE        ?C?ISTOPTR
  C:06BBH         PUBLIC        ?C?ISTOPTR
  -------         ENDMOD        ?C?ISTOPTR

  -------         MODULE        ?C?LADD
  C:06E8H         PUBLIC        ?C?LADD
  -------         ENDMOD        ?C?LADD

  -------         MODULE        ?C?LMUL
  C:06F5H         PUBLIC        ?C?LMUL
BL51 BANKED LINKER/LOCATER V6.22                                                      08/24/2017  22:40:46  PAGE 106


  -------         ENDMOD        ?C?LMUL

  -------         MODULE        ?C?ULDIV
  C:0780H         PUBLIC        ?C?ULDIV
  -------         ENDMOD        ?C?ULDIV

  -------         MODULE        ?C?SLDIV
  C:64E0H         PUBLIC        ?C?SLDIV
  -------         ENDMOD        ?C?SLDIV

  -------         MODULE        ?C?LOR
  C:0812H         PUBLIC        ?C?LOR
  -------         ENDMOD        ?C?LOR

  -------         MODULE        ?C?LNEG
  C:081FH         PUBLIC        ?C?LNEG
  -------         ENDMOD        ?C?LNEG

  -------         MODULE        ?C?SLCMP
  C:082DH         PUBLIC        ?C?SLCMP
  -------         ENDMOD        ?C?SLCMP

  -------         MODULE        ?C?ULCMP
  C:0843H         PUBLIC        ?C?ULCMP
  -------         ENDMOD        ?C?ULCMP

  -------         MODULE        ?C?ULSHR
  C:0854H         PUBLIC        ?C?ULSHR
  -------         ENDMOD        ?C?ULSHR

  -------         MODULE        ?C?LSHL
  C:0867H         PUBLIC        ?C?LSHL
  -------         ENDMOD        ?C?LSHL

  -------         MODULE        ?C?LLDPTR
  C:087AH         PUBLIC        ?C?LLDPTR
  -------         ENDMOD        ?C?LLDPTR

  -------         MODULE        ?C?LLDOPTR
  C:089AH         PUBLIC        ?C?LLDOPTR
  -------         ENDMOD        ?C?LLDOPTR

  -------         MODULE        ?C?LSTPTR
  C:08CAH         PUBLIC        ?C?LSTPTR
  -------         ENDMOD        ?C?LSTPTR

  -------         MODULE        ?C?LSTOPTR
  C:08E4H         PUBLIC        ?C?LSTOPTR
  -------         ENDMOD        ?C?LSTOPTR

  -------         MODULE        ?C?LLDXDATA
  C:0908H         PUBLIC        ?C?LLDXDATA
  -------         ENDMOD        ?C?LLDXDATA

  -------         MODULE        ?C?LLDCODE
  C:0914H         PUBLIC        ?C?LLDCODE
  -------         ENDMOD        ?C?LLDCODE
BL51 BANKED LINKER/LOCATER V6.22                                                      08/24/2017  22:40:46  PAGE 107



  -------         MODULE        ?C?LLDXDATA0
  C:0924H         PUBLIC        ?C?LLDXDATA0
  -------         ENDMOD        ?C?LLDXDATA0

  -------         MODULE        ?C?LLDCODE0
  C:0930H         PUBLIC        ?C?LLDCODE0
  -------         ENDMOD        ?C?LLDCODE0

  -------         MODULE        ?C?LLDOPTR0
  C:0940H         PUBLIC        ?C?LLDOPTR0
  -------         ENDMOD        ?C?LLDOPTR0

  -------         MODULE        ?C?LSTXDATA
  C:0970H         PUBLIC        ?C?LSTXDATA
  -------         ENDMOD        ?C?LSTXDATA

  -------         MODULE        ?C?LSTKXDATA
  C:097CH         PUBLIC        ?C?LSTKXDATA
  -------         ENDMOD        ?C?LSTKXDATA

  -------         MODULE        ?C?LSTKOPTR
  C:09ADH         PUBLIC        ?C?LSTKOPTR
  -------         ENDMOD        ?C?LSTKOPTR

  -------         MODULE        ?C?OFFXADD
  C:09D1H         PUBLIC        ?C?OFFXADD
  -------         ENDMOD        ?C?OFFXADD

  -------         MODULE        ?C?PLDIIDATA
  C:09DDH         PUBLIC        ?C?PLDIIDATA
  -------         ENDMOD        ?C?PLDIIDATA

  -------         MODULE        ?C?PLDXDATA
  C:09EDH         PUBLIC        ?C?PLDXDATA
  -------         ENDMOD        ?C?PLDXDATA

  -------         MODULE        ?C?PSTXDATA
  C:09F6H         PUBLIC        ?C?PSTXDATA
  -------         ENDMOD        ?C?PSTXDATA

  -------         MODULE        ?C?PLDOPTR
  C:09FFH         PUBLIC        ?C?PLDOPTR
  -------         ENDMOD        ?C?PLDOPTR

  -------         MODULE        ?C?PLDIOPTR
  C:0A2FH         PUBLIC        ?C?PLDIOPTR
  -------         ENDMOD        ?C?PLDIOPTR

  -------         MODULE        ?C?PSTOPTR
  C:0A61H         PUBLIC        ?C?PSTOPTR
  -------         ENDMOD        ?C?PSTOPTR

  -------         MODULE        ?C?CCASE
  C:0ABAH         PUBLIC        ?C?CCASE
  -------         ENDMOD        ?C?CCASE

BL51 BANKED LINKER/LOCATER V6.22                                                      08/24/2017  22:40:46  PAGE 108


  -------         MODULE        ?C?ICASE
  C:0AE0H         PUBLIC        ?C?ICASE
  -------         ENDMOD        ?C?ICASE

  -------         MODULE        ?C?LCASE
  C:0B0DH         PUBLIC        ?C?LCASE
  -------         ENDMOD        ?C?LCASE

  -------         MODULE        ?C?ICALL
  C:0B47H         PUBLIC        ?C?ICALL
  C:0B4BH         PUBLIC        ?C?ICALL2
  -------         ENDMOD        ?C?ICALL

  -------         MODULE        STRNCMP
  D:002CH         PUBLIC        ?_strncmp?BYTE
  C:5A58H         PUBLIC        _strncmp
  -------         ENDMOD        STRNCMP

  -------         MODULE        STRNCPY
  D:002BH         PUBLIC        ?_strncpy?BYTE
  C:61F2H         PUBLIC        _strncpy
  -------         ENDMOD        STRNCPY

  -------         MODULE        ?C?LLDIDATA
  C:0B4DH         PUBLIC        ?C?LLDIDATA
  -------         ENDMOD        ?C?LLDIDATA

  -------         MODULE        ?C?LLDPDATA
  C:0B59H         PUBLIC        ?C?LLDPDATA
  -------         ENDMOD        ?C?LLDPDATA

  -------         MODULE        ?C?LLDIDATA0
  C:0B65H         PUBLIC        ?C?LLDIDATA0
  -------         ENDMOD        ?C?LLDIDATA0

  -------         MODULE        ?C?LLDPDATA0
  C:0B72H         PUBLIC        ?C?LLDPDATA0
  -------         ENDMOD        ?C?LLDPDATA0

  -------         MODULE        ?C?LSTIDATA
  C:0B7FH         PUBLIC        ?C?LSTIDATA
  -------         ENDMOD        ?C?LSTIDATA

  -------         MODULE        ?C?LSTPDATA
  C:0B8BH         PUBLIC        ?C?LSTPDATA
  -------         ENDMOD        ?C?LSTPDATA

  -------         MODULE        ?C?LSTKIDATA
  C:0B97H         PUBLIC        ?C?LSTKIDATA
  -------         ENDMOD        ?C?LSTKIDATA

  -------         MODULE        ?C?LSTKPDATA
  C:0BB0H         PUBLIC        ?C?LSTKPDATA
  -------         ENDMOD        ?C?LSTKPDATA

  -------         MODULE        ?C?PLDIDATA
  C:0BC9H         PUBLIC        ?C?PLDIDATA
BL51 BANKED LINKER/LOCATER V6.22                                                      08/24/2017  22:40:46  PAGE 109


  -------         ENDMOD        ?C?PLDIDATA

  -------         MODULE        ?C?PSTIDATA
  C:0BD2H         PUBLIC        ?C?PSTIDATA
  -------         ENDMOD        ?C?PSTIDATA

  -------         MODULE        ?C?PLDIXDATA
  C:0BDBH         PUBLIC        ?C?PLDIXDATA
  -------         ENDMOD        ?C?PLDIXDATA

  -------         MODULE        ?C?PLDPDATA
  C:0BF2H         PUBLIC        ?C?PLDPDATA
  -------         ENDMOD        ?C?PLDPDATA

  -------         MODULE        ?C?PLDIPDATA
  C:0BFBH         PUBLIC        ?C?PLDIPDATA
  -------         ENDMOD        ?C?PLDIPDATA

  -------         MODULE        ?C?PSTPDATA
  C:0C0BH         PUBLIC        ?C?PSTPDATA
  -------         ENDMOD        ?C?PSTPDATA

  -------         MODULE        ?C?PLDCODE
  C:0C14H         PUBLIC        ?C?PLDCODE
  -------         ENDMOD        ?C?PLDCODE

Program Size: data=114.4 xdata=3172 code=29069
LINK/LOCATE RUN COMPLETE.  0 WARNING(S),  0 ERROR(S)
