BL51 BANKED LINKER/LOCATER V6.22                                                        07/01/2013  09:38:04  PAGE 1


BL51 BANKED LINKER/LOCATER V6.22, INVOKED BY:
C:\KEIL\C51\BIN\BL51.EXE .\obj\STARTUP.obj, .\obj\AdcDrv.obj, .\obj\AngApp.obj, .\obj\Calibration.obj, .\obj\CmdSub.obj,
>>  .\obj\Comm.obj, .\obj\Delay.obj, .\obj\Filter.obj, .\obj\Flash.obj, .\obj\Init.obj, .\obj\Key.obj, .\obj\Main.obj, .
>> \obj\ModBusCrc.obj, .\obj\ModBusRtu.obj, .\obj\Send.obj, .\obj\Sensor.obj, .\obj\Sub.obj, .\obj\Timer.obj TO .\obj\16
>> 4-0001-20130619 PRINT (.\lst\164-0001-20130619.m51) RAMSIZE (256)


MEMORY MODEL: SMALL WITH FLOATING POINT ARITHMETIC


INPUT MODULES INCLUDED:
  .\obj\STARTUP.obj (?C_STARTUP)
  .\obj\AdcDrv.obj (ADCDRV)
  .\obj\AngApp.obj (ANGAPP)
  .\obj\Calibration.obj (CALIBRATION)
  .\obj\CmdSub.obj (CMDSUB)
  .\obj\Comm.obj (COMM)
  .\obj\Delay.obj (DELAY)
  .\obj\Filter.obj (FILTER)
  .\obj\Flash.obj (FLASH)
  .\obj\Init.obj (INIT)
  .\obj\Key.obj (KEY)
  .\obj\Main.obj (MAIN)
  .\obj\ModBusCrc.obj (MODBUSCRC)
  .\obj\ModBusRtu.obj (MODBUSRTU)
  .\obj\Send.obj (SEND)
  .\obj\Sensor.obj (SENSOR)
  .\obj\Sub.obj (SUB)
  .\obj\Timer.obj (TIMER)
  C:\KEIL\C51\LIB\C51FPS.LIB (?C?FPADD)
  C:\KEIL\C51\LIB\C51FPS.LIB (?C?FPMUL)
  C:\KEIL\C51\LIB\C51FPS.LIB (?C?FPDIV)
  C:\KEIL\C51\LIB\C51FPS.LIB (?C?FPCMP)
  C:\KEIL\C51\LIB\C51FPS.LIB (?C?FCAST)
  C:\KEIL\C51\LIB\C51FPS.LIB (?C?CASTF)
  C:\KEIL\C51\LIB\C51FPS.LIB (SQRT)
  C:\KEIL\C51\LIB\C51FPS.LIB (SIN)
  C:\KEIL\C51\LIB\C51FPS.LIB (ASIN)
  C:\KEIL\C51\LIB\C51FPS.LIB (?C?FPGETOPN)
  C:\KEIL\C51\LIB\C51FPS.LIB (?C?FPSERIES)
  C:\KEIL\C51\LIB\C51FPS.LIB (ATAN)
  C:\KEIL\C51\LIB\C51S.LIB (?C_INIT)
  C:\KEIL\C51\LIB\C51S.LIB (?C?CLDPTR)
  C:\KEIL\C51\LIB\C51S.LIB (?C?CLDOPTR)
  C:\KEIL\C51\LIB\C51S.LIB (?C?CILDPTR)
  C:\KEIL\C51\LIB\C51S.LIB (?C?CSTPTR)
  C:\KEIL\C51\LIB\C51S.LIB (?C?CSTOPTR)
  C:\KEIL\C51\LIB\C51S.LIB (?C?IMUL)
  C:\KEIL\C51\LIB\C51S.LIB (?C?UIDIV)
  C:\KEIL\C51\LIB\C51S.LIB (?C?SIDIV)
  C:\KEIL\C51\LIB\C51S.LIB (?C?IILDX)
  C:\KEIL\C51\LIB\C51S.LIB (?C?ILDPTR)
  C:\KEIL\C51\LIB\C51S.LIB (?C?ILDOPTR)
  C:\KEIL\C51\LIB\C51S.LIB (?C?IILDPTR)
  C:\KEIL\C51\LIB\C51S.LIB (?C?IILDOPTR)
  C:\KEIL\C51\LIB\C51S.LIB (?C?ISTPTR)
  C:\KEIL\C51\LIB\C51S.LIB (?C?ISTOPTR)
  C:\KEIL\C51\LIB\C51S.LIB (?C?LADD)
BL51 BANKED LINKER/LOCATER V6.22                                                      07/01/2013  09:38:04  PAGE 2


  C:\KEIL\C51\LIB\C51S.LIB (?C?LSUB)
  C:\KEIL\C51\LIB\C51S.LIB (?C?LMUL)
  C:\KEIL\C51\LIB\C51S.LIB (?C?ULDIV)
  C:\KEIL\C51\LIB\C51S.LIB (?C?SLDIV)
  C:\KEIL\C51\LIB\C51S.LIB (?C?LNEG)
  C:\KEIL\C51\LIB\C51S.LIB (?C?SLCMP)
  C:\KEIL\C51\LIB\C51S.LIB (?C?ULCMP)
  C:\KEIL\C51\LIB\C51S.LIB (?C?ULSHR)
  C:\KEIL\C51\LIB\C51S.LIB (?C?LSHL)
  C:\KEIL\C51\LIB\C51S.LIB (?C?LLDPTR)
  C:\KEIL\C51\LIB\C51S.LIB (?C?LLDOPTR)
  C:\KEIL\C51\LIB\C51S.LIB (?C?LSTPTR)
  C:\KEIL\C51\LIB\C51S.LIB (?C?LSTOPTR)
  C:\KEIL\C51\LIB\C51S.LIB (?C?LLDXDATA)
  C:\KEIL\C51\LIB\C51S.LIB (?C?LLDCODE)
  C:\KEIL\C51\LIB\C51S.LIB (?C?LLDXDATA0)
  C:\KEIL\C51\LIB\C51S.LIB (?C?LLDCODE0)
  C:\KEIL\C51\LIB\C51S.LIB (?C?LLDOPTR0)
  C:\KEIL\C51\LIB\C51S.LIB (?C?LSTXDATA)
  C:\KEIL\C51\LIB\C51S.LIB (?C?LSTKXDATA)
  C:\KEIL\C51\LIB\C51S.LIB (?C?LSTKOPTR)
  C:\KEIL\C51\LIB\C51S.LIB (?C?OFFXADD)
  C:\KEIL\C51\LIB\C51S.LIB (?C?PLDIIDATA)
  C:\KEIL\C51\LIB\C51S.LIB (?C?PLDXDATA)
  C:\KEIL\C51\LIB\C51S.LIB (?C?PSTXDATA)
  C:\KEIL\C51\LIB\C51S.LIB (?C?PLDOPTR)
  C:\KEIL\C51\LIB\C51S.LIB (?C?PLDIOPTR)
  C:\KEIL\C51\LIB\C51S.LIB (?C?PSTOPTR)
  C:\KEIL\C51\LIB\C51S.LIB (?C?CCASE)
  C:\KEIL\C51\LIB\C51S.LIB (?C?ICASE)
  C:\KEIL\C51\LIB\C51S.LIB (?C?ICALL)
  C:\KEIL\C51\LIB\C51S.LIB (STRNCMP)
  C:\KEIL\C51\LIB\C51S.LIB (STRNCPY)
  C:\KEIL\C51\LIB\C51S.LIB (?C?LLDIDATA)
  C:\KEIL\C51\LIB\C51S.LIB (?C?LLDPDATA)
  C:\KEIL\C51\LIB\C51S.LIB (?C?LLDIDATA0)
  C:\KEIL\C51\LIB\C51S.LIB (?C?LLDPDATA0)
  C:\KEIL\C51\LIB\C51S.LIB (?C?LSTIDATA)
  C:\KEIL\C51\LIB\C51S.LIB (?C?LSTPDATA)
  C:\KEIL\C51\LIB\C51S.LIB (?C?LSTKIDATA)
  C:\KEIL\C51\LIB\C51S.LIB (?C?LSTKPDATA)
  C:\KEIL\C51\LIB\C51S.LIB (?C?PLDIDATA)
  C:\KEIL\C51\LIB\C51S.LIB (?C?PSTIDATA)
  C:\KEIL\C51\LIB\C51S.LIB (?C?PLDIXDATA)
  C:\KEIL\C51\LIB\C51S.LIB (?C?PLDPDATA)
  C:\KEIL\C51\LIB\C51S.LIB (?C?PLDIPDATA)
  C:\KEIL\C51\LIB\C51S.LIB (?C?PSTPDATA)
  C:\KEIL\C51\LIB\C51S.LIB (?C?PLDCODE)


LINK MAP OF MODULE:  .\obj\164-0001-20130619 (?C_STARTUP)


            TYPE    BASE      LENGTH    RELOCATION   SEGMENT NAME
            -----------------------------------------------------

            * * * * * * *   D A T A   M E M O R Y   * * * * * * *
BL51 BANKED LINKER/LOCATER V6.22                                                      07/01/2013  09:38:04  PAGE 3


            REG     0000H     0008H     ABSOLUTE     "REG BANK 0"
            DATA    0008H     000AH     UNIT         ?DT?SEND
            DATA    0012H     0004H     UNIT         ?DT?CMDSUB
            DATA    0016H     0001H     UNIT         ?DT?KEY
            DATA    0017H     0001H     UNIT         ?DT?TIMER
            IDATA   0018H     0003H     UNIT         ?ID?ADCDRV
                    001BH     0005H                  *** GAP ***
            BIT     0020H.0   0000H.2   UNIT         ?BI?COMM
            BIT     0020H.2   0000H.2   UNIT         _BIT_GROUP_
                    0020H.4   0000H.4                *** GAP ***
            DATA    0021H     0055H     UNIT         _DATA_GROUP_
            IDATA   0076H     0001H     UNIT         ?STACK

            * * * * * * *  X D A T A   M E M O R Y  * * * * * * *
            XDATA   0000H     04B0H     UNIT         ?XD?CALIBRATION
            XDATA   04B0H     0200H     UNIT         ?XD?FLASH
            XDATA   06B0H     01A2H     UNIT         ?XD?COMM
            XDATA   0852H     019EH     UNIT         ?XD?ADCDRV
            XDATA   09F0H     00C9H     UNIT         ?XD?SEND
            XDATA   0AB9H     0041H     UNIT         ?XD?SENSOR
            XDATA   0AFAH     0038H     UNIT         ?XD?ANGAPP
            XDATA   0B32H     0018H     UNIT         ?XD?CMDSUB
            XDATA   0B4AH     000DH     UNIT         ?XD?MODBUSRTU
            XDATA   0B57H     0008H     UNIT         _XDATA_GROUP_
            XDATA   0B5FH     0005H     UNIT         ?XD?MAIN
            XDATA   0B64H     0002H     UNIT         ?XD?KEY
            XDATA   0B66H     0002H     UNIT         ?XD?TIMER

            * * * * * * *   C O D E   M E M O R Y   * * * * * * *
            CODE    0000H     0003H     ABSOLUTE     
            CODE    0003H     0020H     UNIT         ?PR?_SEND_TDEAL?SEND
            CODE    0023H     0003H     ABSOLUTE     
            CODE    0026H     0004H     UNIT         ?PR?ADC_ENABLE?ADCDRV
                    002AH     0001H                  *** GAP ***
            CODE    002BH     0003H     ABSOLUTE     
            CODE    002EH     001DH     UNIT         ?PR?COMM_TIMERPROC?COMM
            CODE    004BH     0003H     ABSOLUTE     
            CODE    004EH     0B99H     UNIT         ?C?LIB_CODE
            CODE    0BE7H     0B7AH     UNIT         ?PR?_MODRTU_RDVAL?MODBUSRTU
            CODE    1761H     091EH     UNIT         ?PR?_SEND_SDEAL?SEND
            CODE    207FH     08B1H     UNIT         ?PR?_MODRTU_WRVAL?MODBUSRTU
            CODE    2930H     0285H     UNIT         ?PR?_RAM_CALDATA2BUF?FLASH
            CODE    2BB5H     0258H     UNIT         ?CO?SEND
            CODE    2E0DH     0224H     UNIT         ?PR?_RAM_BUF2CALDATA?FLASH
            CODE    3031H     0219H     UNIT         ?PR?_SEND_RDEAL?SEND
            CODE    324AH     0203H     UNIT         ?PR?_SEND_CDEAL?SEND
            CODE    344DH     0200H     UNIT         ?CO?MODBUSCRC
            CODE    364DH     018EH     UNIT         ?PR?_SUB_STR2INT32S?SUB
            CODE    37DBH     0183H     UNIT         ?PR?ANGPROC?ANGAPP
            CODE    395EH     017CH     UNIT         ?PR?_ANG_CALCPRM?CALIBRATION
            CODE    3ADAH     016EH     UNIT         ?PR?SIN?SIN
            CODE    3C48H     0162H     UNIT         ?PR?_SUB_INT32S2STR?SUB
            CODE    3DAAH     012CH     UNIT         ?PR?_TEMP_CALCPRM?CALIBRATION
            CODE    3ED6H     0128H     UNIT         ?PR?ATAN?ATAN
            CODE    3FFEH     0118H     UNIT         ?PR?SEND_TIMEPROC?SEND
            CODE    4116H     010BH     UNIT         ?PR?ANGCALDATAINIT?CALIBRATION
            CODE    4221H     0103H     UNIT         ?PR?_MODRTU_WRREG?MODBUSRTU
BL51 BANKED LINKER/LOCATER V6.22                                                      07/01/2013  09:38:04  PAGE 4


            CODE    4324H     0102H     UNIT         ?PR?FLASH_CALDATAINIT?FLASH
            CODE    4426H     0100H     UNIT         ?PR?_SEND_WDEAL?SEND
            CODE    4526H     00EDH     UNIT         ?PR?_MODRTU_RDREG?MODBUSRTU
            CODE    4613H     00E8H     UNIT         ?PR?_TEMP_CALTREFSET?CMDSUB
            CODE    46FBH     00E4H     UNIT         ?PR?CALIBINIT?CALIBRATION
            CODE    47DFH     00DFH     UNIT         ?PR?_SUB_SENDTEMPCAL?SUB
            CODE    48BEH     00DBH     UNIT         ?PR?_SLIDEWINFILTER?FILTER
            CODE    4999H     00DAH     UNIT         ?PR?_ADC_XCALPROC?CMDSUB
            CODE    4A73H     00DAH     UNIT         ?PR?_ADC_YCALPROC?CMDSUB
            CODE    4B4DH     00D8H     UNIT         ?PR?_PANGCALC?ANGAPP
            CODE    4C25H     00BFH     UNIT         ?PR?_SUB_STR2INT16U?SUB
            CODE    4CE4H     00B7H     UNIT         ?PR?_GETOFFSET?SENSOR
            CODE    4D9BH     00B0H     UNIT         ?PR?_SUB_INT16U2STR?SUB
            CODE    4E4BH     00AAH     UNIT         ?PR?SQRT?SQRT
            CODE    4EF5H     00A7H     UNIT         ?PR?_ANG_CALC?SENSOR
            CODE    4F9CH     00A5H     UNIT         ?PR?_COMM_GETTXCHAR?COMM
            CODE    5041H     00A4H     UNIT         ?PR?_COMM_GETCHAR?COMM
            CODE    50E5H     00A1H     UNIT         ?PR?_GETANGCALCVAL?SENSOR
            CODE    5186H     0099H     UNIT         ?PR?ANGINIT?ANGAPP
            CODE    521FH     008FH     UNIT         ?PR?COMM_SOFTWAREINIT?COMM
            CODE    52AEH     008DH     UNIT         ?PR?_FLOATTOINT?MODBUSRTU
            CODE    533BH     008CH     UNIT         ?C_C51STARTUP
            CODE    53C7H     008CH     UNIT         ?PR?_COMM_PUTCHAR?COMM
            CODE    5453H     008BH     UNIT         ?PR?ADC_ISR?ADCDRV
            CODE    54DEH     008BH     UNIT         ?PR?SNPROC?SENSOR
            CODE    5569H     0087H     UNIT         ?PR?ADC_XCALSTOP?CMDSUB
            CODE    55F0H     0087H     UNIT         ?PR?ADC_YCALSTOP?CMDSUB
            CODE    5677H     0085H     UNIT         ?PR?_ADCFILTER?ADCDRV
            CODE    56FCH     0084H     UNIT         ?PR?_COMM_PUTRXCHAR?COMM
            CODE    5780H     0080H     UNIT         ?PR?_SNFILTER?SENSOR
            CODE    5800H     0076H     UNIT         ?PR?_TEMP_CALVALWR?CMDSUB
            CODE    5876H     0075H     UNIT         ?PR?_SUB_BUFBUBBLE2?SUB
            CODE    58EBH     0072H     UNIT         ?PR?COMM_ISR?COMM
            CODE    595DH     0070H     UNIT         ?PR?TEMPSORTANDCALCPRM?CMDSUB
            CODE    59CDH     006FH     UNIT         ?PR?_STRNCMP?STRNCMP
            CODE    5A3CH     006EH     UNIT         ?PR?SNINIT?SENSOR
            CODE    5AAAH     0069H     UNIT         ?PR?_SN_DATAINIT?SENSOR
            CODE    5B13H     0069H     UNIT         ?PR?_SUB_BUFBUBBLE?SUB
            CODE    5B7CH     0068H     UNIT         ?PR?_ADC_SAVEANDSWITCH?ADCDRV
            CODE    5BE4H     0068H     UNIT         ?PR?_ANGCHKDIFF?CMDSUB
            CODE    5C4CH     0066H     UNIT         ?PR?_TEMP_CALSAMP?CMDSUB
            CODE    5CB2H     0065H     UNIT         ?PR?_FLASH_BUFWR?FLASH
            CODE    5D17H     0065H     UNIT         ?PR?_SEND_UDEAL?SEND
            CODE    5D7CH     0065H     UNIT         ?PR?SUB_SENDPRMTALL?SUB
            CODE    5DE1H     005DH     UNIT         ?PR?_FILTER_1ST?FILTER
            CODE    5E3EH     005CH     UNIT         ?PR?TEMPCALDATAINIT?CALIBRATION
            CODE    5E9AH     005BH     UNIT         ?PR?SUB_SENDTCALTEST?SUB
            CODE    5EF5H     005AH     UNIT         ?PR?_SUB_STR2INT16S?SUB
            CODE    5F4FH     0057H     UNIT         ?PR?_FLASH_BUFRD?FLASH
            CODE    5FA6H     0056H     UNIT         ?PR?FLASHAREA_USER?FLASH
            CODE    5FFCH     0056H     UNIT         ?PR?_SUB_SBUFSWITCH?SUB
            CODE    6052H     0054H     UNIT         ?PR?_SUB_SENDANGXCAL?SUB
            CODE    60A6H     0052H     UNIT         ?PR?_STRNCPY?STRNCPY
            CODE    60F8H     0050H     UNIT         ?PR?RAM_CALDATAINIT_USER?FLASH
            CODE    6148H     004FH     UNIT         ?PR?_FLASH_CALDATAUPDATE_USER?FLASH
            CODE    6197H     004FH     UNIT         ?PR?INIT_SYSTEMPARA?INIT
            CODE    61E6H     004FH     UNIT         ?CO?SUB
BL51 BANKED LINKER/LOCATER V6.22                                                      07/01/2013  09:38:04  PAGE 5


            CODE    6235H     004CH     UNIT         ?PR?GETXANGALLSETVAL?ANGAPP
            CODE    6281H     004CH     UNIT         ?PR?GETYANGALLSETVAL?ANGAPP
            CODE    62CDH     004CH     UNIT         ?PR?_SUB_16SBUFSWITCH?SUB
            CODE    6319H     004CH     UNIT         ?PR?_SUB_UBUFSWITCH?SUB
            CODE    6365H     004AH     UNIT         ?PR?ADCENTITYINIT?ADCDRV
            CODE    63AFH     0048H     UNIT         ?PR?_SUB_SENDADCTXY?SUB
            CODE    63F7H     0048H     UNIT         ?PR?_SUB_SENDANGYCAL?SUB
            CODE    643FH     0045H     UNIT         ?PR?_MODRTU_RLYERROR?MODBUSRTU
            CODE    6484H     0044H     UNIT         ?C?LDIV
            CODE    64C8H     0043H     UNIT         ?PR?FLASH_CALDATAUPDATE?FLASH
            CODE    650BH     0043H     UNIT         ?PR?KEY_DOWN?KEY
            CODE    654EH     003FH     UNIT         ?PR?SUB_SENDANGXYP?SUB
            CODE    658DH     003DH     UNIT         ?PR?TIMER2_ISR?TIMER
            CODE    65CAH     003CH     UNIT         ?PR?_MODRTU_RXPROC?MODBUSRTU
            CODE    6606H     003CH     UNIT         ?PR?SUB_SENDID?SUB
            CODE    6642H     003CH     UNIT         ?PR?_SUB_STR2INT8U?SUB
            CODE    667EH     003BH     UNIT         ?PR?ASIN?ASIN
            CODE    66B9H     0038H     UNIT         ?PR?TIMER2_INIT?TIMER
            CODE    66F1H     0037H     UNIT         ?PR?_FLASH_CHECKSUM?FLASH
            CODE    6728H     0036H     UNIT         ?PR?TIMER2_TASKINISR?TIMER
            CODE    675EH     0035H     UNIT         ?PR?_MODBUSCRCCNT?MODBUSCRC
            CODE    6793H     0034H     UNIT         ?PR?MAIN?MAIN
            CODE    67C7H     0034H     UNIT         ?PR?_COMM_PUTINT16S?SUB
            CODE    67FBH     0033H     UNIT         ?PR?_MODRTU_SETZERO?MODBUSRTU
            CODE    682EH     0032H     UNIT         ?PR?_FLASHUPDATE?FLASH
            CODE    6860H     002FH     UNIT         ?C_INITSEG
            CODE    688FH     002FH     UNIT         ?PR?_SUB_STRALARMCHECK?SUB
            CODE    68BEH     002EH     UNIT         ?PR?ADC_SETINIT?ADCDRV
            CODE    68ECH     002EH     UNIT         ?PR?GETANGP?ANGAPP
            CODE    691AH     002BH     UNIT         ?PR?SUB_SENDANGXY?SUB
            CODE    6945H     0029H     UNIT         ?PR?_FLASH_PAGEERASE?FLASH
            CODE    696EH     0028H     UNIT         ?PR?KEY_PROC?KEY
            CODE    6996H     0028H     UNIT         ?PR?_MODRTU_WRADDR?MODBUSRTU
            CODE    69BEH     0025H     UNIT         ?PR?_MODRTU_WRBAUD?MODBUSRTU
            CODE    69E3H     0024H     UNIT         ?PR?_SETANGZERO?ANGAPP
            CODE    6A07H     0024H     UNIT         ?PR?_VALINRANGE?FILTER
            CODE    6A2BH     0023H     UNIT         ?PR?SYS_PORTINIT?INIT
            CODE    6A4EH     0022H     UNIT         ?PR?_SUB_INT16S2STR?SUB
            CODE    6A70H     0021H     UNIT         ?PR?_COMM_PUTSTR?COMM
            CODE    6A91H     0021H     UNIT         ?PR?_MODRTU_WR16U?MODBUSRTU
            CODE    6AB2H     0020H     UNIT         ?PR?_SUB_INT8U2STR?SUB
            CODE    6AD2H     001EH     UNIT         ?PR?_SETANGZEROADD?ANGAPP
            CODE    6AF0H     001EH     UNIT         ?PR?_ALARMX?ANGAPP
            CODE    6B0EH     001EH     UNIT         ?PR?_ALARMY?ANGAPP
            CODE    6B2CH     001EH     UNIT         ?PR?_ALARMS?ANGAPP
            CODE    6B4AH     001EH     UNIT         ?PR?COMM_HARDWAREINIT?COMM
            CODE    6B68H     001CH     UNIT         ?PR?_COMM_PUTINT16U?SUB
            CODE    6B84H     001CH     UNIT         ?PR?SUB_SENDSYSNUM?SUB
            CODE    6BA0H     001BH     UNIT         ?PR?INIT_ALL?INIT
            CODE    6BBBH     001BH     UNIT         ?PR?SNXDATAINIT?SENSOR
            CODE    6BD6H     001BH     UNIT         ?PR?SNYDATAINIT?SENSOR
            CODE    6BF1H     001AH     UNIT         ?CO?ADCDRV
            CODE    6C0BH     0019H     UNIT         ?PR?SYS_CLKINIT?INIT
            CODE    6C24H     0018H     UNIT         ?PR?FLASH_USERDATAUPDATE?FLASH
            CODE    6C3CH     0017H     UNIT         ?PR?_TEMP_RDTEMPVAL?CALIBRATION
            CODE    6C53H     0017H     UNIT         ?PR?_TEMP_WRTEMPVAL?CALIBRATION
            CODE    6C6AH     0017H     UNIT         ?PR?ADC_XCALSTA?CMDSUB
BL51 BANKED LINKER/LOCATER V6.22                                                      07/01/2013  09:38:04  PAGE 6


            CODE    6C81H     0017H     UNIT         ?PR?ADC_YCALSTA?CMDSUB
            CODE    6C98H     0017H     UNIT         ?PR?_DELAY_MS?DELAY
            CODE    6CAFH     0016H     UNIT         ?PR?TEMP_CALSTOP?CMDSUB
            CODE    6CC5H     0016H     UNIT         ?PR?_MODRTU_CHKCRC?MODBUSRTU
            CODE    6CDBH     0016H     UNIT         ?PR?_COMM_PUTINT8U?SUB
            CODE    6CF1H     0015H     UNIT         ?PR?_SETTEMPXCALTEMPVAL?CALIBRATION
            CODE    6D06H     0015H     UNIT         ?PR?_SETTEMPYCALTEMPVAL?CALIBRATION
            CODE    6D1BH     0015H     UNIT         ?PR?_SETTEMPXCALADCVAL?CALIBRATION
            CODE    6D30H     0015H     UNIT         ?PR?_SETANGXCALADCVAL?CALIBRATION
            CODE    6D45H     0015H     UNIT         ?PR?_SETTEMPYCALADCVAL?CALIBRATION
            CODE    6D5AH     0015H     UNIT         ?PR?_SETANGYCALADCVAL?CALIBRATION
            CODE    6D6FH     0014H     UNIT         ?PR?_COMM_PUTINT32S?SUB
            CODE    6D83H     0012H     UNIT         ?PR?TEMP_CALSTA?CMDSUB
            CODE    6D95H     0012H     UNIT         ?PR?_SNXFILTER?SENSOR
            CODE    6DA7H     0012H     UNIT         ?PR?_SNYFILTER?SENSOR
            CODE    6DB9H     0012H     UNIT         ?PR?TIMER2_TASKINMAIN?TIMER
            CODE    6DCBH     0011H     UNIT         ?PR?_TEMP_RDADCVAL?CALIBRATION
            CODE    6DDCH     0011H     UNIT         ?PR?_TEMP_WRADCVAL?CALIBRATION
            CODE    6DEDH     0011H     UNIT         ?PR?_ANG_RDADCVAL?CALIBRATION
            CODE    6DFEH     0011H     UNIT         ?PR?_ANG_WRADCVAL?CALIBRATION
            CODE    6E0FH     0011H     UNIT         ?PR?SUB_SENDOK?SUB
            CODE    6E20H     0011H     UNIT         ?PR?SUB_SENDERR?SUB
            CODE    6E31H     0011H     UNIT         ?PR?SUB_SENDSOFTVER?SUB
            CODE    6E42H     000FH     UNIT         ?PR?DELAY_100US?DELAY
            CODE    6E51H     000FH     UNIT         ?PR?GET_MCUTEMP?SENSOR
            CODE    6E60H     000EH     UNIT         ?PR?_ANG_RDANGVAL?CALIBRATION
            CODE    6E6EH     000EH     UNIT         ?PR?_ANG_WRANGVAL?CALIBRATION
            CODE    6E7CH     000EH     UNIT         ?PR?FLASHCHK?FLASH
            CODE    6E8AH     000DH     UNIT         ?PR?_SETANGXSET?ANGAPP
            CODE    6E97H     000DH     UNIT         ?PR?_SETANGYSET?ANGAPP
            CODE    6EA4H     000DH     UNIT         ?PR?_SETANGPSET?ANGAPP
            CODE    6EB1H     000DH     UNIT         ?PR?_MODRTU_RD16U?MODBUSRTU
            CODE    6EBEH     000CH     UNIT         ?PR?ADC_INIT?ADCDRV
            CODE    6ECAH     000CH     UNIT         ?PR?_GETTEMPXCALTEMPVAL?CALIBRATION
            CODE    6ED6H     000CH     UNIT         ?PR?_GETANGXCALANGVAL?CALIBRATION
            CODE    6EE2H     000CH     UNIT         ?PR?_GETTEMPYCALTEMPVAL?CALIBRATION
            CODE    6EEEH     000CH     UNIT         ?PR?_GETANGYCALANGVAL?CALIBRATION
            CODE    6EFAH     000CH     UNIT         ?PR?_GETTEMPXCALADCVAL?CALIBRATION
            CODE    6F06H     000CH     UNIT         ?PR?_GETANGXCALADCVAL?CALIBRATION
            CODE    6F12H     000CH     UNIT         ?PR?_GETTEMPYCALADCVAL?CALIBRATION
            CODE    6F1EH     000CH     UNIT         ?PR?_GETANGYCALADCVAL?CALIBRATION
            CODE    6F2AH     000CH     UNIT         ?PR?_SETANGXCALANGVAL?CALIBRATION
            CODE    6F36H     000CH     UNIT         ?PR?_SETANGYCALANGVAL?CALIBRATION
            CODE    6F42H     000CH     UNIT         ?PR?_MODRTU_8TO16?MODBUSRTU
            CODE    6F4EH     000BH     UNIT         ?PR?_SETTEMPXCALCNT?CALIBRATION
            CODE    6F59H     000BH     UNIT         ?PR?_SETANGXCALCNT?CALIBRATION
            CODE    6F64H     000BH     UNIT         ?PR?_SETTEMPYCALCNT?CALIBRATION
            CODE    6F6FH     000BH     UNIT         ?PR?_SETANGYCALCNT?CALIBRATION
            CODE    6F7AH     000BH     UNIT         ?PR?_DELAY_CYC?DELAY
            CODE    6F85H     000BH     UNIT         ?PR?_MODRTU_WRCRC?MODBUSRTU
            CODE    6F90H     000BH     UNIT         ?PR?SUB_SYSRST?SUB
            CODE    6F9BH     000AH     UNIT         ?PR?COMM_TIMERINIT?COMM
            CODE    6FA5H     000AH     UNIT         ?PR?DELAY_MS_?DELAY
            CODE    6FAFH     000AH     UNIT         ?PR?COMM_PUTNEWLINE?SUB
            CODE    6FB9H     0009H     UNIT         ?PR?ADC_GETXVAL?ADCDRV
            CODE    6FC2H     0009H     UNIT         ?PR?ADC_GETYVAL?ADCDRV
            CODE    6FCBH     0009H     UNIT         ?PR?ADC_GETTEMP?ADCDRV
BL51 BANKED LINKER/LOCATER V6.22                                                      07/01/2013  09:38:04  PAGE 7


            CODE    6FD4H     0009H     UNIT         ?PR?TEMPXCALCPRM?CALIBRATION
            CODE    6FDDH     0009H     UNIT         ?PR?TEMPYCALCPRM?CALIBRATION
            CODE    6FE6H     0009H     UNIT         ?PR?ANGXCALCPRM?CALIBRATION
            CODE    6FEFH     0009H     UNIT         ?PR?ANGYCALCPRM?CALIBRATION
            CODE    6FF8H     0009H     UNIT         ?CO?KEY
            CODE    7001H     0009H     UNIT         ?PR?ANGXCALC?SENSOR
            CODE    700AH     0009H     UNIT         ?PR?ANGYCALC?SENSOR
            CODE    7013H     0009H     UNIT         ?PR?GETXFTVAL?SENSOR
            CODE    701CH     0009H     UNIT         ?PR?GETYFTVAL?SENSOR
            CODE    7025H     0009H     UNIT         ?PR?GETXOFTVAL?SENSOR
            CODE    702EH     0009H     UNIT         ?PR?GETYOFTVAL?SENSOR
            CODE    7037H     0009H     UNIT         ?PR?_SUB_SENDOFFSET?SUB
            CODE    7040H     0008H     UNIT         ?PR?_SETTEMPCALCNT?CALIBRATION
            CODE    7048H     0008H     UNIT         ?PR?_SETANGCALCNT?CALIBRATION
            CODE    7050H     0008H     UNIT         ?PR?_GETXOFFSET?SENSOR
            CODE    7058H     0008H     UNIT         ?PR?_GETYOFFSET?SENSOR
            CODE    7060H     0007H     UNIT         ?PR?GETANGXSYSZERO?ANGAPP
            CODE    7067H     0007H     UNIT         ?PR?GETANGYSYSZERO?ANGAPP
            CODE    706EH     0007H     UNIT         ?PR?GETANGXUSRZERO?ANGAPP
            CODE    7075H     0007H     UNIT         ?PR?GETANGYUSRZERO?ANGAPP
            CODE    707CH     0007H     UNIT         ?PR?GETANGXINST?ANGAPP
            CODE    7083H     0007H     UNIT         ?PR?GETANGYINST?ANGAPP
            CODE    708AH     0007H     UNIT         ?PR?GETANGXSET?ANGAPP
            CODE    7091H     0007H     UNIT         ?PR?GETANGYSET?ANGAPP
            CODE    7098H     0007H     UNIT         ?PR?GETANGPSET?ANGAPP
            CODE    709FH     0007H     UNIT         ?PR?GETANGXZEROUSR?ANGAPP
            CODE    70A6H     0007H     UNIT         ?PR?GETANGYZEROUSR?ANGAPP
            CODE    70ADH     0007H     UNIT         ?PR?GETANGXRELSYS?ANGAPP
            CODE    70B4H     0007H     UNIT         ?PR?GETANGYRELSYS?ANGAPP
            CODE    70BBH     0007H     UNIT         ?PR?MAIN_TEMP?MAIN
            CODE    70C2H     0007H     UNIT         ?PR?GETXANG?SENSOR
            CODE    70C9H     0007H     UNIT         ?PR?GETYANG?SENSOR
            CODE    70D0H     0006H     UNIT         ?PR?_SETANGXSYSZERO?ANGAPP
            CODE    70D6H     0006H     UNIT         ?PR?_SETANGYSYSZERO?ANGAPP
            CODE    70DCH     0006H     UNIT         ?PR?_SETANGXUSRZERO?ANGAPP
            CODE    70E2H     0006H     UNIT         ?PR?_SETANGYUSRZERO?ANGAPP
            CODE    70E8H     0006H     UNIT         ?PR?_SETANGXINST?ANGAPP
            CODE    70EEH     0006H     UNIT         ?PR?_SETANGYINST?ANGAPP
            CODE    70F4H     0006H     UNIT         ?PR?GETTEMPXCALCNT?CALIBRATION
            CODE    70FAH     0006H     UNIT         ?PR?GETANGXCALCNT?CALIBRATION
            CODE    7100H     0006H     UNIT         ?PR?GETANGYCALCNT?CALIBRATION
            CODE    7106H     0006H     UNIT         ?PR?COMM_SENDSTA?COMM
            CODE    710CH     0006H     UNIT         ?PR?RAM_CALDATAINIT?FLASH
            CODE    7112H     0006H     UNIT         ?PR?GETFILTERCNT?SENSOR
            CODE    7118H     0006H     UNIT         ?PR?_SETFILTERCNT?SENSOR
            CODE    711EH     0004H     UNIT         ?PR?ADC_VREFINIT?ADCDRV
            CODE    7122H     0004H     UNIT         ?PR?ADC_ISRINIT?ADCDRV
            CODE    7126H     0004H     UNIT         ?PR?_TEMP_SETCALCNT?CALIBRATION
            CODE    712AH     0004H     UNIT         ?PR?_ANG_SETCALCNT?CALIBRATION
            CODE    712EH     0004H     UNIT         ?PR?COMM_SENDSTOP?COMM



OVERLAY MAP OF MODULE:   .\obj\164-0001-20130619 (?C_STARTUP)


SEGMENT                                        BIT_GROUP          DATA_GROUP          XDATA_GROUP
BL51 BANKED LINKER/LOCATER V6.22                                                      07/01/2013  09:38:04  PAGE 8


  +--> CALLED SEGMENT                       START    LENGTH     START    LENGTH     START    LENGTH
---------------------------------------------------------------------------------------------------
?C_C51STARTUP                               -----    -----      -----    -----      -----    -----
  +--> ?PR?MAIN?MAIN
  +--> ?C_INITSEG

?PR?MAIN?MAIN                               -----    -----      -----    -----      -----    -----
  +--> ?PR?INIT_ALL?INIT
  +--> ?PR?FLASH_CALDATAINIT?FLASH
  +--> ?PR?MAIN_TEMP?MAIN
  +--> ?PR?_DELAY_MS?DELAY
  +--> ?PR?SNPROC?SENSOR
  +--> ?PR?TIMER2_TASKINMAIN?TIMER
  +--> ?PR?SEND_TIMEPROC?SEND
  +--> ?PR?KEY_PROC?KEY
  +--> ?PR?ANGPROC?ANGAPP

?PR?INIT_ALL?INIT                           -----    -----      -----    -----      -----    -----
  +--> ?PR?SYS_PORTINIT?INIT
  +--> ?PR?SYS_CLKINIT?INIT
  +--> ?PR?COMM_HARDWAREINIT?COMM
  +--> ?PR?COMM_SOFTWAREINIT?COMM
  +--> ?PR?TIMER2_INIT?TIMER
  +--> ?PR?INIT_SYSTEMPARA?INIT
  +--> ?PR?ANGINIT?ANGAPP
  +--> ?PR?ADC_INIT?ADCDRV
  +--> ?PR?ADC_ENABLE?ADCDRV

?PR?COMM_SOFTWAREINIT?COMM                  -----    -----      0021H    0003H      -----    -----

?PR?TIMER2_INIT?TIMER                       -----    -----      -----    -----      -----    -----
  +--> ?CO?SEND

?PR?INIT_SYSTEMPARA?INIT                    -----    -----      -----    -----      -----    -----
  +--> ?CO?SEND

?PR?ANGINIT?ANGAPP                          -----    -----      -----    -----      -----    -----
  +--> ?PR?SNINIT?SENSOR
  +--> ?PR?_SETANGXINST?ANGAPP
  +--> ?PR?_SETANGYINST?ANGAPP
  +--> ?PR?_SETANGXSYSZERO?ANGAPP
  +--> ?PR?_SETANGYSYSZERO?ANGAPP
  +--> ?PR?_SETANGXUSRZERO?ANGAPP
  +--> ?PR?_SETANGYUSRZERO?ANGAPP
  +--> ?PR?_SETANGXSET?ANGAPP
  +--> ?PR?_SETANGYSET?ANGAPP
  +--> ?PR?_SETANGPSET?ANGAPP

?PR?SNINIT?SENSOR                           -----    -----      -----    -----      -----    -----
  +--> ?PR?CALIBINIT?CALIBRATION
  +--> ?PR?_SETFILTERCNT?SENSOR
  +--> ?PR?SNXDATAINIT?SENSOR
  +--> ?PR?_SNXFILTER?SENSOR
  +--> ?PR?_GETXOFFSET?SENSOR
  +--> ?PR?ANGXCALC?SENSOR
  +--> ?PR?SNYDATAINIT?SENSOR
  +--> ?PR?_SNYFILTER?SENSOR
BL51 BANKED LINKER/LOCATER V6.22                                                      07/01/2013  09:38:04  PAGE 9


  +--> ?PR?_GETYOFFSET?SENSOR
  +--> ?PR?ANGYCALC?SENSOR

?PR?CALIBINIT?CALIBRATION                   -----    -----      -----    -----      -----    -----
  +--> ?PR?_SETTEMPXCALCNT?CALIBRATION
  +--> ?PR?_GETTEMPXCALTEMPVAL?CALIBRATION
  +--> ?PR?_GETTEMPXCALADCVAL?CALIBRATION
  +--> ?PR?_SETTEMPXCALTEMPVAL?CALIBRATION
  +--> ?PR?_SETTEMPXCALADCVAL?CALIBRATION
  +--> ?PR?_SETTEMPYCALCNT?CALIBRATION
  +--> ?PR?_GETTEMPYCALTEMPVAL?CALIBRATION
  +--> ?PR?_GETTEMPYCALADCVAL?CALIBRATION
  +--> ?PR?_SETTEMPYCALTEMPVAL?CALIBRATION
  +--> ?PR?_SETTEMPYCALADCVAL?CALIBRATION
  +--> ?PR?_SETANGXCALCNT?CALIBRATION
  +--> ?PR?_GETANGXCALANGVAL?CALIBRATION
  +--> ?PR?_GETANGXCALADCVAL?CALIBRATION
  +--> ?PR?_SETANGXCALANGVAL?CALIBRATION
  +--> ?PR?_SETANGXCALADCVAL?CALIBRATION
  +--> ?PR?_SETANGYCALCNT?CALIBRATION
  +--> ?PR?_GETANGYCALANGVAL?CALIBRATION
  +--> ?PR?_GETANGYCALADCVAL?CALIBRATION
  +--> ?PR?_SETANGYCALANGVAL?CALIBRATION
  +--> ?PR?_SETANGYCALADCVAL?CALIBRATION

?PR?_SETTEMPXCALCNT?CALIBRATION             -----    -----      -----    -----      -----    -----
  +--> ?PR?_TEMP_SETCALCNT?CALIBRATION

?PR?_GETTEMPXCALTEMPVAL?CALIBRATION         -----    -----      -----    -----      -----    -----
  +--> ?PR?_TEMP_RDTEMPVAL?CALIBRATION

?PR?_GETTEMPXCALADCVAL?CALIBRATION          -----    -----      -----    -----      -----    -----
  +--> ?PR?_TEMP_RDADCVAL?CALIBRATION

?PR?_SETTEMPXCALTEMPVAL?CALIBRATION         -----    -----      -----    -----      -----    -----
  +--> ?PR?_TEMP_WRTEMPVAL?CALIBRATION

?PR?_TEMP_WRTEMPVAL?CALIBRATION             -----    -----      0026H    0006H      -----    -----

?PR?_SETTEMPXCALADCVAL?CALIBRATION          -----    -----      -----    -----      -----    -----
  +--> ?PR?_TEMP_WRADCVAL?CALIBRATION

?PR?_TEMP_WRADCVAL?CALIBRATION              -----    -----      0026H    0006H      -----    -----

?PR?_SETTEMPYCALCNT?CALIBRATION             -----    -----      -----    -----      -----    -----
  +--> ?PR?_TEMP_SETCALCNT?CALIBRATION

?PR?_GETTEMPYCALTEMPVAL?CALIBRATION         -----    -----      -----    -----      -----    -----
  +--> ?PR?_TEMP_RDTEMPVAL?CALIBRATION

?PR?_GETTEMPYCALADCVAL?CALIBRATION          -----    -----      -----    -----      -----    -----
  +--> ?PR?_TEMP_RDADCVAL?CALIBRATION

?PR?_SETTEMPYCALTEMPVAL?CALIBRATION         -----    -----      -----    -----      -----    -----
  +--> ?PR?_TEMP_WRTEMPVAL?CALIBRATION

?PR?_SETTEMPYCALADCVAL?CALIBRATION          -----    -----      -----    -----      -----    -----
BL51 BANKED LINKER/LOCATER V6.22                                                      07/01/2013  09:38:04  PAGE 10


  +--> ?PR?_TEMP_WRADCVAL?CALIBRATION

?PR?_SETANGXCALCNT?CALIBRATION              -----    -----      -----    -----      -----    -----
  +--> ?PR?_ANG_SETCALCNT?CALIBRATION

?PR?_GETANGXCALANGVAL?CALIBRATION           -----    -----      -----    -----      -----    -----
  +--> ?PR?_ANG_RDANGVAL?CALIBRATION

?PR?_GETANGXCALADCVAL?CALIBRATION           -----    -----      -----    -----      -----    -----
  +--> ?PR?_ANG_RDADCVAL?CALIBRATION

?PR?_SETANGXCALANGVAL?CALIBRATION           -----    -----      0039H    0005H      -----    -----
  +--> ?PR?_ANG_WRANGVAL?CALIBRATION

?PR?_ANG_WRANGVAL?CALIBRATION               -----    -----      003EH    0008H      -----    -----

?PR?_SETANGXCALADCVAL?CALIBRATION           -----    -----      -----    -----      -----    -----
  +--> ?PR?_ANG_WRADCVAL?CALIBRATION

?PR?_ANG_WRADCVAL?CALIBRATION               -----    -----      0039H    0006H      -----    -----

?PR?_SETANGYCALCNT?CALIBRATION              -----    -----      -----    -----      -----    -----
  +--> ?PR?_ANG_SETCALCNT?CALIBRATION

?PR?_GETANGYCALANGVAL?CALIBRATION           -----    -----      -----    -----      -----    -----
  +--> ?PR?_ANG_RDANGVAL?CALIBRATION

?PR?_GETANGYCALADCVAL?CALIBRATION           -----    -----      -----    -----      -----    -----
  +--> ?PR?_ANG_RDADCVAL?CALIBRATION

?PR?_SETANGYCALANGVAL?CALIBRATION           -----    -----      0039H    0005H      -----    -----
  +--> ?PR?_ANG_WRANGVAL?CALIBRATION

?PR?_SETANGYCALADCVAL?CALIBRATION           -----    -----      -----    -----      -----    -----
  +--> ?PR?_ANG_WRADCVAL?CALIBRATION

?PR?SNXDATAINIT?SENSOR                      -----    -----      -----    -----      -----    -----
  +--> ?PR?_SN_DATAINIT?SENSOR

?PR?_SN_DATAINIT?SENSOR                     -----    -----      0021H    0009H      -----    -----

?PR?_SNXFILTER?SENSOR                       -----    -----      -----    -----      -----    -----
  +--> ?PR?_SNFILTER?SENSOR

?PR?_SNFILTER?SENSOR                        -----    -----      0021H    0006H      -----    -----
  +--> ?PR?_VALINRANGE?FILTER
  +--> ?PR?_FILTER_1ST?FILTER

?PR?_FILTER_1ST?FILTER                      -----    -----      0027H    0007H      -----    -----

?PR?_GETXOFFSET?SENSOR                      -----    -----      -----    -----      -----    -----
  +--> ?PR?_GETOFFSET?SENSOR

?PR?_GETOFFSET?SENSOR                       -----    -----      0021H    0006H      -----    -----

?PR?ANGXCALC?SENSOR                         -----    -----      -----    -----      -----    -----
  +--> ?PR?_ANG_CALC?SENSOR
BL51 BANKED LINKER/LOCATER V6.22                                                      07/01/2013  09:38:04  PAGE 11



?PR?_ANG_CALC?SENSOR                        -----    -----      0021H    0007H      -----    -----
  +--> ?PR?_GETANGCALCVAL?SENSOR
  +--> ?PR?ASIN?ASIN

?PR?_GETANGCALCVAL?SENSOR                   -----    -----      0028H    0006H      -----    -----

?PR?ASIN?ASIN                               -----    -----      -----    -----      -----    -----
  +--> ?PR?SQRT?SQRT
  +--> ?PR?ATAN?ATAN

?PR?SQRT?SQRT                               -----    -----      004AH    0004H      -----    -----

?PR?ATAN?ATAN                               0020H.2  0000H.2    004AH    0004H      -----    -----

?PR?SNYDATAINIT?SENSOR                      -----    -----      -----    -----      -----    -----
  +--> ?PR?_SN_DATAINIT?SENSOR

?PR?_SNYFILTER?SENSOR                       -----    -----      -----    -----      -----    -----
  +--> ?PR?_SNFILTER?SENSOR

?PR?_GETYOFFSET?SENSOR                      -----    -----      -----    -----      -----    -----
  +--> ?PR?_GETOFFSET?SENSOR

?PR?ANGYCALC?SENSOR                         -----    -----      -----    -----      -----    -----
  +--> ?PR?_ANG_CALC?SENSOR

?PR?ADC_INIT?ADCDRV                         -----    -----      -----    -----      -----    -----
  +--> ?PR?ADC_SETINIT?ADCDRV
  +--> ?PR?ADC_VREFINIT?ADCDRV
  +--> ?PR?ADC_ISRINIT?ADCDRV
  +--> ?PR?ADCENTITYINIT?ADCDRV

?PR?FLASH_CALDATAINIT?FLASH                 -----    -----      0021H    0001H      -----    -----
  +--> ?PR?_FLASH_BUFRD?FLASH
  +--> ?PR?FLASHCHK?FLASH
  +--> ?PR?RAM_CALDATAINIT?FLASH
  +--> ?PR?FLASH_CALDATAUPDATE?FLASH
  +--> ?PR?_RAM_BUF2CALDATA?FLASH
  +--> ?PR?_FLASH_CHECKSUM?FLASH
  +--> ?PR?FLASHAREA_USER?FLASH
  +--> ?PR?_FLASH_CALDATAUPDATE_USER?FLASH
  +--> ?PR?GETANGXCALCNT?CALIBRATION
  +--> ?PR?GETANGYCALCNT?CALIBRATION
  +--> ?PR?ADC_XCALSTOP?CMDSUB
  +--> ?PR?ADC_YCALSTOP?CMDSUB
  +--> ?PR?TEMP_CALSTOP?CMDSUB
  +--> ?CO?SEND

?PR?_FLASH_BUFRD?FLASH                      0020H.2  0000H.1    0022H    0009H      -----    -----

?PR?RAM_CALDATAINIT?FLASH                   -----    -----      -----    -----      -----    -----
  +--> ?PR?ANGCALDATAINIT?CALIBRATION
  +--> ?PR?TEMPCALDATAINIT?CALIBRATION

?PR?ANGCALDATAINIT?CALIBRATION              -----    -----      -----    -----      -----    -----
  +--> ?PR?_SETANGCALCNT?CALIBRATION
BL51 BANKED LINKER/LOCATER V6.22                                                      07/01/2013  09:38:04  PAGE 12



?PR?_SETANGCALCNT?CALIBRATION               -----    -----      -----    -----      -----    -----
  +--> ?PR?_SETANGXCALCNT?CALIBRATION
  +--> ?PR?_SETANGYCALCNT?CALIBRATION

?PR?TEMPCALDATAINIT?CALIBRATION             -----    -----      0022H    0001H      -----    -----
  +--> ?PR?_SETTEMPCALCNT?CALIBRATION

?PR?_SETTEMPCALCNT?CALIBRATION              -----    -----      -----    -----      -----    -----
  +--> ?PR?_SETTEMPXCALCNT?CALIBRATION
  +--> ?PR?_SETTEMPYCALCNT?CALIBRATION

?PR?FLASH_CALDATAUPDATE?FLASH               -----    -----      -----    -----      -----    -----
  +--> ?PR?_RAM_CALDATA2BUF?FLASH
  +--> ?PR?_FLASHUPDATE?FLASH

?PR?_RAM_CALDATA2BUF?FLASH                  -----    -----      0042H    0006H      -----    -----
  +--> ?PR?_GETANGXCALANGVAL?CALIBRATION
  +--> ?PR?_GETANGYCALANGVAL?CALIBRATION
  +--> ?PR?_GETANGXCALADCVAL?CALIBRATION
  +--> ?PR?_GETANGYCALADCVAL?CALIBRATION
  +--> ?PR?_GETTEMPXCALTEMPVAL?CALIBRATION
  +--> ?PR?_GETTEMPXCALADCVAL?CALIBRATION
  +--> ?PR?_GETTEMPYCALADCVAL?CALIBRATION
  +--> ?PR?GETANGXCALCNT?CALIBRATION
  +--> ?PR?GETTEMPXCALCNT?CALIBRATION
  +--> ?PR?GETANGXSYSZERO?ANGAPP
  +--> ?PR?GETANGYSYSZERO?ANGAPP
  +--> ?PR?GETFILTERCNT?SENSOR
  +--> ?PR?GETANGXUSRZERO?ANGAPP
  +--> ?PR?GETANGYUSRZERO?ANGAPP
  +--> ?PR?GETANGXINST?ANGAPP
  +--> ?PR?GETANGYINST?ANGAPP
  +--> ?PR?GETANGXSET?ANGAPP
  +--> ?PR?GETANGYSET?ANGAPP
  +--> ?PR?GETANGPSET?ANGAPP
  +--> ?PR?_FLASH_CHECKSUM?FLASH

?PR?_FLASH_CHECKSUM?FLASH                   -----    -----      0048H    0005H      -----    -----

?PR?_FLASHUPDATE?FLASH                      0020H.2  0000H.1    0042H    0007H      -----    -----
  +--> ?PR?_FLASH_PAGEERASE?FLASH
  +--> ?PR?_DELAY_MS?DELAY
  +--> ?PR?_FLASH_BUFWR?FLASH

?PR?_FLASH_PAGEERASE?FLASH                  0020H.3  0000H.1    -----    -----      -----    -----

?PR?_DELAY_MS?DELAY                         -----    -----      -----    -----      -----    -----
  +--> ?PR?DELAY_MS_?DELAY

?PR?DELAY_MS_?DELAY                         -----    -----      -----    -----      -----    -----
  +--> ?PR?DELAY_100US?DELAY

?PR?_FLASH_BUFWR?FLASH                      0020H.3  0000H.1    0049H    000BH      -----    -----

?PR?_RAM_BUF2CALDATA?FLASH                  -----    -----      0022H    0004H      -----    -----
  +--> ?PR?_SETANGXCALANGVAL?CALIBRATION
BL51 BANKED LINKER/LOCATER V6.22                                                      07/01/2013  09:38:04  PAGE 13


  +--> ?PR?_SETANGYCALANGVAL?CALIBRATION
  +--> ?PR?_SETANGXCALADCVAL?CALIBRATION
  +--> ?PR?_SETANGYCALADCVAL?CALIBRATION
  +--> ?PR?_SETTEMPXCALTEMPVAL?CALIBRATION
  +--> ?PR?_SETTEMPXCALADCVAL?CALIBRATION
  +--> ?PR?_SETTEMPYCALADCVAL?CALIBRATION
  +--> ?PR?_SETANGCALCNT?CALIBRATION
  +--> ?PR?_SETTEMPCALCNT?CALIBRATION
  +--> ?PR?_SETANGXSYSZERO?ANGAPP
  +--> ?PR?_SETANGYSYSZERO?ANGAPP
  +--> ?PR?_SETFILTERCNT?SENSOR
  +--> ?PR?_SETANGXUSRZERO?ANGAPP
  +--> ?PR?_SETANGYUSRZERO?ANGAPP
  +--> ?PR?_SETANGXINST?ANGAPP
  +--> ?PR?_SETANGYINST?ANGAPP
  +--> ?PR?_SETANGXSET?ANGAPP
  +--> ?PR?_SETANGYSET?ANGAPP
  +--> ?PR?_SETANGPSET?ANGAPP

?PR?FLASHAREA_USER?FLASH                    -----    -----      -----    -----      -----    -----
  +--> ?PR?_FLASH_BUFRD?FLASH
  +--> ?PR?FLASHCHK?FLASH
  +--> ?PR?_FLASH_CHECKSUM?FLASH
  +--> ?PR?RAM_CALDATAINIT_USER?FLASH
  +--> ?PR?_FLASH_CALDATAUPDATE_USER?FLASH
  +--> ?PR?_RAM_BUF2CALDATA?FLASH

?PR?RAM_CALDATAINIT_USER?FLASH              -----    -----      -----    -----      -----    -----
  +--> ?PR?_SETANGXUSRZERO?ANGAPP
  +--> ?PR?_SETANGYUSRZERO?ANGAPP
  +--> ?PR?_SETANGXSET?ANGAPP
  +--> ?PR?_SETANGYSET?ANGAPP
  +--> ?PR?_SETANGPSET?ANGAPP
  +--> ?PR?_SETANGXINST?ANGAPP
  +--> ?PR?_SETANGYINST?ANGAPP
  +--> ?PR?INIT_SYSTEMPARA?INIT

?PR?_FLASH_CALDATAUPDATE_USER?FLASH         -----    -----      0039H    0009H      -----    -----
  +--> ?PR?_RAM_CALDATA2BUF?FLASH
  +--> ?PR?_FLASHUPDATE?FLASH

?PR?ADC_XCALSTOP?CMDSUB                     -----    -----      002CH    0001H      -----    -----
  +--> ?PR?_SUB_BUFBUBBLE?SUB
  +--> ?PR?ANGXCALCPRM?CALIBRATION

?PR?_SUB_BUFBUBBLE?SUB                      -----    -----      002DH    0009H      -----    -----
  +--> ?PR?_SUB_SBUFSWITCH?SUB
  +--> ?PR?_SUB_UBUFSWITCH?SUB

?PR?_SUB_SBUFSWITCH?SUB                     -----    -----      0036H    0009H      -----    -----

?PR?_SUB_UBUFSWITCH?SUB                     -----    -----      003DH    0007H      -----    -----

?PR?ANGXCALCPRM?CALIBRATION                 -----    -----      -----    -----      -----    -----
  +--> ?PR?_ANG_CALCPRM?CALIBRATION

?PR?_ANG_CALCPRM?CALIBRATION                -----    -----      002DH    000CH      -----    -----
BL51 BANKED LINKER/LOCATER V6.22                                                      07/01/2013  09:38:04  PAGE 14


  +--> ?PR?SIN?SIN

?PR?SIN?SIN                                 0020H.2  0000H.1    004AH    0004H      -----    -----

?PR?ADC_YCALSTOP?CMDSUB                     -----    -----      002CH    0001H      -----    -----
  +--> ?PR?_SUB_BUFBUBBLE?SUB
  +--> ?PR?ANGYCALCPRM?CALIBRATION

?PR?ANGYCALCPRM?CALIBRATION                 -----    -----      -----    -----      -----    -----
  +--> ?PR?_ANG_CALCPRM?CALIBRATION

?PR?TEMP_CALSTOP?CMDSUB                     -----    -----      -----    -----      -----    -----
  +--> ?PR?TEMPSORTANDCALCPRM?CMDSUB

?PR?TEMPSORTANDCALCPRM?CMDSUB               -----    -----      -----    -----      -----    -----
  +--> ?PR?_SUB_BUFBUBBLE2?SUB
  +--> ?PR?TEMPXCALCPRM?CALIBRATION
  +--> ?PR?TEMPYCALCPRM?CALIBRATION

?PR?_SUB_BUFBUBBLE2?SUB                     -----    -----      0031H    000CH      -----    -----
  +--> ?PR?_SUB_UBUFSWITCH?SUB
  +--> ?PR?_SUB_16SBUFSWITCH?SUB

?PR?_SUB_16SBUFSWITCH?SUB                   -----    -----      003DH    0007H      -----    -----

?PR?TEMPXCALCPRM?CALIBRATION                -----    -----      -----    -----      -----    -----
  +--> ?PR?_TEMP_CALCPRM?CALIBRATION

?PR?_TEMP_CALCPRM?CALIBRATION               -----    -----      0031H    0004H      -----    -----

?PR?TEMPYCALCPRM?CALIBRATION                -----    -----      -----    -----      -----    -----
  +--> ?PR?_TEMP_CALCPRM?CALIBRATION

?PR?SNPROC?SENSOR                           -----    -----      -----    -----      -----    -----
  +--> ?PR?ADC_GETXVAL?ADCDRV
  +--> ?PR?GET_MCUTEMP?SENSOR
  +--> ?PR?ADC_GETYVAL?ADCDRV

?PR?GET_MCUTEMP?SENSOR                      -----    -----      -----    -----      -----    -----
  +--> ?PR?ADC_GETTEMP?ADCDRV

?PR?TIMER2_TASKINMAIN?TIMER                 -----    -----      -----    -----      -----    -----
  +--> ?PR?SUB_SENDANGXY?SUB

?PR?SUB_SENDANGXY?SUB                       -----    -----      -----    -----      -----    -----
  +--> ?CO?SUB
  +--> ?PR?_COMM_PUTSTR?COMM
  +--> ?PR?GETXANGALLSETVAL?ANGAPP
  +--> ?PR?_COMM_PUTINT32S?SUB
  +--> ?PR?COMM_PUTNEWLINE?SUB
  +--> ?PR?GETYANGALLSETVAL?ANGAPP
  +--> ?PR?COMM_SENDSTA?COMM

?PR?_COMM_PUTSTR?COMM                       -----    -----      0039H    0003H      -----    -----
  +--> ?PR?_COMM_PUTCHAR?COMM

?PR?_COMM_PUTCHAR?COMM                      -----    -----      003CH    0003H      -----    -----
BL51 BANKED LINKER/LOCATER V6.22                                                      07/01/2013  09:38:04  PAGE 15



?PR?GETXANGALLSETVAL?ANGAPP                 -----    -----      003AH    0004H      -----    -----
  +--> ?PR?GETXANG?SENSOR
  +--> ?PR?_SETANGZERO?ANGAPP
  +--> ?PR?_SETANGZEROADD?ANGAPP

?PR?_SETANGZERO?ANGAPP                      -----    -----      003EH    0004H      -----    -----

?PR?_SETANGZEROADD?ANGAPP                   -----    -----      003EH    0004H      -----    -----

?PR?_COMM_PUTINT32S?SUB                     -----    -----      -----    -----      -----    -----
  +--> ?PR?_SUB_INT32S2STR?SUB
  +--> ?PR?_COMM_PUTSTR?COMM

?PR?_SUB_INT32S2STR?SUB                     -----    -----      002CH    0007H      -----    -----

?PR?COMM_PUTNEWLINE?SUB                     -----    -----      -----    -----      -----    -----
  +--> ?PR?_COMM_PUTCHAR?COMM

?PR?GETYANGALLSETVAL?ANGAPP                 -----    -----      003AH    0004H      -----    -----
  +--> ?PR?GETYANG?SENSOR
  +--> ?PR?_SETANGZERO?ANGAPP
  +--> ?PR?_SETANGZEROADD?ANGAPP

?PR?SEND_TIMEPROC?SEND                      -----    -----      -----    -----      -----    -----
  +--> ?PR?_COMM_GETCHAR?COMM
  +--> ?PR?_MODRTU_RXPROC?MODBUSRTU
  +--> ?PR?_SEND_RDEAL?SEND
  +--> ?PR?_SEND_CDEAL?SEND
  +--> ?PR?_SEND_SDEAL?SEND
  +--> ?PR?_SEND_UDEAL?SEND
  +--> ?PR?_SEND_WDEAL?SEND
  +--> ?PR?_SEND_TDEAL?SEND

?PR?_COMM_GETCHAR?COMM                      -----    -----      0021H    0006H      -----    -----

?PR?_MODRTU_RXPROC?MODBUSRTU                -----    -----      0021H    0004H      -----    -----
  +--> ?PR?_MODRTU_CHKCRC?MODBUSRTU
  +--> ?PR?_MODRTU_RDREG?MODBUSRTU
  +--> ?PR?_MODRTU_WRREG?MODBUSRTU
  +--> ?PR?_MODRTU_RLYERROR?MODBUSRTU

?PR?_MODRTU_CHKCRC?MODBUSRTU                -----    -----      -----    -----      -----    -----
  +--> ?PR?_MODBUSCRCCNT?MODBUSCRC

?PR?_MODBUSCRCCNT?MODBUSCRC                 -----    -----      0035H    0003H      -----    -----
  +--> ?CO?MODBUSCRC

?PR?_MODRTU_RDREG?MODBUSRTU                 -----    -----      0025H    000DH      -----    -----
  +--> ?PR?_MODRTU_8TO16?MODBUSRTU
  +--> ?PR?_MODRTU_RDVAL?MODBUSRTU
  +--> ?PR?_MODRTU_RLYERROR?MODBUSRTU
  +--> ?PR?_MODBUSCRCCNT?MODBUSCRC
  +--> ?PR?_MODRTU_WRCRC?MODBUSRTU
  +--> ?PR?_COMM_PUTSTR?COMM
  +--> ?PR?COMM_SENDSTA?COMM

BL51 BANKED LINKER/LOCATER V6.22                                                      07/01/2013  09:38:04  PAGE 16


?PR?_MODRTU_RDVAL?MODBUSRTU                 -----    -----      0032H    0008H      0B57H    0004H
  +--> ?PR?GETXANGALLSETVAL?ANGAPP
  +--> ?PR?GETYANGALLSETVAL?ANGAPP
  +--> ?PR?GETANGP?ANGAPP
  +--> ?PR?GETANGXINST?ANGAPP
  +--> ?PR?GETANGYINST?ANGAPP
  +--> ?PR?GETANGXSET?ANGAPP
  +--> ?PR?GETANGYSET?ANGAPP
  +--> ?PR?GETANGPSET?ANGAPP
  +--> ?PR?GET_MCUTEMP?SENSOR
  +--> ?PR?_GETTEMPXCALTEMPVAL?CALIBRATION
  +--> ?PR?_GETTEMPXCALADCVAL?CALIBRATION
  +--> ?PR?_GETTEMPYCALADCVAL?CALIBRATION
  +--> ?PR?GETXOFTVAL?SENSOR
  +--> ?PR?_FLOATTOINT?MODBUSRTU
  +--> ?PR?_GETANGXCALADCVAL?CALIBRATION
  +--> ?PR?_GETANGXCALANGVAL?CALIBRATION
  +--> ?PR?GETYOFTVAL?SENSOR
  +--> ?PR?_GETANGYCALADCVAL?CALIBRATION
  +--> ?PR?_GETANGYCALANGVAL?CALIBRATION
  +--> ?PR?GETXFTVAL?SENSOR
  +--> ?PR?GETYFTVAL?SENSOR
  +--> ?PR?GETXANG?SENSOR
  +--> ?PR?GETYANG?SENSOR
  +--> ?PR?GETANGXRELSYS?ANGAPP
  +--> ?PR?GETANGYRELSYS?ANGAPP
  +--> ?PR?GETANGXZEROUSR?ANGAPP
  +--> ?PR?GETANGYZEROUSR?ANGAPP
  +--> ?PR?GETANGXSYSZERO?ANGAPP
  +--> ?PR?GETANGYSYSZERO?ANGAPP
  +--> ?PR?GETANGXUSRZERO?ANGAPP
  +--> ?PR?GETANGYUSRZERO?ANGAPP
  +--> ?PR?GETANGXCALCNT?CALIBRATION
  +--> ?PR?GETTEMPXCALCNT?CALIBRATION
  +--> ?PR?GETFILTERCNT?SENSOR
  +--> ?PR?_MODRTU_RD16U?MODBUSRTU

?PR?GETANGP?ANGAPP                          -----    -----      -----    -----      -----    -----
  +--> ?PR?GETXANGALLSETVAL?ANGAPP
  +--> ?PR?GETYANGALLSETVAL?ANGAPP
  +--> ?PR?_PANGCALC?ANGAPP

?PR?_PANGCALC?ANGAPP                        -----    -----      003AH    0010H      -----    -----
  +--> ?PR?SIN?SIN
  +--> ?PR?SQRT?SQRT
  +--> ?PR?ASIN?ASIN

?PR?_FLOATTOINT?MODBUSRTU                   -----    -----      003AH    000CH      -----    -----

?PR?_MODRTU_RLYERROR?MODBUSRTU              -----    -----      0032H    0003H      -----    -----
  +--> ?PR?_MODBUSCRCCNT?MODBUSCRC
  +--> ?PR?_COMM_PUTSTR?COMM
  +--> ?PR?COMM_SENDSTA?COMM

?PR?_MODRTU_WRREG?MODBUSRTU                 -----    -----      0025H    000CH      -----    -----
  +--> ?PR?_MODRTU_8TO16?MODBUSRTU
  +--> ?PR?_MODRTU_WRVAL?MODBUSRTU
BL51 BANKED LINKER/LOCATER V6.22                                                      07/01/2013  09:38:04  PAGE 17


  +--> ?PR?_MODRTU_RLYERROR?MODBUSRTU
  +--> ?PR?_MODBUSCRCCNT?MODBUSCRC
  +--> ?PR?_MODRTU_WRCRC?MODBUSRTU
  +--> ?PR?_COMM_PUTSTR?COMM
  +--> ?PR?COMM_SENDSTA?COMM
  +--> ?PR?FLASH_USERDATAUPDATE?FLASH

?PR?_MODRTU_WRVAL?MODBUSRTU                 -----    -----      0031H    0008H      0B57H    0008H
  +--> ?PR?_MODRTU_WR16U?MODBUSRTU
  +--> ?PR?_SETANGXINST?ANGAPP
  +--> ?PR?_SETANGYINST?ANGAPP
  +--> ?PR?_SETANGXSET?ANGAPP
  +--> ?PR?_SETANGYSET?ANGAPP
  +--> ?PR?_SETANGPSET?ANGAPP
  +--> ?PR?_MODRTU_SETZERO?MODBUSRTU
  +--> ?PR?_MODRTU_WRADDR?MODBUSRTU
  +--> ?PR?_MODRTU_WRBAUD?MODBUSRTU
  +--> ?PR?GETANGXRELSYS?ANGAPP
  +--> ?PR?_SETANGXUSRZERO?ANGAPP
  +--> ?PR?FLASH_USERDATAUPDATE?FLASH
  +--> ?PR?_SETANGCALCNT?CALIBRATION
  +--> ?PR?GETANGXCALCNT?CALIBRATION
  +--> ?PR?_SETANGXCALANGVAL?CALIBRATION
  +--> ?PR?GETXOFTVAL?SENSOR
  +--> ?PR?_SETANGXCALADCVAL?CALIBRATION
  +--> ?PR?_SETANGYCALANGVAL?CALIBRATION
  +--> ?PR?GETYOFTVAL?SENSOR
  +--> ?PR?_SETANGYCALADCVAL?CALIBRATION
  +--> ?PR?FLASH_CALDATAUPDATE?FLASH
  +--> ?PR?GETXANG?SENSOR
  +--> ?PR?_SETANGXSYSZERO?ANGAPP
  +--> ?PR?GETYANG?SENSOR
  +--> ?PR?_SETANGYSYSZERO?ANGAPP
  +--> ?PR?GETANGYRELSYS?ANGAPP
  +--> ?PR?_SETANGYUSRZERO?ANGAPP
  +--> ?PR?_SETFILTERCNT?SENSOR

?PR?_MODRTU_SETZERO?MODBUSRTU               -----    -----      0039H    0002H      -----    -----
  +--> ?PR?_MODRTU_8TO16?MODBUSRTU
  +--> ?PR?GETANGXRELSYS?ANGAPP
  +--> ?PR?_SETANGXUSRZERO?ANGAPP
  +--> ?PR?GETANGYRELSYS?ANGAPP
  +--> ?PR?_SETANGYUSRZERO?ANGAPP

?PR?FLASH_USERDATAUPDATE?FLASH              -----    -----      -----    -----      -----    -----
  +--> ?PR?_FLASH_CALDATAUPDATE_USER?FLASH

?PR?_SEND_RDEAL?SEND                        -----    -----      0021H    0005H      -----    -----
  +--> ?CO?SEND
  +--> ?PR?_STRNCMP?STRNCMP
  +--> ?PR?SUB_SENDPRMTALL?SUB
  +--> ?PR?SUB_SENDANGXYP?SUB
  +--> ?PR?SUB_SENDANGXY?SUB
  +--> ?PR?SUB_SENDSOFTVER?SUB
  +--> ?PR?SUB_SENDSYSNUM?SUB
  +--> ?PR?SUB_SENDID?SUB
  +--> ?PR?_SUB_STR2INT8U?SUB
BL51 BANKED LINKER/LOCATER V6.22                                                      07/01/2013  09:38:04  PAGE 18


  +--> ?PR?_SUB_SENDTEMPCAL?SUB
  +--> ?PR?_COMM_PUTSTR?COMM
  +--> ?PR?GETANGXINST?ANGAPP
  +--> ?PR?GETANGYINST?ANGAPP
  +--> ?PR?_SUB_SENDOFFSET?SUB
  +--> ?PR?_SUB_SENDANGXCAL?SUB
  +--> ?PR?_SUB_SENDANGYCAL?SUB
  +--> ?PR?SUB_SENDERR?SUB

?PR?_STRNCMP?STRNCMP                        -----    -----      002CH    0008H      -----    -----

?PR?SUB_SENDPRMTALL?SUB                     -----    -----      -----    -----      -----    -----
  +--> ?CO?SUB
  +--> ?PR?_COMM_PUTSTR?COMM
  +--> ?PR?GET_MCUTEMP?SENSOR
  +--> ?PR?_COMM_PUTINT16U?SUB
  +--> ?PR?GETXFTVAL?SENSOR
  +--> ?PR?_COMM_PUTCHAR?COMM
  +--> ?PR?GETXOFTVAL?SENSOR
  +--> ?PR?GETXANG?SENSOR
  +--> ?PR?_COMM_PUTINT32S?SUB
  +--> ?PR?GETYFTVAL?SENSOR
  +--> ?PR?GETYOFTVAL?SENSOR
  +--> ?PR?GETYANG?SENSOR
  +--> ?PR?COMM_PUTNEWLINE?SUB
  +--> ?PR?COMM_SENDSTA?COMM

?PR?_COMM_PUTINT16U?SUB                     -----    -----      -----    -----      -----    -----
  +--> ?PR?_SUB_INT16U2STR?SUB
  +--> ?PR?_COMM_PUTSTR?COMM

?PR?_SUB_INT16U2STR?SUB                     -----    -----      0039H    0005H      -----    -----

?PR?SUB_SENDANGXYP?SUB                      -----    -----      -----    -----      -----    -----
  +--> ?CO?SUB
  +--> ?PR?_COMM_PUTSTR?COMM
  +--> ?PR?GETXANGALLSETVAL?ANGAPP
  +--> ?PR?_COMM_PUTINT32S?SUB
  +--> ?PR?COMM_PUTNEWLINE?SUB
  +--> ?PR?GETYANGALLSETVAL?ANGAPP
  +--> ?PR?GETANGP?ANGAPP
  +--> ?PR?COMM_SENDSTA?COMM

?PR?SUB_SENDSOFTVER?SUB                     -----    -----      -----    -----      -----    -----
  +--> ?CO?SUB
  +--> ?PR?_COMM_PUTSTR?COMM
  +--> ?PR?COMM_PUTNEWLINE?SUB
  +--> ?PR?COMM_SENDSTA?COMM

?PR?SUB_SENDSYSNUM?SUB                      -----    -----      -----    -----      -----    -----
  +--> ?CO?SUB
  +--> ?PR?_COMM_PUTSTR?COMM
  +--> ?PR?COMM_PUTNEWLINE?SUB
  +--> ?PR?COMM_SENDSTA?COMM

?PR?SUB_SENDID?SUB                          -----    -----      -----    -----      -----    -----
  +--> ?PR?_COMM_PUTINT16U?SUB
BL51 BANKED LINKER/LOCATER V6.22                                                      07/01/2013  09:38:04  PAGE 19


  +--> ?PR?_COMM_PUTCHAR?COMM
  +--> ?PR?GETANGXCALCNT?CALIBRATION
  +--> ?PR?GETTEMPXCALCNT?CALIBRATION
  +--> ?PR?COMM_PUTNEWLINE?SUB
  +--> ?PR?COMM_SENDSTA?COMM

?PR?_SUB_SENDTEMPCAL?SUB                    -----    -----      0026H    0001H      -----    -----
  +--> ?CO?SUB
  +--> ?PR?_COMM_PUTSTR?COMM
  +--> ?PR?_COMM_PUTINT8U?SUB
  +--> ?PR?_COMM_PUTCHAR?COMM
  +--> ?PR?_GETTEMPXCALTEMPVAL?CALIBRATION
  +--> ?PR?_COMM_PUTINT16U?SUB
  +--> ?PR?_GETTEMPXCALADCVAL?CALIBRATION
  +--> ?PR?_COMM_PUTINT16S?SUB
  +--> ?PR?_GETTEMPYCALADCVAL?CALIBRATION
  +--> ?PR?COMM_PUTNEWLINE?SUB
  +--> ?PR?COMM_SENDSTA?COMM

?PR?_COMM_PUTINT8U?SUB                      -----    -----      -----    -----      -----    -----
  +--> ?PR?_SUB_INT8U2STR?SUB
  +--> ?PR?_COMM_PUTSTR?COMM

?PR?_COMM_PUTINT16S?SUB                     -----    -----      -----    -----      -----    -----
  +--> ?PR?_SUB_INT16S2STR?SUB
  +--> ?PR?_COMM_PUTSTR?COMM

?PR?_SUB_INT16S2STR?SUB                     -----    -----      -----    -----      -----    -----
  +--> ?PR?_SUB_INT16U2STR?SUB

?PR?_SUB_SENDOFFSET?SUB                     -----    -----      -----    -----      -----    -----
  +--> ?PR?_COMM_PUTINT32S?SUB
  +--> ?PR?COMM_PUTNEWLINE?SUB
  +--> ?PR?COMM_SENDSTA?COMM

?PR?_SUB_SENDANGXCAL?SUB                    -----    -----      0026H    0001H      -----    -----
  +--> ?CO?SUB
  +--> ?PR?_COMM_PUTSTR?COMM
  +--> ?PR?_COMM_PUTINT8U?SUB
  +--> ?PR?_GETANGXCALADCVAL?CALIBRATION
  +--> ?PR?_COMM_PUTINT16U?SUB
  +--> ?PR?_COMM_PUTINT16S?SUB
  +--> ?PR?COMM_PUTNEWLINE?SUB
  +--> ?PR?COMM_SENDSTA?COMM

?PR?_SUB_SENDANGYCAL?SUB                    -----    -----      0026H    0001H      -----    -----
  +--> ?CO?SUB
  +--> ?PR?_COMM_PUTSTR?COMM
  +--> ?PR?_COMM_PUTINT8U?SUB
  +--> ?PR?_COMM_PUTCHAR?COMM
  +--> ?PR?_GETANGYCALADCVAL?CALIBRATION
  +--> ?PR?_COMM_PUTINT16U?SUB
  +--> ?PR?_COMM_PUTINT16S?SUB
  +--> ?PR?COMM_SENDSTA?COMM

?PR?SUB_SENDERR?SUB                         -----    -----      -----    -----      -----    -----
  +--> ?CO?SUB
BL51 BANKED LINKER/LOCATER V6.22                                                      07/01/2013  09:38:04  PAGE 20


  +--> ?PR?_COMM_PUTSTR?COMM
  +--> ?PR?COMM_PUTNEWLINE?SUB
  +--> ?PR?COMM_SENDSTA?COMM

?PR?_SEND_CDEAL?SEND                        -----    -----      0021H    0004H      -----    -----
  +--> ?CO?SEND
  +--> ?PR?_STRNCMP?STRNCMP
  +--> ?PR?SUB_SENDERR?SUB
  +--> ?PR?_SETANGXSYSZERO?ANGAPP
  +--> ?PR?_SETANGYSYSZERO?ANGAPP
  +--> ?PR?_COMM_PUTSTR?COMM
  +--> ?PR?SUB_SENDOK?SUB
  +--> ?PR?_SETANGXUSRZERO?ANGAPP
  +--> ?PR?ADC_XCALSTA?CMDSUB
  +--> ?PR?ADC_XCALSTOP?CMDSUB
  +--> ?PR?ADC_YCALSTA?CMDSUB
  +--> ?PR?ADC_YCALSTOP?CMDSUB
  +--> ?PR?_SETANGYUSRZERO?ANGAPP
  +--> ?PR?TEMP_CALSTA?CMDSUB
  +--> ?PR?TEMP_CALSTOP?CMDSUB

?PR?SUB_SENDOK?SUB                          -----    -----      -----    -----      -----    -----
  +--> ?CO?SUB
  +--> ?PR?_COMM_PUTSTR?COMM
  +--> ?PR?COMM_PUTNEWLINE?SUB
  +--> ?PR?COMM_SENDSTA?COMM

?PR?_SEND_SDEAL?SEND                        -----    -----      0021H    000BH      -----    -----
  +--> ?CO?SEND
  +--> ?PR?_STRNCMP?STRNCMP
  +--> ?PR?_COMM_PUTSTR?COMM
  +--> ?PR?SUB_SENDOK?SUB
  +--> ?PR?SUB_SENDERR?SUB
  +--> ?PR?SUB_SENDANGXY?SUB
  +--> ?PR?_SUB_STR2INT8U?SUB
  +--> ?PR?_SETFILTERCNT?SENSOR
  +--> ?PR?GETXANG?SENSOR
  +--> ?PR?_SETANGXSYSZERO?ANGAPP
  +--> ?PR?GETYANG?SENSOR
  +--> ?PR?_SETANGYSYSZERO?ANGAPP
  +--> ?PR?GETANGXRELSYS?ANGAPP
  +--> ?PR?_SETANGXUSRZERO?ANGAPP
  +--> ?PR?GETANGYRELSYS?ANGAPP
  +--> ?PR?_SETANGYUSRZERO?ANGAPP
  +--> ?PR?_SUB_STR2INT32S?SUB
  +--> ?PR?_SETANGXINST?ANGAPP
  +--> ?PR?_SETANGYINST?ANGAPP
  +--> ?PR?_SETANGCALCNT?CALIBRATION
  +--> ?PR?_SETTEMPCALCNT?CALIBRATION
  +--> ?PR?GETXOFTVAL?SENSOR
  +--> ?PR?_ADC_XCALPROC?CMDSUB
  +--> ?PR?_COMM_PUTCHAR?COMM
  +--> ?PR?GETANGXCALCNT?CALIBRATION
  +--> ?PR?_ANGCHKDIFF?CMDSUB
  +--> ?PR?_COMM_PUTINT16U?SUB
  +--> ?PR?ADC_XCALSTOP?CMDSUB
  +--> ?PR?GETYOFTVAL?SENSOR
BL51 BANKED LINKER/LOCATER V6.22                                                      07/01/2013  09:38:04  PAGE 21


  +--> ?PR?_ADC_YCALPROC?CMDSUB
  +--> ?PR?ADC_YCALSTOP?CMDSUB
  +--> ?PR?GET_MCUTEMP?SENSOR
  +--> ?PR?GETXFTVAL?SENSOR
  +--> ?PR?GETYFTVAL?SENSOR
  +--> ?PR?_TEMP_CALSAMP?CMDSUB
  +--> ?PR?_TEMP_CALTREFSET?CMDSUB
  +--> ?PR?_SETANGXSET?ANGAPP
  +--> ?PR?_SETANGYSET?ANGAPP
  +--> ?PR?_SETANGPSET?ANGAPP
  +--> ?PR?_SUB_STRALARMCHECK?SUB
  +--> ?PR?_DELAY_MS?DELAY
  +--> ?PR?SUB_SYSRST?SUB

?PR?_SUB_STR2INT32S?SUB                     -----    -----      002CH    000AH      -----    -----

?PR?_ADC_XCALPROC?CMDSUB                    -----    -----      002CH    0006H      -----    -----
  +--> ?PR?_ANGCHKDIFF?CMDSUB

?PR?_ANGCHKDIFF?CMDSUB                      -----    -----      0032H    000EH      -----    -----

?PR?_ADC_YCALPROC?CMDSUB                    -----    -----      002CH    0006H      -----    -----
  +--> ?PR?_ANGCHKDIFF?CMDSUB

?PR?_TEMP_CALSAMP?CMDSUB                    -----    -----      002CH    0007H      -----    -----
  +--> ?PR?_TEMP_CALVALWR?CMDSUB
  +--> ?PR?_SUB_SENDADCTXY?SUB

?PR?_TEMP_CALVALWR?CMDSUB                   -----    -----      0033H    0007H      -----    -----

?PR?_SUB_SENDADCTXY?SUB                     -----    -----      0033H    0006H      -----    -----
  +--> ?CO?SUB
  +--> ?PR?_COMM_PUTSTR?COMM
  +--> ?PR?_COMM_PUTINT16U?SUB
  +--> ?PR?COMM_PUTNEWLINE?SUB
  +--> ?PR?COMM_SENDSTA?COMM

?PR?_TEMP_CALTREFSET?CMDSUB                 -----    -----      002CH    0005H      -----    -----
  +--> ?PR?TEMP_CALSTOP?CMDSUB

?PR?_SUB_STRALARMCHECK?SUB                  -----    -----      002CH    0006H      -----    -----

?PR?_SEND_UDEAL?SEND                        -----    -----      0021H    0004H      -----    -----
  +--> ?CO?SEND
  +--> ?PR?_STRNCMP?STRNCMP
  +--> ?PR?FLASH_CALDATAUPDATE?FLASH
  +--> ?PR?FLASH_USERDATAUPDATE?FLASH
  +--> ?PR?_COMM_PUTSTR?COMM
  +--> ?PR?SUB_SENDOK?SUB
  +--> ?PR?SUB_SENDERR?SUB

?PR?_SEND_WDEAL?SEND                        -----    -----      0021H    000AH      -----    -----
  +--> ?CO?SEND
  +--> ?PR?_STRNCMP?STRNCMP
  +--> ?PR?_SUB_STR2INT16S?SUB
  +--> ?PR?_SUB_STR2INT16U?SUB
  +--> ?PR?_SUB_STR2INT8U?SUB
BL51 BANKED LINKER/LOCATER V6.22                                                      07/01/2013  09:38:04  PAGE 22


  +--> ?PR?_TEMP_CALVALWR?CMDSUB
  +--> ?PR?SUB_SENDERR?SUB
  +--> ?PR?_STRNCPY?STRNCPY
  +--> ?PR?_COMM_PUTSTR?COMM
  +--> ?PR?SUB_SENDOK?SUB

?PR?_SUB_STR2INT16S?SUB                     -----    -----      002BH    0008H      -----    -----
  +--> ?PR?_SUB_STR2INT16U?SUB

?PR?_SUB_STR2INT16U?SUB                     -----    -----      0033H    0006H      -----    -----

?PR?_STRNCPY?STRNCPY                        -----    -----      002BH    000AH      -----    -----

?PR?_SEND_TDEAL?SEND                        -----    -----      0021H    0001H      -----    -----
  +--> ?CO?SEND
  +--> ?PR?_STRNCMP?STRNCMP
  +--> ?PR?SUB_SENDTCALTEST?SUB

?PR?SUB_SENDTCALTEST?SUB                    -----    -----      0022H    0004H      -----    -----
  +--> ?PR?GET_MCUTEMP?SENSOR
  +--> ?PR?_COMM_PUTINT16U?SUB
  +--> ?PR?_COMM_PUTCHAR?COMM
  +--> ?PR?_COMM_PUTINT16S?SUB
  +--> ?PR?COMM_PUTNEWLINE?SUB
  +--> ?PR?COMM_SENDSTA?COMM

?PR?KEY_PROC?KEY                            -----    -----      -----    -----      -----    -----
  +--> ?PR?KEY_DOWN?KEY
  +--> ?PR?GETANGXRELSYS?ANGAPP
  +--> ?PR?_SETANGXUSRZERO?ANGAPP
  +--> ?PR?GETANGYRELSYS?ANGAPP
  +--> ?PR?_SETANGYUSRZERO?ANGAPP
  +--> ?CO?KEY
  +--> ?PR?_COMM_PUTSTR?COMM
  +--> ?PR?SUB_SENDOK?SUB
  +--> ?PR?FLASH_USERDATAUPDATE?FLASH

?PR?KEY_DOWN?KEY                            -----    -----      -----    -----      -----    -----
  +--> ?PR?_DELAY_CYC?DELAY

?PR?ANGPROC?ANGAPP                          -----    -----      0021H    0008H      -----    -----
  +--> ?PR?GETXANGALLSETVAL?ANGAPP
  +--> ?PR?_ALARMX?ANGAPP
  +--> ?PR?GETYANGALLSETVAL?ANGAPP
  +--> ?PR?_ALARMY?ANGAPP
  +--> ?PR?_PANGCALC?ANGAPP
  +--> ?PR?_ALARMS?ANGAPP

*** NEW ROOT ***************************************************

?PR?ADC_ISR?ADCDRV                          -----    -----      -----    -----      -----    -----
  +--> ?PR?_ADC_SAVEANDSWITCH?ADCDRV

?PR?_ADC_SAVEANDSWITCH?ADCDRV               -----    -----      0054H    0003H      -----    -----
  +--> ?CO?ADCDRV
  +--> ?PR?_ADCFILTER?ADCDRV

BL51 BANKED LINKER/LOCATER V6.22                                                      07/01/2013  09:38:04  PAGE 23


?PR?_ADCFILTER?ADCDRV                       -----    -----      0057H    0005H      -----    -----
  +--> ?PR?_VALINRANGE?FILTER
  +--> ?PR?_SLIDEWINFILTER?FILTER

?PR?_SLIDEWINFILTER?FILTER                  -----    -----      005CH    0012H      -----    -----

*** NEW ROOT ***************************************************

?PR?COMM_ISR?COMM                           -----    -----      006EH    0002H      -----    -----
  +--> ?PR?_COMM_GETTXCHAR?COMM
  +--> ?PR?COMM_SENDSTOP?COMM
  +--> ?PR?_COMM_PUTRXCHAR?COMM
  +--> ?PR?COMM_TIMERINIT?COMM

?PR?_COMM_GETTXCHAR?COMM                    -----    -----      0070H    0006H      -----    -----

?PR?_COMM_PUTRXCHAR?COMM                    -----    -----      0070H    0003H      -----    -----

*** NEW ROOT ***************************************************

?PR?TIMER2_ISR?TIMER                        -----    -----      -----    -----      -----    -----
  +--> ?PR?TIMER2_TASKINISR?TIMER

?PR?TIMER2_TASKINISR?TIMER                  -----    -----      -----    -----      -----    -----
  +--> ?PR?COMM_TIMERPROC?COMM
  +--> ?CO?SEND



SYMBOL TABLE OF MODULE:  .\obj\164-0001-20130619 (?C_STARTUP)

  VALUE           TYPE          NAME
  ----------------------------------

  -------         MODULE        ?C_STARTUP
  C:533BH         SEGMENT       ?C_C51STARTUP
  I:0076H         SEGMENT       ?STACK
  C:0000H         PUBLIC        ?C_STARTUP
  D:00E0H         SYMBOL        ACC
  D:00F0H         SYMBOL        B
  D:0083H         SYMBOL        DPH
  D:0082H         SYMBOL        DPL
  N:0000H         SYMBOL        IBPSTACK
  N:0100H         SYMBOL        IBPSTACKTOP
  N:0080H         SYMBOL        IDATALEN
  C:533EH         SYMBOL        IDATALOOP
  N:0000H         SYMBOL        PBPSTACK
  N:0100H         SYMBOL        PBPSTACKTOP
  N:0000H         SYMBOL        PDATALEN
  N:0000H         SYMBOL        PDATASTART
  N:0000H         SYMBOL        PPAGE
  N:0000H         SYMBOL        PPAGEENABLE
  D:00A0H         SYMBOL        PPAGE_SFR
  D:0081H         SYMBOL        SP
  C:533BH         SYMBOL        STARTUP1
  N:0000H         SYMBOL        XBPSTACK
  N:0000H         SYMBOL        XBPSTACKTOP
BL51 BANKED LINKER/LOCATER V6.22                                                      07/01/2013  09:38:04  PAGE 24


  N:0000H         SYMBOL        XDATALEN
  N:0000H         SYMBOL        XDATASTART
  C:0000H         LINE#         126
  C:533BH         LINE#         133
  C:533DH         LINE#         134
  C:533EH         LINE#         135
  C:533FH         LINE#         136
  C:5341H         LINE#         185
  C:5344H         LINE#         196
  -------         ENDMOD        ?C_STARTUP

  -------         MODULE        ADCDRV
  C:0000H         SYMBOL        _ICE_DUMMY_
  C:6EBEH         PUBLIC        Adc_Init
  D:00A0H         PUBLIC        P2
  D:00BCH         PUBLIC        ADC0CF
  D:00E6H         PUBLIC        EIE1
  C:5B7CH         SYMBOL        _Adc_SaveAndSwitch
  C:6FB9H         PUBLIC        Adc_GetXVal
  C:6FC2H         PUBLIC        Adc_GetYVal
  D:00E8H         PUBLIC        ADC0CN
  D:00A7H         PUBLIC        SFRPAGE
  C:711EH         SYMBOL        Adc_VrefInit
  C:5453H         PUBLIC        Adc_Isr
  X:0858H         PUBLIC        x_axis_adc
  X:08E0H         PUBLIC        y_axis_adc
  D:00BBH         PUBLIC        ADC0MX
  D:00D1H         PUBLIC        REF0CN
  C:6365H         SYMBOL        AdcEntityInit
  B:00E8H.5       PUBLIC        AD0INT
  C:6FCBH         PUBLIC        Adc_GetTemp
  C:68BEH         SYMBOL        Adc_SetInit
  I:0018H         PUBLIC        AdcSwitchId
  C:7122H         SYMBOL        Adc_IsrInit
  C:0026H         PUBLIC        Adc_Enable
  I:0019H         PUBLIC        AdcEndTag
  D:00BEH         PUBLIC        ADC0H
  X:0968H         PUBLIC        temp_adc
  D:00BDH         PUBLIC        ADC0L
  I:001AH         PUBLIC        AdcEndId
  C:6BF1H         SYMBOL        PinIdTab
  C:5677H         SYMBOL        _AdcFilter
  D:00BDH         PUBLIC        ADC0
  C:6BFEH         SYMBOL        PinMuxTab
  -------         PROC          ADC_INIT
  C:6EBEH         LINE#         45
  C:6EBEH         LINE#         46
  C:6EBEH         LINE#         47
  C:6EC1H         LINE#         48
  C:6EC4H         LINE#         49
  C:6EC7H         LINE#         50
  -------         ENDPROC       ADC_INIT
  -------         PROC          ADC_ENABLE
  C:0026H         LINE#         53
  C:0026H         LINE#         54
  C:0026H         LINE#         55
  C:0029H         LINE#         56
BL51 BANKED LINKER/LOCATER V6.22                                                      07/01/2013  09:38:04  PAGE 25


  -------         ENDPROC       ADC_ENABLE
  -------         PROC          ADC_GETXVAL
  C:6FB9H         LINE#         64
  C:6FB9H         LINE#         65
  C:6FB9H         LINE#         66
  C:6FC1H         LINE#         67
  -------         ENDPROC       ADC_GETXVAL
  -------         PROC          ADC_GETYVAL
  C:6FC2H         LINE#         75
  C:6FC2H         LINE#         76
  C:6FC2H         LINE#         77
  C:6FCAH         LINE#         78
  -------         ENDPROC       ADC_GETYVAL
  -------         PROC          ADC_GETTEMP
  C:6FCBH         LINE#         86
  C:6FCBH         LINE#         87
  C:6FCBH         LINE#         88
  C:6FD3H         LINE#         89
  -------         ENDPROC       ADC_GETTEMP
  -------         PROC          ADC_SETINIT
  -------         DO            
  D:0007H         SYMBOL        SfrPage_
  -------         ENDDO         
  C:68BEH         LINE#         110
  C:68BEH         LINE#         111
  C:68C0H         LINE#         114
  C:68C3H         LINE#         115
  C:68C6H         LINE#         116
  C:68C9H         LINE#         117
  C:68CCH         LINE#         118
  C:68CFH         LINE#         119
  C:68D2H         LINE#         120
  C:68D5H         LINE#         121
  C:68D8H         LINE#         122
  C:68DBH         LINE#         123
  C:68DEH         LINE#         124
  C:68E1H         LINE#         125
  C:68E3H         LINE#         126
  C:68E6H         LINE#         127
  C:68E9H         LINE#         128
  C:68EBH         LINE#         129
  -------         ENDPROC       ADC_SETINIT
  -------         PROC          ADC_VREFINIT
  C:711EH         LINE#         131
  C:711EH         LINE#         132
  C:711EH         LINE#         133
  C:7121H         LINE#         134
  -------         ENDPROC       ADC_VREFINIT
  -------         PROC          ADC_ISRINIT
  C:7122H         LINE#         136
  C:7122H         LINE#         137
  C:7122H         LINE#         138
  C:7125H         LINE#         139
  -------         ENDPROC       ADC_ISRINIT
  -------         PROC          _ADCFILTER
  D:0057H         SYMBOL        p_adc
  D:005AH         SYMBOL        val
BL51 BANKED LINKER/LOCATER V6.22                                                      07/01/2013  09:38:04  PAGE 26


  C:5677H         LINE#         148
  C:5681H         LINE#         149
  C:5681H         LINE#         150
  C:5696H         LINE#         151
  C:5696H         LINE#         153
  C:56E5H         LINE#         154
  C:56E5H         LINE#         156
  C:56E5H         LINE#         157
  C:56F4H         LINE#         158
  C:56FBH         LINE#         159
  C:56FBH         LINE#         160
  -------         ENDPROC       _ADCFILTER
  -------         PROC          ADCENTITYINIT
  C:6365H         LINE#         218
  C:6365H         LINE#         219
  C:6365H         LINE#         221
  C:636AH         LINE#         222
  C:636CH         LINE#         223
  C:636EH         LINE#         224
  C:6374H         LINE#         226
  C:637EH         LINE#         228
  C:6384H         LINE#         229
  C:6387H         LINE#         230
  C:6389H         LINE#         231
  C:638FH         LINE#         233
  C:6397H         LINE#         235
  C:639DH         LINE#         236
  C:63A0H         LINE#         237
  C:63A2H         LINE#         238
  C:63A8H         LINE#         240
  -------         ENDPROC       ADCENTITYINIT
  -------         PROC          _ADC_SAVEANDSWITCH
  D:0004H         SYMBOL        val
  -------         DO            
  D:0054H         SYMBOL        adc_ent
  -------         ENDDO         
  C:5B7CH         LINE#         264
  C:5B80H         LINE#         265
  C:5B80H         LINE#         267
  C:5B89H         LINE#         271
  C:5B91H         LINE#         272
  C:5B91H         LINE#         273
  C:5BA5H         LINE#         274
  C:5BA5H         LINE#         275
  C:5BB1H         LINE#         276
  C:5BB3H         LINE#         277
  C:5BBBH         LINE#         279
  C:5BC4H         LINE#         281
  C:5BCEH         LINE#         282
  C:5BD1H         LINE#         284
  C:5BD7H         LINE#         285
  C:5BE0H         LINE#         286
  C:5BE3H         LINE#         287
  -------         ENDPROC       _ADC_SAVEANDSWITCH
  -------         PROC          ADC_ISR
  -------         DO            
  X:0852H         SYMBOL        sum
BL51 BANKED LINKER/LOCATER V6.22                                                      07/01/2013  09:38:04  PAGE 27


  X:0856H         SYMBOL        cnt
  -------         ENDDO         
  C:5453H         LINE#         295
  C:5470H         LINE#         300
  C:5472H         LINE#         301
  C:5488H         LINE#         302
  C:549BH         LINE#         303
  C:549BH         LINE#         304
  C:54ADH         LINE#         305
  C:54B7H         LINE#         306
  C:54BEH         LINE#         307
  C:54C0H         LINE#         309
  C:54C3H         LINE#         310
  -------         ENDPROC       ADC_ISR
  -------         ENDMOD        ADCDRV

  -------         MODULE        ANGAPP
  C:0000H         SYMBOL        _ICE_DUMMY_
  C:70E2H         PUBLIC        _SetAngYUsrZero
  C:6235H         PUBLIC        GetXAngAllSetVal
  C:6281H         PUBLIC        GetYAngAllSetVal
  D:00A0H         PUBLIC        P2
  C:70D0H         PUBLIC        _SetAngXSysZero
  C:70D6H         PUBLIC        _SetAngYSysZero
  B:00A0H.5       PUBLIC        LED_S
  C:68ECH         PUBLIC        GetAngP
  B:00A0H.7       PUBLIC        LED_X
  B:00A0H.6       PUBLIC        LED_Y
  X:0AFAH         SYMBOL        angp
  C:37DBH         PUBLIC        AngProc
  C:5186H         PUBLIC        AngInit
  X:0AFEH         SYMBOL        angx_usrzero
  X:0B02H         SYMBOL        angy_usrzero
  C:707CH         PUBLIC        GetAngXInst
  C:7083H         PUBLIC        GetAngYInst
  X:0B06H         SYMBOL        angx_syszero
  X:0B0AH         SYMBOL        angy_syszero
  C:7098H         PUBLIC        GetAngPSet
  C:70E8H         PUBLIC        _SetAngXInst
  C:70EEH         PUBLIC        _SetAngYInst
  C:708AH         PUBLIC        GetAngXSet
  C:7091H         PUBLIC        GetAngYSet
  C:6B2CH         PUBLIC        _AlarmS
  C:6EA4H         PUBLIC        _SetAngPSet
  C:6AF0H         PUBLIC        _AlarmX
  C:6B0EH         PUBLIC        _AlarmY
  C:6E8AH         PUBLIC        _SetAngXSet
  C:6E97H         PUBLIC        _SetAngYSet
  X:0B0EH         SYMBOL        angx_inst
  X:0B12H         SYMBOL        angy_inst
  X:0B16H         SYMBOL        angp_set
  C:4B4DH         SYMBOL        _PAngCalc
  X:0B1AH         SYMBOL        angx_set
  X:0B1EH         SYMBOL        angy_set
  C:69E8H         PUBLIC        _SetAngZero
  C:709FH         PUBLIC        GetAngXZeroUsr
  C:706EH         PUBLIC        GetAngXUsrZero
BL51 BANKED LINKER/LOCATER V6.22                                                      07/01/2013  09:38:04  PAGE 28


  C:70A6H         PUBLIC        GetAngYZeroUsr
  C:7075H         PUBLIC        GetAngYUsrZero
  C:6AD2H         PUBLIC        _SetAngZeroAdd
  X:0B22H         SYMBOL        BufZerox_usr
  C:7060H         PUBLIC        GetAngXSysZero
  X:0B26H         SYMBOL        BufZeroy_usr
  C:7067H         PUBLIC        GetAngYSysZero
  C:70ADH         PUBLIC        GetAngXRelSys
  C:70B4H         PUBLIC        GetAngYRelSys
  X:0B2AH         SYMBOL        BufZerox_sys
  X:0B2EH         SYMBOL        BufZeroy_sys
  C:70DCH         PUBLIC        _SetAngXUsrZero
  -------         PROC          ANGINIT
  C:5186H         LINE#         41
  C:5186H         LINE#         42
  C:5186H         LINE#         43
  C:5189H         LINE#         45
  C:5193H         LINE#         47
  C:519EH         LINE#         48
  C:51A9H         LINE#         49
  C:51B4H         LINE#         50
  C:51BFH         LINE#         51
  C:51CAH         LINE#         52
  C:51D5H         LINE#         53
  C:51E0H         LINE#         54
  C:51EBH         LINE#         55
  C:51F6H         LINE#         57
  C:5200H         LINE#         58
  C:520AH         LINE#         59
  C:5214H         LINE#         60
  C:521EH         LINE#         62
  -------         ENDPROC       ANGINIT
  -------         PROC          _PANGCALC
  D:0004H         SYMBOL        angx
  D:003EH         SYMBOL        angy
  -------         DO            
  D:0042H         SYMBOL        x
  D:0004H         SYMBOL        y
  D:0046H         SYMBOL        s
  -------         ENDDO         
  C:4B4DH         LINE#         70
  C:4B4DH         LINE#         71
  C:4B4DH         LINE#         74
  C:4B59H         LINE#         75
  C:4B77H         LINE#         76
  C:4B82H         LINE#         77
  C:4B95H         LINE#         79
  C:4BA1H         LINE#         80
  C:4BB7H         LINE#         81
  C:4BBAH         LINE#         82
  C:4BC5H         LINE#         84
  C:4BDBH         LINE#         85
  C:4BEFH         LINE#         86
  C:4BEFH         LINE#         87
  C:4BF8H         LINE#         88
  C:4BF8H         LINE#         89
  C:4C21H         LINE#         90
BL51 BANKED LINKER/LOCATER V6.22                                                      07/01/2013  09:38:04  PAGE 29


  C:4C24H         LINE#         91
  -------         ENDPROC       _PANGCALC
  -------         PROC          GETANGP
  C:68ECH         LINE#         99
  C:68ECH         LINE#         100
  C:68ECH         LINE#         102
  C:6913H         LINE#         103
  C:6919H         LINE#         104
  -------         ENDPROC       GETANGP
  -------         PROC          GETANGXSYSZERO
  C:7060H         LINE#         106
  C:7060H         LINE#         107
  C:7060H         LINE#         108
  C:7066H         LINE#         109
  -------         ENDPROC       GETANGXSYSZERO
  -------         PROC          GETANGYSYSZERO
  C:7067H         LINE#         110
  C:7067H         LINE#         111
  C:7067H         LINE#         112
  C:706DH         LINE#         113
  -------         ENDPROC       GETANGYSYSZERO
  -------         PROC          GETANGXUSRZERO
  C:706EH         LINE#         114
  C:706EH         LINE#         115
  C:706EH         LINE#         116
  C:7074H         LINE#         117
  -------         ENDPROC       GETANGXUSRZERO
  -------         PROC          GETANGYUSRZERO
  C:7075H         LINE#         118
  C:7075H         LINE#         119
  C:7075H         LINE#         120
  C:707BH         LINE#         121
  -------         ENDPROC       GETANGYUSRZERO
  -------         PROC          GETANGXINST
  C:707CH         LINE#         123
  C:707CH         LINE#         124
  C:707CH         LINE#         125
  C:7082H         LINE#         126
  -------         ENDPROC       GETANGXINST
  -------         PROC          GETANGYINST
  C:7083H         LINE#         127
  C:7083H         LINE#         128
  C:7083H         LINE#         129
  C:7089H         LINE#         130
  -------         ENDPROC       GETANGYINST
  -------         PROC          GETANGXSET
  C:708AH         LINE#         132
  C:708AH         LINE#         133
  C:708AH         LINE#         134
  C:7090H         LINE#         135
  -------         ENDPROC       GETANGXSET
  -------         PROC          GETANGYSET
  C:7091H         LINE#         136
  C:7091H         LINE#         137
  C:7091H         LINE#         138
  C:7097H         LINE#         139
  -------         ENDPROC       GETANGYSET
BL51 BANKED LINKER/LOCATER V6.22                                                      07/01/2013  09:38:04  PAGE 30


  -------         PROC          GETANGPSET
  C:7098H         LINE#         140
  C:7098H         LINE#         141
  C:7098H         LINE#         142
  C:709EH         LINE#         143
  -------         ENDPROC       GETANGPSET
  -------         PROC          GETANGXZEROUSR
  C:709FH         LINE#         145
  C:709FH         LINE#         146
  C:709FH         LINE#         147
  C:70A5H         LINE#         148
  -------         ENDPROC       GETANGXZEROUSR
  -------         PROC          GETANGYZEROUSR
  C:70A6H         LINE#         149
  C:70A6H         LINE#         150
  C:70A6H         LINE#         151
  C:70ACH         LINE#         152
  -------         ENDPROC       GETANGYZEROUSR
  -------         PROC          GETANGXRELSYS
  C:70ADH         LINE#         154
  C:70ADH         LINE#         155
  C:70ADH         LINE#         156
  C:70B3H         LINE#         157
  -------         ENDPROC       GETANGXRELSYS
  -------         PROC          GETANGYRELSYS
  C:70B4H         LINE#         158
  C:70B4H         LINE#         159
  C:70B4H         LINE#         160
  C:70BAH         LINE#         161
  -------         ENDPROC       GETANGYRELSYS
  -------         PROC          _SETANGXSYSZERO
  D:0004H         SYMBOL        zore
  C:70D0H         LINE#         170
  C:70D0H         LINE#         171
  C:70D0H         LINE#         172
  -------         ENDPROC       _SETANGXSYSZERO
  -------         PROC          _SETANGYSYSZERO
  D:0004H         SYMBOL        zore
  C:70D6H         LINE#         174
  C:70D6H         LINE#         175
  C:70D6H         LINE#         176
  -------         ENDPROC       _SETANGYSYSZERO
  -------         PROC          _SETANGXUSRZERO
  D:0004H         SYMBOL        zore
  C:70DCH         LINE#         179
  C:70DCH         LINE#         180
  C:70DCH         LINE#         181
  -------         ENDPROC       _SETANGXUSRZERO
  -------         PROC          _SETANGYUSRZERO
  D:0004H         SYMBOL        zore
  C:70E2H         LINE#         183
  C:70E2H         LINE#         184
  C:70E2H         LINE#         185
  -------         ENDPROC       _SETANGYUSRZERO
  -------         PROC          _SETANGXINST
  D:0004H         SYMBOL        ang_inst
  C:70E8H         LINE#         188
BL51 BANKED LINKER/LOCATER V6.22                                                      07/01/2013  09:38:04  PAGE 31


  C:70E8H         LINE#         189
  C:70E8H         LINE#         190
  -------         ENDPROC       _SETANGXINST
  -------         PROC          _SETANGYINST
  D:0004H         SYMBOL        ang_inst
  C:70EEH         LINE#         192
  C:70EEH         LINE#         193
  C:70EEH         LINE#         194
  -------         ENDPROC       _SETANGYINST
  -------         PROC          _SETANGXSET
[...]
  C:6669H         LINE#         314
  C:667DH         LINE#         315
  C:667DH         LINE#         316
  -------         ENDPROC       _SUB_STR2INT8U
  -------         PROC          _SUB_INT32S2STR
  D:002CH         SYMBOL        s
  D:002FH         SYMBOL        val
  C:3C48H         LINE#         318
  C:3C56H         LINE#         319
  C:3C56H         LINE#         320
  C:3C5AH         LINE#         321
  C:3C5AH         LINE#         322
  C:3C65H         LINE#         323
  C:3C67H         LINE#         324
  C:3C69H         LINE#         326
  C:3C69H         LINE#         327
  C:3C74H         LINE#         328
  C:3C74H         LINE#         329
  C:3CA5H         LINE#         331
  C:3CC6H         LINE#         332
  C:3CE8H         LINE#         333
  C:3D01H         LINE#         334
  C:3D23H         LINE#         335
BL51 BANKED LINKER/LOCATER V6.22                                                      07/01/2013  09:38:04  PAGE 100


  C:3D31H         LINE#         336
  C:3D51H         LINE#         337
  C:3D72H         LINE#         338
  C:3D8AH         LINE#         339
  -------         ENDPROC       _SUB_INT32S2STR
  -------         PROC          _SUB_INT16S2STR
  D:0001H         SYMBOL        s
  D:0004H         SYMBOL        val
  C:6A4EH         LINE#         342
  C:6A4EH         LINE#         343
  C:6A4EH         LINE#         344
  C:6A56H         LINE#         345
  C:6A5DH         LINE#         346
  C:6A5FH         LINE#         347
  C:6A61H         LINE#         349
  C:6A66H         LINE#         350
  C:6A66H         LINE#         351
  -------         ENDPROC       _SUB_INT16S2STR
  -------         PROC          _SUB_INT16U2STR
  D:0039H         SYMBOL        s
  D:003CH         SYMBOL        val
  C:4D9BH         LINE#         354
  C:4DA5H         LINE#         355
  C:4DA5H         LINE#         356
  C:4DB6H         LINE#         357
  C:4DC5H         LINE#         358
  C:4DDFH         LINE#         359
  C:4DEEH         LINE#         360
  C:4E08H         LINE#         361
  C:4E17H         LINE#         362
  C:4E31H         LINE#         363
  -------         ENDPROC       _SUB_INT16U2STR
  -------         PROC          _SUB_INT8U2STR
  D:0001H         SYMBOL        s
  D:0005H         SYMBOL        val
  C:6AB2H         LINE#         366
  C:6AB2H         LINE#         367
  C:6AB2H         LINE#         368
  C:6AB9H         LINE#         369
  C:6AC3H         LINE#         370
  -------         ENDPROC       _SUB_INT8U2STR
  -------         PROC          _SUB_SBUFSWITCH
  D:0036H         SYMBOL        buf
  D:0039H         SYMBOL        i
  D:003AH         SYMBOL        j
  -------         DO            
  D:003BH         SYMBOL        temp
  -------         ENDDO         
  C:5FFCH         LINE#         436
  C:6004H         LINE#         437
  C:6004H         LINE#         440
  C:601AH         LINE#         441
  C:6036H         LINE#         442
  -------         ENDPROC       _SUB_SBUFSWITCH
  -------         PROC          _SUB_16SBUFSWITCH
  D:003DH         SYMBOL        buf
  D:0005H         SYMBOL        i
BL51 BANKED LINKER/LOCATER V6.22                                                      07/01/2013  09:38:04  PAGE 101


  D:0041H         SYMBOL        j
  -------         DO            
  D:0042H         SYMBOL        temp
  -------         ENDDO         
  C:62CDH         LINE#         446
  C:62D3H         LINE#         447
  C:62D3H         LINE#         450
  C:62E5H         LINE#         451
  C:6306H         LINE#         452
  -------         ENDPROC       _SUB_16SBUFSWITCH
  -------         PROC          _SUB_UBUFSWITCH
  D:003DH         SYMBOL        buf
  D:0005H         SYMBOL        i
  D:0041H         SYMBOL        j
  -------         DO            
  D:0042H         SYMBOL        temp
  -------         ENDDO         
  C:6319H         LINE#         456
  C:631FH         LINE#         457
  C:631FH         LINE#         460
  C:6331H         LINE#         461
  C:6352H         LINE#         462
  -------         ENDPROC       _SUB_UBUFSWITCH
  -------         PROC          _SUB_BUFBUBBLE
  D:002DH         SYMBOL        id
  D:0030H         SYMBOL        x
  D:0033H         SYMBOL        n
  -------         DO            
  D:0034H         SYMBOL        i
  D:0035H         SYMBOL        j
  -------         ENDDO         
  C:5B13H         LINE#         465
  C:5B19H         LINE#         466
  C:5B19H         LINE#         469
  C:5B23H         LINE#         470
  C:5B2FH         LINE#         471
  C:5B57H         LINE#         472
  C:5B65H         LINE#         473
  C:5B73H         LINE#         474
  C:5B73H         LINE#         475
  C:5B77H         LINE#         476
  C:5B7BH         LINE#         477
  -------         ENDPROC       _SUB_BUFBUBBLE
  -------         PROC          _SUB_BUFBUBBLE2
  D:0031H         SYMBOL        id
  D:0034H         SYMBOL        x
  D:0037H         SYMBOL        y
  D:003AH         SYMBOL        n
  -------         DO            
  D:003BH         SYMBOL        i
  D:003CH         SYMBOL        j
  -------         ENDDO         
  C:5876H         LINE#         479
  C:587CH         LINE#         480
  C:587CH         LINE#         483
  C:5886H         LINE#         484
  C:5892H         LINE#         485
BL51 BANKED LINKER/LOCATER V6.22                                                      07/01/2013  09:38:04  PAGE 102


  C:58BEH         LINE#         486
  C:58C6H         LINE#         487
  C:58D4H         LINE#         488
  C:58E2H         LINE#         489
  C:58E2H         LINE#         490
  C:58E6H         LINE#         491
  C:58EAH         LINE#         492
  -------         ENDPROC       _SUB_BUFBUBBLE2
  -------         PROC          SUB_SYSRST
  -------         DO            
  D:0007H         SYMBOL        SfrPage_
  -------         ENDDO         
  C:6F90H         LINE#         495
  C:6F90H         LINE#         496
  C:6F92H         LINE#         499
  C:6F95H         LINE#         500
  C:6F98H         LINE#         501
  C:6F9AH         LINE#         502
  -------         ENDPROC       SUB_SYSRST
  -------         PROC          _SUB_STRALARMCHECK
  D:002CH         SYMBOL        val
  D:002FH         SYMBOL        str
  C:688FH         LINE#         506
  C:6895H         LINE#         507
  C:6895H         LINE#         508
  C:68A7H         LINE#         509
  C:68A7H         LINE#         510
  C:68B8H         LINE#         511
  C:68BBH         LINE#         512
  C:68BBH         LINE#         514
  C:68BBH         LINE#         515
  C:68BDH         LINE#         516
  C:68BDH         LINE#         518
  -------         ENDPROC       _SUB_STRALARMCHECK
  -------         ENDMOD        SUB

  -------         MODULE        TIMER
  C:0000H         SYMBOL        _ICE_DUMMY_
  D:0017H         PUBLIC        MainTime4En
  D:00A0H         PUBLIC        P2
  C:658DH         PUBLIC        Timer2_ISR
  D:00A7H         PUBLIC        SFRPAGE
  C:6728H         PUBLIC        Timer2_TaskInIsr
  B:00C8H.7       PUBLIC        TF2H
  D:00CCH         PUBLIC        TMR2
  C:66B9H         PUBLIC        Timer2_Init
  D:00C8H         PUBLIC        TMR2CN
  D:00CAH         PUBLIC        TMR2RL
  B:00A8H.5       PUBLIC        ET2
  B:00C8H.2       PUBLIC        TR2
  C:6DB9H         PUBLIC        Timer2_TaskInMain
  D:008EH         PUBLIC        CKCON
  X:0B66H         PUBLIC        MainTime4Cnt
  -------         PROC          TIMER2_INIT
  -------         DO            
  D:0007H         SYMBOL        SfrPage_
  -------         ENDDO         
BL51 BANKED LINKER/LOCATER V6.22                                                      07/01/2013  09:38:04  PAGE 103


  C:66B9H         LINE#         26
  C:66B9H         LINE#         27
  C:66B9H         LINE#         28
  C:66BBH         LINE#         29
  C:66BEH         LINE#         30
  C:66C0H         LINE#         31
  C:66C3H         LINE#         32
  C:66C9H         LINE#         33
  C:66CFH         LINE#         34
  C:66D1H         LINE#         35
  C:66D3H         LINE#         36
  C:66D5H         LINE#         37
  C:66F0H         LINE#         38
  -------         ENDPROC       TIMER2_INIT
  -------         PROC          TIMER2_ISR
  C:658DH         LINE#         46
  C:65AAH         LINE#         48
  C:65ACH         LINE#         49
  C:65AFH         LINE#         50
  -------         ENDPROC       TIMER2_ISR
  -------         PROC          TIMER2_TASKINISR
  C:6728H         LINE#         68
  C:6728H         LINE#         69
  C:6728H         LINE#         70
  C:672BH         LINE#         71
  C:6735H         LINE#         72
  C:673FH         LINE#         73
  C:673FH         LINE#         74
  C:675AH         LINE#         75
  C:675DH         LINE#         77
  C:675DH         LINE#         78
  -------         ENDPROC       TIMER2_TASKINISR
  -------         PROC          TIMER2_TASKINMAIN
  C:6DB9H         LINE#         86
  C:6DB9H         LINE#         87
  C:6DB9H         LINE#         88
  C:6DBEH         LINE#         89
  C:6DC1H         LINE#         90
  C:6DC7H         LINE#         91
  C:6DCAH         LINE#         93
  C:6DCAH         LINE#         94
  -------         ENDPROC       TIMER2_TASKINMAIN
  -------         ENDMOD        TIMER

  -------         MODULE        ?C?FPADD
  C:0055H         PUBLIC        ?C?FPADD
  C:0051H         PUBLIC        ?C?FPSUB
  -------         ENDMOD        ?C?FPADD

  -------         MODULE        ?C?FPMUL
  C:0146H         PUBLIC        ?C?FPMUL
  -------         ENDMOD        ?C?FPMUL

  -------         MODULE        ?C?FPDIV
  C:024FH         PUBLIC        ?C?FPDIV
  -------         ENDMOD        ?C?FPDIV

BL51 BANKED LINKER/LOCATER V6.22                                                      07/01/2013  09:38:04  PAGE 104


  -------         MODULE        ?C?FPCMP
  C:02EEH         PUBLIC        ?C?FPCMP
  C:02ECH         PUBLIC        ?C?FPCMP3
  -------         ENDMOD        ?C?FPCMP

  -------         MODULE        ?C?FCAST
  C:0363H         PUBLIC        ?C?FCASTC
  C:035EH         PUBLIC        ?C?FCASTI
  C:0359H         PUBLIC        ?C?FCASTL
  -------         ENDMOD        ?C?FCAST

  -------         MODULE        ?C?CASTF
  C:0397H         PUBLIC        ?C?CASTF
  -------         ENDMOD        ?C?CASTF

  -------         MODULE        SQRT
  C:4E4FH         PUBLIC        _SQRT
  -------         ENDMOD        SQRT

  -------         MODULE        SIN
  C:3B22H         PUBLIC        _COS
  C:3B38H         PUBLIC        _SIN
  C:3B6AH         PUBLIC        _TAN
  -------         ENDMOD        SIN

  -------         MODULE        ASIN
  C:667EH         PUBLIC        _ASIN
  -------         ENDMOD        ASIN

  -------         MODULE        ATAN
  C:3EF6H         PUBLIC        _ATAN
  -------         ENDMOD        ATAN

  -------         MODULE        ?C?CLDPTR
  C:0465H         PUBLIC        ?C?CLDPTR
  -------         ENDMOD        ?C?CLDPTR

  -------         MODULE        ?C?CLDOPTR
  C:047EH         PUBLIC        ?C?CLDOPTR
  -------         ENDMOD        ?C?CLDOPTR

  -------         MODULE        ?C?CILDPTR
  C:04ABH         PUBLIC        ?C?CILDPTR
  -------         ENDMOD        ?C?CILDPTR

  -------         MODULE        ?C?CSTPTR
  C:04CDH         PUBLIC        ?C?CSTPTR
  -------         ENDMOD        ?C?CSTPTR

  -------         MODULE        ?C?CSTOPTR
  C:04DFH         PUBLIC        ?C?CSTOPTR
  -------         ENDMOD        ?C?CSTOPTR

  -------         MODULE        ?C?IMUL
  C:0501H         PUBLIC        ?C?IMUL
  -------         ENDMOD        ?C?IMUL

BL51 BANKED LINKER/LOCATER V6.22                                                      07/01/2013  09:38:04  PAGE 105


  -------         MODULE        ?C?UIDIV
  C:0513H         PUBLIC        ?C?UIDIV
  -------         ENDMOD        ?C?UIDIV

  -------         MODULE        ?C?SIDIV
  C:0568H         PUBLIC        ?C?SIDIV
  -------         ENDMOD        ?C?SIDIV

  -------         MODULE        ?C?IILDX
  C:059EH         PUBLIC        ?C?IILDX
  -------         ENDMOD        ?C?IILDX

  -------         MODULE        ?C?ILDPTR
  C:05B4H         PUBLIC        ?C?ILDPTR
  -------         ENDMOD        ?C?ILDPTR

  -------         MODULE        ?C?ILDOPTR
  C:05DFH         PUBLIC        ?C?ILDOPTR
  -------         ENDMOD        ?C?ILDOPTR

  -------         MODULE        ?C?IILDPTR
  C:0617H         PUBLIC        ?C?IILDPTR
  -------         ENDMOD        ?C?IILDPTR

  -------         MODULE        ?C?IILDOPTR
  C:064FH         PUBLIC        ?C?IILDOPTR
  -------         ENDMOD        ?C?IILDOPTR

  -------         MODULE        ?C?ISTPTR
  C:069CH         PUBLIC        ?C?ISTPTR
  -------         ENDMOD        ?C?ISTPTR

  -------         MODULE        ?C?ISTOPTR
  C:06BBH         PUBLIC        ?C?ISTOPTR
  -------         ENDMOD        ?C?ISTOPTR

  -------         MODULE        ?C?LADD
  C:06E8H         PUBLIC        ?C?LADD
  -------         ENDMOD        ?C?LADD

  -------         MODULE        ?C?LSUB
  C:06F5H         PUBLIC        ?C?LSUB
  -------         ENDMOD        ?C?LSUB

  -------         MODULE        ?C?LMUL
  C:0703H         PUBLIC        ?C?LMUL
  -------         ENDMOD        ?C?LMUL

  -------         MODULE        ?C?ULDIV
  C:078EH         PUBLIC        ?C?ULDIV
  -------         ENDMOD        ?C?ULDIV

  -------         MODULE        ?C?SLDIV
  C:6484H         PUBLIC        ?C?SLDIV
  -------         ENDMOD        ?C?SLDIV

  -------         MODULE        ?C?LNEG
BL51 BANKED LINKER/LOCATER V6.22                                                      07/01/2013  09:38:04  PAGE 106


  C:0820H         PUBLIC        ?C?LNEG
  -------         ENDMOD        ?C?LNEG

  -------         MODULE        ?C?SLCMP
  C:082EH         PUBLIC        ?C?SLCMP
  -------         ENDMOD        ?C?SLCMP

  -------         MODULE        ?C?ULCMP
  C:0844H         PUBLIC        ?C?ULCMP
  -------         ENDMOD        ?C?ULCMP

  -------         MODULE        ?C?ULSHR
  C:0855H         PUBLIC        ?C?ULSHR
  -------         ENDMOD        ?C?ULSHR

  -------         MODULE        ?C?LSHL
  C:0868H         PUBLIC        ?C?LSHL
  -------         ENDMOD        ?C?LSHL

  -------         MODULE        ?C?LLDPTR
  C:087BH         PUBLIC        ?C?LLDPTR
  -------         ENDMOD        ?C?LLDPTR

  -------         MODULE        ?C?LLDOPTR
  C:089BH         PUBLIC        ?C?LLDOPTR
  -------         ENDMOD        ?C?LLDOPTR

  -------         MODULE        ?C?LSTPTR
  C:08CBH         PUBLIC        ?C?LSTPTR
  -------         ENDMOD        ?C?LSTPTR

  -------         MODULE        ?C?LSTOPTR
  C:08E5H         PUBLIC        ?C?LSTOPTR
  -------         ENDMOD        ?C?LSTOPTR

  -------         MODULE        ?C?LLDXDATA
  C:0909H         PUBLIC        ?C?LLDXDATA
  -------         ENDMOD        ?C?LLDXDATA

  -------         MODULE        ?C?LLDCODE
  C:0915H         PUBLIC        ?C?LLDCODE
  -------         ENDMOD        ?C?LLDCODE

  -------         MODULE        ?C?LLDXDATA0
  C:0925H         PUBLIC        ?C?LLDXDATA0
  -------         ENDMOD        ?C?LLDXDATA0

  -------         MODULE        ?C?LLDCODE0
  C:0931H         PUBLIC        ?C?LLDCODE0
  -------         ENDMOD        ?C?LLDCODE0

  -------         MODULE        ?C?LLDOPTR0
  C:0941H         PUBLIC        ?C?LLDOPTR0
  -------         ENDMOD        ?C?LLDOPTR0

  -------         MODULE        ?C?LSTXDATA
  C:0971H         PUBLIC        ?C?LSTXDATA
BL51 BANKED LINKER/LOCATER V6.22                                                      07/01/2013  09:38:04  PAGE 107


  -------         ENDMOD        ?C?LSTXDATA

  -------         MODULE        ?C?LSTKXDATA
  C:097DH         PUBLIC        ?C?LSTKXDATA
  -------         ENDMOD        ?C?LSTKXDATA

  -------         MODULE        ?C?LSTKOPTR
  C:09AEH         PUBLIC        ?C?LSTKOPTR
  -------         ENDMOD        ?C?LSTKOPTR

  -------         MODULE        ?C?OFFXADD
  C:09D2H         PUBLIC        ?C?OFFXADD
  -------         ENDMOD        ?C?OFFXADD

  -------         MODULE        ?C?PLDIIDATA
  C:09DEH         PUBLIC        ?C?PLDIIDATA
  -------         ENDMOD        ?C?PLDIIDATA

  -------         MODULE        ?C?PLDXDATA
  C:09EEH         PUBLIC        ?C?PLDXDATA
  -------         ENDMOD        ?C?PLDXDATA

  -------         MODULE        ?C?PSTXDATA
  C:09F7H         PUBLIC        ?C?PSTXDATA
  -------         ENDMOD        ?C?PSTXDATA

  -------         MODULE        ?C?PLDOPTR
  C:0A00H         PUBLIC        ?C?PLDOPTR
  -------         ENDMOD        ?C?PLDOPTR

  -------         MODULE        ?C?PLDIOPTR
  C:0A30H         PUBLIC        ?C?PLDIOPTR
  -------         ENDMOD        ?C?PLDIOPTR

  -------         MODULE        ?C?PSTOPTR
  C:0A62H         PUBLIC        ?C?PSTOPTR
  -------         ENDMOD        ?C?PSTOPTR

  -------         MODULE        ?C?CCASE
  C:0ABBH         PUBLIC        ?C?CCASE
  -------         ENDMOD        ?C?CCASE

  -------         MODULE        ?C?ICASE
  C:0AE1H         PUBLIC        ?C?ICASE
  -------         ENDMOD        ?C?ICASE

  -------         MODULE        ?C?ICALL
  C:0B0EH         PUBLIC        ?C?ICALL
  C:0B12H         PUBLIC        ?C?ICALL2
  -------         ENDMOD        ?C?ICALL

  -------         MODULE        STRNCMP
  D:002CH         PUBLIC        ?_strncmp?BYTE
  C:59CDH         PUBLIC        _strncmp
  -------         ENDMOD        STRNCMP

  -------         MODULE        STRNCPY
BL51 BANKED LINKER/LOCATER V6.22                                                      07/01/2013  09:38:04  PAGE 108


  D:002BH         PUBLIC        ?_strncpy?BYTE
  C:60A6H         PUBLIC        _strncpy
  -------         ENDMOD        STRNCPY

  -------         MODULE        ?C?LLDIDATA
  C:0B14H         PUBLIC        ?C?LLDIDATA
  -------         ENDMOD        ?C?LLDIDATA

  -------         MODULE        ?C?LLDPDATA
  C:0B20H         PUBLIC        ?C?LLDPDATA
  -------         ENDMOD        ?C?LLDPDATA

  -------         MODULE        ?C?LLDIDATA0
  C:0B2CH         PUBLIC        ?C?LLDIDATA0
  -------         ENDMOD        ?C?LLDIDATA0

  -------         MODULE        ?C?LLDPDATA0
  C:0B39H         PUBLIC        ?C?LLDPDATA0
  -------         ENDMOD        ?C?LLDPDATA0

  -------         MODULE        ?C?LSTIDATA
  C:0B46H         PUBLIC        ?C?LSTIDATA
  -------         ENDMOD        ?C?LSTIDATA

  -------         MODULE        ?C?LSTPDATA
  C:0B52H         PUBLIC        ?C?LSTPDATA
  -------         ENDMOD        ?C?LSTPDATA

  -------         MODULE        ?C?LSTKIDATA
  C:0B5EH         PUBLIC        ?C?LSTKIDATA
  -------         ENDMOD        ?C?LSTKIDATA

  -------         MODULE        ?C?LSTKPDATA
  C:0B77H         PUBLIC        ?C?LSTKPDATA
  -------         ENDMOD        ?C?LSTKPDATA

  -------         MODULE        ?C?PLDIDATA
  C:0B90H         PUBLIC        ?C?PLDIDATA
  -------         ENDMOD        ?C?PLDIDATA

  -------         MODULE        ?C?PSTIDATA
  C:0B99H         PUBLIC        ?C?PSTIDATA
  -------         ENDMOD        ?C?PSTIDATA

  -------         MODULE        ?C?PLDIXDATA
  C:0BA2H         PUBLIC        ?C?PLDIXDATA
  -------         ENDMOD        ?C?PLDIXDATA

  -------         MODULE        ?C?PLDPDATA
  C:0BB9H         PUBLIC        ?C?PLDPDATA
  -------         ENDMOD        ?C?PLDPDATA

  -------         MODULE        ?C?PLDIPDATA
  C:0BC2H         PUBLIC        ?C?PLDIPDATA
  -------         ENDMOD        ?C?PLDIPDATA

  -------         MODULE        ?C?PSTPDATA
BL51 BANKED LINKER/LOCATER V6.22                                                      07/01/2013  09:38:04  PAGE 109


  C:0BD2H         PUBLIC        ?C?PSTPDATA
  -------         ENDMOD        ?C?PSTPDATA

  -------         MODULE        ?C?PLDCODE
  C:0BDBH         PUBLIC        ?C?PLDCODE
  -------         ENDMOD        ?C?PLDCODE

Program Size: data=113.4 xdata=2920 code=28977
LINK/LOCATE RUN COMPLETE.  0 WARNING(S),  0 ERROR(S)
