BL51 BANKED LINKER/LOCATER V6.22                                                        06/13/2018  16:51:36  PAGE 1


BL51 BANKED LINKER/LOCATER V6.22, INVOKED BY:
C:\KEIL\C51\BIN\BL51.EXE .\obj\STARTUP.obj, .\obj\AdcDrv.obj, .\obj\AngApp.obj, .\obj\Calibration.obj, .\obj\CmdSub.obj,
>>  .\obj\Comm.obj, .\obj\Delay.obj, .\obj\Filter.obj, .\obj\Flash.obj, .\obj\Init.obj, .\obj\Key.obj, .\obj\Main.obj, .
>> \obj\ModBusCrc.obj, .\obj\ModBusRtu.obj, .\obj\Send.obj, .\obj\Sensor.obj, .\obj\Sub.obj, .\obj\Timer.obj, .\obj\CalM
>> cuT.obj, .\obj\compass.obj TO .\obj\9003 PRINT (.\lst\9003.m51) RAMSIZE (256)


MEMORY MODEL: SMALL WITH FLOATING POINT ARITHMETIC


INPUT MODULES INCLUDED:
  .\obj\STARTUP.obj (?C_STARTUP)
  .\obj\AdcDrv.obj (ADCDRV)
  .\obj\AngApp.obj (ANGAPP)
  .\obj\Calibration.obj (CALIBRATION)
  .\obj\CmdSub.obj (CMDSUB)
  .\obj\Comm.obj (COMM)
  .\obj\Delay.obj (DELAY)
  .\obj\Filter.obj (FILTER)
  .\obj\Flash.obj (FLASH)
  .\obj\Init.obj (INIT)
  .\obj\Key.obj (KEY)
  .\obj\Main.obj (MAIN)
  .\obj\ModBusCrc.obj (MODBUSCRC)
  .\obj\ModBusRtu.obj (MODBUSRTU)
  .\obj\Send.obj (SEND)
  .\obj\Sensor.obj (SENSOR)
  .\obj\Sub.obj (SUB)
  .\obj\Timer.obj (TIMER)
  .\obj\CalMcuT.obj (CALMCUT)
  .\obj\compass.obj (COMPASS)
  C:\KEIL\C51\LIB\C51FPS.LIB (?C?FPADD)
  C:\KEIL\C51\LIB\C51FPS.LIB (?C?FPMUL)
  C:\KEIL\C51\LIB\C51FPS.LIB (?C?FPDIV)
  C:\KEIL\C51\LIB\C51FPS.LIB (?C?FPCMP)
  C:\KEIL\C51\LIB\C51FPS.LIB (?C?FCAST)
  C:\KEIL\C51\LIB\C51FPS.LIB (?C?CASTF)
  C:\KEIL\C51\LIB\C51FPS.LIB (SQRT)
  C:\KEIL\C51\LIB\C51FPS.LIB (SIN)
  C:\KEIL\C51\LIB\C51FPS.LIB (ATAN)
  C:\KEIL\C51\LIB\C51FPS.LIB (ASIN)
  C:\KEIL\C51\LIB\C51FPS.LIB (?C?FPGETOPN)
  C:\KEIL\C51\LIB\C51FPS.LIB (?C?FPSERIES)
  C:\KEIL\C51\LIB\C51S.LIB (?C_INIT)
  C:\KEIL\C51\LIB\C51S.LIB (?C?CLDPTR)
  C:\KEIL\C51\LIB\C51S.LIB (?C?CLDOPTR)
  C:\KEIL\C51\LIB\C51S.LIB (?C?CILDPTR)
  C:\KEIL\C51\LIB\C51S.LIB (?C?CILDOPTR)
  C:\KEIL\C51\LIB\C51S.LIB (?C?CSTPTR)
  C:\KEIL\C51\LIB\C51S.LIB (?C?CSTOPTR)
  C:\KEIL\C51\LIB\C51S.LIB (?C?IMUL)
  C:\KEIL\C51\LIB\C51S.LIB (?C?UIDIV)
  C:\KEIL\C51\LIB\C51S.LIB (?C?SIDIV)
  C:\KEIL\C51\LIB\C51S.LIB (?C?IILDX)
  C:\KEIL\C51\LIB\C51S.LIB (?C?ILDPTR)
  C:\KEIL\C51\LIB\C51S.LIB (?C?ILDOPTR)
  C:\KEIL\C51\LIB\C51S.LIB (?C?IILDPTR)
  C:\KEIL\C51\LIB\C51S.LIB (?C?IILDOPTR)
BL51 BANKED LINKER/LOCATER V6.22                                                      06/13/2018  16:51:36  PAGE 2


  C:\KEIL\C51\LIB\C51S.LIB (?C?ISTPTR)
  C:\KEIL\C51\LIB\C51S.LIB (?C?ISTOPTR)
  C:\KEIL\C51\LIB\C51S.LIB (?C?LADD)
  C:\KEIL\C51\LIB\C51S.LIB (?C?LMUL)
  C:\KEIL\C51\LIB\C51S.LIB (?C?ULDIV)
  C:\KEIL\C51\LIB\C51S.LIB (?C?SLDIV)
  C:\KEIL\C51\LIB\C51S.LIB (?C?LNEG)
  C:\KEIL\C51\LIB\C51S.LIB (?C?SLCMP)
  C:\KEIL\C51\LIB\C51S.LIB (?C?ULCMP)
  C:\KEIL\C51\LIB\C51S.LIB (?C?ULSHR)
  C:\KEIL\C51\LIB\C51S.LIB (?C?LSHL)
  C:\KEIL\C51\LIB\C51S.LIB (?C?LLDPTR)
  C:\KEIL\C51\LIB\C51S.LIB (?C?LLDOPTR)
  C:\KEIL\C51\LIB\C51S.LIB (?C?LSTPTR)
  C:\KEIL\C51\LIB\C51S.LIB (?C?LSTOPTR)
  C:\KEIL\C51\LIB\C51S.LIB (?C?LLDXDATA)
  C:\KEIL\C51\LIB\C51S.LIB (?C?LLDCODE)
  C:\KEIL\C51\LIB\C51S.LIB (?C?LLDXDATA0)
  C:\KEIL\C51\LIB\C51S.LIB (?C?LLDCODE0)
  C:\KEIL\C51\LIB\C51S.LIB (?C?LLDOPTR0)
  C:\KEIL\C51\LIB\C51S.LIB (?C?LSTXDATA)
  C:\KEIL\C51\LIB\C51S.LIB (?C?LSTKXDATA)
  C:\KEIL\C51\LIB\C51S.LIB (?C?LSTKOPTR)
  C:\KEIL\C51\LIB\C51S.LIB (?C?OFFXADD)
  C:\KEIL\C51\LIB\C51S.LIB (?C?PLDIIDATA)
  C:\KEIL\C51\LIB\C51S.LIB (?C?PLDXDATA)
  C:\KEIL\C51\LIB\C51S.LIB (?C?PSTXDATA)
  C:\KEIL\C51\LIB\C51S.LIB (?C?PLDOPTR)
  C:\KEIL\C51\LIB\C51S.LIB (?C?PLDIOPTR)
  C:\KEIL\C51\LIB\C51S.LIB (?C?PSTOPTR)
  C:\KEIL\C51\LIB\C51S.LIB (?C?CCASE)
  C:\KEIL\C51\LIB\C51S.LIB (?C?ICASE)
  C:\KEIL\C51\LIB\C51S.LIB (?C?ICALL)
  C:\KEIL\C51\LIB\C51S.LIB (STRNCMP)
  C:\KEIL\C51\LIB\C51S.LIB (STRNCPY)
  C:\KEIL\C51\LIB\C51S.LIB (?C?LLDIDATA)
  C:\KEIL\C51\LIB\C51S.LIB (?C?LLDPDATA)
  C:\KEIL\C51\LIB\C51S.LIB (?C?LLDIDATA0)
  C:\KEIL\C51\LIB\C51S.LIB (?C?LLDPDATA0)
  C:\KEIL\C51\LIB\C51S.LIB (?C?LSTIDATA)
  C:\KEIL\C51\LIB\C51S.LIB (?C?LSTPDATA)
  C:\KEIL\C51\LIB\C51S.LIB (?C?LSTKIDATA)
  C:\KEIL\C51\LIB\C51S.LIB (?C?LSTKPDATA)
  C:\KEIL\C51\LIB\C51S.LIB (?C?PLDIDATA)
  C:\KEIL\C51\LIB\C51S.LIB (?C?PSTIDATA)
  C:\KEIL\C51\LIB\C51S.LIB (?C?PLDIXDATA)
  C:\KEIL\C51\LIB\C51S.LIB (?C?PLDPDATA)
  C:\KEIL\C51\LIB\C51S.LIB (?C?PLDIPDATA)
  C:\KEIL\C51\LIB\C51S.LIB (?C?PSTPDATA)
  C:\KEIL\C51\LIB\C51S.LIB (?C?PLDCODE)


LINK MAP OF MODULE:  .\obj\9003 (?C_STARTUP)


            TYPE    BASE      LENGTH    RELOCATION   SEGMENT NAME
            -----------------------------------------------------
BL51 BANKED LINKER/LOCATER V6.22                                                      06/13/2018  16:51:36  PAGE 3



            * * * * * * *   D A T A   M E M O R Y   * * * * * * *
            REG     0000H     0008H     ABSOLUTE     "REG BANK 0"
            DATA    0008H     000AH     UNIT         ?DT?SEND
            DATA    0012H     0004H     UNIT         ?DT?CMDSUB
            DATA    0016H     0003H     UNIT         ?DT?_GETMT?CALMCUT
            DATA    0019H     0002H     UNIT         ?DT?CALMCUT
            DATA    001BH     0001H     UNIT         ?DT?TIMER
            IDATA   001CH     0003H     UNIT         ?ID?ADCDRV
                    001FH     0001H                  *** GAP ***
            BIT     0020H.0   0000H.2   UNIT         ?BI?COMM
            BIT     0020H.2   0000H.2   UNIT         _BIT_GROUP_
                    0020H.4   0000H.4                *** GAP ***
            DATA    0021H     0055H     UNIT         _DATA_GROUP_
            IDATA   0076H     0001H     UNIT         ?STACK

            * * * * * * *  X D A T A   M E M O R Y  * * * * * * *
            XDATA   0000H     04B3H     UNIT         ?XD?CALIBRATION
            XDATA   04B3H     0200H     UNIT         ?XD?FLASH
            XDATA   06B3H     01A3H     UNIT         ?XD?COMM
            XDATA   0856H     019EH     UNIT         ?XD?ADCDRV
            XDATA   09F4H     00F1H     UNIT         ?XD?CALMCUT
            XDATA   0AE5H     00C9H     UNIT         ?XD?SEND
            XDATA   0BAEH     0041H     UNIT         ?XD?SENSOR
            XDATA   0BEFH     0038H     UNIT         ?XD?ANGAPP
            XDATA   0C27H     001CH     UNIT         ?XD?MAIN
            XDATA   0C43H     001CH     UNIT         ?XD?COMPASS
            XDATA   0C5FH     0018H     UNIT         ?XD?CMDSUB
            XDATA   0C77H     0014H     UNIT         _XDATA_GROUP_
            XDATA   0C8BH     0010H     UNIT         ?XD?MODBUSRTU
            XDATA   0C9BH     000AH     UNIT         ?XD?INIT
            XDATA   0CA5H     0002H     UNIT         ?XD?TIMER
            XDATA   0CA7H     0001H     UNIT         ?XD?KEY

            * * * * * * *   C O D E   M E M O R Y   * * * * * * *
            CODE    0000H     0003H     ABSOLUTE     
            CODE    0003H     0020H     UNIT         ?PR?_SEND_TDEAL?SEND
            CODE    0023H     0003H     ABSOLUTE     
            CODE    0026H     0004H     UNIT         ?PR?ADC_ENABLE?ADCDRV
                    002AH     0001H                  *** GAP ***
            CODE    002BH     0003H     ABSOLUTE     
            CODE    002EH     001DH     UNIT         ?PR?COMM_TIMERPROC?COMM
            CODE    004BH     0003H     ABSOLUTE     
            CODE    004EH     0BBEH     UNIT         ?C?LIB_CODE
            CODE    0C0CH     0B1FH     UNIT         ?PR?_MODRTU_RDVAL?MODBUSRTU
            CODE    172BH     06BEH     UNIT         ?PR?_MODRTU_WRVAL?MODBUSRTU
            CODE    1DE9H     05E2H     UNIT         ?PR?_SEND_SDEAL?SEND
            CODE    23CBH     0435H     UNIT         ?PR?_RAM_CALDATA2BUF?FLASH
            CODE    2800H     036CH     UNIT         ?PR?_RAM_BUF2CALDATA?FLASH
            CODE    2B6CH     02BAH     UNIT         ?PR?_CUSTOMPRO?MODBUSRTU
            CODE    2E26H     0200H     UNIT         ?CO?MODBUSCRC
            CODE    3026H     01CBH     UNIT         ?PR?COMP_ANGCNTPROC?COMPASS
            CODE    31F1H     01BEH     UNIT         ?CO?SEND
            CODE    33AFH     0199H     UNIT         ?PR?COMP_CALPRMTCNT?COMPASS
            CODE    3548H     018EH     UNIT         ?PR?_SUB_STR2INT32S?SUB
            CODE    36D6H     017CH     UNIT         ?PR?_ANG_CALCPRM?CALIBRATION
            CODE    3852H     016EH     UNIT         ?PR?SIN?SIN
BL51 BANKED LINKER/LOCATER V6.22                                                      06/13/2018  16:51:36  PAGE 4


            CODE    39C0H     0165H     UNIT         ?PR?_SEND_CDEAL?SEND
            CODE    3B25H     0163H     UNIT         ?PR?_MCUT_CALCPRM?CALMCUT
            CODE    3C88H     0162H     UNIT         ?PR?_SUB_INT32S2STR?SUB
            CODE    3DEAH     0146H     UNIT         ?PR?_SEND_RDEAL?SEND
            CODE    3F30H     0137H     UNIT         ?PR?SEND_TIMEPROC?SEND
            CODE    4067H     012CH     UNIT         ?PR?_TEMP_CALCPRM?CALIBRATION
            CODE    4193H     0128H     UNIT         ?PR?ATAN?ATAN
            CODE    42BBH     0127H     UNIT         ?PR?_COMP_ADCCORRECTS?COMPASS
            CODE    43E2H     0118H     UNIT         ?PR?_INT32S2VAL?MODBUSRTU
            CODE    44FAH     010BH     UNIT         ?PR?COMP_CALSAMPPROC?COMPASS
            CODE    4605H     0108H     UNIT         ?PR?FLASH_CALDATAINIT?FLASH
            CODE    470DH     0107H     UNIT         ?PR?ANGCALDATAINIT?CALIBRATION
            CODE    4814H     0103H     UNIT         ?PR?_MODRTU_WRREG?MODBUSRTU
            CODE    4917H     0100H     UNIT         ?PR?_SEND_WDEAL?SEND
            CODE    4A17H     0100H     UNIT         ?PR?_COMP_MIDFILTER?COMPASS
            CODE    4B17H     00EDH     UNIT         ?PR?_MODRTU_RDREG?MODBUSRTU
            CODE    4C04H     00E8H     UNIT         ?PR?_TEMP_CALTREFSET?CMDSUB
            CODE    4CECH     00E4H     UNIT         ?PR?CALIBINIT?CALIBRATION
            CODE    4DD0H     00E0H     UNIT         ?PR?MTCALDATAINIT?CALMCUT
            CODE    4EB0H     00DBH     UNIT         ?PR?_SLIDEWINFILTER?FILTER
            CODE    4F8BH     00D8H     UNIT         ?PR?_PANGCALC?ANGAPP
            CODE    5063H     00C4H     UNIT         ?PR?_SUB_SENDTEMPCAL?SUB
            CODE    5127H     00BFH     UNIT         ?PR?_SUB_STR2INT16U?SUB
            CODE    51E6H     00B7H     UNIT         ?PR?_GETOFFSET?SENSOR
            CODE    529DH     00B0H     UNIT         ?PR?_SUB_INT16U2STR?SUB
            CODE    534DH     00AAH     UNIT         ?PR?SQRT?SQRT
            CODE    53F7H     00A7H     UNIT         ?PR?_ANG_CALC?SENSOR
            CODE    549EH     00A5H     UNIT         ?PR?_COMM_GETTXCHAR?COMM
            CODE    5543H     00A4H     UNIT         ?PR?_COMM_GETCHAR?COMM
            CODE    55E7H     00A1H     UNIT         ?PR?_GETANGCALCVAL?SENSOR
            CODE    5688H     008FH     UNIT         ?PR?COMM_SOFTWAREINIT?COMM
            CODE    5717H     008DH     UNIT         ?PR?_FLOATTOINT?MODBUSRTU
            CODE    57A4H     008CH     UNIT         ?C_C51STARTUP
            CODE    5830H     008CH     UNIT         ?PR?_COMM_PUTCHAR?COMM
            CODE    58BCH     008BH     UNIT         ?PR?ADC_ISR?ADCDRV
            CODE    5947H     008BH     UNIT         ?PR?SNPROC?SENSOR
            CODE    59D2H     0087H     UNIT         ?PR?ADC_XCALSTOP?CMDSUB
            CODE    5A59H     0087H     UNIT         ?PR?ADC_YCALSTOP?CMDSUB
            CODE    5AE0H     0085H     UNIT         ?PR?_ADCFILTER?ADCDRV
            CODE    5B65H     0085H     UNIT         ?PR?_GETMT?CALMCUT
            CODE    5BEAH     0084H     UNIT         ?PR?_COMM_PUTRXCHAR?COMM
            CODE    5C6EH     0080H     UNIT         ?PR?_SNFILTER?SENSOR
            CODE    5CEEH     007FH     UNIT         ?PR?_ADC_SAVEANDSWITCH?ADCDRV
            CODE    5D6DH     0078H     UNIT         ?PR?ANGINIT?ANGAPP
            CODE    5DE5H     0076H     UNIT         ?PR?_TEMP_CALVALWR?CMDSUB
            CODE    5E5BH     0075H     UNIT         ?PR?_SUB_BUFBUBBLE16U?SUB
            CODE    5ED0H     0073H     UNIT         ?PR?_SUB_SENDMCUTEMPCAL?SUB
            CODE    5F43H     0072H     UNIT         ?PR?COMM_ISR?COMM
            CODE    5FB5H     0071H     UNIT         ?PR?GET_MCUTEMPINCELSIUS?SENSOR
            CODE    6026H     0070H     UNIT         ?PR?TEMPSORTANDCALCPRM?CMDSUB
            CODE    6096H     006FH     UNIT         ?PR?_STRNCMP?STRNCMP
            CODE    6105H     006EH     UNIT         ?PR?SNINIT?SENSOR
            CODE    6173H     006DH     UNIT         ?PR?SUB_SENDPRMTALL?SUB
            CODE    61E0H     006DH     UNIT         ?PR?_SUB_BUFBUBBLE16S?SUB
            CODE    624DH     006CH     UNIT         ?PR?TEMPCALDATAINIT?CALIBRATION
            CODE    62B9H     0069H     UNIT         ?PR?_SN_DATAINIT?SENSOR
            CODE    6322H     0069H     UNIT         ?PR?_SUB_BUFBUBBLE32S?SUB
BL51 BANKED LINKER/LOCATER V6.22                                                      06/13/2018  16:51:36  PAGE 5


            CODE    638BH     0066H     UNIT         ?PR?_TEMP_CALSAMP?CMDSUB
            CODE    63F1H     0065H     UNIT         ?PR?_FLASH_BUFWR?FLASH
            CODE    6456H     0065H     UNIT         ?PR?_SEND_UDEAL?SEND
            CODE    64BBH     005EH     UNIT         ?CO?SUB
            CODE    6519H     005DH     UNIT         ?PR?_FILTER_1ST?FILTER
            CODE    6576H     005BH     UNIT         ?PR?FLASH_CALDATAUPDATE?FLASH
            CODE    65D1H     005AH     UNIT         ?PR?_SUB_STR2INT16S?SUB
            CODE    662BH     0058H     UNIT         ?PR?SUB_SENDTCALTEST?SUB
            CODE    6683H     0057H     UNIT         ?PR?_FLASH_BUFRD?FLASH
            CODE    66DAH     0056H     UNIT         ?PR?FLASHAREA_USER?FLASH
            CODE    6730H     0056H     UNIT         ?PR?_CHKCODE?MODBUSRTU
            CODE    6786H     0056H     UNIT         ?PR?_SUB_SBUFSWITCH?SUB
            CODE    67DCH     0052H     UNIT         ?PR?_STRNCPY?STRNCPY
            CODE    682EH     0050H     UNIT         ?PR?INIT_SYSTEMPARA?INIT
            CODE    687EH     004FH     UNIT         ?PR?_FLASH_CALDATAUPDATE_USER?FLASH
            CODE    68CDH     004CH     UNIT         ?PR?GETXANGALLSETVAL?ANGAPP
            CODE    6919H     004CH     UNIT         ?PR?GETYANGALLSETVAL?ANGAPP
            CODE    6965H     004CH     UNIT         ?PR?_SUB_16SBUFSWITCH?SUB
            CODE    69B1H     004CH     UNIT         ?PR?_SUB_UBUFSWITCH?SUB
            CODE    69FDH     004AH     UNIT         ?PR?ADCENTITYINIT?ADCDRV
            CODE    6A47H     0049H     UNIT         ?PR?_MCUT_CALVALWR?CALMCUT
            CODE    6A90H     0045H     UNIT         ?PR?_MODRTU_RLYERROR?MODBUSRTU
            CODE    6AD5H     0045H     UNIT         ?PR?_SUB_SENDADCTXY?SUB
            CODE    6B1AH     0044H     UNIT         ?PR?FLASH_COMPDATAINIT?FLASH
            CODE    6B5EH     0044H     UNIT         ?C?LDIV
            CODE    6BA2H     0043H     UNIT         ?PR?_SUMCHK?MODBUSRTU
            CODE    6BE5H     0042H     UNIT         ?PR?COMP_SPIBYTEGET?COMPASS
            CODE    6C27H     0040H     UNIT         ?PR?CALIBMTINIT?CALMCUT
            CODE    6C67H     003EH     UNIT         ?PR?MCUTCALCPRM?CALMCUT
            CODE    6CA5H     003DH     UNIT         ?PR?TIMER2_ISR?TIMER
            CODE    6CE2H     003CH     UNIT         ?PR?MAIN?MAIN
            CODE    6D1EH     003CH     UNIT         ?PR?_MODRTU_RXPROC?MODBUSRTU
            CODE    6D5AH     003CH     UNIT         ?PR?_SUB_STR2INT8U?SUB
            CODE    6D96H     003CH     UNIT         ?PR?COMP_CALDATAINIT?COMPASS
            CODE    6DD2H     003BH     UNIT         ?PR?ASIN?ASIN
            CODE    6E0DH     0038H     UNIT         ?PR?TIMER2_INIT?TIMER
            CODE    6E45H     0037H     UNIT         ?PR?_FLASH_CHECKSUM?FLASH
            CODE    6E7CH     0036H     UNIT         ?PR?SUB_SENDANGXYP?SUB
            CODE    6EB2H     0036H     UNIT         ?PR?TIMER2_TASKINISR?TIMER
            CODE    6EE8H     0035H     UNIT         ?PR?_MODBUSCRCCNT?MODBUSCRC
            CODE    6F1DH     0033H     UNIT         ?C_INITSEG
            CODE    6F50H     0033H     UNIT         ?PR?_MODRTU_SETZERO?MODBUSRTU
            CODE    6F83H     0032H     UNIT         ?PR?_FLASHUPDATE?FLASH
            CODE    6FB5H     002FH     UNIT         ?PR?RAM_CALDATAINIT_USER?FLASH
            CODE    6FE4H     002FH     UNIT         ?PR?_SUB_SENDMCUT?SUB
            CODE    7013H     002FH     UNIT         ?PR?COMP_CALINIT?COMPASS
            CODE    7042H     002EH     UNIT         ?PR?ADC_SETINIT?ADCDRV
            CODE    7070H     002EH     UNIT         ?PR?GETANGP?ANGAPP
            CODE    709EH     002AH     UNIT         ?PR?_COMM_PUTINT16S?SUB
            CODE    70C8H     002AH     UNIT         ?PR?_COMP_GETADC?COMPASS
            CODE    70F2H     0029H     UNIT         ?PR?_FLASH_PAGEERASE?FLASH
            CODE    711BH     0028H     UNIT         ?PR?_MODRTU_WRADDR?MODBUSRTU
            CODE    7143H     0026H     UNIT         ?PR?SYS_PORTINIT?INIT
            CODE    7169H     0025H     UNIT         ?PR?_MODRTU_WRBAUD?MODBUSRTU
            CODE    718EH     0025H     UNIT         ?PR?SUB_SENDANGXY?SUB
            CODE    71B3H     0024H     UNIT         ?PR?_SETANGZERO?ANGAPP
            CODE    71D7H     0024H     UNIT         ?PR?COMM_HARDWAREINIT?COMM
BL51 BANKED LINKER/LOCATER V6.22                                                      06/13/2018  16:51:36  PAGE 6


            CODE    71FBH     0024H     UNIT         ?PR?_VALINRANGE?FILTER
            CODE    721FH     0023H     UNIT         ?PR?_COMP_SPIBYTESEND?COMPASS
            CODE    7242H     0022H     UNIT         ?PR?_SUB_INT16S2STR?SUB
            CODE    7264H     0021H     UNIT         ?PR?_COMM_PUTSTR?COMM
            CODE    7285H     0021H     UNIT         ?PR?INIT_ALL?INIT
            CODE    72A6H     0021H     UNIT         ?PR?_MODRTU_WR16U?MODBUSRTU
            CODE    72C7H     0021H     UNIT         ?PR?_SUB_STR2INT8S?SUB
            CODE    72E8H     0020H     UNIT         ?PR?_SUB_INT8U2STR?SUB
            CODE    7308H     001EH     UNIT         ?PR?_SETANGZEROADD?ANGAPP
            CODE    7326H     001EH     UNIT         ?PR?_MCUT_CALSAMP?CALMCUT
            CODE    7344H     001BH     UNIT         ?PR?SNXDATAINIT?SENSOR
            CODE    735FH     001BH     UNIT         ?PR?SNYDATAINIT?SENSOR
            CODE    737AH     001AH     UNIT         ?CO?ADCDRV
            CODE    7394H     0019H     UNIT         ?PR?SYS_CLKINIT?INIT
            CODE    73ADH     0019H     UNIT         ?PR?SUB_SENDSYSNUM?SUB
            CODE    73C6H     0018H     UNIT         ?PR?FLASH_USERDATAUPDATE?FLASH
            CODE    73DEH     0018H     UNIT         ?PR?_COMM_PUTINT16U?SUB
            CODE    73F6H     0017H     UNIT         ?PR?_TEMP_RDTEMPVAL?CALIBRATION
            CODE    740DH     0017H     UNIT         ?PR?_TEMP_WRTEMPVAL?CALIBRATION
            CODE    7424H     0017H     UNIT         ?PR?_DELAY_MS?DELAY
            CODE    743BH     0017H     UNIT         ?PR?_MCUT_RDADCVAL?CALMCUT
            CODE    7452H     0017H     UNIT         ?PR?_MCUT_WRADCVAL?CALMCUT
            CODE    7469H     0016H     UNIT         ?PR?TEMP_CALSTOP?CMDSUB
            CODE    747FH     0016H     UNIT         ?PR?_MODRTU_CHKCRC?MODBUSRTU
            CODE    7495H     0016H     UNIT         ?PR?_COMM_PUTINT8U?SUB
            CODE    74ABH     0015H     UNIT         ?PR?_SETTEMPXCALTEMPVAL?CALIBRATION
            CODE    74C0H     0015H     UNIT         ?PR?_SETTEMPYCALTEMPVAL?CALIBRATION
            CODE    74D5H     0015H     UNIT         ?PR?_SETTEMPXCALADCVAL?CALIBRATION
            CODE    74EAH     0015H     UNIT         ?PR?_SETANGXCALADCVAL?CALIBRATION
            CODE    74FFH     0015H     UNIT         ?PR?_SETTEMPYCALADCVAL?CALIBRATION
            CODE    7514H     0015H     UNIT         ?PR?_SETANGYCALADCVAL?CALIBRATION
            CODE    7529H     0015H     UNIT         ?PR?_SETMCUTCALTEMPVAL?CALMCUT
            CODE    753EH     0015H     UNIT         ?PR?_SETMCUTCALADCVAL?CALMCUT
            CODE    7553H     0014H     UNIT         ?PR?_COMM_PUTINT32S?SUB
            CODE    7567H     0012H     UNIT         ?PR?TEMP_CALSTA?CMDSUB
            CODE    7579H     0012H     UNIT         ?PR?_SNXFILTER?SENSOR
            CODE    758BH     0012H     UNIT         ?PR?_SNYFILTER?SENSOR
            CODE    759DH     0012H     UNIT         ?PR?TIMER2_TASKINMAIN?TIMER
            CODE    75AFH     0011H     UNIT         ?PR?_TEMP_RDADCVAL?CALIBRATION
            CODE    75C0H     0011H     UNIT         ?PR?_TEMP_WRADCVAL?CALIBRATION
            CODE    75D1H     0011H     UNIT         ?PR?_ANG_RDADCVAL?CALIBRATION
            CODE    75E2H     0011H     UNIT         ?PR?_ANG_WRADCVAL?CALIBRATION
            CODE    75F3H     0011H     UNIT         ?PR?_MCUT_RDTEMPVAL?CALMCUT
            CODE    7604H     0011H     UNIT         ?PR?_MCUT_WRTEMPVAL?CALMCUT
            CODE    7615H     0010H     UNIT         ?PR?_MCUT_SET?CMDSUB
            CODE    7625H     000FH     UNIT         ?PR?DELAY_100US?DELAY
            CODE    7634H     000FH     UNIT         ?PR?GET_MCUTEMP?SENSOR
            CODE    7643H     000EH     UNIT         ?PR?_ANG_RDANGVAL?CALIBRATION
            CODE    7651H     000EH     UNIT         ?PR?_ANG_WRANGVAL?CALIBRATION
            CODE    765FH     000EH     UNIT         ?PR?FLASHCHK?FLASH
            CODE    766DH     000EH     UNIT         ?PR?SUB_SENDOK?SUB
            CODE    767BH     000EH     UNIT         ?PR?SUB_SENDERR?SUB
            CODE    7689H     000EH     UNIT         ?PR?SUB_SENDSOFTVER?SUB
            CODE    7697H     000DH     UNIT         ?PR?_MODRTU_RD16U?MODBUSRTU
            CODE    76A4H     000DH     UNIT         ?PR?COMM_PUTNEWLINESTA?SUB
            CODE    76B1H     000CH     UNIT         ?PR?ADC_INIT?ADCDRV
            CODE    76BDH     000CH     UNIT         ?PR?_GETTEMPXCALTEMPVAL?CALIBRATION
BL51 BANKED LINKER/LOCATER V6.22                                                      06/13/2018  16:51:36  PAGE 7


            CODE    76C9H     000CH     UNIT         ?PR?_GETANGXCALANGVAL?CALIBRATION
            CODE    76D5H     000CH     UNIT         ?PR?_GETTEMPYCALTEMPVAL?CALIBRATION
            CODE    76E1H     000CH     UNIT         ?PR?_GETANGYCALANGVAL?CALIBRATION
            CODE    76EDH     000CH     UNIT         ?PR?_GETTEMPXCALADCVAL?CALIBRATION
            CODE    76F9H     000CH     UNIT         ?PR?_GETANGXCALADCVAL?CALIBRATION
            CODE    7705H     000CH     UNIT         ?PR?_GETTEMPYCALADCVAL?CALIBRATION
            CODE    7711H     000CH     UNIT         ?PR?_GETANGYCALADCVAL?CALIBRATION
            CODE    771DH     000CH     UNIT         ?PR?_SETANGXCALANGVAL?CALIBRATION
            CODE    7729H     000CH     UNIT         ?PR?_SETANGYCALANGVAL?CALIBRATION
            CODE    7735H     000CH     UNIT         ?PR?_MODRTU_8TO16?MODBUSRTU
            CODE    7741H     000CH     UNIT         ?PR?_GETMCUTCALTEMPVAL?CALMCUT
            CODE    774DH     000CH     UNIT         ?PR?_GETMCUTCALADCVAL?CALMCUT
            CODE    7759H     000BH     UNIT         ?PR?_SETTEMPXCALCNT?CALIBRATION
            CODE    7764H     000BH     UNIT         ?PR?_SETANGXCALCNT?CALIBRATION
            CODE    776FH     000BH     UNIT         ?PR?_SETTEMPYCALCNT?CALIBRATION
            CODE    777AH     000BH     UNIT         ?PR?_SETANGYCALCNT?CALIBRATION
            CODE    7785H     000BH     UNIT         ?PR?_MODRTU_WRCRC?MODBUSRTU
            CODE    7790H     000BH     UNIT         ?PR?SUB_SYSRST?SUB
            CODE    779BH     000BH     UNIT         ?PR?_SETMCUTCALCNT?CALMCUT
            CODE    77A6H     000BH     UNIT         ?PR?COMP_SPISTA?COMPASS
            CODE    77B1H     000AH     UNIT         ?PR?COMM_TIMERINIT?COMM
            CODE    77BBH     000AH     UNIT         ?PR?DELAY_MS_?DELAY
            CODE    77C5H     0009H     UNIT         ?PR?ADC_GETXVAL?ADCDRV
            CODE    77CEH     0009H     UNIT         ?PR?ADC_GETYVAL?ADCDRV
            CODE    77D7H     0009H     UNIT         ?PR?ADC_GETTEMP?ADCDRV
            CODE    77E0H     0009H     UNIT         ?PR?TEMPXCALCPRM?CALIBRATION
            CODE    77E9H     0009H     UNIT         ?PR?TEMPYCALCPRM?CALIBRATION
            CODE    77F2H     0009H     UNIT         ?PR?ANGXCALCPRM?CALIBRATION
            CODE    77FBH     0009H     UNIT         ?PR?ANGYCALCPRM?CALIBRATION
            CODE    7804H     0009H     UNIT         ?PR?RAM_CALDATAINIT?FLASH
            CODE    780DH     0009H     UNIT         ?PR?ANGXCALC?SENSOR
            CODE    7816H     0009H     UNIT         ?PR?ANGYCALC?SENSOR
            CODE    781FH     0009H     UNIT         ?PR?GETXFTVAL?SENSOR
            CODE    7828H     0009H     UNIT         ?PR?GETYFTVAL?SENSOR
            CODE    7831H     0009H     UNIT         ?PR?GETXOFTVAL?SENSOR
            CODE    783AH     0009H     UNIT         ?PR?GETYOFTVAL?SENSOR
            CODE    7843H     0009H     UNIT         ?PR?COMP_HARDWAREINIT?COMPASS
            CODE    784CH     0008H     UNIT         ?PR?_SETTEMPCALCNT?CALIBRATION
            CODE    7854H     0008H     UNIT         ?PR?_SETANGCALCNT?CALIBRATION
            CODE    785CH     0008H     UNIT         ?PR?_GETXOFFSET?SENSOR
            CODE    7864H     0008H     UNIT         ?PR?_GETYOFFSET?SENSOR
            CODE    786CH     0007H     UNIT         ?PR?GETANGXSYSZERO?ANGAPP
            CODE    7873H     0007H     UNIT         ?PR?GETANGYSYSZERO?ANGAPP
            CODE    787AH     0007H     UNIT         ?PR?GETANGXUSRZERO?ANGAPP
            CODE    7881H     0007H     UNIT         ?PR?GETANGYUSRZERO?ANGAPP
            CODE    7888H     0007H     UNIT         ?PR?GETANGXINST?ANGAPP
            CODE    788FH     0007H     UNIT         ?PR?GETANGYINST?ANGAPP
            CODE    7896H     0007H     UNIT         ?PR?GETANGXSET?ANGAPP
            CODE    789DH     0007H     UNIT         ?PR?GETANGYSET?ANGAPP
            CODE    78A4H     0007H     UNIT         ?PR?GETANGPSET?ANGAPP
            CODE    78ABH     0007H     UNIT         ?PR?GETANGXZEROUSR?ANGAPP
            CODE    78B2H     0007H     UNIT         ?PR?GETANGYZEROUSR?ANGAPP
            CODE    78B9H     0007H     UNIT         ?PR?GETANGXRELSYS?ANGAPP
            CODE    78C0H     0007H     UNIT         ?PR?GETANGYRELSYS?ANGAPP
            CODE    78C7H     0007H     UNIT         ?PR?MAIN_TEMP?MAIN
            CODE    78CEH     0007H     UNIT         ?PR?GETXANG?SENSOR
            CODE    78D5H     0007H     UNIT         ?PR?GETYANG?SENSOR
BL51 BANKED LINKER/LOCATER V6.22                                                      06/13/2018  16:51:36  PAGE 8


            CODE    78DCH     0006H     UNIT         ?PR?_SETANGXSYSZERO?ANGAPP
            CODE    78E2H     0006H     UNIT         ?PR?_SETANGYSYSZERO?ANGAPP
            CODE    78E8H     0006H     UNIT         ?PR?_SETANGXUSRZERO?ANGAPP
            CODE    78EEH     0006H     UNIT         ?PR?_SETANGYUSRZERO?ANGAPP
            CODE    78F4H     0006H     UNIT         ?PR?_SETANGXINST?ANGAPP
            CODE    78FAH     0006H     UNIT         ?PR?_SETANGYINST?ANGAPP
            CODE    7900H     0006H     UNIT         ?PR?GETTEMPXCALCNT?CALIBRATION
            CODE    7906H     0006H     UNIT         ?PR?GETANGXCALCNT?CALIBRATION
            CODE    790CH     0006H     UNIT         ?PR?GETANGYCALCNT?CALIBRATION
            CODE    7912H     0006H     UNIT         ?PR?COMM_SENDSTA?COMM
            CODE    7918H     0006H     UNIT         ?PR?GETFILTERCNT?SENSOR
            CODE    791EH     0006H     UNIT         ?PR?_SETFILTERCNT?SENSOR
            CODE    7924H     0006H     UNIT         ?PR?GETMCUTCALCNT?CALMCUT
            CODE    792AH     0006H     UNIT         ?PR?MCUT_CALSTOP?CALMCUT
            CODE    7930H     0006H     UNIT         ?PR?COMP_SPIBUSYTEST?COMPASS
            CODE    7936H     0004H     UNIT         ?PR?ADC_VREFINIT?ADCDRV
            CODE    793AH     0004H     UNIT         ?PR?ADC_ISRINIT?ADCDRV
            CODE    793EH     0004H     UNIT         ?PR?_TEMP_SETCALCNT?CALIBRATION
            CODE    7942H     0004H     UNIT         ?PR?_ANG_SETCALCNT?CALIBRATION
            CODE    7946H     0004H     UNIT         ?PR?COMM_SENDSTOP?COMM
            CODE    794AH     0004H     UNIT         ?PR?_MCUT_SETCALCNT?CALMCUT
            CODE    794EH     0003H     UNIT         ?PR?MCUT_CALSTA?CALMCUT
            CODE    7951H     0003H     UNIT         ?PR?COMP_SPIEND?COMPASS



OVERLAY MAP OF MODULE:   .\obj\9003 (?C_STARTUP)


SEGMENT                                        BIT_GROUP          DATA_GROUP          XDATA_GROUP
  +--> CALLED SEGMENT                       START    LENGTH     START    LENGTH     START    LENGTH
---------------------------------------------------------------------------------------------------
?C_C51STARTUP                               -----    -----      -----    -----      -----    -----
  +--> ?PR?MAIN?MAIN
  +--> ?C_INITSEG

?PR?MAIN?MAIN                               -----    -----      -----    -----      -----    -----
  +--> ?PR?INIT_ALL?INIT
  +--> ?PR?FLASH_CALDATAINIT?FLASH
  +--> ?PR?MAIN_TEMP?MAIN
  +--> ?PR?_DELAY_MS?DELAY
  +--> ?PR?SNPROC?SENSOR
  +--> ?PR?TIMER2_TASKINMAIN?TIMER
  +--> ?PR?SEND_TIMEPROC?SEND
  +--> ?PR?COMP_ANGCNTPROC?COMPASS
  +--> ?PR?COMP_CALSAMPPROC?COMPASS

?PR?INIT_ALL?INIT                           -----    -----      -----    -----      -----    -----
  +--> ?PR?SYS_PORTINIT?INIT
  +--> ?PR?SYS_CLKINIT?INIT
  +--> ?PR?COMM_HARDWAREINIT?COMM
  +--> ?PR?COMM_SOFTWAREINIT?COMM
  +--> ?PR?TIMER2_INIT?TIMER
  +--> ?PR?INIT_SYSTEMPARA?INIT
  +--> ?PR?ANGINIT?ANGAPP
  +--> ?PR?ADC_INIT?ADCDRV
  +--> ?PR?ADC_ENABLE?ADCDRV
BL51 BANKED LINKER/LOCATER V6.22                                                      06/13/2018  16:51:36  PAGE 9


  +--> ?PR?CALIBMTINIT?CALMCUT
  +--> ?PR?COMP_HARDWAREINIT?COMPASS

?PR?COMM_SOFTWAREINIT?COMM                  -----    -----      0021H    0003H      -----    -----

?PR?TIMER2_INIT?TIMER                       -----    -----      -----    -----      -----    -----
  +--> ?CO?SEND

?PR?INIT_SYSTEMPARA?INIT                    -----    -----      -----    -----      -----    -----
  +--> ?CO?SEND

?PR?ANGINIT?ANGAPP                          -----    -----      -----    -----      -----    -----
  +--> ?PR?SNINIT?SENSOR
  +--> ?PR?_SETANGXINST?ANGAPP
  +--> ?PR?_SETANGYINST?ANGAPP
  +--> ?PR?_SETANGXSYSZERO?ANGAPP
  +--> ?PR?_SETANGYSYSZERO?ANGAPP
  +--> ?PR?_SETANGXUSRZERO?ANGAPP
  +--> ?PR?_SETANGYUSRZERO?ANGAPP

?PR?SNINIT?SENSOR                           -----    -----      -----    -----      -----    -----
  +--> ?PR?CALIBINIT?CALIBRATION
  +--> ?PR?_SETFILTERCNT?SENSOR
  +--> ?PR?SNXDATAINIT?SENSOR
  +--> ?PR?_SNXFILTER?SENSOR
  +--> ?PR?_GETXOFFSET?SENSOR
  +--> ?PR?ANGXCALC?SENSOR
  +--> ?PR?SNYDATAINIT?SENSOR
  +--> ?PR?_SNYFILTER?SENSOR
  +--> ?PR?_GETYOFFSET?SENSOR
  +--> ?PR?ANGYCALC?SENSOR

?PR?CALIBINIT?CALIBRATION                   -----    -----      -----    -----      -----    -----
  +--> ?PR?_SETTEMPXCALCNT?CALIBRATION
  +--> ?PR?_GETTEMPXCALTEMPVAL?CALIBRATION
  +--> ?PR?_GETTEMPXCALADCVAL?CALIBRATION
  +--> ?PR?_SETTEMPXCALTEMPVAL?CALIBRATION
  +--> ?PR?_SETTEMPXCALADCVAL?CALIBRATION
  +--> ?PR?_SETTEMPYCALCNT?CALIBRATION
  +--> ?PR?_GETTEMPYCALTEMPVAL?CALIBRATION
  +--> ?PR?_GETTEMPYCALADCVAL?CALIBRATION
  +--> ?PR?_SETTEMPYCALTEMPVAL?CALIBRATION
  +--> ?PR?_SETTEMPYCALADCVAL?CALIBRATION
  +--> ?PR?_SETANGXCALCNT?CALIBRATION
  +--> ?PR?_GETANGXCALANGVAL?CALIBRATION
  +--> ?PR?_GETANGXCALADCVAL?CALIBRATION
  +--> ?PR?_SETANGXCALANGVAL?CALIBRATION
  +--> ?PR?_SETANGXCALADCVAL?CALIBRATION
  +--> ?PR?_SETANGYCALCNT?CALIBRATION
  +--> ?PR?_GETANGYCALANGVAL?CALIBRATION
  +--> ?PR?_GETANGYCALADCVAL?CALIBRATION
  +--> ?PR?_SETANGYCALANGVAL?CALIBRATION
  +--> ?PR?_SETANGYCALADCVAL?CALIBRATION

?PR?_SETTEMPXCALCNT?CALIBRATION             -----    -----      -----    -----      -----    -----
  +--> ?PR?_TEMP_SETCALCNT?CALIBRATION

BL51 BANKED LINKER/LOCATER V6.22                                                      06/13/2018  16:51:36  PAGE 10


?PR?_GETTEMPXCALTEMPVAL?CALIBRATION         -----    -----      -----    -----      -----    -----
  +--> ?PR?_TEMP_RDTEMPVAL?CALIBRATION

?PR?_GETTEMPXCALADCVAL?CALIBRATION          -----    -----      -----    -----      -----    -----
  +--> ?PR?_TEMP_RDADCVAL?CALIBRATION

?PR?_SETTEMPXCALTEMPVAL?CALIBRATION         -----    -----      -----    -----      -----    -----
  +--> ?PR?_TEMP_WRTEMPVAL?CALIBRATION

?PR?_TEMP_WRTEMPVAL?CALIBRATION             -----    -----      0029H    0006H      -----    -----

?PR?_SETTEMPXCALADCVAL?CALIBRATION          -----    -----      -----    -----      -----    -----
  +--> ?PR?_TEMP_WRADCVAL?CALIBRATION

?PR?_TEMP_WRADCVAL?CALIBRATION              -----    -----      0029H    0006H      -----    -----

?PR?_SETTEMPYCALCNT?CALIBRATION             -----    -----      -----    -----      -----    -----
  +--> ?PR?_TEMP_SETCALCNT?CALIBRATION

?PR?_GETTEMPYCALTEMPVAL?CALIBRATION         -----    -----      -----    -----      -----    -----
  +--> ?PR?_TEMP_RDTEMPVAL?CALIBRATION

?PR?_GETTEMPYCALADCVAL?CALIBRATION          -----    -----      -----    -----      -----    -----
  +--> ?PR?_TEMP_RDADCVAL?CALIBRATION

?PR?_SETTEMPYCALTEMPVAL?CALIBRATION         -----    -----      -----    -----      -----    -----
  +--> ?PR?_TEMP_WRTEMPVAL?CALIBRATION

?PR?_SETTEMPYCALADCVAL?CALIBRATION          -----    -----      -----    -----      -----    -----
  +--> ?PR?_TEMP_WRADCVAL?CALIBRATION

?PR?_SETANGXCALCNT?CALIBRATION              -----    -----      -----    -----      -----    -----
  +--> ?PR?_ANG_SETCALCNT?CALIBRATION

?PR?_GETANGXCALANGVAL?CALIBRATION           -----    -----      -----    -----      -----    -----
  +--> ?PR?_ANG_RDANGVAL?CALIBRATION

?PR?_GETANGXCALADCVAL?CALIBRATION           -----    -----      -----    -----      -----    -----
  +--> ?PR?_ANG_RDADCVAL?CALIBRATION

?PR?_SETANGXCALANGVAL?CALIBRATION           -----    -----      0039H    0005H      -----    -----
  +--> ?PR?_ANG_WRANGVAL?CALIBRATION

?PR?_ANG_WRANGVAL?CALIBRATION               -----    -----      003EH    0008H      -----    -----

?PR?_SETANGXCALADCVAL?CALIBRATION           -----    -----      -----    -----      -----    -----
  +--> ?PR?_ANG_WRADCVAL?CALIBRATION

?PR?_ANG_WRADCVAL?CALIBRATION               -----    -----      0039H    0006H      -----    -----

?PR?_SETANGYCALCNT?CALIBRATION              -----    -----      -----    -----      -----    -----
  +--> ?PR?_ANG_SETCALCNT?CALIBRATION

?PR?_GETANGYCALANGVAL?CALIBRATION           -----    -----      -----    -----      -----    -----
  +--> ?PR?_ANG_RDANGVAL?CALIBRATION

?PR?_GETANGYCALADCVAL?CALIBRATION           -----    -----      -----    -----      -----    -----
BL51 BANKED LINKER/LOCATER V6.22                                                      06/13/2018  16:51:36  PAGE 11


  +--> ?PR?_ANG_RDADCVAL?CALIBRATION

?PR?_SETANGYCALANGVAL?CALIBRATION           -----    -----      0039H    0005H      -----    -----
  +--> ?PR?_ANG_WRANGVAL?CALIBRATION

?PR?_SETANGYCALADCVAL?CALIBRATION           -----    -----      -----    -----      -----    -----
  +--> ?PR?_ANG_WRADCVAL?CALIBRATION

?PR?SNXDATAINIT?SENSOR                      -----    -----      -----    -----      -----    -----
  +--> ?PR?_SN_DATAINIT?SENSOR

?PR?_SN_DATAINIT?SENSOR                     -----    -----      0021H    0009H      -----    -----

?PR?_SNXFILTER?SENSOR                       -----    -----      -----    -----      -----    -----
  +--> ?PR?_SNFILTER?SENSOR

?PR?_SNFILTER?SENSOR                        -----    -----      0021H    0006H      -----    -----
  +--> ?PR?_VALINRANGE?FILTER
  +--> ?PR?_FILTER_1ST?FILTER

?PR?_FILTER_1ST?FILTER                      -----    -----      0027H    0007H      -----    -----

?PR?_GETXOFFSET?SENSOR                      -----    -----      -----    -----      -----    -----
  +--> ?PR?_GETOFFSET?SENSOR

?PR?_GETOFFSET?SENSOR                       -----    -----      0021H    0006H      -----    -----

?PR?ANGXCALC?SENSOR                         -----    -----      -----    -----      -----    -----
  +--> ?PR?_ANG_CALC?SENSOR

?PR?_ANG_CALC?SENSOR                        -----    -----      0021H    0007H      -----    -----
  +--> ?PR?_GETANGCALCVAL?SENSOR
  +--> ?PR?ASIN?ASIN

?PR?_GETANGCALCVAL?SENSOR                   -----    -----      0028H    0006H      -----    -----

?PR?ASIN?ASIN                               -----    -----      -----    -----      -----    -----
  +--> ?PR?SQRT?SQRT
  +--> ?PR?ATAN?ATAN

?PR?SQRT?SQRT                               -----    -----      004AH    0004H      -----    -----

?PR?ATAN?ATAN                               0020H.2  0000H.2    004AH    0004H      -----    -----

?PR?SNYDATAINIT?SENSOR                      -----    -----      -----    -----      -----    -----
  +--> ?PR?_SN_DATAINIT?SENSOR

?PR?_SNYFILTER?SENSOR                       -----    -----      -----    -----      -----    -----
  +--> ?PR?_SNFILTER?SENSOR

?PR?_GETYOFFSET?SENSOR                      -----    -----      -----    -----      -----    -----
  +--> ?PR?_GETOFFSET?SENSOR

?PR?ANGYCALC?SENSOR                         -----    -----      -----    -----      -----    -----
  +--> ?PR?_ANG_CALC?SENSOR

?PR?ADC_INIT?ADCDRV                         -----    -----      -----    -----      -----    -----
BL51 BANKED LINKER/LOCATER V6.22                                                      06/13/2018  16:51:36  PAGE 12


  +--> ?PR?ADC_SETINIT?ADCDRV
  +--> ?PR?ADC_VREFINIT?ADCDRV
  +--> ?PR?ADC_ISRINIT?ADCDRV
  +--> ?PR?ADCENTITYINIT?ADCDRV

?PR?CALIBMTINIT?CALMCUT                     -----    -----      -----    -----      -----    -----
  +--> ?PR?_SETMCUTCALCNT?CALMCUT
  +--> ?PR?_GETMCUTCALTEMPVAL?CALMCUT
  +--> ?PR?_GETMCUTCALADCVAL?CALMCUT
  +--> ?PR?_SETMCUTCALTEMPVAL?CALMCUT
  +--> ?PR?_SETMCUTCALADCVAL?CALMCUT

?PR?_SETMCUTCALCNT?CALMCUT                  -----    -----      -----    -----      -----    -----
  +--> ?PR?_MCUT_SETCALCNT?CALMCUT

?PR?_GETMCUTCALTEMPVAL?CALMCUT              -----    -----      -----    -----      -----    -----
  +--> ?PR?_MCUT_RDTEMPVAL?CALMCUT

?PR?_GETMCUTCALADCVAL?CALMCUT               -----    -----      -----    -----      -----    -----
  +--> ?PR?_MCUT_RDADCVAL?CALMCUT

?PR?_SETMCUTCALTEMPVAL?CALMCUT              -----    -----      -----    -----      -----    -----
  +--> ?PR?_MCUT_WRTEMPVAL?CALMCUT

?PR?_MCUT_WRTEMPVAL?CALMCUT                 -----    -----      0029H    0006H      -----    -----

?PR?_SETMCUTCALADCVAL?CALMCUT               -----    -----      -----    -----      -----    -----
  +--> ?PR?_MCUT_WRADCVAL?CALMCUT

?PR?_MCUT_WRADCVAL?CALMCUT                  -----    -----      0029H    0006H      -----    -----

?PR?FLASH_CALDATAINIT?FLASH                 -----    -----      0021H    0001H      -----    -----
  +--> ?PR?_FLASH_BUFRD?FLASH
  +--> ?PR?FLASHCHK?FLASH
  +--> ?PR?RAM_CALDATAINIT?FLASH
  +--> ?PR?FLASH_CALDATAUPDATE?FLASH
  +--> ?PR?_RAM_BUF2CALDATA?FLASH
  +--> ?PR?_FLASH_CHECKSUM?FLASH
  +--> ?PR?FLASHAREA_USER?FLASH
  +--> ?PR?_FLASH_CALDATAUPDATE_USER?FLASH
  +--> ?PR?FLASH_COMPDATAINIT?FLASH
  +--> ?PR?GETANGXCALCNT?CALIBRATION
  +--> ?PR?GETANGYCALCNT?CALIBRATION
  +--> ?PR?ADC_XCALSTOP?CMDSUB
  +--> ?PR?ADC_YCALSTOP?CMDSUB
  +--> ?PR?TEMP_CALSTOP?CMDSUB
  +--> ?PR?MCUT_CALSTOP?CALMCUT
  +--> ?CO?SEND

?PR?_FLASH_BUFRD?FLASH                      0020H.2  0000H.1    0023H    0009H      -----    -----

?PR?RAM_CALDATAINIT?FLASH                   -----    -----      -----    -----      -----    -----
  +--> ?PR?ANGCALDATAINIT?CALIBRATION
  +--> ?PR?TEMPCALDATAINIT?CALIBRATION
  +--> ?PR?MTCALDATAINIT?CALMCUT

?PR?ANGCALDATAINIT?CALIBRATION              -----    -----      -----    -----      -----    -----
BL51 BANKED LINKER/LOCATER V6.22                                                      06/13/2018  16:51:36  PAGE 13


  +--> ?PR?_SETANGCALCNT?CALIBRATION

?PR?_SETANGCALCNT?CALIBRATION               -----    -----      -----    -----      -----    -----
  +--> ?PR?_SETANGXCALCNT?CALIBRATION
  +--> ?PR?_SETANGYCALCNT?CALIBRATION

?PR?TEMPCALDATAINIT?CALIBRATION             -----    -----      0022H    0001H      -----    -----
  +--> ?PR?_SETTEMPCALCNT?CALIBRATION

?PR?_SETTEMPCALCNT?CALIBRATION              -----    -----      -----    -----      -----    -----
  +--> ?PR?_SETTEMPXCALCNT?CALIBRATION
  +--> ?PR?_SETTEMPYCALCNT?CALIBRATION

?PR?MTCALDATAINIT?CALMCUT                   -----    -----      0022H    0001H      -----    -----
  +--> ?PR?_SETMCUTCALCNT?CALMCUT

?PR?FLASH_CALDATAUPDATE?FLASH               -----    -----      -----    -----      -----    -----
  +--> ?PR?_RAM_CALDATA2BUF?FLASH
  +--> ?PR?_FLASHUPDATE?FLASH

?PR?_RAM_CALDATA2BUF?FLASH                  -----    -----      0042H    0006H      -----    -----
  +--> ?PR?_GETANGXCALANGVAL?CALIBRATION
  +--> ?PR?_GETANGYCALANGVAL?CALIBRATION
  +--> ?PR?_GETANGXCALADCVAL?CALIBRATION
  +--> ?PR?_GETANGYCALADCVAL?CALIBRATION
  +--> ?PR?_GETTEMPXCALTEMPVAL?CALIBRATION
  +--> ?PR?_GETTEMPXCALADCVAL?CALIBRATION
  +--> ?PR?_GETTEMPYCALADCVAL?CALIBRATION
  +--> ?PR?GETANGXCALCNT?CALIBRATION
  +--> ?PR?GETTEMPXCALCNT?CALIBRATION
  +--> ?PR?GETANGXSYSZERO?ANGAPP
  +--> ?PR?GETANGYSYSZERO?ANGAPP
  +--> ?PR?GETMCUTCALCNT?CALMCUT
  +--> ?PR?_GETMCUTCALTEMPVAL?CALMCUT
  +--> ?PR?_GETMCUTCALADCVAL?CALMCUT
  +--> ?PR?GETFILTERCNT?SENSOR
  +--> ?PR?GETANGXUSRZERO?ANGAPP
  +--> ?PR?GETANGYUSRZERO?ANGAPP
  +--> ?PR?GETANGXINST?ANGAPP
  +--> ?PR?GETANGYINST?ANGAPP
  +--> ?PR?GETANGXSET?ANGAPP
  +--> ?PR?GETANGYSET?ANGAPP
  +--> ?PR?GETANGPSET?ANGAPP
  +--> ?PR?_FLASH_CHECKSUM?FLASH

?PR?_FLASH_CHECKSUM?FLASH                   -----    -----      0048H    0005H      -----    -----

?PR?_FLASHUPDATE?FLASH                      0020H.2  0000H.1    0042H    0007H      -----    -----
  +--> ?PR?_FLASH_PAGEERASE?FLASH
  +--> ?PR?_DELAY_MS?DELAY
  +--> ?PR?_FLASH_BUFWR?FLASH

?PR?_FLASH_PAGEERASE?FLASH                  0020H.3  0000H.1    -----    -----      -----    -----

?PR?_DELAY_MS?DELAY                         -----    -----      -----    -----      -----    -----
  +--> ?PR?DELAY_MS_?DELAY

BL51 BANKED LINKER/LOCATER V6.22                                                      06/13/2018  16:51:36  PAGE 14


?PR?DELAY_MS_?DELAY                         -----    -----      -----    -----      -----    -----
  +--> ?PR?DELAY_100US?DELAY

?PR?_FLASH_BUFWR?FLASH                      0020H.3  0000H.1    0049H    000BH      -----    -----

?PR?_RAM_BUF2CALDATA?FLASH                  -----    -----      0023H    0006H      -----    -----
  +--> ?PR?_SETANGXCALANGVAL?CALIBRATION
  +--> ?PR?_SETANGYCALANGVAL?CALIBRATION
  +--> ?PR?_SETANGXCALADCVAL?CALIBRATION
  +--> ?PR?_SETANGYCALADCVAL?CALIBRATION
  +--> ?PR?_SETTEMPXCALTEMPVAL?CALIBRATION
  +--> ?PR?_SETTEMPXCALADCVAL?CALIBRATION
  +--> ?PR?_SETTEMPYCALADCVAL?CALIBRATION
  +--> ?PR?_SETANGCALCNT?CALIBRATION
  +--> ?PR?_SETTEMPCALCNT?CALIBRATION
  +--> ?PR?_SETANGXSYSZERO?ANGAPP
  +--> ?PR?_SETANGYSYSZERO?ANGAPP
  +--> ?PR?_SETMCUTCALCNT?CALMCUT
  +--> ?PR?_SETMCUTCALTEMPVAL?CALMCUT
  +--> ?PR?_SETMCUTCALADCVAL?CALMCUT
  +--> ?PR?_SETFILTERCNT?SENSOR
  +--> ?PR?_SETANGXUSRZERO?ANGAPP
  +--> ?PR?_SETANGYUSRZERO?ANGAPP
  +--> ?PR?_SETANGXINST?ANGAPP
  +--> ?PR?_SETANGYINST?ANGAPP

?PR?FLASHAREA_USER?FLASH                    -----    -----      -----    -----      -----    -----
  +--> ?PR?_FLASH_BUFRD?FLASH
  +--> ?PR?FLASHCHK?FLASH
  +--> ?PR?_FLASH_CHECKSUM?FLASH
  +--> ?PR?RAM_CALDATAINIT_USER?FLASH
  +--> ?PR?_FLASH_CALDATAUPDATE_USER?FLASH
  +--> ?PR?_RAM_BUF2CALDATA?FLASH

?PR?RAM_CALDATAINIT_USER?FLASH              -----    -----      -----    -----      -----    -----
  +--> ?PR?_SETANGXUSRZERO?ANGAPP
  +--> ?PR?_SETANGYUSRZERO?ANGAPP
  +--> ?PR?_SETANGXINST?ANGAPP
  +--> ?PR?_SETANGYINST?ANGAPP
  +--> ?PR?INIT_SYSTEMPARA?INIT

?PR?_FLASH_CALDATAUPDATE_USER?FLASH         -----    -----      0039H    0009H      -----    -----
  +--> ?PR?_RAM_CALDATA2BUF?FLASH
  +--> ?PR?_FLASHUPDATE?FLASH

?PR?FLASH_COMPDATAINIT?FLASH                -----    -----      0022H    0001H      -----    -----
  +--> ?PR?_FLASH_BUFRD?FLASH
  +--> ?PR?FLASHCHK?FLASH
  +--> ?PR?COMP_CALDATAINIT?COMPASS
  +--> ?PR?_RAM_CALDATA2BUF?FLASH
  +--> ?PR?_FLASHUPDATE?FLASH
  +--> ?PR?_RAM_BUF2CALDATA?FLASH

?PR?ADC_XCALSTOP?CMDSUB                     -----    -----      0022H    0001H      -----    -----
  +--> ?PR?_SUB_BUFBUBBLE32S?SUB
  +--> ?PR?ANGXCALCPRM?CALIBRATION

BL51 BANKED LINKER/LOCATER V6.22                                                      06/13/2018  16:51:36  PAGE 15


?PR?_SUB_BUFBUBBLE32S?SUB                   -----    -----      0023H    0009H      -----    -----
  +--> ?PR?_SUB_SBUFSWITCH?SUB
  +--> ?PR?_SUB_UBUFSWITCH?SUB

?PR?_SUB_SBUFSWITCH?SUB                     -----    -----      002CH    0009H      -----    -----

?PR?_SUB_UBUFSWITCH?SUB                     -----    -----      003DH    0007H      -----    -----

?PR?ANGXCALCPRM?CALIBRATION                 -----    -----      -----    -----      -----    -----
  +--> ?PR?_ANG_CALCPRM?CALIBRATION

?PR?_ANG_CALCPRM?CALIBRATION                -----    -----      0023H    000CH      -----    -----
  +--> ?PR?SIN?SIN

?PR?SIN?SIN                                 0020H.2  0000H.1    004AH    0004H      -----    -----

?PR?ADC_YCALSTOP?CMDSUB                     -----    -----      0022H    0001H      -----    -----
  +--> ?PR?_SUB_BUFBUBBLE32S?SUB
  +--> ?PR?ANGYCALCPRM?CALIBRATION

?PR?ANGYCALCPRM?CALIBRATION                 -----    -----      -----    -----      -----    -----
  +--> ?PR?_ANG_CALCPRM?CALIBRATION

?PR?TEMP_CALSTOP?CMDSUB                     -----    -----      -----    -----      -----    -----
  +--> ?PR?TEMPSORTANDCALCPRM?CMDSUB

?PR?TEMPSORTANDCALCPRM?CMDSUB               -----    -----      -----    -----      -----    -----
  +--> ?PR?_SUB_BUFBUBBLE16U?SUB
  +--> ?PR?TEMPXCALCPRM?CALIBRATION
  +--> ?PR?TEMPYCALCPRM?CALIBRATION

?PR?_SUB_BUFBUBBLE16U?SUB                   -----    -----      0031H    000CH      -----    -----
  +--> ?PR?_SUB_UBUFSWITCH?SUB
  +--> ?PR?_SUB_16SBUFSWITCH?SUB

?PR?_SUB_16SBUFSWITCH?SUB                   -----    -----      003DH    0007H      -----    -----

?PR?TEMPXCALCPRM?CALIBRATION                -----    -----      -----    -----      -----    -----
  +--> ?PR?_TEMP_CALCPRM?CALIBRATION

?PR?_TEMP_CALCPRM?CALIBRATION               -----    -----      0031H    0004H      -----    -----

?PR?TEMPYCALCPRM?CALIBRATION                -----    -----      -----    -----      -----    -----
  +--> ?PR?_TEMP_CALCPRM?CALIBRATION

?PR?MCUT_CALSTOP?CALMCUT                    -----    -----      -----    -----      -----    -----
  +--> ?PR?MCUTCALCPRM?CALMCUT

?PR?MCUTCALCPRM?CALMCUT                     -----    -----      -----    -----      -----    -----
  +--> ?PR?_SUB_BUFBUBBLE16S?SUB
  +--> ?PR?_MCUT_CALCPRM?CALMCUT

?PR?_SUB_BUFBUBBLE16S?SUB                   -----    -----      0025H    0009H      -----    -----
  +--> ?PR?_SUB_16SBUFSWITCH?SUB
  +--> ?PR?_SUB_UBUFSWITCH?SUB

?PR?_MCUT_CALCPRM?CALMCUT                   -----    -----      0025H    0008H      -----    -----
BL51 BANKED LINKER/LOCATER V6.22                                                      06/13/2018  16:51:36  PAGE 16



?PR?SNPROC?SENSOR                           -----    -----      -----    -----      -----    -----
  +--> ?PR?ADC_GETXVAL?ADCDRV
  +--> ?PR?GET_MCUTEMP?SENSOR
  +--> ?PR?ADC_GETYVAL?ADCDRV

?PR?GET_MCUTEMP?SENSOR                      -----    -----      -----    -----      -----    -----
  +--> ?PR?ADC_GETTEMP?ADCDRV

?PR?TIMER2_TASKINMAIN?TIMER                 -----    -----      -----    -----      -----    -----
  +--> ?PR?SUB_SENDANGXY?SUB

?PR?SUB_SENDANGXY?SUB                       -----    -----      -----    -----      -----    -----
  +--> ?CO?SUB
  +--> ?PR?_COMM_PUTSTR?COMM
  +--> ?PR?GETXANGALLSETVAL?ANGAPP
  +--> ?PR?_COMM_PUTINT32S?SUB
  +--> ?PR?GETYANGALLSETVAL?ANGAPP
  +--> ?PR?COMM_PUTNEWLINESTA?SUB

?PR?_COMM_PUTSTR?COMM                       -----    -----      0039H    0003H      -----    -----
  +--> ?PR?_COMM_PUTCHAR?COMM

?PR?_COMM_PUTCHAR?COMM                      -----    -----      003CH    0003H      -----    -----

?PR?GETXANGALLSETVAL?ANGAPP                 -----    -----      003AH    0004H      -----    -----
  +--> ?PR?GETXANG?SENSOR
  +--> ?PR?_SETANGZERO?ANGAPP
  +--> ?PR?_SETANGZEROADD?ANGAPP

?PR?_SETANGZERO?ANGAPP                      -----    -----      003EH    0004H      -----    -----

?PR?_SETANGZEROADD?ANGAPP                   -----    -----      003EH    0004H      -----    -----

?PR?_COMM_PUTINT32S?SUB                     -----    -----      -----    -----      -----    -----
  +--> ?PR?_SUB_INT32S2STR?SUB
  +--> ?PR?_COMM_PUTSTR?COMM

?PR?_SUB_INT32S2STR?SUB                     -----    -----      002CH    0007H      -----    -----

?PR?GETYANGALLSETVAL?ANGAPP                 -----    -----      003AH    0004H      -----    -----
  +--> ?PR?GETYANG?SENSOR
  +--> ?PR?_SETANGZERO?ANGAPP
  +--> ?PR?_SETANGZEROADD?ANGAPP

?PR?COMM_PUTNEWLINESTA?SUB                  -----    -----      -----    -----      -----    -----
  +--> ?PR?_COMM_PUTCHAR?COMM
  +--> ?PR?COMM_SENDSTA?COMM

?PR?SEND_TIMEPROC?SEND                      -----    -----      -----    -----      -----    -----
  +--> ?PR?_COMM_GETCHAR?COMM
  +--> ?PR?_CUSTOMPRO?MODBUSRTU
  +--> ?PR?_MODRTU_RXPROC?MODBUSRTU
  +--> ?PR?_SEND_RDEAL?SEND
  +--> ?PR?_SEND_CDEAL?SEND
  +--> ?PR?_SEND_SDEAL?SEND
  +--> ?PR?_SEND_UDEAL?SEND
BL51 BANKED LINKER/LOCATER V6.22                                                      06/13/2018  16:51:36  PAGE 17


  +--> ?PR?_SEND_WDEAL?SEND
  +--> ?PR?_SEND_TDEAL?SEND

?PR?_COMM_GETCHAR?COMM                      -----    -----      0021H    0006H      -----    -----

?PR?_CUSTOMPRO?MODBUSRTU                    -----    -----      0021H    0004H      0C77H    000AH
  +--> ?PR?_CHKCODE?MODBUSRTU
  +--> ?PR?GETXANGALLSETVAL?ANGAPP
  +--> ?PR?_INT32S2VAL?MODBUSRTU
  +--> ?PR?GETYANGALLSETVAL?ANGAPP
  +--> ?PR?GET_MCUTEMPINCELSIUS?SENSOR
  +--> ?PR?_SUMCHK?MODBUSRTU
  +--> ?PR?_COMM_PUTSTR?COMM
  +--> ?PR?COMM_SENDSTA?COMM
  +--> ?PR?_DELAY_MS?DELAY
  +--> ?CO?SEND
  +--> ?PR?FLASH_USERDATAUPDATE?FLASH

?PR?_CHKCODE?MODBUSRTU                      -----    -----      0025H    0003H      -----    -----

?PR?_INT32S2VAL?MODBUSRTU                   -----    -----      0025H    0007H      -----    -----

?PR?GET_MCUTEMPINCELSIUS?SENSOR             -----    -----      -----    -----      -----    -----
  +--> ?PR?ADC_GETTEMP?ADCDRV

?PR?_SUMCHK?MODBUSRTU                       -----    -----      0025H    0004H      0C81H    0001H

?PR?FLASH_USERDATAUPDATE?FLASH              -----    -----      -----    -----      -----    -----
  +--> ?PR?_FLASH_CALDATAUPDATE_USER?FLASH

?PR?_MODRTU_RXPROC?MODBUSRTU                -----    -----      0021H    0004H      -----    -----
  +--> ?PR?_MODRTU_CHKCRC?MODBUSRTU
  +--> ?PR?_MODRTU_RDREG?MODBUSRTU
  +--> ?PR?_MODRTU_WRREG?MODBUSRTU
  +--> ?PR?_MODRTU_RLYERROR?MODBUSRTU

?PR?_MODRTU_CHKCRC?MODBUSRTU                -----    -----      -----    -----      -----    -----
  +--> ?PR?_MODBUSCRCCNT?MODBUSCRC

?PR?_MODBUSCRCCNT?MODBUSCRC                 -----    -----      0035H    0003H      -----    -----
  +--> ?CO?MODBUSCRC

?PR?_MODRTU_RDREG?MODBUSRTU                 -----    -----      0025H    000DH      -----    -----
  +--> ?PR?_MODRTU_8TO16?MODBUSRTU
  +--> ?PR?_MODRTU_RDVAL?MODBUSRTU
  +--> ?PR?_MODRTU_RLYERROR?MODBUSRTU
  +--> ?PR?_MODBUSCRCCNT?MODBUSCRC
  +--> ?PR?_MODRTU_WRCRC?MODBUSRTU
  +--> ?PR?_COMM_PUTSTR?COMM
  +--> ?PR?COMM_SENDSTA?COMM

?PR?_MODRTU_RDVAL?MODBUSRTU                 -----    -----      0032H    0008H      0C77H    0004H
  +--> ?PR?GETXANGALLSETVAL?ANGAPP
  +--> ?PR?GETYANGALLSETVAL?ANGAPP
  +--> ?PR?GETANGP?ANGAPP
  +--> ?PR?GETANGXINST?ANGAPP
  +--> ?PR?GETANGYINST?ANGAPP
BL51 BANKED LINKER/LOCATER V6.22                                                      06/13/2018  16:51:36  PAGE 18


  +--> ?PR?GETANGXSET?ANGAPP
  +--> ?PR?GETANGYSET?ANGAPP
  +--> ?PR?GETANGPSET?ANGAPP
  +--> ?PR?GET_MCUTEMP?SENSOR
  +--> ?PR?_GETTEMPXCALTEMPVAL?CALIBRATION
  +--> ?PR?_GETTEMPXCALADCVAL?CALIBRATION
  +--> ?PR?_GETTEMPYCALADCVAL?CALIBRATION
  +--> ?PR?GETXOFTVAL?SENSOR
  +--> ?PR?_FLOATTOINT?MODBUSRTU
  +--> ?PR?_GETANGXCALADCVAL?CALIBRATION
  +--> ?PR?_GETANGXCALANGVAL?CALIBRATION
  +--> ?PR?GETYOFTVAL?SENSOR
  +--> ?PR?_GETANGYCALADCVAL?CALIBRATION
  +--> ?PR?_GETANGYCALANGVAL?CALIBRATION
  +--> ?PR?GETXFTVAL?SENSOR
  +--> ?PR?GETYFTVAL?SENSOR
  +--> ?PR?GETXANG?SENSOR
  +--> ?PR?GETYANG?SENSOR
  +--> ?PR?GETANGXRELSYS?ANGAPP
  +--> ?PR?GETANGYRELSYS?ANGAPP
  +--> ?PR?GETANGXZEROUSR?ANGAPP
  +--> ?PR?GETANGYZEROUSR?ANGAPP
  +--> ?PR?GETANGXSYSZERO?ANGAPP
  +--> ?PR?GETANGYSYSZERO?ANGAPP
  +--> ?PR?GETANGXUSRZERO?ANGAPP
  +--> ?PR?GETANGYUSRZERO?ANGAPP
  +--> ?PR?GETANGXCALCNT?CALIBRATION
  +--> ?PR?GETTEMPXCALCNT?CALIBRATION
  +--> ?PR?GETFILTERCNT?SENSOR
  +--> ?PR?_MODRTU_RD16U?MODBUSRTU

?PR?GETANGP?ANGAPP                          -----    -----      -----    -----      -----    -----
  +--> ?PR?GETXANGALLSETVAL?ANGAPP
  +--> ?PR?GETYANGALLSETVAL?ANGAPP
  +--> ?PR?_PANGCALC?ANGAPP

?PR?_PANGCALC?ANGAPP                        -----    -----      003AH    0010H      -----    -----
  +--> ?PR?SIN?SIN
  +--> ?PR?SQRT?SQRT
  +--> ?PR?ASIN?ASIN

?PR?_FLOATTOINT?MODBUSRTU                   -----    -----      003AH    000CH      -----    -----

?PR?_MODRTU_RLYERROR?MODBUSRTU              -----    -----      0032H    0003H      -----    -----
  +--> ?PR?_MODBUSCRCCNT?MODBUSCRC
  +--> ?PR?_COMM_PUTSTR?COMM
  +--> ?PR?COMM_SENDSTA?COMM

?PR?_MODRTU_WRREG?MODBUSRTU                 -----    -----      0025H    000CH      -----    -----
  +--> ?PR?_MODRTU_8TO16?MODBUSRTU
  +--> ?PR?_MODRTU_WRVAL?MODBUSRTU
  +--> ?PR?_MODRTU_RLYERROR?MODBUSRTU
  +--> ?PR?_MODBUSCRCCNT?MODBUSCRC
  +--> ?PR?_MODRTU_WRCRC?MODBUSRTU
  +--> ?PR?_COMM_PUTSTR?COMM
  +--> ?PR?COMM_SENDSTA?COMM
  +--> ?PR?FLASH_USERDATAUPDATE?FLASH
BL51 BANKED LINKER/LOCATER V6.22                                                      06/13/2018  16:51:36  PAGE 19



?PR?_MODRTU_WRVAL?MODBUSRTU                 -----    -----      0031H    0008H      0C77H    0008H
  +--> ?PR?_MODRTU_WR16U?MODBUSRTU
  +--> ?PR?_SETANGXINST?ANGAPP
  +--> ?PR?_SETANGYINST?ANGAPP
  +--> ?PR?_MODRTU_SETZERO?MODBUSRTU
  +--> ?PR?_MODRTU_WRADDR?MODBUSRTU
  +--> ?PR?_MODRTU_WRBAUD?MODBUSRTU
  +--> ?PR?COMP_CALINIT?COMPASS
  +--> ?PR?COMP_CALPRMTCNT?COMPASS
  +--> ?PR?COMP_HARDWAREINIT?COMPASS
  +--> ?PR?GETANGXRELSYS?ANGAPP
  +--> ?PR?_SETANGXUSRZERO?ANGAPP
  +--> ?PR?FLASH_USERDATAUPDATE?FLASH
  +--> ?PR?_SETANGCALCNT?CALIBRATION
  +--> ?PR?GETANGXCALCNT?CALIBRATION
  +--> ?PR?_SETANGXCALANGVAL?CALIBRATION
  +--> ?PR?GETXOFTVAL?SENSOR
  +--> ?PR?_SETANGXCALADCVAL?CALIBRATION
  +--> ?PR?_SETANGYCALANGVAL?CALIBRATION
  +--> ?PR?GETYOFTVAL?SENSOR
  +--> ?PR?_SETANGYCALADCVAL?CALIBRATION
  +--> ?PR?FLASH_CALDATAUPDATE?FLASH
  +--> ?PR?GETXANG?SENSOR
  +--> ?PR?_SETANGXSYSZERO?ANGAPP
  +--> ?PR?GETYANG?SENSOR
  +--> ?PR?_SETANGYSYSZERO?ANGAPP
  +--> ?PR?GETANGYRELSYS?ANGAPP
  +--> ?PR?_SETANGYUSRZERO?ANGAPP
  +--> ?PR?_SETFILTERCNT?SENSOR

?PR?_MODRTU_SETZERO?MODBUSRTU               -----    -----      0039H    0002H      -----    -----
  +--> ?PR?_MODRTU_8TO16?MODBUSRTU
  +--> ?PR?GETANGXRELSYS?ANGAPP
  +--> ?PR?_SETANGXUSRZERO?ANGAPP
  +--> ?PR?GETANGYRELSYS?ANGAPP
  +--> ?PR?_SETANGYUSRZERO?ANGAPP

?PR?COMP_CALPRMTCNT?COMPASS                 -----    -----      -----    -----      0C7FH    000CH
  +--> ?PR?ASIN?ASIN
  +--> ?PR?SIN?SIN

?PR?_SEND_RDEAL?SEND                        -----    -----      0021H    0005H      -----    -----
  +--> ?CO?SEND
  +--> ?PR?_STRNCMP?STRNCMP
  +--> ?PR?SUB_SENDPRMTALL?SUB
  +--> ?PR?SUB_SENDANGXYP?SUB
  +--> ?PR?SUB_SENDANGXY?SUB
  +--> ?PR?SUB_SENDSOFTVER?SUB
  +--> ?PR?SUB_SENDSYSNUM?SUB
  +--> ?PR?_SUB_STR2INT8U?SUB
  +--> ?PR?_SUB_SENDTEMPCAL?SUB
  +--> ?PR?_SUB_SENDMCUTEMPCAL?SUB
  +--> ?PR?SUB_SENDERR?SUB

?PR?_STRNCMP?STRNCMP                        -----    -----      002CH    0008H      -----    -----

BL51 BANKED LINKER/LOCATER V6.22                                                      06/13/2018  16:51:36  PAGE 20


?PR?SUB_SENDPRMTALL?SUB                     -----    -----      -----    -----      -----    -----
  +--> ?CO?SUB
  +--> ?PR?_COMM_PUTSTR?COMM
  +--> ?PR?GET_MCUTEMP?SENSOR
  +--> ?PR?_COMM_PUTINT16U?SUB
  +--> ?PR?GETXFTVAL?SENSOR
  +--> ?PR?_COMM_PUTCHAR?COMM
  +--> ?PR?GETXOFTVAL?SENSOR
  +--> ?PR?GETXANG?SENSOR
  +--> ?PR?_COMM_PUTINT32S?SUB
  +--> ?PR?GETYFTVAL?SENSOR
  +--> ?PR?GETYOFTVAL?SENSOR
  +--> ?PR?GETYANG?SENSOR
  +--> ?PR?GET_MCUTEMPINCELSIUS?SENSOR
  +--> ?PR?COMM_PUTNEWLINESTA?SUB

?PR?_COMM_PUTINT16U?SUB                     -----    -----      -----    -----      -----    -----
  +--> ?PR?_SUB_INT16U2STR?SUB
  +--> ?PR?_COMM_PUTSTR?COMM

?PR?_SUB_INT16U2STR?SUB                     -----    -----      0039H    0005H      -----    -----

?PR?SUB_SENDANGXYP?SUB                      -----    -----      -----    -----      -----    -----
  +--> ?CO?SUB
  +--> ?PR?_COMM_PUTSTR?COMM
  +--> ?PR?GETXANGALLSETVAL?ANGAPP
  +--> ?PR?_COMM_PUTINT32S?SUB
  +--> ?PR?GETYANGALLSETVAL?ANGAPP
  +--> ?PR?GETANGP?ANGAPP
  +--> ?PR?COMM_PUTNEWLINESTA?SUB

?PR?SUB_SENDSOFTVER?SUB                     -----    -----      -----    -----      -----    -----
  +--> ?CO?SUB
  +--> ?PR?_COMM_PUTSTR?COMM
  +--> ?PR?COMM_PUTNEWLINESTA?SUB

?PR?SUB_SENDSYSNUM?SUB                      -----    -----      -----    -----      -----    -----
  +--> ?CO?SUB
  +--> ?PR?_COMM_PUTSTR?COMM
  +--> ?PR?COMM_PUTNEWLINESTA?SUB

?PR?_SUB_SENDTEMPCAL?SUB                    -----    -----      0026H    0001H      -----    -----
  +--> ?CO?SUB
  +--> ?PR?_COMM_PUTSTR?COMM
  +--> ?PR?_COMM_PUTINT8U?SUB
  +--> ?PR?_COMM_PUTCHAR?COMM
  +--> ?PR?_GETTEMPXCALTEMPVAL?CALIBRATION
  +--> ?PR?_COMM_PUTINT16U?SUB
  +--> ?PR?_GETTEMPXCALADCVAL?CALIBRATION
  +--> ?PR?_COMM_PUTINT16S?SUB
  +--> ?PR?_GETTEMPYCALADCVAL?CALIBRATION
  +--> ?PR?COMM_PUTNEWLINESTA?SUB

?PR?_COMM_PUTINT8U?SUB                      -----    -----      -----    -----      -----    -----
  +--> ?PR?_SUB_INT8U2STR?SUB
  +--> ?PR?_COMM_PUTSTR?COMM

BL51 BANKED LINKER/LOCATER V6.22                                                      06/13/2018  16:51:36  PAGE 21


?PR?_COMM_PUTINT16S?SUB                     -----    -----      -----    -----      -----    -----
  +--> ?PR?_SUB_INT16S2STR?SUB
  +--> ?PR?_COMM_PUTSTR?COMM

?PR?_SUB_INT16S2STR?SUB                     -----    -----      -----    -----      -----    -----
  +--> ?PR?_SUB_INT16U2STR?SUB

?PR?_SUB_SENDMCUTEMPCAL?SUB                 -----    -----      0026H    0001H      -----    -----
  +--> ?CO?SUB
  +--> ?PR?_COMM_PUTSTR?COMM
  +--> ?PR?_COMM_PUTINT8U?SUB
  +--> ?PR?_COMM_PUTCHAR?COMM
  +--> ?PR?_GETMCUTCALTEMPVAL?CALMCUT
  +--> ?PR?_COMM_PUTINT16S?SUB
  +--> ?PR?_GETMCUTCALADCVAL?CALMCUT
  +--> ?PR?_COMM_PUTINT16U?SUB
  +--> ?PR?COMM_PUTNEWLINESTA?SUB

?PR?SUB_SENDERR?SUB                         -----    -----      -----    -----      -----    -----
  +--> ?CO?SUB
  +--> ?PR?_COMM_PUTSTR?COMM
  +--> ?PR?COMM_PUTNEWLINESTA?SUB

?PR?_SEND_CDEAL?SEND                        -----    -----      0021H    0004H      -----    -----
  +--> ?CO?SEND
  +--> ?PR?_STRNCMP?STRNCMP
  +--> ?PR?SUB_SENDERR?SUB
  +--> ?PR?_SETANGXSYSZERO?ANGAPP
  +--> ?PR?_SETANGYSYSZERO?ANGAPP
  +--> ?PR?_COMM_PUTSTR?COMM
  +--> ?PR?SUB_SENDOK?SUB
  +--> ?PR?_SETANGXUSRZERO?ANGAPP
  +--> ?PR?_SETANGYUSRZERO?ANGAPP
  +--> ?PR?TEMP_CALSTA?CMDSUB
  +--> ?PR?TEMP_CALSTOP?CMDSUB
  +--> ?PR?MCUT_CALSTA?CALMCUT
  +--> ?PR?MCUT_CALSTOP?CALMCUT

?PR?SUB_SENDOK?SUB                          -----    -----      -----    -----      -----    -----
  +--> ?CO?SUB
  +--> ?PR?_COMM_PUTSTR?COMM
  +--> ?PR?COMM_PUTNEWLINESTA?SUB

?PR?_SEND_SDEAL?SEND                        -----    -----      0021H    000BH      -----    -----
  +--> ?CO?SEND
  +--> ?PR?_STRNCMP?STRNCMP
  +--> ?PR?_COMM_PUTSTR?COMM
  +--> ?PR?SUB_SENDOK?SUB
  +--> ?PR?SUB_SENDERR?SUB
  +--> ?PR?SUB_SENDANGXY?SUB
  +--> ?PR?_SUB_STR2INT8U?SUB
  +--> ?PR?_SETFILTERCNT?SENSOR
  +--> ?PR?GETXANG?SENSOR
  +--> ?PR?_SETANGXSYSZERO?ANGAPP
  +--> ?PR?GETYANG?SENSOR
  +--> ?PR?_SETANGYSYSZERO?ANGAPP
  +--> ?PR?GETANGXRELSYS?ANGAPP
BL51 BANKED LINKER/LOCATER V6.22                                                      06/13/2018  16:51:36  PAGE 22


  +--> ?PR?_SETANGXUSRZERO?ANGAPP
  +--> ?PR?GETANGYRELSYS?ANGAPP
  +--> ?PR?_SETANGYUSRZERO?ANGAPP
  +--> ?PR?_SUB_STR2INT32S?SUB
  +--> ?PR?_SETANGXINST?ANGAPP
  +--> ?PR?_SETANGYINST?ANGAPP
  +--> ?PR?_SETTEMPCALCNT?CALIBRATION
  +--> ?PR?_SETMCUTCALCNT?CALMCUT
  +--> ?PR?_SUB_STR2INT8S?SUB
  +--> ?PR?GET_MCUTEMP?SENSOR
  +--> ?PR?_MCUT_SET?CMDSUB
  +--> ?PR?_MCUT_CALSAMP?CALMCUT
  +--> ?PR?GETXFTVAL?SENSOR
  +--> ?PR?GETYFTVAL?SENSOR
  +--> ?PR?_TEMP_CALSAMP?CMDSUB
  +--> ?PR?_TEMP_CALTREFSET?CMDSUB
  +--> ?PR?_DELAY_MS?DELAY
  +--> ?PR?SUB_SYSRST?SUB

?PR?_SUB_STR2INT32S?SUB                     -----    -----      002CH    000AH      -----    -----

?PR?_SUB_STR2INT8S?SUB                      -----    -----      002CH    0003H      -----    -----
  +--> ?PR?_SUB_STR2INT8U?SUB

?PR?_MCUT_CALSAMP?CALMCUT                   -----    -----      002CH    0004H      -----    -----
  +--> ?PR?_MCUT_CALVALWR?CALMCUT
  +--> ?PR?_SUB_SENDMCUT?SUB

?PR?_MCUT_CALVALWR?CALMCUT                  -----    -----      0030H    0003H      -----    -----

?PR?_SUB_SENDMCUT?SUB                       -----    -----      0030H    0004H      -----    -----
  +--> ?CO?SUB
  +--> ?PR?_COMM_PUTSTR?COMM
  +--> ?PR?_COMM_PUTINT16S?SUB
  +--> ?PR?_COMM_PUTINT16U?SUB
  +--> ?PR?COMM_PUTNEWLINESTA?SUB

?PR?_TEMP_CALSAMP?CMDSUB                    -----    -----      002CH    0007H      -----    -----
  +--> ?PR?_TEMP_CALVALWR?CMDSUB
  +--> ?PR?_SUB_SENDADCTXY?SUB

?PR?_TEMP_CALVALWR?CMDSUB                   -----    -----      0033H    0007H      -----    -----

?PR?_SUB_SENDADCTXY?SUB                     -----    -----      0033H    0006H      -----    -----
  +--> ?CO?SUB
  +--> ?PR?_COMM_PUTSTR?COMM
  +--> ?PR?_COMM_PUTINT16U?SUB
  +--> ?PR?COMM_PUTNEWLINESTA?SUB

?PR?_TEMP_CALTREFSET?CMDSUB                 -----    -----      002CH    0005H      -----    -----
  +--> ?PR?TEMP_CALSTOP?CMDSUB

?PR?_SEND_UDEAL?SEND                        -----    -----      0021H    0004H      -----    -----
  +--> ?CO?SEND
  +--> ?PR?_STRNCMP?STRNCMP
  +--> ?PR?FLASH_CALDATAUPDATE?FLASH
  +--> ?PR?FLASH_USERDATAUPDATE?FLASH
BL51 BANKED LINKER/LOCATER V6.22                                                      06/13/2018  16:51:36  PAGE 23


  +--> ?PR?_COMM_PUTSTR?COMM
  +--> ?PR?SUB_SENDOK?SUB
  +--> ?PR?SUB_SENDERR?SUB

?PR?_SEND_WDEAL?SEND                        -----    -----      0021H    000AH      -----    -----
  +--> ?CO?SEND
  +--> ?PR?_STRNCMP?STRNCMP
  +--> ?PR?_SUB_STR2INT16S?SUB
  +--> ?PR?_SUB_STR2INT16U?SUB
  +--> ?PR?_SUB_STR2INT8U?SUB
  +--> ?PR?_TEMP_CALVALWR?CMDSUB
  +--> ?PR?SUB_SENDERR?SUB
  +--> ?PR?_STRNCPY?STRNCPY
  +--> ?PR?_COMM_PUTSTR?COMM
  +--> ?PR?SUB_SENDOK?SUB

?PR?_SUB_STR2INT16S?SUB                     -----    -----      002BH    0008H      -----    -----
  +--> ?PR?_SUB_STR2INT16U?SUB

?PR?_SUB_STR2INT16U?SUB                     -----    -----      0033H    0006H      -----    -----

?PR?_STRNCPY?STRNCPY                        -----    -----      002BH    000AH      -----    -----

?PR?_SEND_TDEAL?SEND                        -----    -----      0021H    0001H      -----    -----
  +--> ?CO?SEND
  +--> ?PR?_STRNCMP?STRNCMP
  +--> ?PR?SUB_SENDTCALTEST?SUB

?PR?SUB_SENDTCALTEST?SUB                    -----    -----      0022H    0004H      -----    -----
  +--> ?PR?GET_MCUTEMP?SENSOR
  +--> ?PR?_COMM_PUTINT16U?SUB
  +--> ?PR?_COMM_PUTCHAR?COMM
  +--> ?PR?_COMM_PUTINT16S?SUB
  +--> ?PR?COMM_PUTNEWLINESTA?SUB

?PR?COMP_ANGCNTPROC?COMPASS                 -----    -----      -----    -----      0C77H    0007H
  +--> ?PR?_COMP_GETADC?COMPASS
  +--> ?PR?_COMP_ADCCORRECTS?COMPASS
  +--> ?PR?ATAN?ATAN

?PR?_COMP_GETADC?COMPASS                    -----    -----      -----    -----      0C7EH    0002H
  +--> ?PR?COMP_SPISTA?COMPASS
  +--> ?PR?_COMP_SPIBYTESEND?COMPASS
  +--> ?PR?COMP_SPIBUSYTEST?COMPASS
  +--> ?PR?COMP_SPIBYTEGET?COMPASS
  +--> ?PR?COMP_SPIEND?COMPASS

?PR?_COMP_SPIBYTESEND?COMPASS               -----    -----      -----    -----      0C80H    0001H

?PR?COMP_SPIBYTEGET?COMPASS                 -----    -----      -----    -----      0C80H    0004H

?PR?_COMP_ADCCORRECTS?COMPASS               -----    -----      0021H    0006H      0C7EH    0008H

?PR?COMP_CALSAMPPROC?COMPASS                -----    -----      -----    -----      0C77H    0005H
  +--> ?PR?_COMP_GETADC?COMPASS
  +--> ?PR?_COMP_MIDFILTER?COMPASS

BL51 BANKED LINKER/LOCATER V6.22                                                      06/13/2018  16:51:36  PAGE 24


?PR?_COMP_MIDFILTER?COMPASS                 -----    -----      -----    -----      0C7CH    0006H

*** NEW ROOT ***************************************************

?PR?ADC_ISR?ADCDRV                          -----    -----      -----    -----      -----    -----
  +--> ?PR?_ADC_SAVEANDSWITCH?ADCDRV

?PR?_ADC_SAVEANDSWITCH?ADCDRV               -----    -----      0054H    0003H      -----    -----
  +--> ?CO?ADCDRV
  +--> ?PR?_ADCFILTER?ADCDRV

?PR?_ADCFILTER?ADCDRV                       -----    -----      0057H    0005H      -----    -----
  +--> ?PR?_VALINRANGE?FILTER
  +--> ?PR?_SLIDEWINFILTER?FILTER

?PR?_SLIDEWINFILTER?FILTER                  -----    -----      005CH    0012H      -----    -----

*** NEW ROOT ***************************************************

?PR?COMM_ISR?COMM                           -----    -----      006EH    0002H      -----    -----
  +--> ?PR?_COMM_GETTXCHAR?COMM
  +--> ?PR?COMM_SENDSTOP?COMM
  +--> ?PR?_COMM_PUTRXCHAR?COMM
  +--> ?PR?COMM_TIMERINIT?COMM

?PR?_COMM_GETTXCHAR?COMM                    -----    -----      0070H    0006H      -----    -----

?PR?_COMM_PUTRXCHAR?COMM                    -----    -----      0070H    0003H      -----    -----

*** NEW ROOT ***************************************************

?PR?TIMER2_ISR?TIMER                        -----    -----      -----    -----      -----    -----
  +--> ?PR?TIMER2_TASKINISR?TIMER

?PR?TIMER2_TASKINISR?TIMER                  -----    -----      -----    -----      -----    -----
  +--> ?PR?COMM_TIMERPROC?COMM
  +--> ?CO?SEND



SYMBOL TABLE OF MODULE:  .\obj\9003 (?C_STARTUP)

  VALUE           TYPE          NAME
  ----------------------------------

  -------         MODULE        ?C_STARTUP
  C:57A4H         SEGMENT       ?C_C51STARTUP
  I:0076H         SEGMENT       ?STACK
  C:0000H         PUBLIC        ?C_STARTUP
  D:00E0H         SYMBOL        ACC
  D:00F0H         SYMBOL        B
  D:0083H         SYMBOL        DPH
  D:0082H         SYMBOL        DPL
  N:0000H         SYMBOL        IBPSTACK
  N:0100H         SYMBOL        IBPSTACKTOP
  N:0080H         SYMBOL        IDATALEN
  C:57A7H         SYMBOL        IDATALOOP
BL51 BANKED LINKER/LOCATER V6.22                                                      06/13/2018  16:51:36  PAGE 25


  N:0000H         SYMBOL        PBPSTACK
  N:0100H         SYMBOL        PBPSTACKTOP
  N:0000H         SYMBOL        PDATALEN
  N:0000H         SYMBOL        PDATASTART
  N:0000H         SYMBOL        PPAGE
  N:0000H         SYMBOL        PPAGEENABLE
  D:00A0H         SYMBOL        PPAGE_SFR
  D:0081H         SYMBOL        SP
  C:57A4H         SYMBOL        STARTUP1
  N:0000H         SYMBOL        XBPSTACK
  N:0000H         SYMBOL        XBPSTACKTOP
  N:0000H         SYMBOL        XDATALEN
  N:0000H         SYMBOL        XDATASTART
  C:0000H         LINE#         126
  C:57A4H         LINE#         133
  C:57A6H         LINE#         134
  C:57A7H         LINE#         135
  C:57A8H         LINE#         136
  C:57AAH         LINE#         185
  C:57ADH         LINE#         196
  -------         ENDMOD        ?C_STARTUP

  -------         MODULE        ADCDRV
  C:0000H         SYMBOL        _ICE_DUMMY_
  C:76B1H         PUBLIC        Adc_Init
  D:0090H         PUBLIC        P1
  D:00A0H         PUBLIC        P2
  D:00BCH         PUBLIC        ADC0CF
  D:00E6H         PUBLIC        EIE1
  C:5CEEH         SYMBOL        _Adc_SaveAndSwitch
  C:77C5H         PUBLIC        Adc_GetXVal
  C:77CEH         PUBLIC        Adc_GetYVal
  D:00E8H         PUBLIC        ADC0CN
  D:00A7H         PUBLIC        SFRPAGE
  C:7936H         SYMBOL        Adc_VrefInit
  C:58BCH         PUBLIC        Adc_Isr
  X:085CH         PUBLIC        x_axis_adc
  X:08E4H         PUBLIC        y_axis_adc
  D:00BBH         PUBLIC        ADC0MX
  D:00D1H         PUBLIC        REF0CN
  C:69FDH         SYMBOL        AdcEntityInit
  B:00E8H.5       PUBLIC        AD0INT
  C:77D7H         PUBLIC        Adc_GetTemp
  C:7042H         SYMBOL        Adc_SetInit
  I:001CH         PUBLIC        AdcSwitchId
  C:793AH         SYMBOL        Adc_IsrInit
  C:0026H         PUBLIC        Adc_Enable
  I:001DH         PUBLIC        AdcEndTag
  D:00BEH         PUBLIC        ADC0H
  X:096CH         PUBLIC        temp_adc
  D:00BDH         PUBLIC        ADC0L
  I:001EH         PUBLIC        AdcEndId
  C:737AH         SYMBOL        PinIdTab
  C:5AE0H         SYMBOL        _AdcFilter
  D:00BDH         PUBLIC        ADC0
  C:7387H         SYMBOL        PinMuxTab
  -------         PROC          ADC_INIT
BL51 BANKED LINKER/LOCATER V6.22                                                      06/13/2018  16:51:36  PAGE 26


  C:76B1H         LINE#         46
  C:76B1H         LINE#         47
  C:76B1H         LINE#         48
  C:76B4H         LINE#         49
  C:76B7H         LINE#         50
  C:76BAH         LINE#         51
  -------         ENDPROC       ADC_INIT
  -------         PROC          ADC_ENABLE
  C:0026H         LINE#         54
  C:0026H         LINE#         55
  C:0026H         LINE#         56
  C:0029H         LINE#         57
  -------         ENDPROC       ADC_ENABLE
  -------         PROC          ADC_GETXVAL
  C:77C5H         LINE#         65
  C:77C5H         LINE#         66
  C:77C5H         LINE#         67
  C:77CDH         LINE#         68
  -------         ENDPROC       ADC_GETXVAL
  -------         PROC          ADC_GETYVAL
  C:77CEH         LINE#         76
  C:77CEH         LINE#         77
  C:77CEH         LINE#         78
  C:77D6H         LINE#         79
  -------         ENDPROC       ADC_GETYVAL
  -------         PROC          ADC_GETTEMP
  C:77D7H         LINE#         87
  C:77D7H         LINE#         88
  C:77D7H         LINE#         89
  C:77DFH         LINE#         90
  -------         ENDPROC       ADC_GETTEMP
  -------         PROC          ADC_SETINIT
  -------         DO            
  D:0007H         SYMBOL        SfrPage_
  -------         ENDDO         
  C:7042H         LINE#         111
  C:7042H         LINE#         112
  C:7044H         LINE#         115
  C:7047H         LINE#         116
  C:704AH         LINE#         117
  C:704DH         LINE#         118
  C:7050H         LINE#         119
  C:7053H         LINE#         120
  C:7056H         LINE#         121
  C:7059H         LINE#         122
  C:705CH         LINE#         123
  C:705FH         LINE#         124
  C:7062H         LINE#         125
  C:7065H         LINE#         126
  C:7067H         LINE#         127
  C:706AH         LINE#         128
  C:706DH         LINE#         129
  C:706FH         LINE#         130
  -------         ENDPROC       ADC_SETINIT
  -------         PROC          ADC_VREFINIT
  C:7936H         LINE#         132
  C:7936H         LINE#         133
BL51 BANKED LINKER/LOCATER V6.22                                                      06/13/2018  16:51:36  PAGE 27


  C:7936H         LINE#         134
  C:7939H         LINE#         135
  -------         ENDPROC       ADC_VREFINIT
  -------         PROC          ADC_ISRINIT
  C:793AH         LINE#         137
  C:793AH         LINE#         138
  C:793AH         LINE#         139
  C:793DH         LINE#         140
  -------         ENDPROC       ADC_ISRINIT
  -------         PROC          _ADCFILTER
  D:0057H         SYMBOL        p_adc
  D:005AH         SYMBOL        val
  C:5AE0H         LINE#         149
  C:5AEAH         LINE#         150
  C:5AEAH         LINE#         151
  C:5AFFH         LINE#         152
  C:5AFFH         LINE#         154
  C:5B4EH         LINE#         155
  C:5B4EH         LINE#         157
  C:5B4EH         LINE#         158
  C:5B5DH         LINE#         159
  C:5B64H         LINE#         160
  C:5B64H         LINE#         161
  -------         ENDPROC       _ADCFILTER
  -------         PROC          ADCENTITYINIT
  C:69FDH         LINE#         219
  C:69FDH         LINE#         220
  C:69FDH         LINE#         222
  C:6A02H         LINE#         223
  C:6A04H         LINE#         224
  C:6A06H         LINE#         225
  C:6A0CH         LINE#         227
  C:6A16H         LINE#         229
  C:6A1CH         LINE#         230
  C:6A1FH         LINE#         231
  C:6A21H         LINE#         232
  C:6A27H         LINE#         234
  C:6A2FH         LINE#         236
  C:6A35H         LINE#         237
  C:6A38H         LINE#         238
  C:6A3AH         LINE#         239
  C:6A40H         LINE#         241
  -------         ENDPROC       ADCENTITYINIT
  -------         PROC          _ADC_SAVEANDSWITCH
  D:0004H         SYMBOL        val
  -------         DO            
  D:0054H         SYMBOL        adc_ent
  -------         ENDDO         
  C:5CEEH         LINE#         265
  C:5CF2H         LINE#         266
  C:5CF2H         LINE#         268
  C:5CFBH         LINE#         269
  C:5D0AH         LINE#         270
  C:5D12H         LINE#         272
  C:5D1AH         LINE#         273
  C:5D1AH         LINE#         274
  C:5D2EH         LINE#         275
BL51 BANKED LINKER/LOCATER V6.22                                                      06/13/2018  16:51:36  PAGE 28


  C:5D2EH         LINE#         276
  C:5D3AH         LINE#         277
  C:5D3CH         LINE#         278
  C:5D44H         LINE#         280
  C:5D4DH         LINE#         282
  C:5D57H         LINE#         283
  C:5D5AH         LINE#         285
  C:5D60H         LINE#         286
  C:5D69H         LINE#         287
  C:5D6CH         LINE#         288
  -------         ENDPROC       _ADC_SAVEANDSWITCH
  -------         PROC          ADC_ISR
  -------         DO            
  X:0856H         SYMBOL        sum
  X:085AH         SYMBOL        cnt
  -------         ENDDO         
  C:58BCH         LINE#         296
  C:58D9H         LINE#         301
  C:58DBH         LINE#         302
  C:58F1H         LINE#         303
  C:5904H         LINE#         304
  C:5904H         LINE#         305
  C:5916H         LINE#         306
  C:5920H         LINE#         307
  C:5927H         LINE#         308
  C:5929H         LINE#         310
  C:592CH         LINE#         311
  -------         ENDPROC       ADC_ISR
  -------         ENDMOD        ADCDRV

  -------         MODULE        ANGAPP
  C:0000H         SYMBOL        _ICE_DUMMY_
  C:78EEH         PUBLIC        _SetAngYUsrZero
  C:68CDH         PUBLIC        GetXAngAllSetVal
  D:0090H         PUBLIC        P1
  C:6919H         PUBLIC        GetYAngAllSetVal
  D:00A0H         PUBLIC        P2
  C:78DCH         PUBLIC        _SetAngXSysZero
  C:78E2H         PUBLIC        _SetAngYSysZero
  C:7070H         PUBLIC        GetAngP
  X:0BEFH         SYMBOL        angp
  C:5D6DH         PUBLIC        AngInit
  X:0BF3H         SYMBOL        angx_usrzero
  X:0BF7H         SYMBOL        angy_usrzero
  C:7888H         PUBLIC        GetAngXInst
  C:788FH         PUBLIC        GetAngYInst
  X:0BFBH         SYMBOL        angx_syszero
  X:0BFFH         SYMBOL        angy_syszero
  C:78A4H         PUBLIC        GetAngPSet
  C:78F4H         PUBLIC        _SetAngXInst
  C:78FAH         PUBLIC        _SetAngYInst
  C:7896H         PUBLIC        GetAngXSet
  C:789DH         PUBLIC        GetAngYSet
  X:0C03H         SYMBOL        angx_inst
  X:0C07H         SYMBOL        angy_inst
  X:0C0BH         SYMBOL        angp_set
  C:4F8BH         SYMBOL        _PAngCalc
BL51 BANKED LINKER/LOCATER V6.22                                                      06/13/2018  16:51:36  PAGE 29


  X:0C0FH         SYMBOL        angx_set
  X:0C13H         SYMBOL        angy_set
  C:71B8H         PUBLIC        _SetAngZero
  C:78ABH         PUBLIC        GetAngXZeroUsr
  C:787AH         PUBLIC        GetAngXUsrZero
  C:78B2H         PUBLIC        GetAngYZeroUsr
  C:7881H         PUBLIC        GetAngYUsrZero
  C:7308H         PUBLIC        _SetAngZeroAdd
  X:0C17H         SYMBOL        BufZerox_usr
  C:786CH         PUBLIC        GetAngXSysZero
  X:0C1BH         SYMBOL        BufZeroy_usr
  C:7873H         PUBLIC        GetAngYSysZero
  C:78B9H         PUBLIC        GetAngXRelSys
  C:78C0H         PUBLIC        GetAngYRelSys
  X:0C1FH         SYMBOL        BufZerox_sys
  X:0C23H         SYMBOL        BufZeroy_sys
  C:78E8H         PUBLIC        _SetAngXUsrZero
  -------         PROC          ANGINIT
  C:5D6DH         LINE#         41
  C:5D6DH         LINE#         42
  C:5D6DH         LINE#         43
  C:5D70H         LINE#         45
  C:5D7AH         LINE#         47
  C:5D85H         LINE#         48
  C:5D90H         LINE#         49
  C:5D9BH         LINE#         50
  C:5DA6H         LINE#         51
  C:5DB1H         LINE#         52
  C:5DBCH         LINE#         57
  C:5DC6H         LINE#         58
  C:5DD0H         LINE#         59
  C:5DDAH         LINE#         60
  C:5DE4H         LINE#         62
  -------         ENDPROC       ANGINIT
  -------         PROC          _PANGCALC
  D:0004H         SYMBOL        angx
  D:003EH         SYMBOL        angy
  -------         DO            
  D:0042H         SYMBOL        x
  D:0004H         SYMBOL        y
  D:0046H         SYMBOL        s
  -------         ENDDO         
  C:4F8BH         LINE#         70
  C:4F8BH         LINE#         71
  C:4F8BH         LINE#         74
  C:4F97H         LINE#         75
  C:4FB5H         LINE#         76
  C:4FC0H         LINE#         77
  C:4FD3H         LINE#         79
  C:4FDFH         LINE#         80
  C:4FF5H         LINE#         81
  C:4FF8H         LINE#         82
  C:5003H         LINE#         84
  C:5019H         LINE#         85
  C:502DH         LINE#         86
  C:502DH         LINE#         87
  C:5036H         LINE#         88
BL51 BANKED LINKER/LOCATER V6.22                                                      06/13/2018  16:51:36  PAGE 30


  C:5036H         LINE#         89
  C:505FH         LINE#         90
  C:5062H         LINE#         91
  -------         ENDPROC       _PANGCALC
  -------         PROC          GETANGP
  C:7070H         LINE#         99
  C:7070H         LINE#         100
  C:7070H         LINE#         102
  C:7097H         LINE#         103
  C:709DH         LINE#         104
  -------         ENDPROC       GETANGP
  -------         PROC          GETANGXSYSZERO
  C:786CH         LINE#         106
  C:786CH         LINE#         107
  C:786CH         LINE#         108
  C:7872H         LINE#         109
  -------         ENDPROC       GETANGXSYSZERO
  -------         PROC          GETANGYSYSZERO
  C:7873H         LINE#         110
  C:7873H         LINE#         111
  C:7873H         LINE#         112
  C:7879H         LINE#         113
  -------         ENDPROC       GETANGYSYSZERO
[...]
  B:0090H.3       PUBLIC        SS
  B:0090H.0       PUBLIC        SCLK
  C:44FAH         PUBLIC        Comp_CalSampProc
  B:0090H.4       PUBLIC        DRDY
  C:7951H         PUBLIC        Comp_SpiEnd
  B:0090H.2       PUBLIC        MOSI
  B:0090H.1       PUBLIC        MISO
  C:7843H         PUBLIC        Comp_HardwareInit
  C:721FH         PUBLIC        _Comp_SpiByteSend
  X:0C53H         PUBLIC        XOffset
  X:0C55H         PUBLIC        YOffset
  C:3026H         PUBLIC        Comp_AngCntProc
  C:77A6H         PUBLIC        Comp_SpiSta
  X:0C57H         PUBLIC        SinPhi
  C:33AFH         PUBLIC        Comp_CalPrmtCnt
  C:6BE5H         PUBLIC        Comp_SpiByteGet
  X:0C5BH         PUBLIC        XGain
  X:0C5DH         PUBLIC        YGain
  C:7930H         PUBLIC        Comp_SpiBusyTest
  C:4A17H         PUBLIC        _Comp_MidFilter
  -------         PROC          COMP_HARDWAREINIT
  C:7843H         LINE#         45
  C:7843H         LINE#         46
  C:7843H         LINE#         47
  C:7845H         LINE#         48
  C:7847H         LINE#         49
  C:7849H         LINE#         50
  C:784BH         LINE#         51
  -------         ENDPROC       COMP_HARDWAREINIT
  -------         PROC          COMP_SPISTA
  C:77A6H         LINE#         62
  C:77A6H         LINE#         63
  C:77A6H         LINE#         64
  C:77A8H         LINE#         65
BL51 BANKED LINKER/LOCATER V6.22                                                      06/13/2018  16:51:36  PAGE 107


  C:77AAH         LINE#         66
  C:77ACH         LINE#         67
  C:77AEH         LINE#         68
  C:77B0H         LINE#         69
  -------         ENDPROC       COMP_SPISTA
  -------         PROC          COMP_SPIBUSYTEST
  C:7930H         LINE#         80
  C:7930H         LINE#         81
  C:7930H         LINE#         82
  C:7935H         LINE#         83
  -------         ENDPROC       COMP_SPIBUSYTEST
  -------         PROC          _COMP_SPIBYTESEND
  D:0007H         SYMBOL        val
  -------         DO            
  X:0C80H         SYMBOL        i
  -------         ENDDO         
  C:721FH         LINE#         94
  C:721FH         LINE#         95
  C:721FH         LINE#         98
  C:722BH         LINE#         99
  C:722BH         LINE#         100
  C:722EH         LINE#         101
  C:7232H         LINE#         103
  C:7234H         LINE#         104
  C:7236H         LINE#         105
  C:7238H         LINE#         106
  C:7241H         LINE#         107
  -------         ENDPROC       _COMP_SPIBYTESEND
  -------         PROC          COMP_SPIBYTEGET
  -------         DO            
  X:0C80H         SYMBOL        val
  X:0C82H         SYMBOL        i
  -------         ENDDO         
  C:6BE5H         LINE#         118
  C:6BE5H         LINE#         119
  C:6BE5H         LINE#         120
  C:6BECH         LINE#         123
  C:6BEEH         LINE#         124
  C:6C00H         LINE#         125
  C:6C00H         LINE#         126
  C:6C02H         LINE#         127
  C:6C05H         LINE#         128
  C:6C05H         LINE#         129
  C:6C0FH         LINE#         130
  C:6C0FH         LINE#         131
  C:6C11H         LINE#         132
  C:6C1EH         LINE#         134
  C:6C26H         LINE#         135
  -------         ENDPROC       COMP_SPIBYTEGET
  -------         PROC          COMP_SPIEND
  C:7951H         LINE#         146
  C:7951H         LINE#         147
  C:7951H         LINE#         148
  C:7953H         LINE#         149
  -------         ENDPROC       COMP_SPIEND
  -------         PROC          L?0054
  -------         ENDPROC       L?0054
BL51 BANKED LINKER/LOCATER V6.22                                                      06/13/2018  16:51:36  PAGE 108


  -------         PROC          _COMP_GETADC
  D:0007H         SYMBOL        cmd
  -------         DO            
  X:0C7EH         SYMBOL        val
  -------         ENDDO         
  C:70CFH         LINE#         160
  C:70CFH         LINE#         161
  C:70CFH         LINE#         164
  C:70D2H         LINE#         165
  C:70D5H         LINE#         166
  C:70DBH         LINE#         167
  C:70E6H         LINE#         168
  C:70E9H         LINE#         170
  C:70F1H         LINE#         171
  -------         ENDPROC       _COMP_GETADC
  -------         PROC          _COMP_MIDFILTER
  D:0001H         SYMBOL        buf
  -------         DO            
  X:0C7CH         SYMBOL        min
  X:0C7EH         SYMBOL        max
  X:0C80H         SYMBOL        sum
  -------         ENDDO         
  C:4A17H         LINE#         182
  C:4A17H         LINE#         183
  C:4A17H         LINE#         184
  C:4A24H         LINE#         185
  C:4A33H         LINE#         186
  C:4A39H         LINE#         188
  C:4A57H         LINE#         189
  C:4A7AH         LINE#         190
  C:4A8BH         LINE#         192
  C:4AB6H         LINE#         193
  C:4AE1H         LINE#         194
  C:4AF2H         LINE#         196
  C:4B16H         LINE#         197
  -------         ENDPROC       _COMP_MIDFILTER
  -------         PROC          _COMP_ADCCORRECTS
  D:0021H         SYMBOL        x_ptr
  D:0024H         SYMBOL        y_ptr
  -------         DO            
  X:0C7EH         SYMBOL        x
  X:0C82H         SYMBOL        y
  -------         ENDDO         
  C:42BBH         LINE#         208
  C:42C1H         LINE#         209
  C:42C1H         LINE#         212
  C:4305H         LINE#         213
  C:434FH         LINE#         214
  C:4385H         LINE#         215
  C:439AH         LINE#         216
  C:43BEH         LINE#         217
  -------         ENDPROC       _COMP_ADCCORRECTS
  -------         PROC          COMP_ANGCNTPROC
  -------         DO            
  X:0C77H         SYMBOL        adc_x
  X:0C79H         SYMBOL        adc_y
  X:0C7BH         SYMBOL        tag
BL51 BANKED LINKER/LOCATER V6.22                                                      06/13/2018  16:51:36  PAGE 109


  X:0C7CH         SYMBOL        ang
  -------         ENDDO         
  C:3026H         LINE#         231
  C:3026H         LINE#         232
  C:3026H         LINE#         238
  C:302EH         LINE#         239
  C:3039H         LINE#         240
  C:304BH         LINE#         241
  C:305CH         LINE#         242
  C:306DH         LINE#         243
  C:309DH         LINE#         244
  C:30D9H         LINE#         245
  C:310CH         LINE#         246
  C:3112H         LINE#         247
  C:3168H         LINE#         248
  C:3178H         LINE#         249
  C:3178H         LINE#         250
  C:3189H         LINE#         251
  C:3199H         LINE#         252
  C:31AFH         LINE#         253
  C:31BEH         LINE#         254
  C:31BEH         LINE#         256
  C:31F0H         LINE#         258
  -------         ENDPROC       COMP_ANGCNTPROC
  -------         PROC          COMP_CALINIT
  C:7013H         LINE#         269
  C:7013H         LINE#         270
  C:7013H         LINE#         271
  C:7019H         LINE#         273
  C:7023H         LINE#         274
  C:702DH         LINE#         275
  C:7037H         LINE#         276
  C:7041H         LINE#         277
  -------         ENDPROC       COMP_CALINIT
  -------         PROC          COMP_CALSAMPPROC
  -------         DO            
  X:0C77H         SYMBOL        adc_x
  X:0C79H         SYMBOL        adc_y
  X:0C7BH         SYMBOL        i
  -------         ENDDO         
  C:44FAH         LINE#         288
  C:44FAH         LINE#         289
  C:44FAH         LINE#         294
  C:44FFH         LINE#         295
  C:44FFH         LINE#         296
  C:4513H         LINE#         297
  C:452AH         LINE#         298
  C:4536H         LINE#         299
  C:4547H         LINE#         300
  C:4556H         LINE#         301
  C:457AH         LINE#         302
  C:459EH         LINE#         303
  C:45D1H         LINE#         304
  C:4604H         LINE#         306
  -------         ENDPROC       COMP_CALSAMPPROC
  -------         PROC          COMP_CALPRMTCNT
  -------         DO            
BL51 BANKED LINKER/LOCATER V6.22                                                      06/13/2018  16:51:36  PAGE 110


  X:0C7FH         SYMBOL        Phi0
  X:0C83H         SYMBOL        Phi1
  X:0C87H         SYMBOL        Phi
  -------         ENDDO         
  C:33AFH         LINE#         317
  C:33AFH         LINE#         318
  C:33AFH         LINE#         323
  C:33B4H         LINE#         325
  C:33D8H         LINE#         326
  C:33FCH         LINE#         327
  C:3418H         LINE#         328
  C:3434H         LINE#         329
  C:3497H         LINE#         330
  C:34FAH         LINE#         331
  C:3518H         LINE#         332
  C:3527H         LINE#         333
  -------         ENDPROC       COMP_CALPRMTCNT
  -------         PROC          COMP_CALDATAINIT
  C:6D96H         LINE#         346
  C:6D96H         LINE#         347
  C:6D96H         LINE#         348
  C:6DA0H         LINE#         349
  C:6DAAH         LINE#         350
  C:6DB4H         LINE#         351
  C:6DBEH         LINE#         352
  C:6DC5H         LINE#         353
  C:6DCBH         LINE#         354
  C:6DD1H         LINE#         355
  -------         ENDPROC       COMP_CALDATAINIT
  -------         ENDMOD        COMPASS

  -------         MODULE        ?C?FPADD
  C:0055H         PUBLIC        ?C?FPADD
  C:0051H         PUBLIC        ?C?FPSUB
  -------         ENDMOD        ?C?FPADD

  -------         MODULE        ?C?FPMUL
  C:0146H         PUBLIC        ?C?FPMUL
  -------         ENDMOD        ?C?FPMUL

  -------         MODULE        ?C?FPDIV
  C:024FH         PUBLIC        ?C?FPDIV
  -------         ENDMOD        ?C?FPDIV

  -------         MODULE        ?C?FPCMP
  C:02EEH         PUBLIC        ?C?FPCMP
  C:02ECH         PUBLIC        ?C?FPCMP3
  -------         ENDMOD        ?C?FPCMP

  -------         MODULE        ?C?FCAST
  C:0363H         PUBLIC        ?C?FCASTC
  C:035EH         PUBLIC        ?C?FCASTI
  C:0359H         PUBLIC        ?C?FCASTL
  -------         ENDMOD        ?C?FCAST

  -------         MODULE        ?C?CASTF
  C:0397H         PUBLIC        ?C?CASTF
BL51 BANKED LINKER/LOCATER V6.22                                                      06/13/2018  16:51:36  PAGE 111


  -------         ENDMOD        ?C?CASTF

  -------         MODULE        SQRT
  C:5351H         PUBLIC        _SQRT
  -------         ENDMOD        SQRT

  -------         MODULE        SIN
  C:389AH         PUBLIC        _COS
  C:38B0H         PUBLIC        _SIN
  C:38E2H         PUBLIC        _TAN
  -------         ENDMOD        SIN

  -------         MODULE        ATAN
  C:41B3H         PUBLIC        _ATAN
  -------         ENDMOD        ATAN

  -------         MODULE        ASIN
  C:6DD2H         PUBLIC        _ASIN
  -------         ENDMOD        ASIN

  -------         MODULE        ?C?CLDPTR
  C:0465H         PUBLIC        ?C?CLDPTR
  -------         ENDMOD        ?C?CLDPTR

  -------         MODULE        ?C?CLDOPTR
  C:047EH         PUBLIC        ?C?CLDOPTR
  -------         ENDMOD        ?C?CLDOPTR

  -------         MODULE        ?C?CILDPTR
  C:04ABH         PUBLIC        ?C?CILDPTR
  -------         ENDMOD        ?C?CILDPTR

  -------         MODULE        ?C?CILDOPTR
  C:04CDH         PUBLIC        ?C?CILDOPTR
  -------         ENDMOD        ?C?CILDOPTR

  -------         MODULE        ?C?CSTPTR
  C:0500H         PUBLIC        ?C?CSTPTR
  -------         ENDMOD        ?C?CSTPTR

  -------         MODULE        ?C?CSTOPTR
  C:0512H         PUBLIC        ?C?CSTOPTR
  -------         ENDMOD        ?C?CSTOPTR

  -------         MODULE        ?C?IMUL
  C:0534H         PUBLIC        ?C?IMUL
  -------         ENDMOD        ?C?IMUL

  -------         MODULE        ?C?UIDIV
  C:0546H         PUBLIC        ?C?UIDIV
  -------         ENDMOD        ?C?UIDIV

  -------         MODULE        ?C?SIDIV
  C:059BH         PUBLIC        ?C?SIDIV
  -------         ENDMOD        ?C?SIDIV

  -------         MODULE        ?C?IILDX
BL51 BANKED LINKER/LOCATER V6.22                                                      06/13/2018  16:51:36  PAGE 112


  C:05D1H         PUBLIC        ?C?IILDX
  -------         ENDMOD        ?C?IILDX

  -------         MODULE        ?C?ILDPTR
  C:05E7H         PUBLIC        ?C?ILDPTR
  -------         ENDMOD        ?C?ILDPTR

  -------         MODULE        ?C?ILDOPTR
  C:0612H         PUBLIC        ?C?ILDOPTR
  -------         ENDMOD        ?C?ILDOPTR

  -------         MODULE        ?C?IILDPTR
  C:064AH         PUBLIC        ?C?IILDPTR
  -------         ENDMOD        ?C?IILDPTR

  -------         MODULE        ?C?IILDOPTR
  C:0682H         PUBLIC        ?C?IILDOPTR
  -------         ENDMOD        ?C?IILDOPTR

  -------         MODULE        ?C?ISTPTR
  C:06CFH         PUBLIC        ?C?ISTPTR
  -------         ENDMOD        ?C?ISTPTR

  -------         MODULE        ?C?ISTOPTR
  C:06EEH         PUBLIC        ?C?ISTOPTR
  -------         ENDMOD        ?C?ISTOPTR

  -------         MODULE        ?C?LADD
  C:071BH         PUBLIC        ?C?LADD
  -------         ENDMOD        ?C?LADD

  -------         MODULE        ?C?LMUL
  C:0728H         PUBLIC        ?C?LMUL
  -------         ENDMOD        ?C?LMUL

  -------         MODULE        ?C?ULDIV
  C:07B3H         PUBLIC        ?C?ULDIV
  -------         ENDMOD        ?C?ULDIV

  -------         MODULE        ?C?SLDIV
  C:6B5EH         PUBLIC        ?C?SLDIV
  -------         ENDMOD        ?C?SLDIV

  -------         MODULE        ?C?LNEG
  C:0845H         PUBLIC        ?C?LNEG
  -------         ENDMOD        ?C?LNEG

  -------         MODULE        ?C?SLCMP
  C:0853H         PUBLIC        ?C?SLCMP
  -------         ENDMOD        ?C?SLCMP

  -------         MODULE        ?C?ULCMP
  C:0869H         PUBLIC        ?C?ULCMP
  -------         ENDMOD        ?C?ULCMP

  -------         MODULE        ?C?ULSHR
  C:087AH         PUBLIC        ?C?ULSHR
BL51 BANKED LINKER/LOCATER V6.22                                                      06/13/2018  16:51:36  PAGE 113


  -------         ENDMOD        ?C?ULSHR

  -------         MODULE        ?C?LSHL
  C:088DH         PUBLIC        ?C?LSHL
  -------         ENDMOD        ?C?LSHL

  -------         MODULE        ?C?LLDPTR
  C:08A0H         PUBLIC        ?C?LLDPTR
  -------         ENDMOD        ?C?LLDPTR

  -------         MODULE        ?C?LLDOPTR
  C:08C0H         PUBLIC        ?C?LLDOPTR
  -------         ENDMOD        ?C?LLDOPTR

  -------         MODULE        ?C?LSTPTR
  C:08F0H         PUBLIC        ?C?LSTPTR
  -------         ENDMOD        ?C?LSTPTR

  -------         MODULE        ?C?LSTOPTR
  C:090AH         PUBLIC        ?C?LSTOPTR
  -------         ENDMOD        ?C?LSTOPTR

  -------         MODULE        ?C?LLDXDATA
  C:092EH         PUBLIC        ?C?LLDXDATA
  -------         ENDMOD        ?C?LLDXDATA

  -------         MODULE        ?C?LLDCODE
  C:093AH         PUBLIC        ?C?LLDCODE
  -------         ENDMOD        ?C?LLDCODE

  -------         MODULE        ?C?LLDXDATA0
  C:094AH         PUBLIC        ?C?LLDXDATA0
  -------         ENDMOD        ?C?LLDXDATA0

  -------         MODULE        ?C?LLDCODE0
  C:0956H         PUBLIC        ?C?LLDCODE0
  -------         ENDMOD        ?C?LLDCODE0

  -------         MODULE        ?C?LLDOPTR0
  C:0966H         PUBLIC        ?C?LLDOPTR0
  -------         ENDMOD        ?C?LLDOPTR0

  -------         MODULE        ?C?LSTXDATA
  C:0996H         PUBLIC        ?C?LSTXDATA
  -------         ENDMOD        ?C?LSTXDATA

  -------         MODULE        ?C?LSTKXDATA
  C:09A2H         PUBLIC        ?C?LSTKXDATA
  -------         ENDMOD        ?C?LSTKXDATA

  -------         MODULE        ?C?LSTKOPTR
  C:09D3H         PUBLIC        ?C?LSTKOPTR
  -------         ENDMOD        ?C?LSTKOPTR

  -------         MODULE        ?C?OFFXADD
  C:09F7H         PUBLIC        ?C?OFFXADD
  -------         ENDMOD        ?C?OFFXADD
BL51 BANKED LINKER/LOCATER V6.22                                                      06/13/2018  16:51:36  PAGE 114



  -------         MODULE        ?C?PLDIIDATA
  C:0A03H         PUBLIC        ?C?PLDIIDATA
  -------         ENDMOD        ?C?PLDIIDATA

  -------         MODULE        ?C?PLDXDATA
  C:0A13H         PUBLIC        ?C?PLDXDATA
  -------         ENDMOD        ?C?PLDXDATA

  -------         MODULE        ?C?PSTXDATA
  C:0A1CH         PUBLIC        ?C?PSTXDATA
  -------         ENDMOD        ?C?PSTXDATA

  -------         MODULE        ?C?PLDOPTR
  C:0A25H         PUBLIC        ?C?PLDOPTR
  -------         ENDMOD        ?C?PLDOPTR

  -------         MODULE        ?C?PLDIOPTR
  C:0A55H         PUBLIC        ?C?PLDIOPTR
  -------         ENDMOD        ?C?PLDIOPTR

  -------         MODULE        ?C?PSTOPTR
  C:0A87H         PUBLIC        ?C?PSTOPTR
  -------         ENDMOD        ?C?PSTOPTR

  -------         MODULE        ?C?CCASE
  C:0AE0H         PUBLIC        ?C?CCASE
  -------         ENDMOD        ?C?CCASE

  -------         MODULE        ?C?ICASE
  C:0B06H         PUBLIC        ?C?ICASE
  -------         ENDMOD        ?C?ICASE

  -------         MODULE        ?C?ICALL
  C:0B33H         PUBLIC        ?C?ICALL
  C:0B37H         PUBLIC        ?C?ICALL2
  -------         ENDMOD        ?C?ICALL

  -------         MODULE        STRNCMP
  D:002CH         PUBLIC        ?_strncmp?BYTE
  C:6096H         PUBLIC        _strncmp
  -------         ENDMOD        STRNCMP

  -------         MODULE        STRNCPY
  D:002BH         PUBLIC        ?_strncpy?BYTE
  C:67DCH         PUBLIC        _strncpy
  -------         ENDMOD        STRNCPY

  -------         MODULE        ?C?LLDIDATA
  C:0B39H         PUBLIC        ?C?LLDIDATA
  -------         ENDMOD        ?C?LLDIDATA

  -------         MODULE        ?C?LLDPDATA
  C:0B45H         PUBLIC        ?C?LLDPDATA
  -------         ENDMOD        ?C?LLDPDATA

  -------         MODULE        ?C?LLDIDATA0
BL51 BANKED LINKER/LOCATER V6.22                                                      06/13/2018  16:51:36  PAGE 115


  C:0B51H         PUBLIC        ?C?LLDIDATA0
  -------         ENDMOD        ?C?LLDIDATA0

  -------         MODULE        ?C?LLDPDATA0
  C:0B5EH         PUBLIC        ?C?LLDPDATA0
  -------         ENDMOD        ?C?LLDPDATA0

  -------         MODULE        ?C?LSTIDATA
  C:0B6BH         PUBLIC        ?C?LSTIDATA
  -------         ENDMOD        ?C?LSTIDATA

  -------         MODULE        ?C?LSTPDATA
  C:0B77H         PUBLIC        ?C?LSTPDATA
  -------         ENDMOD        ?C?LSTPDATA

  -------         MODULE        ?C?LSTKIDATA
  C:0B83H         PUBLIC        ?C?LSTKIDATA
  -------         ENDMOD        ?C?LSTKIDATA

  -------         MODULE        ?C?LSTKPDATA
  C:0B9CH         PUBLIC        ?C?LSTKPDATA
  -------         ENDMOD        ?C?LSTKPDATA

  -------         MODULE        ?C?PLDIDATA
  C:0BB5H         PUBLIC        ?C?PLDIDATA
  -------         ENDMOD        ?C?PLDIDATA

  -------         MODULE        ?C?PSTIDATA
  C:0BBEH         PUBLIC        ?C?PSTIDATA
  -------         ENDMOD        ?C?PSTIDATA

  -------         MODULE        ?C?PLDIXDATA
  C:0BC7H         PUBLIC        ?C?PLDIXDATA
  -------         ENDMOD        ?C?PLDIXDATA

  -------         MODULE        ?C?PLDPDATA
  C:0BDEH         PUBLIC        ?C?PLDPDATA
  -------         ENDMOD        ?C?PLDPDATA

  -------         MODULE        ?C?PLDIPDATA
  C:0BE7H         PUBLIC        ?C?PLDIPDATA
  -------         ENDMOD        ?C?PLDIPDATA

  -------         MODULE        ?C?PSTPDATA
  C:0BF7H         PUBLIC        ?C?PSTPDATA
  -------         ENDMOD        ?C?PSTPDATA

  -------         MODULE        ?C?PLDCODE
  C:0C00H         PUBLIC        ?C?PLDCODE
  -------         ENDMOD        ?C?PLDCODE

*** WARNING L16: UNCALLED SEGMENT, IGNORED FOR OVERLAY PROCESS
    SEGMENT: ?PR?_GETMT?CALMCUT

Program Size: data=117.4 xdata=3240 code=31059
LINK/LOCATE RUN COMPLETE.  1 WARNING(S),  0 ERROR(S)
